============================= test session starts ==============================
platform linux -- Python 3.7.10, pytest-6.2.3, py-1.11.0, pluggy-0.13.1 -- /bin/python3
cachedir: .pytest_cache
rootdir: /home/croy/astro3
plugins: mock-3.5.1
collecting ... collected 4410 items

test_solar.py::test_get_observer_location_success PASSED                 [  0%]
test_solar.py::test_get_observer_location_server_error PASSED            [  0%]
test_solar.py::test_get_observer_location_connectionerror PASSED         [  0%]
test_solar.py::test_get_observer_location_timeouterror PASSED            [  0%]
test_solar.py::test_get_sun_position_success PASSED                      [  0%]
test_solar.py::test_get_sun_position_server_error PASSED                 [  0%]
test_solar.py::test_get_sun_position_connectionerror PASSED              [  0%]
test_solar.py::test_get_sun_position_timeout PASSED                      [  0%]
lib/python3.7/site-packages/DateTime/tests/test_datetime.py::DateTimeTests::testAddPrecision PASSED [  0%]
lib/python3.7/site-packages/DateTime/tests/test_datetime.py::DateTimeTests::testBasicTZ PASSED [  0%]
lib/python3.7/site-packages/DateTime/tests/test_datetime.py::DateTimeTests::testBug1203 PASSED [  0%]
lib/python3.7/site-packages/DateTime/tests/test_datetime.py::DateTimeTests::testConsistentSecondMicroRounding PASSED [  0%]
lib/python3.7/site-packages/DateTime/tests/test_datetime.py::DateTimeTests::testConstructor3 PASSED [  0%]
lib/python3.7/site-packages/DateTime/tests/test_datetime.py::DateTimeTests::testConstructor4 PASSED [  0%]
lib/python3.7/site-packages/DateTime/tests/test_datetime.py::DateTimeTests::testConstructor5 PASSED [  0%]
lib/python3.7/site-packages/DateTime/tests/test_datetime.py::DateTimeTests::testConstructor6 PASSED [  0%]
lib/python3.7/site-packages/DateTime/tests/test_datetime.py::DateTimeTests::testConstructor7 PASSED [  0%]
lib/python3.7/site-packages/DateTime/tests/test_datetime.py::DateTimeTests::testConversions PASSED [  0%]
lib/python3.7/site-packages/DateTime/tests/test_datetime.py::DateTimeTests::testCopyConstructor PASSED [  0%]
lib/python3.7/site-packages/DateTime/tests/test_datetime.py::DateTimeTests::testCopyConstructorPreservesTimezone PASSED [  0%]
lib/python3.7/site-packages/DateTime/tests/test_datetime.py::DateTimeTests::testDSTInEffect PASSED [  0%]
lib/python3.7/site-packages/DateTime/tests/test_datetime.py::DateTimeTests::testDSTNotInEffect PASSED [  0%]
lib/python3.7/site-packages/DateTime/tests/test_datetime.py::DateTimeTests::testDayOfWeek PASSED [  0%]
lib/python3.7/site-packages/DateTime/tests/test_datetime.py::DateTimeTests::testEDTTimezone PASSED [  0%]
lib/python3.7/site-packages/DateTime/tests/test_datetime.py::DateTimeTests::testISO8601 PASSED [  0%]
lib/python3.7/site-packages/DateTime/tests/test_datetime.py::DateTimeTests::testInternationalDateformat PASSED [  0%]
lib/python3.7/site-packages/DateTime/tests/test_datetime.py::DateTimeTests::testJulianWeek PASSED [  0%]
lib/python3.7/site-packages/DateTime/tests/test_datetime.py::DateTimeTests::testOldDate PASSED [  0%]
lib/python3.7/site-packages/DateTime/tests/test_datetime.py::DateTimeTests::testParseISO8601 PASSED [  0%]
lib/python3.7/site-packages/DateTime/tests/test_datetime.py::DateTimeTests::testRFC822 PASSED [  0%]
lib/python3.7/site-packages/DateTime/tests/test_datetime.py::DateTimeTests::testStrftimeFarDates PASSED [  0%]
lib/python3.7/site-packages/DateTime/tests/test_datetime.py::DateTimeTests::testStrftimeTZhandling PASSED [  0%]
lib/python3.7/site-packages/DateTime/tests/test_datetime.py::DateTimeTests::testStrftimeUnicode PASSED [  0%]
lib/python3.7/site-packages/DateTime/tests/test_datetime.py::DateTimeTests::testSubtraction PASSED [  0%]
lib/python3.7/site-packages/DateTime/tests/test_datetime.py::DateTimeTests::testTZ1add PASSED [  0%]
lib/python3.7/site-packages/DateTime/tests/test_datetime.py::DateTimeTests::testTZ1diff PASSED [  0%]
lib/python3.7/site-packages/DateTime/tests/test_datetime.py::DateTimeTests::testTZ1sub PASSED [  0%]
lib/python3.7/site-packages/DateTime/tests/test_datetime.py::DateTimeTests::testTZ2 PASSED [  0%]
lib/python3.7/site-packages/DateTime/tests/test_datetime.py::DateTimeTests::testTZDiffDaylight PASSED [  0%]
lib/python3.7/site-packages/DateTime/tests/test_datetime.py::DateTimeTests::testTimezoneNaiveHandling PASSED [  0%]
lib/python3.7/site-packages/DateTime/tests/test_datetime.py::DateTimeTests::testY10KDate PASSED [  0%]
lib/python3.7/site-packages/DateTime/tests/test_datetime.py::DateTimeTests::testZoneInFarDates PASSED [  0%]
lib/python3.7/site-packages/DateTime/tests/test_datetime.py::DateTimeTests::test_calcTimezoneName PASSED [  0%]
lib/python3.7/site-packages/DateTime/tests/test_datetime.py::DateTimeTests::test_compare_methods PASSED [  0%]
lib/python3.7/site-packages/DateTime/tests/test_datetime.py::DateTimeTests::test_compare_methods_none PASSED [  1%]
lib/python3.7/site-packages/DateTime/tests/test_datetime.py::DateTimeTests::test_format PASSED [  1%]
lib/python3.7/site-packages/DateTime/tests/test_datetime.py::DateTimeTests::test_interface PASSED [  1%]
lib/python3.7/site-packages/DateTime/tests/test_datetime.py::DateTimeTests::test_intl_format_hyphen PASSED [  1%]
lib/python3.7/site-packages/DateTime/tests/test_datetime.py::DateTimeTests::test_pickle PASSED [  1%]
lib/python3.7/site-packages/DateTime/tests/test_datetime.py::DateTimeTests::test_pickle_old PASSED [  1%]
lib/python3.7/site-packages/DateTime/tests/test_datetime.py::DateTimeTests::test_pickle_old_without_micros PASSED [  1%]
lib/python3.7/site-packages/DateTime/tests/test_datetime.py::DateTimeTests::test_pickle_with_micros PASSED [  1%]
lib/python3.7/site-packages/DateTime/tests/test_datetime.py::DateTimeTests::test_pickle_with_numerical_tz PASSED [  1%]
lib/python3.7/site-packages/DateTime/tests/test_datetime.py::DateTimeTests::test_pickle_with_tz PASSED [  1%]
lib/python3.7/site-packages/DateTime/tests/test_datetime.py::DateTimeTests::test_security PASSED [  1%]
lib/python3.7/site-packages/DateTime/tests/test_datetime.py::DateTimeTests::test_tzoffset PASSED [  1%]
lib/python3.7/site-packages/DateTime/tests/test_datetime.py::test_suite PASSED [  1%]
lib/python3.7/site-packages/pyflakes/test/test_api.py::TestIterSourceCode::test_emptyDirectory PASSED [  1%]
lib/python3.7/site-packages/pyflakes/test/test_api.py::TestIterSourceCode::test_explicitFiles PASSED [  1%]
lib/python3.7/site-packages/pyflakes/test/test_api.py::TestIterSourceCode::test_multipleDirectories PASSED [  1%]
lib/python3.7/site-packages/pyflakes/test/test_api.py::TestIterSourceCode::test_onlyPythonSource PASSED [  1%]
lib/python3.7/site-packages/pyflakes/test/test_api.py::TestIterSourceCode::test_recurses PASSED [  1%]
lib/python3.7/site-packages/pyflakes/test/test_api.py::TestIterSourceCode::test_shebang PASSED [  1%]
lib/python3.7/site-packages/pyflakes/test/test_api.py::TestIterSourceCode::test_singleFile PASSED [  1%]
lib/python3.7/site-packages/pyflakes/test/test_api.py::TestReporter::test_flake PASSED [  1%]
lib/python3.7/site-packages/pyflakes/test/test_api.py::TestReporter::test_multiLineSyntaxError PASSED [  1%]
lib/python3.7/site-packages/pyflakes/test/test_api.py::TestReporter::test_syntaxError PASSED [  1%]
lib/python3.7/site-packages/pyflakes/test/test_api.py::TestReporter::test_syntaxErrorNoOffset PASSED [  1%]
lib/python3.7/site-packages/pyflakes/test/test_api.py::TestReporter::test_syntaxErrorNoText PASSED [  1%]
lib/python3.7/site-packages/pyflakes/test/test_api.py::TestReporter::test_unexpectedError PASSED [  1%]
lib/python3.7/site-packages/pyflakes/test/test_api.py::CheckTests::test_CRLFLineEndings PASSED [  1%]
lib/python3.7/site-packages/pyflakes/test/test_api.py::CheckTests::test_checkPathNonExisting PASSED [  1%]
lib/python3.7/site-packages/pyflakes/test/test_api.py::CheckTests::test_checkRecursive PASSED [  1%]
lib/python3.7/site-packages/pyflakes/test/test_api.py::CheckTests::test_encodedFileUTF8 PASSED [  1%]
lib/python3.7/site-packages/pyflakes/test/test_api.py::CheckTests::test_eofSyntaxError PASSED [  1%]
lib/python3.7/site-packages/pyflakes/test/test_api.py::CheckTests::test_eofSyntaxErrorWithTab PASSED [  1%]
lib/python3.7/site-packages/pyflakes/test/test_api.py::CheckTests::test_invalidEscape PASSED [  1%]
lib/python3.7/site-packages/pyflakes/test/test_api.py::CheckTests::test_legacyScript PASSED [  1%]
lib/python3.7/site-packages/pyflakes/test/test_api.py::CheckTests::test_misencodedFileUTF16 PASSED [  1%]
lib/python3.7/site-packages/pyflakes/test/test_api.py::CheckTests::test_misencodedFileUTF8 PASSED [  1%]
lib/python3.7/site-packages/pyflakes/test/test_api.py::CheckTests::test_missingTrailingNewline PASSED [  1%]
lib/python3.7/site-packages/pyflakes/test/test_api.py::CheckTests::test_multilineSyntaxError PASSED [  1%]
lib/python3.7/site-packages/pyflakes/test/test_api.py::CheckTests::test_nonDefaultFollowsDefaultSyntaxError PASSED [  1%]
lib/python3.7/site-packages/pyflakes/test/test_api.py::CheckTests::test_nonKeywordAfterKeywordSyntaxError PASSED [  1%]
lib/python3.7/site-packages/pyflakes/test/test_api.py::CheckTests::test_permissionDenied PASSED [  1%]
lib/python3.7/site-packages/pyflakes/test/test_api.py::CheckTests::test_pyflakesWarning PASSED [  1%]
lib/python3.7/site-packages/pyflakes/test/test_api.py::CheckTests::test_stdinReportsErrors PASSED [  1%]
lib/python3.7/site-packages/pyflakes/test/test_api.py::IntegrationTests::test_errors_io FAILED [  1%]
lib/python3.7/site-packages/pyflakes/test/test_api.py::IntegrationTests::test_errors_syntax FAILED [  2%]
lib/python3.7/site-packages/pyflakes/test/test_api.py::IntegrationTests::test_fileWithFlakes FAILED [  2%]
lib/python3.7/site-packages/pyflakes/test/test_api.py::IntegrationTests::test_goodFile FAILED [  2%]
lib/python3.7/site-packages/pyflakes/test/test_api.py::IntegrationTests::test_readFromStdin FAILED [  2%]
lib/python3.7/site-packages/pyflakes/test/test_api.py::TestMain::test_errors_io PASSED [  2%]
lib/python3.7/site-packages/pyflakes/test/test_api.py::TestMain::test_errors_syntax PASSED [  2%]
lib/python3.7/site-packages/pyflakes/test/test_api.py::TestMain::test_fileWithFlakes PASSED [  2%]
lib/python3.7/site-packages/pyflakes/test/test_api.py::TestMain::test_goodFile PASSED [  2%]
lib/python3.7/site-packages/pyflakes/test/test_api.py::TestMain::test_readFromStdin PASSED [  2%]
lib/python3.7/site-packages/pyflakes/test/test_builtin.py::TestBuiltins::test_builtin_unbound_local PASSED [  2%]
lib/python3.7/site-packages/pyflakes/test/test_builtin.py::TestBuiltins::test_global_shadowing_builtin PASSED [  2%]
lib/python3.7/site-packages/pyflakes/test/test_checker.py::TypeableVisitorTests::test_last_node_wins PASSED [  2%]
lib/python3.7/site-packages/pyflakes/test/test_checker.py::TypeableVisitorTests::test_node_types PASSED [  2%]
lib/python3.7/site-packages/pyflakes/test/test_checker.py::TypeableVisitorTests::test_py35_node_types PASSED [  2%]
lib/python3.7/site-packages/pyflakes/test/test_checker.py::TypeableVisitorTests::test_visitor_recurses PASSED [  2%]
lib/python3.7/site-packages/pyflakes/test/test_checker.py::CollectTypeCommentsTests::test_bytes PASSED [  2%]
lib/python3.7/site-packages/pyflakes/test/test_checker.py::CollectTypeCommentsTests::test_function_def_assigned_comments PASSED [  2%]
lib/python3.7/site-packages/pyflakes/test/test_checker.py::CollectTypeCommentsTests::test_last_node_wins PASSED [  2%]
lib/python3.7/site-packages/pyflakes/test/test_checker.py::CollectTypeCommentsTests::test_non_type_comment_ignored PASSED [  2%]
lib/python3.7/site-packages/pyflakes/test/test_checker.py::CollectTypeCommentsTests::test_text PASSED [  2%]
lib/python3.7/site-packages/pyflakes/test/test_checker.py::CollectTypeCommentsTests::test_type_comment_before_typeable PASSED [  2%]
lib/python3.7/site-packages/pyflakes/test/test_checker.py::CollectTypeCommentsTests::test_type_comment_starts_with_word_ignore PASSED [  2%]
lib/python3.7/site-packages/pyflakes/test/test_checker.py::CollectTypeCommentsTests::test_type_comment_with_extra_still_collected PASSED [  2%]
lib/python3.7/site-packages/pyflakes/test/test_checker.py::CollectTypeCommentsTests::test_type_comment_without_whitespace PASSED [  2%]
lib/python3.7/site-packages/pyflakes/test/test_checker.py::CollectTypeCommentsTests::test_type_ignore_comment_ignored PASSED [  2%]
lib/python3.7/site-packages/pyflakes/test/test_checker.py::CollectTypeCommentsTests::test_type_ignore_with_other_things_ignored PASSED [  2%]
lib/python3.7/site-packages/pyflakes/test/test_code_segment.py::TestCodeSegments::test_class_segment PASSED [  2%]
lib/python3.7/site-packages/pyflakes/test/test_code_segment.py::TestCodeSegments::test_function_segment PASSED [  2%]
lib/python3.7/site-packages/pyflakes/test/test_code_segment.py::TestCodeSegments::test_scope_async_function PASSED [  2%]
lib/python3.7/site-packages/pyflakes/test/test_code_segment.py::TestCodeSegments::test_scope_class PASSED [  2%]
lib/python3.7/site-packages/pyflakes/test/test_code_segment.py::TestCodeSegments::test_scope_function PASSED [  2%]
lib/python3.7/site-packages/pyflakes/test/test_dict.py::Test::test_duplicate_key_float_and_int PASSED [  2%]
lib/python3.7/site-packages/pyflakes/test/test_dict.py::Test::test_duplicate_keys PASSED [  2%]
lib/python3.7/site-packages/pyflakes/test/test_dict.py::Test::test_duplicate_keys_bools PASSED [  2%]
lib/python3.7/site-packages/pyflakes/test/test_dict.py::Test::test_duplicate_keys_bools_false PASSED [  2%]
lib/python3.7/site-packages/pyflakes/test/test_dict.py::Test::test_duplicate_keys_bytes_vs_unicode_py3 PASSED [  2%]
lib/python3.7/site-packages/pyflakes/test/test_dict.py::Test::test_duplicate_keys_in_function PASSED [  2%]
lib/python3.7/site-packages/pyflakes/test/test_dict.py::Test::test_duplicate_keys_in_lambda PASSED [  2%]
lib/python3.7/site-packages/pyflakes/test/test_dict.py::Test::test_duplicate_keys_ints PASSED [  2%]
lib/python3.7/site-packages/pyflakes/test/test_dict.py::Test::test_duplicate_keys_none PASSED [  2%]
lib/python3.7/site-packages/pyflakes/test/test_dict.py::Test::test_duplicate_keys_tuples PASSED [  2%]
lib/python3.7/site-packages/pyflakes/test/test_dict.py::Test::test_duplicate_keys_tuples_int_and_float PASSED [  2%]
lib/python3.7/site-packages/pyflakes/test/test_dict.py::Test::test_duplicate_values_bytes_vs_unicode_py3 PASSED [  2%]
lib/python3.7/site-packages/pyflakes/test/test_dict.py::Test::test_duplicate_variable_keys PASSED [  2%]
lib/python3.7/site-packages/pyflakes/test/test_dict.py::Test::test_duplicate_variable_values PASSED [  3%]
lib/python3.7/site-packages/pyflakes/test/test_dict.py::Test::test_duplicate_variable_values_same_value PASSED [  3%]
lib/python3.7/site-packages/pyflakes/test/test_dict.py::Test::test_multiple_duplicate_keys PASSED [  3%]
lib/python3.7/site-packages/pyflakes/test/test_dict.py::Test::test_no_duplicate_key_error_same_value PASSED [  3%]
lib/python3.7/site-packages/pyflakes/test/test_dict.py::Test::test_no_duplicate_key_errors PASSED [  3%]
lib/python3.7/site-packages/pyflakes/test/test_dict.py::Test::test_no_duplicate_key_errors_bool_or_none PASSED [  3%]
lib/python3.7/site-packages/pyflakes/test/test_dict.py::Test::test_no_duplicate_key_errors_func_call PASSED [  3%]
lib/python3.7/site-packages/pyflakes/test/test_dict.py::Test::test_no_duplicate_key_errors_instance_attributes PASSED [  3%]
lib/python3.7/site-packages/pyflakes/test/test_dict.py::Test::test_no_duplicate_key_errors_ints PASSED [  3%]
lib/python3.7/site-packages/pyflakes/test/test_dict.py::Test::test_no_duplicate_key_errors_tuples PASSED [  3%]
lib/python3.7/site-packages/pyflakes/test/test_dict.py::Test::test_no_duplicate_key_errors_vars PASSED [  3%]
lib/python3.7/site-packages/pyflakes/test/test_dict.py::Test::test_no_duplicate_keys_tuples_same_first_element PASSED [  3%]
lib/python3.7/site-packages/pyflakes/test/test_doctests.py::Test::test_doctestCanReferToClass PASSED [  3%]
lib/python3.7/site-packages/pyflakes/test/test_doctests.py::Test::test_doctestCanReferToFunction PASSED [  3%]
lib/python3.7/site-packages/pyflakes/test/test_doctests.py::Test::test_globalUnderscoreInDoctest PASSED [  3%]
lib/python3.7/site-packages/pyflakes/test/test_doctests.py::Test::test_global_module_scope_pollution PASSED [  3%]
lib/python3.7/site-packages/pyflakes/test/test_doctests.py::Test::test_global_undefined PASSED [  3%]
lib/python3.7/site-packages/pyflakes/test/test_doctests.py::Test::test_ignore_nested_function PASSED [  3%]
lib/python3.7/site-packages/pyflakes/test/test_doctests.py::Test::test_importBeforeAndInDoctest SKIPPED [  3%]
lib/python3.7/site-packages/pyflakes/test/test_doctests.py::Test::test_importBeforeDoctest PASSED [  3%]
lib/python3.7/site-packages/pyflakes/test/test_doctests.py::Test::test_importInDoctestAndAfter PASSED [  3%]
lib/python3.7/site-packages/pyflakes/test/test_doctests.py::Test::test_inaccessible_scope_class PASSED [  3%]
lib/python3.7/site-packages/pyflakes/test/test_doctests.py::Test::test_indentationErrorInDoctest PASSED [  3%]
lib/python3.7/site-packages/pyflakes/test/test_doctests.py::Test::test_nested_class PASSED [  3%]
lib/python3.7/site-packages/pyflakes/test/test_doctests.py::Test::test_nested_doctest_ignored PASSED [  3%]
lib/python3.7/site-packages/pyflakes/test/test_doctests.py::Test::test_noOffsetSyntaxErrorInDoctest PASSED [  3%]
lib/python3.7/site-packages/pyflakes/test/test_doctests.py::Test::test_offsetAfterDoctests PASSED [  3%]
lib/python3.7/site-packages/pyflakes/test/test_doctests.py::Test::test_offsetInDoctests PASSED [  3%]
lib/python3.7/site-packages/pyflakes/test/test_doctests.py::Test::test_offsetInLambdasInDoctests PASSED [  3%]
lib/python3.7/site-packages/pyflakes/test/test_doctests.py::Test::test_offsetWithMultiLineArgs PASSED [  3%]
lib/python3.7/site-packages/pyflakes/test/test_doctests.py::Test::test_scope_class PASSED [  3%]
lib/python3.7/site-packages/pyflakes/test/test_doctests.py::Test::test_singleUnderscoreInDoctest PASSED [  3%]
lib/python3.7/site-packages/pyflakes/test/test_doctests.py::Test::test_syntaxErrorInDoctest PASSED [  3%]
lib/python3.7/site-packages/pyflakes/test/test_doctests.py::TestOther::test_attrAugmentedAssignment PASSED [  3%]
lib/python3.7/site-packages/pyflakes/test/test_doctests.py::TestOther::test_breakInsideLoop PASSED [  3%]
lib/python3.7/site-packages/pyflakes/test/test_doctests.py::TestOther::test_breakOutsideLoop PASSED [  3%]
lib/python3.7/site-packages/pyflakes/test/test_doctests.py::TestOther::test_classFunctionDecorator PASSED [  3%]
lib/python3.7/site-packages/pyflakes/test/test_doctests.py::TestOther::test_classNameDefinedPreviously PASSED [  3%]
lib/python3.7/site-packages/pyflakes/test/test_doctests.py::TestOther::test_classNameUndefinedInClassBody PASSED [  3%]
lib/python3.7/site-packages/pyflakes/test/test_doctests.py::TestOther::test_classRedefinedAsFunction PASSED [  3%]
lib/python3.7/site-packages/pyflakes/test/test_doctests.py::TestOther::test_classRedefinition PASSED [  3%]
lib/python3.7/site-packages/pyflakes/test/test_doctests.py::TestOther::test_classWithReturn PASSED [  3%]
lib/python3.7/site-packages/pyflakes/test/test_doctests.py::TestOther::test_classWithYield PASSED [  3%]
lib/python3.7/site-packages/pyflakes/test/test_doctests.py::TestOther::test_classWithYieldFrom PASSED [  3%]
lib/python3.7/site-packages/pyflakes/test/test_doctests.py::TestOther::test_comparison PASSED [  4%]
lib/python3.7/site-packages/pyflakes/test/test_doctests.py::TestOther::test_containment PASSED [  4%]
lib/python3.7/site-packages/pyflakes/test/test_doctests.py::TestOther::test_continueInFinally PASSED [  4%]
lib/python3.7/site-packages/pyflakes/test/test_doctests.py::TestOther::test_continueInsideLoop PASSED [  4%]
lib/python3.7/site-packages/pyflakes/test/test_doctests.py::TestOther::test_continueOutsideLoop PASSED [  4%]
lib/python3.7/site-packages/pyflakes/test/test_doctests.py::TestOther::test_defaultExceptLast PASSED [  4%]
lib/python3.7/site-packages/pyflakes/test/test_doctests.py::TestOther::test_defaultExceptNotLast PASSED [  4%]
lib/python3.7/site-packages/pyflakes/test/test_doctests.py::TestOther::test_doubleAssignment SKIPPED [  4%]
lib/python3.7/site-packages/pyflakes/test/test_doctests.py::TestOther::test_doubleAssignmentConditionally PASSED [  4%]
lib/python3.7/site-packages/pyflakes/test/test_doctests.py::TestOther::test_doubleAssignmentWithUse PASSED [  4%]
lib/python3.7/site-packages/pyflakes/test/test_doctests.py::TestOther::test_duplicateArgs PASSED [  4%]
lib/python3.7/site-packages/pyflakes/test/test_doctests.py::TestOther::test_ellipsis PASSED [  4%]
lib/python3.7/site-packages/pyflakes/test/test_doctests.py::TestOther::test_extendedSlice PASSED [  4%]
lib/python3.7/site-packages/pyflakes/test/test_doctests.py::TestOther::test_functionDecorator PASSED [  4%]
lib/python3.7/site-packages/pyflakes/test/test_doctests.py::TestOther::test_functionRedefinedAsClass PASSED [  4%]
lib/python3.7/site-packages/pyflakes/test/test_doctests.py::TestOther::test_function_arguments PASSED [  4%]
lib/python3.7/site-packages/pyflakes/test/test_doctests.py::TestOther::test_function_arguments_python3 PASSED [  4%]
lib/python3.7/site-packages/pyflakes/test/test_doctests.py::TestOther::test_globalDeclaredInDifferentScope PASSED [  4%]
lib/python3.7/site-packages/pyflakes/test/test_doctests.py::TestOther::test_identity PASSED [  4%]
lib/python3.7/site-packages/pyflakes/test/test_doctests.py::TestOther::test_localReferencedBeforeAssignment PASSED [  4%]
lib/python3.7/site-packages/pyflakes/test/test_doctests.py::TestOther::test_loopControl PASSED [  4%]
lib/python3.7/site-packages/pyflakes/test/test_doctests.py::TestOther::test_modernProperty PASSED [  4%]
lib/python3.7/site-packages/pyflakes/test/test_doctests.py::TestOther::test_moduleWithReturn PASSED [  4%]
lib/python3.7/site-packages/pyflakes/test/test_doctests.py::TestOther::test_moduleWithYield PASSED [  4%]
lib/python3.7/site-packages/pyflakes/test/test_doctests.py::TestOther::test_moduleWithYieldFrom PASSED [  4%]
lib/python3.7/site-packages/pyflakes/test/test_doctests.py::TestOther::test_redefinedClassFunction PASSED [  4%]
lib/python3.7/site-packages/pyflakes/test/test_doctests.py::TestOther::test_redefinedFunction PASSED [  4%]
lib/python3.7/site-packages/pyflakes/test/test_doctests.py::TestOther::test_redefinedIfElseFunction PASSED [  4%]
lib/python3.7/site-packages/pyflakes/test/test_doctests.py::TestOther::test_redefinedIfElseInListComp PASSED [  4%]
lib/python3.7/site-packages/pyflakes/test/test_doctests.py::TestOther::test_redefinedIfFunction PASSED [  4%]
lib/python3.7/site-packages/pyflakes/test/test_doctests.py::TestOther::test_redefinedInDictComprehension PASSED [  4%]
lib/python3.7/site-packages/pyflakes/test/test_doctests.py::TestOther::test_redefinedInGenerator PASSED [  4%]
lib/python3.7/site-packages/pyflakes/test/test_doctests.py::TestOther::test_redefinedInSetComprehension PASSED [  4%]
lib/python3.7/site-packages/pyflakes/test/test_doctests.py::TestOther::test_redefinedTryExceptFunction PASSED [  4%]
lib/python3.7/site-packages/pyflakes/test/test_doctests.py::TestOther::test_redefinedTryFunction PASSED [  4%]
lib/python3.7/site-packages/pyflakes/test/test_doctests.py::TestOther::test_redefinedUnderscoreFunction PASSED [  4%]
lib/python3.7/site-packages/pyflakes/test/test_doctests.py::TestOther::test_redefinedUnderscoreImportation PASSED [  4%]
lib/python3.7/site-packages/pyflakes/test/test_doctests.py::TestOther::test_starredAssignmentErrors PASSED [  4%]
lib/python3.7/site-packages/pyflakes/test/test_doctests.py::TestOther::test_starredAssignmentNoError PASSED [  4%]
lib/python3.7/site-packages/pyflakes/test/test_doctests.py::TestOther::test_unaryPlus PASSED [  4%]
lib/python3.7/site-packages/pyflakes/test/test_doctests.py::TestOther::test_undefinedBaseClass PASSED [  4%]
lib/python3.7/site-packages/pyflakes/test/test_doctests.py::TestOther::test_varAugmentedAssignment PASSED [  4%]
lib/python3.7/site-packages/pyflakes/test/test_doctests.py::TestImports::test_aliasedImport PASSED [  4%]
lib/python3.7/site-packages/pyflakes/test/test_doctests.py::TestImports::test_aliasedImportShadowModule PASSED [  4%]
lib/python3.7/site-packages/pyflakes/test/test_doctests.py::TestImports::test_assignRHSFirst PASSED [  5%]
lib/python3.7/site-packages/pyflakes/test/test_doctests.py::TestImports::test_assignedToGlobal PASSED [  5%]
lib/python3.7/site-packages/pyflakes/test/test_doctests.py::TestImports::test_differentSubmoduleImport PASSED [  5%]
lib/python3.7/site-packages/pyflakes/test/test_doctests.py::TestImports::test_duplicateSubmoduleImport PASSED [  5%]
lib/python3.7/site-packages/pyflakes/test/test_doctests.py::TestImports::test_functionNamesAreBoundNow PASSED [  5%]
lib/python3.7/site-packages/pyflakes/test/test_doctests.py::TestImports::test_functionsRunLater PASSED [  5%]
lib/python3.7/site-packages/pyflakes/test/test_doctests.py::TestImports::test_futureImport PASSED [  5%]
lib/python3.7/site-packages/pyflakes/test/test_doctests.py::TestImports::test_futureImportFirst PASSED [  5%]
lib/python3.7/site-packages/pyflakes/test/test_doctests.py::TestImports::test_futureImportStar PASSED [  5%]
lib/python3.7/site-packages/pyflakes/test/test_doctests.py::TestImports::test_futureImportUndefined PASSED [  5%]
lib/python3.7/site-packages/pyflakes/test/test_doctests.py::TestImports::test_futureImportUsed PASSED [  5%]
lib/python3.7/site-packages/pyflakes/test/test_doctests.py::TestImports::test_ignoreNonImportRedefinitions PASSED [  5%]
lib/python3.7/site-packages/pyflakes/test/test_doctests.py::TestImports::test_importInClass PASSED [  5%]
lib/python3.7/site-packages/pyflakes/test/test_doctests.py::TestImports::test_importStar PASSED [  5%]
lib/python3.7/site-packages/pyflakes/test/test_doctests.py::TestImports::test_importStar_relative PASSED [  5%]
lib/python3.7/site-packages/pyflakes/test/test_doctests.py::TestImports::test_importUsedInMethodDefinition PASSED [  5%]
lib/python3.7/site-packages/pyflakes/test/test_doctests.py::TestImports::test_importedInClass PASSED [  5%]
lib/python3.7/site-packages/pyflakes/test/test_doctests.py::TestImports::test_importingForImportError SKIPPED [  5%]
lib/python3.7/site-packages/pyflakes/test/test_doctests.py::TestImports::test_localImportStar PASSED [  5%]
lib/python3.7/site-packages/pyflakes/test/test_doctests.py::TestImports::test_methodsDontUseClassScope PASSED [  5%]
lib/python3.7/site-packages/pyflakes/test/test_doctests.py::TestImports::test_nestedClassAndFunctionScope PASSED [  5%]
lib/python3.7/site-packages/pyflakes/test/test_doctests.py::TestImports::test_nestedFunctionsNestScope PASSED [  5%]
lib/python3.7/site-packages/pyflakes/test/test_doctests.py::TestImports::test_newAssignment PASSED [  5%]
lib/python3.7/site-packages/pyflakes/test/test_doctests.py::TestImports::test_nonGlobalDoesNotRedefine PASSED [  5%]
lib/python3.7/site-packages/pyflakes/test/test_doctests.py::TestImports::test_notUsedInNestedScope PASSED [  5%]
lib/python3.7/site-packages/pyflakes/test/test_doctests.py::TestImports::test_packageImport PASSED [  5%]
lib/python3.7/site-packages/pyflakes/test/test_doctests.py::TestImports::test_redefinedButUsedLater PASSED [  5%]
lib/python3.7/site-packages/pyflakes/test/test_doctests.py::TestImports::test_redefinedByClass PASSED [  5%]
lib/python3.7/site-packages/pyflakes/test/test_doctests.py::TestImports::test_redefinedByExcept PASSED [  5%]
lib/python3.7/site-packages/pyflakes/test/test_doctests.py::TestImports::test_redefinedByFor PASSED [  5%]
lib/python3.7/site-packages/pyflakes/test/test_doctests.py::TestImports::test_redefinedByFunction PASSED [  5%]
lib/python3.7/site-packages/pyflakes/test/test_doctests.py::TestImports::test_redefinedBySubclass PASSED [  5%]
lib/python3.7/site-packages/pyflakes/test/test_doctests.py::TestImports::test_redefinedIf PASSED [  5%]
lib/python3.7/site-packages/pyflakes/test/test_doctests.py::TestImports::test_redefinedIfElse PASSED [  5%]
lib/python3.7/site-packages/pyflakes/test/test_doctests.py::TestImports::test_redefinedInClass PASSED [  5%]
lib/python3.7/site-packages/pyflakes/test/test_doctests.py::TestImports::test_redefinedInNestedFunction PASSED [  5%]
lib/python3.7/site-packages/pyflakes/test/test_doctests.py::TestImports::test_redefinedInNestedFunctionTwice PASSED [  5%]
lib/python3.7/site-packages/pyflakes/test/test_doctests.py::TestImports::test_redefinedTry PASSED [  5%]
lib/python3.7/site-packages/pyflakes/test/test_doctests.py::TestImports::test_redefinedTryElse PASSED [  5%]
lib/python3.7/site-packages/pyflakes/test/test_doctests.py::TestImports::test_redefinedTryExcept PASSED [  5%]
lib/python3.7/site-packages/pyflakes/test/test_doctests.py::TestImports::test_redefinedTryExceptElse PASSED [  5%]
lib/python3.7/site-packages/pyflakes/test/test_doctests.py::TestImports::test_redefinedTryExceptElseFinally PASSED [  5%]
lib/python3.7/site-packages/pyflakes/test/test_doctests.py::TestImports::test_redefinedTryExceptFinally PASSED [  5%]
lib/python3.7/site-packages/pyflakes/test/test_doctests.py::TestImports::test_redefinedTryExceptMulti PASSED [  5%]
lib/python3.7/site-packages/pyflakes/test/test_doctests.py::TestImports::test_redefinedTryNested PASSED [  6%]
lib/python3.7/site-packages/pyflakes/test/test_doctests.py::TestImports::test_redefinedWhileUnused PASSED [  6%]
lib/python3.7/site-packages/pyflakes/test/test_doctests.py::TestImports::test_shadowedByFor PASSED [  6%]
lib/python3.7/site-packages/pyflakes/test/test_doctests.py::TestImports::test_shadowedByForDeep PASSED [  6%]
lib/python3.7/site-packages/pyflakes/test/test_doctests.py::TestImports::test_shadowedByLambda PASSED [  6%]
lib/python3.7/site-packages/pyflakes/test/test_doctests.py::TestImports::test_shadowedByParameter PASSED [  6%]
lib/python3.7/site-packages/pyflakes/test/test_doctests.py::TestImports::test_tryingMultipleImports PASSED [  6%]
lib/python3.7/site-packages/pyflakes/test/test_doctests.py::TestImports::test_unusedImport PASSED [  6%]
lib/python3.7/site-packages/pyflakes/test/test_doctests.py::TestImports::test_unusedImport_relative PASSED [  6%]
lib/python3.7/site-packages/pyflakes/test/test_doctests.py::TestImports::test_unusedInNestedScope PASSED [  6%]
lib/python3.7/site-packages/pyflakes/test/test_doctests.py::TestImports::test_unusedPackageImport PASSED [  6%]
lib/python3.7/site-packages/pyflakes/test/test_doctests.py::TestImports::test_unused_package_with_submodule_import PASSED [  6%]
lib/python3.7/site-packages/pyflakes/test/test_doctests.py::TestImports::test_usedAndGlobal PASSED [  6%]
lib/python3.7/site-packages/pyflakes/test/test_doctests.py::TestImports::test_usedImport PASSED [  6%]
lib/python3.7/site-packages/pyflakes/test/test_doctests.py::TestImports::test_usedImport_relative PASSED [  6%]
lib/python3.7/site-packages/pyflakes/test/test_doctests.py::TestImports::test_usedInAssert PASSED [  6%]
lib/python3.7/site-packages/pyflakes/test/test_doctests.py::TestImports::test_usedInAssignment PASSED [  6%]
lib/python3.7/site-packages/pyflakes/test/test_doctests.py::TestImports::test_usedInAttributeAssign PASSED [  6%]
lib/python3.7/site-packages/pyflakes/test/test_doctests.py::TestImports::test_usedInCall PASSED [  6%]
lib/python3.7/site-packages/pyflakes/test/test_doctests.py::TestImports::test_usedInClass PASSED [  6%]
lib/python3.7/site-packages/pyflakes/test/test_doctests.py::TestImports::test_usedInClassBase PASSED [  6%]
lib/python3.7/site-packages/pyflakes/test/test_doctests.py::TestImports::test_usedInDict PASSED [  6%]
lib/python3.7/site-packages/pyflakes/test/test_doctests.py::TestImports::test_usedInElifConditional PASSED [  6%]
lib/python3.7/site-packages/pyflakes/test/test_doctests.py::TestImports::test_usedInElse PASSED [  6%]
lib/python3.7/site-packages/pyflakes/test/test_doctests.py::TestImports::test_usedInExcept PASSED [  6%]
lib/python3.7/site-packages/pyflakes/test/test_doctests.py::TestImports::test_usedInExec PASSED [  6%]
lib/python3.7/site-packages/pyflakes/test/test_doctests.py::TestImports::test_usedInFor PASSED [  6%]
lib/python3.7/site-packages/pyflakes/test/test_doctests.py::TestImports::test_usedInForElse PASSED [  6%]
lib/python3.7/site-packages/pyflakes/test/test_doctests.py::TestImports::test_usedInFunction PASSED [  6%]
lib/python3.7/site-packages/pyflakes/test/test_doctests.py::TestImports::test_usedInGetattr PASSED [  6%]
lib/python3.7/site-packages/pyflakes/test/test_doctests.py::TestImports::test_usedInGlobal PASSED [  6%]
lib/python3.7/site-packages/pyflakes/test/test_doctests.py::TestImports::test_usedInIfBody PASSED [  6%]
lib/python3.7/site-packages/pyflakes/test/test_doctests.py::TestImports::test_usedInIfConditional PASSED [  6%]
lib/python3.7/site-packages/pyflakes/test/test_doctests.py::TestImports::test_usedInKeywordArg PASSED [  6%]
lib/python3.7/site-packages/pyflakes/test/test_doctests.py::TestImports::test_usedInLambda PASSED [  6%]
lib/python3.7/site-packages/pyflakes/test/test_doctests.py::TestImports::test_usedInList PASSED [  6%]
lib/python3.7/site-packages/pyflakes/test/test_doctests.py::TestImports::test_usedInListComp PASSED [  6%]
lib/python3.7/site-packages/pyflakes/test/test_doctests.py::TestImports::test_usedInLogic PASSED [  6%]
lib/python3.7/site-packages/pyflakes/test/test_doctests.py::TestImports::test_usedInOperators PASSED [  6%]
lib/python3.7/site-packages/pyflakes/test/test_doctests.py::TestImports::test_usedInParameterDefault PASSED [  6%]
lib/python3.7/site-packages/pyflakes/test/test_doctests.py::TestImports::test_usedInRaise PASSED [  6%]
lib/python3.7/site-packages/pyflakes/test/test_doctests.py::TestImports::test_usedInReturn PASSED [  6%]
lib/python3.7/site-packages/pyflakes/test/test_doctests.py::TestImports::test_usedInSlice PASSED [  6%]
lib/python3.7/site-packages/pyflakes/test/test_doctests.py::TestImports::test_usedInSliceObj PASSED [  6%]
lib/python3.7/site-packages/pyflakes/test/test_doctests.py::TestImports::test_usedInSubscript PASSED [  7%]
lib/python3.7/site-packages/pyflakes/test/test_doctests.py::TestImports::test_usedInTry PASSED [  7%]
lib/python3.7/site-packages/pyflakes/test/test_doctests.py::TestImports::test_usedInTryFinally PASSED [  7%]
lib/python3.7/site-packages/pyflakes/test/test_doctests.py::TestImports::test_usedInTuple PASSED [  7%]
lib/python3.7/site-packages/pyflakes/test/test_doctests.py::TestImports::test_usedInWhile PASSED [  7%]
lib/python3.7/site-packages/pyflakes/test/test_doctests.py::TestImports::test_usedInYield PASSED [  7%]
lib/python3.7/site-packages/pyflakes/test/test_doctests.py::TestImports::test_used_package_with_submodule_import PASSED [  7%]
lib/python3.7/site-packages/pyflakes/test/test_doctests.py::TestImports::test_used_package_with_submodule_import_of_alias PASSED [  7%]
lib/python3.7/site-packages/pyflakes/test/test_doctests.py::TestUndefinedNames::test_annotationUndefined PASSED [  7%]
lib/python3.7/site-packages/pyflakes/test/test_doctests.py::TestUndefinedNames::test_badNestedClass PASSED [  7%]
lib/python3.7/site-packages/pyflakes/test/test_doctests.py::TestUndefinedNames::test_builtinWindowsError PASSED [  7%]
lib/python3.7/site-packages/pyflakes/test/test_doctests.py::TestUndefinedNames::test_builtins PASSED [  7%]
lib/python3.7/site-packages/pyflakes/test/test_doctests.py::TestUndefinedNames::test_definedAsStarArgs PASSED [  7%]
lib/python3.7/site-packages/pyflakes/test/test_doctests.py::TestUndefinedNames::test_definedAsStarUnpack PASSED [  7%]
lib/python3.7/site-packages/pyflakes/test/test_doctests.py::TestUndefinedNames::test_definedByGlobal PASSED [  7%]
lib/python3.7/site-packages/pyflakes/test/test_doctests.py::TestUndefinedNames::test_definedByGlobalMultipleNames PASSED [  7%]
lib/python3.7/site-packages/pyflakes/test/test_doctests.py::TestUndefinedNames::test_definedFromLambdaInDictionaryComprehension PASSED [  7%]
lib/python3.7/site-packages/pyflakes/test/test_doctests.py::TestUndefinedNames::test_definedFromLambdaInGenerator PASSED [  7%]
lib/python3.7/site-packages/pyflakes/test/test_doctests.py::TestUndefinedNames::test_definedInClass PASSED [  7%]
lib/python3.7/site-packages/pyflakes/test/test_doctests.py::TestUndefinedNames::test_definedInClassNested PASSED [  7%]
lib/python3.7/site-packages/pyflakes/test/test_doctests.py::TestUndefinedNames::test_definedInGenExp PASSED [  7%]
lib/python3.7/site-packages/pyflakes/test/test_doctests.py::TestUndefinedNames::test_definedInListComp PASSED [  7%]
lib/python3.7/site-packages/pyflakes/test/test_doctests.py::TestUndefinedNames::test_del PASSED [  7%]
lib/python3.7/site-packages/pyflakes/test/test_doctests.py::TestUndefinedNames::test_delConditional PASSED [  7%]
lib/python3.7/site-packages/pyflakes/test/test_doctests.py::TestUndefinedNames::test_delConditionalNested PASSED [  7%]
lib/python3.7/site-packages/pyflakes/test/test_doctests.py::TestUndefinedNames::test_delExceptionInExcept PASSED [  7%]
lib/python3.7/site-packages/pyflakes/test/test_doctests.py::TestUndefinedNames::test_delGlobal PASSED [  7%]
lib/python3.7/site-packages/pyflakes/test/test_doctests.py::TestUndefinedNames::test_delUndefined PASSED [  7%]
lib/python3.7/site-packages/pyflakes/test/test_doctests.py::TestUndefinedNames::test_delWhile PASSED [  7%]
lib/python3.7/site-packages/pyflakes/test/test_doctests.py::TestUndefinedNames::test_delWhileNested PASSED [  7%]
lib/python3.7/site-packages/pyflakes/test/test_doctests.py::TestUndefinedNames::test_delWhileTestUsage PASSED [  7%]
lib/python3.7/site-packages/pyflakes/test/test_doctests.py::TestUndefinedNames::test_doubleNestingReportsClosestName PASSED [  7%]
lib/python3.7/site-packages/pyflakes/test/test_doctests.py::TestUndefinedNames::test_dunderClass PASSED [  7%]
lib/python3.7/site-packages/pyflakes/test/test_doctests.py::TestUndefinedNames::test_functionsNeedGlobalScope PASSED [  7%]
lib/python3.7/site-packages/pyflakes/test/test_doctests.py::TestUndefinedNames::test_globalFromNestedScope PASSED [  7%]
lib/python3.7/site-packages/pyflakes/test/test_doctests.py::TestUndefinedNames::test_globalImportStar PASSED [  7%]
lib/python3.7/site-packages/pyflakes/test/test_doctests.py::TestUndefinedNames::test_globalInGlobalScope PASSED [  7%]
lib/python3.7/site-packages/pyflakes/test/test_doctests.py::TestUndefinedNames::test_global_reset_name_only PASSED [  7%]
lib/python3.7/site-packages/pyflakes/test/test_doctests.py::TestUndefinedNames::test_intermediateClassScopeIgnored PASSED [  7%]
lib/python3.7/site-packages/pyflakes/test/test_doctests.py::TestUndefinedNames::test_keywordOnlyArgs PASSED [  7%]
lib/python3.7/site-packages/pyflakes/test/test_doctests.py::TestUndefinedNames::test_keywordOnlyArgsUndefined PASSED [  7%]
lib/python3.7/site-packages/pyflakes/test/test_doctests.py::TestUndefinedNames::test_laterRedefinedGlobalFromNestedScope PASSED [  7%]
lib/python3.7/site-packages/pyflakes/test/test_doctests.py::TestUndefinedNames::test_laterRedefinedGlobalFromNestedScope2 PASSED [  7%]
lib/python3.7/site-packages/pyflakes/test/test_doctests.py::TestUndefinedNames::test_laterRedefinedGlobalFromNestedScope3 PASSED [  7%]
lib/python3.7/site-packages/pyflakes/test/test_doctests.py::TestUndefinedNames::test_magicGlobalsBuiltins PASSED [  8%]
lib/python3.7/site-packages/pyflakes/test/test_doctests.py::TestUndefinedNames::test_magicGlobalsFile PASSED [  8%]
lib/python3.7/site-packages/pyflakes/test/test_doctests.py::TestUndefinedNames::test_magicGlobalsName PASSED [  8%]
lib/python3.7/site-packages/pyflakes/test/test_doctests.py::TestUndefinedNames::test_magicGlobalsPath PASSED [  8%]
lib/python3.7/site-packages/pyflakes/test/test_doctests.py::TestUndefinedNames::test_magicModuleInClassScope PASSED [  8%]
lib/python3.7/site-packages/pyflakes/test/test_doctests.py::TestUndefinedNames::test_magicQualnameInClassScope PASSED [  8%]
lib/python3.7/site-packages/pyflakes/test/test_doctests.py::TestUndefinedNames::test_metaClassUndefined PASSED [  8%]
lib/python3.7/site-packages/pyflakes/test/test_doctests.py::TestUndefinedNames::test_moduleAnnotations PASSED [  8%]
lib/python3.7/site-packages/pyflakes/test/test_doctests.py::TestUndefinedNames::test_namesDeclaredInExceptBlocks PASSED [  8%]
lib/python3.7/site-packages/pyflakes/test/test_doctests.py::TestUndefinedNames::test_nestedClass PASSED [  8%]
lib/python3.7/site-packages/pyflakes/test/test_doctests.py::TestUndefinedNames::test_undefined PASSED [  8%]
lib/python3.7/site-packages/pyflakes/test/test_doctests.py::TestUndefinedNames::test_undefinedAugmentedAssignment PASSED [  8%]
lib/python3.7/site-packages/pyflakes/test/test_doctests.py::TestUndefinedNames::test_undefinedExceptionName PASSED [  8%]
lib/python3.7/site-packages/pyflakes/test/test_doctests.py::TestUndefinedNames::test_undefinedExceptionNameObscuringGlobalVariable SKIPPED [  8%]
lib/python3.7/site-packages/pyflakes/test/test_doctests.py::TestUndefinedNames::test_undefinedExceptionNameObscuringGlobalVariable2 SKIPPED [  8%]
lib/python3.7/site-packages/pyflakes/test/test_doctests.py::TestUndefinedNames::test_undefinedExceptionNameObscuringGlobalVariableFalsePositive1 PASSED [  8%]
lib/python3.7/site-packages/pyflakes/test/test_doctests.py::TestUndefinedNames::test_undefinedExceptionNameObscuringGlobalVariableFalsePositive2 PASSED [  8%]
lib/python3.7/site-packages/pyflakes/test/test_doctests.py::TestUndefinedNames::test_undefinedExceptionNameObscuringLocalVariable SKIPPED [  8%]
lib/python3.7/site-packages/pyflakes/test/test_doctests.py::TestUndefinedNames::test_undefinedExceptionNameObscuringLocalVariable2 PASSED [  8%]
lib/python3.7/site-packages/pyflakes/test/test_doctests.py::TestUndefinedNames::test_undefinedExceptionNameObscuringLocalVariableFalsePositive1 PASSED [  8%]
lib/python3.7/site-packages/pyflakes/test/test_doctests.py::TestUndefinedNames::test_undefinedExceptionNameObscuringLocalVariableFalsePositive2 PASSED [  8%]
lib/python3.7/site-packages/pyflakes/test/test_doctests.py::TestUndefinedNames::test_undefinedFromLambdaInComprehension PASSED [  8%]
lib/python3.7/site-packages/pyflakes/test/test_doctests.py::TestUndefinedNames::test_undefinedFromLambdaInDictionaryComprehension PASSED [  8%]
lib/python3.7/site-packages/pyflakes/test/test_doctests.py::TestUndefinedNames::test_undefinedInGenExpNested PASSED [  8%]
lib/python3.7/site-packages/pyflakes/test/test_doctests.py::TestUndefinedNames::test_undefinedInListComp PASSED [  8%]
lib/python3.7/site-packages/pyflakes/test/test_doctests.py::TestUndefinedNames::test_undefinedInLoop PASSED [  8%]
lib/python3.7/site-packages/pyflakes/test/test_doctests.py::TestUndefinedNames::test_undefinedWithErrorHandler PASSED [  8%]
lib/python3.7/site-packages/pyflakes/test/test_doctests.py::TestUndefinedNames::test_unusedAsStarUnpack PASSED [  8%]
lib/python3.7/site-packages/pyflakes/test/test_doctests.py::TestUndefinedNames::test_unused_global SKIPPED [  8%]
lib/python3.7/site-packages/pyflakes/test/test_doctests.py::TestUndefinedNames::test_usedAsStarUnpack PASSED [  8%]
lib/python3.7/site-packages/pyflakes/test/test_imports.py::TestImportationObject::test_import_as PASSED [  8%]
lib/python3.7/site-packages/pyflakes/test/test_imports.py::TestImportationObject::test_import_basic PASSED [  8%]
lib/python3.7/site-packages/pyflakes/test/test_imports.py::TestImportationObject::test_import_submodule PASSED [  8%]
lib/python3.7/site-packages/pyflakes/test/test_imports.py::TestImportationObject::test_import_submodule_as PASSED [  8%]
lib/python3.7/site-packages/pyflakes/test/test_imports.py::TestImportationObject::test_import_submodule_as_source_name PASSED [  8%]
lib/python3.7/site-packages/pyflakes/test/test_imports.py::TestImportationObject::test_importfrom_future PASSED [  8%]
lib/python3.7/site-packages/pyflakes/test/test_imports.py::TestImportationObject::test_importfrom_member PASSED [  8%]
lib/python3.7/site-packages/pyflakes/test/test_imports.py::TestImportationObject::test_importfrom_member_as PASSED [  8%]
lib/python3.7/site-packages/pyflakes/test/test_imports.py::TestImportationObject::test_importfrom_relative PASSED [  8%]
lib/python3.7/site-packages/pyflakes/test/test_imports.py::TestImportationObject::test_importfrom_relative_parent PASSED [  8%]
lib/python3.7/site-packages/pyflakes/test/test_imports.py::TestImportationObject::test_importfrom_relative_with_module PASSED [  8%]
lib/python3.7/site-packages/pyflakes/test/test_imports.py::TestImportationObject::test_importfrom_relative_with_module_as PASSED [  8%]
lib/python3.7/site-packages/pyflakes/test/test_imports.py::TestImportationObject::test_importfrom_star PASSED [  8%]
lib/python3.7/site-packages/pyflakes/test/test_imports.py::TestImportationObject::test_importfrom_star_relative PASSED [  8%]
lib/python3.7/site-packages/pyflakes/test/test_imports.py::TestImportationObject::test_importfrom_submodule_member PASSED [  9%]
lib/python3.7/site-packages/pyflakes/test/test_imports.py::TestImportationObject::test_importfrom_submodule_member_as PASSED [  9%]
lib/python3.7/site-packages/pyflakes/test/test_imports.py::TestImportationObject::test_unusedImport_underscore PASSED [  9%]
lib/python3.7/site-packages/pyflakes/test/test_imports.py::Test::test_aliasedImport PASSED [  9%]
lib/python3.7/site-packages/pyflakes/test/test_imports.py::Test::test_aliasedImportShadowModule PASSED [  9%]
lib/python3.7/site-packages/pyflakes/test/test_imports.py::Test::test_assignRHSFirst PASSED [  9%]
lib/python3.7/site-packages/pyflakes/test/test_imports.py::Test::test_assignedToGlobal PASSED [  9%]
lib/python3.7/site-packages/pyflakes/test/test_imports.py::Test::test_differentSubmoduleImport PASSED [  9%]
lib/python3.7/site-packages/pyflakes/test/test_imports.py::Test::test_duplicateSubmoduleImport PASSED [  9%]
lib/python3.7/site-packages/pyflakes/test/test_imports.py::Test::test_functionNamesAreBoundNow PASSED [  9%]
lib/python3.7/site-packages/pyflakes/test/test_imports.py::Test::test_functionsRunLater PASSED [  9%]
lib/python3.7/site-packages/pyflakes/test/test_imports.py::Test::test_futureImport PASSED [  9%]
lib/python3.7/site-packages/pyflakes/test/test_imports.py::Test::test_futureImportFirst PASSED [  9%]
lib/python3.7/site-packages/pyflakes/test/test_imports.py::Test::test_futureImportStar PASSED [  9%]
lib/python3.7/site-packages/pyflakes/test/test_imports.py::Test::test_futureImportUndefined PASSED [  9%]
lib/python3.7/site-packages/pyflakes/test/test_imports.py::Test::test_futureImportUsed PASSED [  9%]
lib/python3.7/site-packages/pyflakes/test/test_imports.py::Test::test_ignoreNonImportRedefinitions PASSED [  9%]
lib/python3.7/site-packages/pyflakes/test/test_imports.py::Test::test_importInClass PASSED [  9%]
lib/python3.7/site-packages/pyflakes/test/test_imports.py::Test::test_importStar PASSED [  9%]
lib/python3.7/site-packages/pyflakes/test/test_imports.py::Test::test_importStar_relative PASSED [  9%]
lib/python3.7/site-packages/pyflakes/test/test_imports.py::Test::test_importUsedInMethodDefinition PASSED [  9%]
lib/python3.7/site-packages/pyflakes/test/test_imports.py::Test::test_importedInClass PASSED [  9%]
lib/python3.7/site-packages/pyflakes/test/test_imports.py::Test::test_importingForImportError SKIPPED [  9%]
lib/python3.7/site-packages/pyflakes/test/test_imports.py::Test::test_localImportStar PASSED [  9%]
lib/python3.7/site-packages/pyflakes/test/test_imports.py::Test::test_methodsDontUseClassScope PASSED [  9%]
lib/python3.7/site-packages/pyflakes/test/test_imports.py::Test::test_nestedClassAndFunctionScope PASSED [  9%]
lib/python3.7/site-packages/pyflakes/test/test_imports.py::Test::test_nestedFunctionsNestScope PASSED [  9%]
lib/python3.7/site-packages/pyflakes/test/test_imports.py::Test::test_newAssignment PASSED [  9%]
lib/python3.7/site-packages/pyflakes/test/test_imports.py::Test::test_nonGlobalDoesNotRedefine PASSED [  9%]
lib/python3.7/site-packages/pyflakes/test/test_imports.py::Test::test_notUsedInNestedScope PASSED [  9%]
lib/python3.7/site-packages/pyflakes/test/test_imports.py::Test::test_packageImport PASSED [  9%]
lib/python3.7/site-packages/pyflakes/test/test_imports.py::Test::test_redefinedButUsedLater PASSED [  9%]
lib/python3.7/site-packages/pyflakes/test/test_imports.py::Test::test_redefinedByClass PASSED [  9%]
lib/python3.7/site-packages/pyflakes/test/test_imports.py::Test::test_redefinedByExcept PASSED [  9%]
lib/python3.7/site-packages/pyflakes/test/test_imports.py::Test::test_redefinedByFor PASSED [  9%]
lib/python3.7/site-packages/pyflakes/test/test_imports.py::Test::test_redefinedByFunction PASSED [  9%]
lib/python3.7/site-packages/pyflakes/test/test_imports.py::Test::test_redefinedBySubclass PASSED [  9%]
lib/python3.7/site-packages/pyflakes/test/test_imports.py::Test::test_redefinedIf PASSED [  9%]
lib/python3.7/site-packages/pyflakes/test/test_imports.py::Test::test_redefinedIfElse PASSED [  9%]
lib/python3.7/site-packages/pyflakes/test/test_imports.py::Test::test_redefinedInClass PASSED [  9%]
lib/python3.7/site-packages/pyflakes/test/test_imports.py::Test::test_redefinedInNestedFunction PASSED [  9%]
lib/python3.7/site-packages/pyflakes/test/test_imports.py::Test::test_redefinedInNestedFunctionTwice PASSED [  9%]
lib/python3.7/site-packages/pyflakes/test/test_imports.py::Test::test_redefinedTry PASSED [  9%]
lib/python3.7/site-packages/pyflakes/test/test_imports.py::Test::test_redefinedTryElse PASSED [  9%]
lib/python3.7/site-packages/pyflakes/test/test_imports.py::Test::test_redefinedTryExcept PASSED [ 10%]
lib/python3.7/site-packages/pyflakes/test/test_imports.py::Test::test_redefinedTryExceptElse PASSED [ 10%]
lib/python3.7/site-packages/pyflakes/test/test_imports.py::Test::test_redefinedTryExceptElseFinally PASSED [ 10%]
lib/python3.7/site-packages/pyflakes/test/test_imports.py::Test::test_redefinedTryExceptFinally PASSED [ 10%]
lib/python3.7/site-packages/pyflakes/test/test_imports.py::Test::test_redefinedTryExceptMulti PASSED [ 10%]
lib/python3.7/site-packages/pyflakes/test/test_imports.py::Test::test_redefinedTryNested PASSED [ 10%]
lib/python3.7/site-packages/pyflakes/test/test_imports.py::Test::test_redefinedWhileUnused PASSED [ 10%]
lib/python3.7/site-packages/pyflakes/test/test_imports.py::Test::test_shadowedByFor PASSED [ 10%]
lib/python3.7/site-packages/pyflakes/test/test_imports.py::Test::test_shadowedByForDeep PASSED [ 10%]
lib/python3.7/site-packages/pyflakes/test/test_imports.py::Test::test_shadowedByLambda PASSED [ 10%]
lib/python3.7/site-packages/pyflakes/test/test_imports.py::Test::test_shadowedByParameter PASSED [ 10%]
lib/python3.7/site-packages/pyflakes/test/test_imports.py::Test::test_tryingMultipleImports PASSED [ 10%]
lib/python3.7/site-packages/pyflakes/test/test_imports.py::Test::test_unusedImport PASSED [ 10%]
lib/python3.7/site-packages/pyflakes/test/test_imports.py::Test::test_unusedImport_relative PASSED [ 10%]
lib/python3.7/site-packages/pyflakes/test/test_imports.py::Test::test_unusedInNestedScope PASSED [ 10%]
lib/python3.7/site-packages/pyflakes/test/test_imports.py::Test::test_unusedPackageImport PASSED [ 10%]
lib/python3.7/site-packages/pyflakes/test/test_imports.py::Test::test_unused_package_with_submodule_import PASSED [ 10%]
lib/python3.7/site-packages/pyflakes/test/test_imports.py::Test::test_usedAndGlobal PASSED [ 10%]
lib/python3.7/site-packages/pyflakes/test/test_imports.py::Test::test_usedImport PASSED [ 10%]
lib/python3.7/site-packages/pyflakes/test/test_imports.py::Test::test_usedImport_relative PASSED [ 10%]
lib/python3.7/site-packages/pyflakes/test/test_imports.py::Test::test_usedInAssert PASSED [ 10%]
lib/python3.7/site-packages/pyflakes/test/test_imports.py::Test::test_usedInAssignment PASSED [ 10%]
lib/python3.7/site-packages/pyflakes/test/test_imports.py::Test::test_usedInAttributeAssign PASSED [ 10%]
lib/python3.7/site-packages/pyflakes/test/test_imports.py::Test::test_usedInCall PASSED [ 10%]
lib/python3.7/site-packages/pyflakes/test/test_imports.py::Test::test_usedInClass PASSED [ 10%]
lib/python3.7/site-packages/pyflakes/test/test_imports.py::Test::test_usedInClassBase PASSED [ 10%]
lib/python3.7/site-packages/pyflakes/test/test_imports.py::Test::test_usedInDict PASSED [ 10%]
lib/python3.7/site-packages/pyflakes/test/test_imports.py::Test::test_usedInElifConditional PASSED [ 10%]
lib/python3.7/site-packages/pyflakes/test/test_imports.py::Test::test_usedInElse PASSED [ 10%]
lib/python3.7/site-packages/pyflakes/test/test_imports.py::Test::test_usedInExcept PASSED [ 10%]
lib/python3.7/site-packages/pyflakes/test/test_imports.py::Test::test_usedInExec PASSED [ 10%]
lib/python3.7/site-packages/pyflakes/test/test_imports.py::Test::test_usedInFor PASSED [ 10%]
lib/python3.7/site-packages/pyflakes/test/test_imports.py::Test::test_usedInForElse PASSED [ 10%]
lib/python3.7/site-packages/pyflakes/test/test_imports.py::Test::test_usedInFunction PASSED [ 10%]
lib/python3.7/site-packages/pyflakes/test/test_imports.py::Test::test_usedInGetattr PASSED [ 10%]
lib/python3.7/site-packages/pyflakes/test/test_imports.py::Test::test_usedInGlobal PASSED [ 10%]
lib/python3.7/site-packages/pyflakes/test/test_imports.py::Test::test_usedInIfBody PASSED [ 10%]
lib/python3.7/site-packages/pyflakes/test/test_imports.py::Test::test_usedInIfConditional PASSED [ 10%]
lib/python3.7/site-packages/pyflakes/test/test_imports.py::Test::test_usedInKeywordArg PASSED [ 10%]
lib/python3.7/site-packages/pyflakes/test/test_imports.py::Test::test_usedInLambda PASSED [ 10%]
lib/python3.7/site-packages/pyflakes/test/test_imports.py::Test::test_usedInList PASSED [ 10%]
lib/python3.7/site-packages/pyflakes/test/test_imports.py::Test::test_usedInListComp PASSED [ 10%]
lib/python3.7/site-packages/pyflakes/test/test_imports.py::Test::test_usedInLogic PASSED [ 10%]
lib/python3.7/site-packages/pyflakes/test/test_imports.py::Test::test_usedInOperators PASSED [ 10%]
lib/python3.7/site-packages/pyflakes/test/test_imports.py::Test::test_usedInParameterDefault PASSED [ 10%]
lib/python3.7/site-packages/pyflakes/test/test_imports.py::Test::test_usedInRaise PASSED [ 11%]
lib/python3.7/site-packages/pyflakes/test/test_imports.py::Test::test_usedInReturn PASSED [ 11%]
lib/python3.7/site-packages/pyflakes/test/test_imports.py::Test::test_usedInSlice PASSED [ 11%]
lib/python3.7/site-packages/pyflakes/test/test_imports.py::Test::test_usedInSliceObj PASSED [ 11%]
lib/python3.7/site-packages/pyflakes/test/test_imports.py::Test::test_usedInSubscript PASSED [ 11%]
lib/python3.7/site-packages/pyflakes/test/test_imports.py::Test::test_usedInTry PASSED [ 11%]
lib/python3.7/site-packages/pyflakes/test/test_imports.py::Test::test_usedInTryFinally PASSED [ 11%]
lib/python3.7/site-packages/pyflakes/test/test_imports.py::Test::test_usedInTuple PASSED [ 11%]
lib/python3.7/site-packages/pyflakes/test/test_imports.py::Test::test_usedInWhile PASSED [ 11%]
lib/python3.7/site-packages/pyflakes/test/test_imports.py::Test::test_usedInYield PASSED [ 11%]
lib/python3.7/site-packages/pyflakes/test/test_imports.py::Test::test_used_package_with_submodule_import PASSED [ 11%]
lib/python3.7/site-packages/pyflakes/test/test_imports.py::Test::test_used_package_with_submodule_import_of_alias PASSED [ 11%]
lib/python3.7/site-packages/pyflakes/test/test_imports.py::TestSpecialAll::test_all_mixed_attributes_and_strings PASSED [ 11%]
lib/python3.7/site-packages/pyflakes/test/test_imports.py::TestSpecialAll::test_all_with_attributes PASSED [ 11%]
lib/python3.7/site-packages/pyflakes/test/test_imports.py::TestSpecialAll::test_all_with_attributes_added PASSED [ 11%]
lib/python3.7/site-packages/pyflakes/test/test_imports.py::TestSpecialAll::test_all_with_names PASSED [ 11%]
lib/python3.7/site-packages/pyflakes/test/test_imports.py::TestSpecialAll::test_augmentedAssignment PASSED [ 11%]
lib/python3.7/site-packages/pyflakes/test/test_imports.py::TestSpecialAll::test_ignoredInClass PASSED [ 11%]
lib/python3.7/site-packages/pyflakes/test/test_imports.py::TestSpecialAll::test_ignoredInFunction PASSED [ 11%]
lib/python3.7/site-packages/pyflakes/test/test_imports.py::TestSpecialAll::test_ignored_when_not_directly_assigned PASSED [ 11%]
lib/python3.7/site-packages/pyflakes/test/test_imports.py::TestSpecialAll::test_importStarExported PASSED [ 11%]
lib/python3.7/site-packages/pyflakes/test/test_imports.py::TestSpecialAll::test_importStarNotExported PASSED [ 11%]
lib/python3.7/site-packages/pyflakes/test/test_imports.py::TestSpecialAll::test_list_concatenation_assignment PASSED [ 11%]
lib/python3.7/site-packages/pyflakes/test/test_imports.py::TestSpecialAll::test_redefinedByGenExp PASSED [ 11%]
lib/python3.7/site-packages/pyflakes/test/test_imports.py::TestSpecialAll::test_tuple_concatenation_assignment PASSED [ 11%]
lib/python3.7/site-packages/pyflakes/test/test_imports.py::TestSpecialAll::test_unboundExported PASSED [ 11%]
lib/python3.7/site-packages/pyflakes/test/test_imports.py::TestSpecialAll::test_usedAsClassDecorator PASSED [ 11%]
lib/python3.7/site-packages/pyflakes/test/test_imports.py::TestSpecialAll::test_usedAsDecorator PASSED [ 11%]
lib/python3.7/site-packages/pyflakes/test/test_imports.py::TestSpecialAll::test_usedInGenExp PASSED [ 11%]
lib/python3.7/site-packages/pyflakes/test/test_imports.py::TestSpecialAll::test_warningSuppressed PASSED [ 11%]
lib/python3.7/site-packages/pyflakes/test/test_is_literal.py::Test::test_chained_operators_is_str PASSED [ 11%]
lib/python3.7/site-packages/pyflakes/test/test_is_literal.py::Test::test_chained_operators_is_str_end PASSED [ 11%]
lib/python3.7/site-packages/pyflakes/test/test_is_literal.py::Test::test_chained_operators_is_true PASSED [ 11%]
lib/python3.7/site-packages/pyflakes/test/test_is_literal.py::Test::test_chained_operators_is_true_end PASSED [ 11%]
lib/python3.7/site-packages/pyflakes/test/test_is_literal.py::Test::test_is_bytes PASSED [ 11%]
lib/python3.7/site-packages/pyflakes/test/test_is_literal.py::Test::test_is_false PASSED [ 11%]
lib/python3.7/site-packages/pyflakes/test/test_is_literal.py::Test::test_is_int PASSED [ 11%]
lib/python3.7/site-packages/pyflakes/test/test_is_literal.py::Test::test_is_not_bytes PASSED [ 11%]
lib/python3.7/site-packages/pyflakes/test/test_is_literal.py::Test::test_is_not_false PASSED [ 11%]
lib/python3.7/site-packages/pyflakes/test/test_is_literal.py::Test::test_is_not_int PASSED [ 11%]
lib/python3.7/site-packages/pyflakes/test/test_is_literal.py::Test::test_is_not_str PASSED [ 11%]
lib/python3.7/site-packages/pyflakes/test/test_is_literal.py::Test::test_is_not_true PASSED [ 11%]
lib/python3.7/site-packages/pyflakes/test/test_is_literal.py::Test::test_is_not_unicode PASSED [ 11%]
lib/python3.7/site-packages/pyflakes/test/test_is_literal.py::Test::test_is_str PASSED [ 11%]
lib/python3.7/site-packages/pyflakes/test/test_is_literal.py::Test::test_is_true PASSED [ 12%]
lib/python3.7/site-packages/pyflakes/test/test_is_literal.py::Test::test_is_tuple_constant PASSED [ 12%]
lib/python3.7/site-packages/pyflakes/test/test_is_literal.py::Test::test_is_tuple_constant_containing_constants PASSED [ 12%]
lib/python3.7/site-packages/pyflakes/test/test_is_literal.py::Test::test_is_tuple_containing_variables_ok PASSED [ 12%]
lib/python3.7/site-packages/pyflakes/test/test_is_literal.py::Test::test_is_unicode PASSED [ 12%]
lib/python3.7/site-packages/pyflakes/test/test_is_literal.py::Test::test_left_is_bytes PASSED [ 12%]
lib/python3.7/site-packages/pyflakes/test/test_is_literal.py::Test::test_left_is_false PASSED [ 12%]
lib/python3.7/site-packages/pyflakes/test/test_is_literal.py::Test::test_left_is_int PASSED [ 12%]
lib/python3.7/site-packages/pyflakes/test/test_is_literal.py::Test::test_left_is_not_bytes PASSED [ 12%]
lib/python3.7/site-packages/pyflakes/test/test_is_literal.py::Test::test_left_is_not_false PASSED [ 12%]
lib/python3.7/site-packages/pyflakes/test/test_is_literal.py::Test::test_left_is_not_int PASSED [ 12%]
lib/python3.7/site-packages/pyflakes/test/test_is_literal.py::Test::test_left_is_not_str PASSED [ 12%]
lib/python3.7/site-packages/pyflakes/test/test_is_literal.py::Test::test_left_is_not_true PASSED [ 12%]
lib/python3.7/site-packages/pyflakes/test/test_is_literal.py::Test::test_left_is_not_unicode PASSED [ 12%]
lib/python3.7/site-packages/pyflakes/test/test_is_literal.py::Test::test_left_is_str PASSED [ 12%]
lib/python3.7/site-packages/pyflakes/test/test_is_literal.py::Test::test_left_is_true PASSED [ 12%]
lib/python3.7/site-packages/pyflakes/test/test_is_literal.py::Test::test_left_is_unicode PASSED [ 12%]
lib/python3.7/site-packages/pyflakes/test/test_match.py::TestMatch::test_match_bindings SKIPPED [ 12%]
lib/python3.7/site-packages/pyflakes/test/test_match.py::TestMatch::test_match_double_star SKIPPED [ 12%]
lib/python3.7/site-packages/pyflakes/test/test_match.py::TestMatch::test_match_or_pattern SKIPPED [ 12%]
lib/python3.7/site-packages/pyflakes/test/test_match.py::TestMatch::test_match_pattern_matched_class SKIPPED [ 12%]
lib/python3.7/site-packages/pyflakes/test/test_match.py::TestMatch::test_match_placeholder SKIPPED [ 12%]
lib/python3.7/site-packages/pyflakes/test/test_match.py::TestMatch::test_match_singleton SKIPPED [ 12%]
lib/python3.7/site-packages/pyflakes/test/test_match.py::TestMatch::test_match_star SKIPPED [ 12%]
lib/python3.7/site-packages/pyflakes/test/test_other.py::Test::test_attrAugmentedAssignment PASSED [ 12%]
lib/python3.7/site-packages/pyflakes/test/test_other.py::Test::test_breakInsideLoop PASSED [ 12%]
lib/python3.7/site-packages/pyflakes/test/test_other.py::Test::test_breakOutsideLoop PASSED [ 12%]
lib/python3.7/site-packages/pyflakes/test/test_other.py::Test::test_classFunctionDecorator PASSED [ 12%]
lib/python3.7/site-packages/pyflakes/test/test_other.py::Test::test_classNameDefinedPreviously PASSED [ 12%]
lib/python3.7/site-packages/pyflakes/test/test_other.py::Test::test_classNameUndefinedInClassBody PASSED [ 12%]
lib/python3.7/site-packages/pyflakes/test/test_other.py::Test::test_classRedefinedAsFunction PASSED [ 12%]
lib/python3.7/site-packages/pyflakes/test/test_other.py::Test::test_classRedefinition PASSED [ 12%]
lib/python3.7/site-packages/pyflakes/test/test_other.py::Test::test_classWithReturn PASSED [ 12%]
lib/python3.7/site-packages/pyflakes/test/test_other.py::Test::test_classWithYield PASSED [ 12%]
lib/python3.7/site-packages/pyflakes/test/test_other.py::Test::test_classWithYieldFrom PASSED [ 12%]
lib/python3.7/site-packages/pyflakes/test/test_other.py::Test::test_comparison PASSED [ 12%]
lib/python3.7/site-packages/pyflakes/test/test_other.py::Test::test_containment PASSED [ 12%]
lib/python3.7/site-packages/pyflakes/test/test_other.py::Test::test_continueInFinally PASSED [ 12%]
lib/python3.7/site-packages/pyflakes/test/test_other.py::Test::test_continueInsideLoop PASSED [ 12%]
lib/python3.7/site-packages/pyflakes/test/test_other.py::Test::test_continueOutsideLoop PASSED [ 12%]
lib/python3.7/site-packages/pyflakes/test/test_other.py::Test::test_defaultExceptLast PASSED [ 12%]
lib/python3.7/site-packages/pyflakes/test/test_other.py::Test::test_defaultExceptNotLast PASSED [ 12%]
lib/python3.7/site-packages/pyflakes/test/test_other.py::Test::test_doubleAssignment SKIPPED [ 12%]
lib/python3.7/site-packages/pyflakes/test/test_other.py::Test::test_doubleAssignmentConditionally PASSED [ 12%]
lib/python3.7/site-packages/pyflakes/test/test_other.py::Test::test_doubleAssignmentWithUse PASSED [ 13%]
lib/python3.7/site-packages/pyflakes/test/test_other.py::Test::test_duplicateArgs PASSED [ 13%]
lib/python3.7/site-packages/pyflakes/test/test_other.py::Test::test_ellipsis PASSED [ 13%]
lib/python3.7/site-packages/pyflakes/test/test_other.py::Test::test_extendedSlice PASSED [ 13%]
lib/python3.7/site-packages/pyflakes/test/test_other.py::Test::test_functionDecorator PASSED [ 13%]
lib/python3.7/site-packages/pyflakes/test/test_other.py::Test::test_functionRedefinedAsClass PASSED [ 13%]
lib/python3.7/site-packages/pyflakes/test/test_other.py::Test::test_function_arguments PASSED [ 13%]
lib/python3.7/site-packages/pyflakes/test/test_other.py::Test::test_function_arguments_python3 PASSED [ 13%]
lib/python3.7/site-packages/pyflakes/test/test_other.py::Test::test_globalDeclaredInDifferentScope PASSED [ 13%]
lib/python3.7/site-packages/pyflakes/test/test_other.py::Test::test_identity PASSED [ 13%]
lib/python3.7/site-packages/pyflakes/test/test_other.py::Test::test_localReferencedBeforeAssignment PASSED [ 13%]
lib/python3.7/site-packages/pyflakes/test/test_other.py::Test::test_loopControl PASSED [ 13%]
lib/python3.7/site-packages/pyflakes/test/test_other.py::Test::test_modernProperty PASSED [ 13%]
lib/python3.7/site-packages/pyflakes/test/test_other.py::Test::test_moduleWithReturn PASSED [ 13%]
lib/python3.7/site-packages/pyflakes/test/test_other.py::Test::test_moduleWithYield PASSED [ 13%]
lib/python3.7/site-packages/pyflakes/test/test_other.py::Test::test_moduleWithYieldFrom PASSED [ 13%]
lib/python3.7/site-packages/pyflakes/test/test_other.py::Test::test_redefinedClassFunction PASSED [ 13%]
lib/python3.7/site-packages/pyflakes/test/test_other.py::Test::test_redefinedFunction PASSED [ 13%]
lib/python3.7/site-packages/pyflakes/test/test_other.py::Test::test_redefinedIfElseFunction PASSED [ 13%]
lib/python3.7/site-packages/pyflakes/test/test_other.py::Test::test_redefinedIfElseInListComp PASSED [ 13%]
lib/python3.7/site-packages/pyflakes/test/test_other.py::Test::test_redefinedIfFunction PASSED [ 13%]
lib/python3.7/site-packages/pyflakes/test/test_other.py::Test::test_redefinedInDictComprehension PASSED [ 13%]
lib/python3.7/site-packages/pyflakes/test/test_other.py::Test::test_redefinedInGenerator PASSED [ 13%]
lib/python3.7/site-packages/pyflakes/test/test_other.py::Test::test_redefinedInSetComprehension PASSED [ 13%]
lib/python3.7/site-packages/pyflakes/test/test_other.py::Test::test_redefinedTryExceptFunction PASSED [ 13%]
lib/python3.7/site-packages/pyflakes/test/test_other.py::Test::test_redefinedTryFunction PASSED [ 13%]
lib/python3.7/site-packages/pyflakes/test/test_other.py::Test::test_redefinedUnderscoreFunction PASSED [ 13%]
lib/python3.7/site-packages/pyflakes/test/test_other.py::Test::test_redefinedUnderscoreImportation PASSED [ 13%]
lib/python3.7/site-packages/pyflakes/test/test_other.py::Test::test_starredAssignmentErrors PASSED [ 13%]
lib/python3.7/site-packages/pyflakes/test/test_other.py::Test::test_starredAssignmentNoError PASSED [ 13%]
lib/python3.7/site-packages/pyflakes/test/test_other.py::Test::test_unaryPlus PASSED [ 13%]
lib/python3.7/site-packages/pyflakes/test/test_other.py::Test::test_undefinedBaseClass PASSED [ 13%]
lib/python3.7/site-packages/pyflakes/test/test_other.py::Test::test_varAugmentedAssignment PASSED [ 13%]
lib/python3.7/site-packages/pyflakes/test/test_other.py::TestUnusedAssignment::test_assert_static PASSED [ 13%]
lib/python3.7/site-packages/pyflakes/test/test_other.py::TestUnusedAssignment::test_assert_tuple PASSED [ 13%]
lib/python3.7/site-packages/pyflakes/test/test_other.py::TestUnusedAssignment::test_assert_tuple_empty PASSED [ 13%]
lib/python3.7/site-packages/pyflakes/test/test_other.py::TestUnusedAssignment::test_assert_with_message PASSED [ 13%]
lib/python3.7/site-packages/pyflakes/test/test_other.py::TestUnusedAssignment::test_assert_without_message PASSED [ 13%]
lib/python3.7/site-packages/pyflakes/test/test_other.py::TestUnusedAssignment::test_assignInForLoop PASSED [ 13%]
lib/python3.7/site-packages/pyflakes/test/test_other.py::TestUnusedAssignment::test_assignInListComprehension PASSED [ 13%]
lib/python3.7/site-packages/pyflakes/test/test_other.py::TestUnusedAssignment::test_assignToGlobal PASSED [ 13%]
lib/python3.7/site-packages/pyflakes/test/test_other.py::TestUnusedAssignment::test_assignToMember PASSED [ 13%]
lib/python3.7/site-packages/pyflakes/test/test_other.py::TestUnusedAssignment::test_assignToNonlocal PASSED [ 13%]
lib/python3.7/site-packages/pyflakes/test/test_other.py::TestUnusedAssignment::test_assign_expr SKIPPED [ 13%]
lib/python3.7/site-packages/pyflakes/test/test_other.py::TestUnusedAssignment::test_assign_expr_generator_scope SKIPPED [ 14%]
lib/python3.7/site-packages/pyflakes/test/test_other.py::TestUnusedAssignment::test_assign_expr_nested SKIPPED [ 14%]
lib/python3.7/site-packages/pyflakes/test/test_other.py::TestUnusedAssignment::test_assignmentInsideLoop PASSED [ 14%]
lib/python3.7/site-packages/pyflakes/test/test_other.py::TestUnusedAssignment::test_augmentedAssignmentImportedFunctionCall PASSED [ 14%]
lib/python3.7/site-packages/pyflakes/test/test_other.py::TestUnusedAssignment::test_closedOver PASSED [ 14%]
lib/python3.7/site-packages/pyflakes/test/test_other.py::TestUnusedAssignment::test_dictComprehension PASSED [ 14%]
lib/python3.7/site-packages/pyflakes/test/test_other.py::TestUnusedAssignment::test_doubleClosedOver PASSED [ 14%]
lib/python3.7/site-packages/pyflakes/test/test_other.py::TestUnusedAssignment::test_exceptWithoutNameInFunction PASSED [ 14%]
lib/python3.7/site-packages/pyflakes/test/test_other.py::TestUnusedAssignment::test_exceptWithoutNameInFunctionTuple PASSED [ 14%]
lib/python3.7/site-packages/pyflakes/test/test_other.py::TestUnusedAssignment::test_exceptionUnusedInExcept PASSED [ 14%]
lib/python3.7/site-packages/pyflakes/test/test_other.py::TestUnusedAssignment::test_exceptionUnusedInExceptInFunction PASSED [ 14%]
lib/python3.7/site-packages/pyflakes/test/test_other.py::TestUnusedAssignment::test_exceptionUsedInExcept PASSED [ 14%]
lib/python3.7/site-packages/pyflakes/test/test_other.py::TestUnusedAssignment::test_exception_unused_in_except_star SKIPPED [ 14%]
lib/python3.7/site-packages/pyflakes/test/test_other.py::TestUnusedAssignment::test_f_string PASSED [ 14%]
lib/python3.7/site-packages/pyflakes/test/test_other.py::TestUnusedAssignment::test_generatorExpression PASSED [ 14%]
lib/python3.7/site-packages/pyflakes/test/test_other.py::TestUnusedAssignment::test_if_tuple PASSED [ 14%]
lib/python3.7/site-packages/pyflakes/test/test_other.py::TestUnusedAssignment::test_ifexp PASSED [ 14%]
lib/python3.7/site-packages/pyflakes/test/test_other.py::TestUnusedAssignment::test_listUnpacking PASSED [ 14%]
lib/python3.7/site-packages/pyflakes/test/test_other.py::TestUnusedAssignment::test_setComprehensionAndLiteral PASSED [ 14%]
lib/python3.7/site-packages/pyflakes/test/test_other.py::TestUnusedAssignment::test_tracebackhideSpecialVariable PASSED [ 14%]
lib/python3.7/site-packages/pyflakes/test/test_other.py::TestUnusedAssignment::test_tupleUnpacking PASSED [ 14%]
lib/python3.7/site-packages/pyflakes/test/test_other.py::TestUnusedAssignment::test_unusedReassignedVariable SKIPPED [ 14%]
lib/python3.7/site-packages/pyflakes/test/test_other.py::TestUnusedAssignment::test_unusedUnderscoreVariable PASSED [ 14%]
lib/python3.7/site-packages/pyflakes/test/test_other.py::TestUnusedAssignment::test_unusedVariable PASSED [ 14%]
lib/python3.7/site-packages/pyflakes/test/test_other.py::TestUnusedAssignment::test_unusedVariableAsLocals PASSED [ 14%]
lib/python3.7/site-packages/pyflakes/test/test_other.py::TestUnusedAssignment::test_unusedVariableNoLocals PASSED [ 14%]
lib/python3.7/site-packages/pyflakes/test/test_other.py::TestUnusedAssignment::test_variableUsedInLoop PASSED [ 14%]
lib/python3.7/site-packages/pyflakes/test/test_other.py::TestUnusedAssignment::test_withStatementAttributeName PASSED [ 14%]
lib/python3.7/site-packages/pyflakes/test/test_other.py::TestUnusedAssignment::test_withStatementComplicatedTarget PASSED [ 14%]
lib/python3.7/site-packages/pyflakes/test/test_other.py::TestUnusedAssignment::test_withStatementListNames PASSED [ 14%]
lib/python3.7/site-packages/pyflakes/test/test_other.py::TestUnusedAssignment::test_withStatementNameDefinedInBody PASSED [ 14%]
lib/python3.7/site-packages/pyflakes/test/test_other.py::TestUnusedAssignment::test_withStatementNoNames PASSED [ 14%]
lib/python3.7/site-packages/pyflakes/test/test_other.py::TestUnusedAssignment::test_withStatementSingleName PASSED [ 14%]
lib/python3.7/site-packages/pyflakes/test/test_other.py::TestUnusedAssignment::test_withStatementSingleNameRedefined PASSED [ 14%]
lib/python3.7/site-packages/pyflakes/test/test_other.py::TestUnusedAssignment::test_withStatementSingleNameUndefined PASSED [ 14%]
lib/python3.7/site-packages/pyflakes/test/test_other.py::TestUnusedAssignment::test_withStatementSubscript PASSED [ 14%]
lib/python3.7/site-packages/pyflakes/test/test_other.py::TestUnusedAssignment::test_withStatementSubscriptUndefined PASSED [ 14%]
lib/python3.7/site-packages/pyflakes/test/test_other.py::TestUnusedAssignment::test_withStatementTupleNames PASSED [ 14%]
lib/python3.7/site-packages/pyflakes/test/test_other.py::TestUnusedAssignment::test_withStatementTupleNamesRedefined PASSED [ 14%]
lib/python3.7/site-packages/pyflakes/test/test_other.py::TestUnusedAssignment::test_withStatementTupleNamesUndefined PASSED [ 14%]
lib/python3.7/site-packages/pyflakes/test/test_other.py::TestUnusedAssignment::test_withStatementUndefinedInExpression PASSED [ 14%]
lib/python3.7/site-packages/pyflakes/test/test_other.py::TestUnusedAssignment::test_withStatementUndefinedInside PASSED [ 14%]
lib/python3.7/site-packages/pyflakes/test/test_other.py::TestUnusedAssignment::test_yieldFromUndefined PASSED [ 14%]
lib/python3.7/site-packages/pyflakes/test/test_other.py::TestStringFormatting::test_f_string_without_placeholders PASSED [ 14%]
lib/python3.7/site-packages/pyflakes/test/test_other.py::TestStringFormatting::test_invalid_dot_format_calls PASSED [ 15%]
lib/python3.7/site-packages/pyflakes/test/test_other.py::TestStringFormatting::test_invalid_percent_format_calls PASSED [ 15%]
lib/python3.7/site-packages/pyflakes/test/test_other.py::TestStringFormatting::test_ok_percent_format_cannot_determine_element_count PASSED [ 15%]
lib/python3.7/site-packages/pyflakes/test/test_other.py::TestAsyncStatements::test_asyncDef PASSED [ 15%]
lib/python3.7/site-packages/pyflakes/test/test_other.py::TestAsyncStatements::test_asyncDefAwait PASSED [ 15%]
lib/python3.7/site-packages/pyflakes/test/test_other.py::TestAsyncStatements::test_asyncDefUndefined PASSED [ 15%]
lib/python3.7/site-packages/pyflakes/test/test_other.py::TestAsyncStatements::test_asyncFor PASSED [ 15%]
lib/python3.7/site-packages/pyflakes/test/test_other.py::TestAsyncStatements::test_asyncForUnderscoreLoopVar PASSED [ 15%]
lib/python3.7/site-packages/pyflakes/test/test_other.py::TestAsyncStatements::test_asyncWith PASSED [ 15%]
lib/python3.7/site-packages/pyflakes/test/test_other.py::TestAsyncStatements::test_asyncWithItem PASSED [ 15%]
lib/python3.7/site-packages/pyflakes/test/test_other.py::TestAsyncStatements::test_continueInAsyncForFinally PASSED [ 15%]
lib/python3.7/site-packages/pyflakes/test/test_other.py::TestAsyncStatements::test_formatstring PASSED [ 15%]
lib/python3.7/site-packages/pyflakes/test/test_other.py::TestAsyncStatements::test_loopControlInAsyncFor PASSED [ 15%]
lib/python3.7/site-packages/pyflakes/test/test_other.py::TestAsyncStatements::test_loopControlInAsyncForElse PASSED [ 15%]
lib/python3.7/site-packages/pyflakes/test/test_other.py::TestAsyncStatements::test_matmul PASSED [ 15%]
lib/python3.7/site-packages/pyflakes/test/test_other.py::TestAsyncStatements::test_raise_notimplemented PASSED [ 15%]
lib/python3.7/site-packages/pyflakes/test/test_other.py::TestIncompatiblePrintOperator::test_invalid_print_when_imported_from_future PASSED [ 15%]
lib/python3.7/site-packages/pyflakes/test/test_other.py::TestIncompatiblePrintOperator::test_print_as_condition_test PASSED [ 15%]
lib/python3.7/site-packages/pyflakes/test/test_other.py::TestIncompatiblePrintOperator::test_print_function_assignment PASSED [ 15%]
lib/python3.7/site-packages/pyflakes/test/test_other.py::TestIncompatiblePrintOperator::test_print_in_lambda PASSED [ 15%]
lib/python3.7/site-packages/pyflakes/test/test_other.py::TestIncompatiblePrintOperator::test_print_returned_in_function PASSED [ 15%]
lib/python3.7/site-packages/pyflakes/test/test_other.py::TestIncompatiblePrintOperator::test_valid_print PASSED [ 15%]
lib/python3.7/site-packages/pyflakes/test/test_type_annotations.py::TestTypeAnnotations::test_TypeAlias_annotations PASSED [ 15%]
lib/python3.7/site-packages/pyflakes/test/test_type_annotations.py::TestTypeAnnotations::test_aliased_import PASSED [ 15%]
lib/python3.7/site-packages/pyflakes/test/test_type_annotations.py::TestTypeAnnotations::test_annotated_async_def PASSED [ 15%]
lib/python3.7/site-packages/pyflakes/test/test_type_annotations.py::TestTypeAnnotations::test_annotated_type_typing_missing_forward_type PASSED [ 15%]
lib/python3.7/site-packages/pyflakes/test/test_type_annotations.py::TestTypeAnnotations::test_annotated_type_typing_missing_forward_type_multiple_args PASSED [ 15%]
lib/python3.7/site-packages/pyflakes/test/test_type_annotations.py::TestTypeAnnotations::test_annotated_type_typing_with_string_args PASSED [ 15%]
lib/python3.7/site-packages/pyflakes/test/test_type_annotations.py::TestTypeAnnotations::test_annotated_type_typing_with_string_args_in_union PASSED [ 15%]
lib/python3.7/site-packages/pyflakes/test/test_type_annotations.py::TestTypeAnnotations::test_annotating_an_import PASSED [ 15%]
lib/python3.7/site-packages/pyflakes/test/test_type_annotations.py::TestTypeAnnotations::test_deferred_twice_annotation PASSED [ 15%]
lib/python3.7/site-packages/pyflakes/test/test_type_annotations.py::TestTypeAnnotations::test_idomiatic_typing_guards PASSED [ 15%]
lib/python3.7/site-packages/pyflakes/test/test_type_annotations.py::TestTypeAnnotations::test_literal_type_some_other_module PASSED [ 15%]
lib/python3.7/site-packages/pyflakes/test/test_type_annotations.py::TestTypeAnnotations::test_literal_type_typing PASSED [ 15%]
lib/python3.7/site-packages/pyflakes/test/test_type_annotations.py::TestTypeAnnotations::test_literal_type_typing_extensions PASSED [ 15%]
lib/python3.7/site-packages/pyflakes/test/test_type_annotations.py::TestTypeAnnotations::test_literal_union_type_typing PASSED [ 15%]
lib/python3.7/site-packages/pyflakes/test/test_type_annotations.py::TestTypeAnnotations::test_namedtypes_classes PASSED [ 15%]
lib/python3.7/site-packages/pyflakes/test/test_type_annotations.py::TestTypeAnnotations::test_nested_partially_quoted_type_assignment PASSED [ 15%]
lib/python3.7/site-packages/pyflakes/test/test_type_annotations.py::TestTypeAnnotations::test_not_a_typing_overload PASSED [ 15%]
lib/python3.7/site-packages/pyflakes/test/test_type_annotations.py::TestTypeAnnotations::test_overload_in_class PASSED [ 15%]
lib/python3.7/site-packages/pyflakes/test/test_type_annotations.py::TestTypeAnnotations::test_overload_with_multiple_decorators PASSED [ 15%]
lib/python3.7/site-packages/pyflakes/test/test_type_annotations.py::TestTypeAnnotations::test_partial_string_annotations_with_future_annotations PASSED [ 15%]
lib/python3.7/site-packages/pyflakes/test/test_type_annotations.py::TestTypeAnnotations::test_partially_quoted_type_annotation PASSED [ 15%]
lib/python3.7/site-packages/pyflakes/test/test_type_annotations.py::TestTypeAnnotations::test_partially_quoted_type_assignment PASSED [ 15%]
lib/python3.7/site-packages/pyflakes/test/test_type_annotations.py::TestTypeAnnotations::test_positional_only_argument_annotations SKIPPED [ 16%]
lib/python3.7/site-packages/pyflakes/test/test_type_annotations.py::TestTypeAnnotations::test_postponed_annotations PASSED [ 16%]
lib/python3.7/site-packages/pyflakes/test/test_type_annotations.py::TestTypeAnnotations::test_quoted_TypeVar_bound PASSED [ 16%]
lib/python3.7/site-packages/pyflakes/test/test_type_annotations.py::TestTypeAnnotations::test_quoted_TypeVar_constraints PASSED [ 16%]
lib/python3.7/site-packages/pyflakes/test/test_type_annotations.py::TestTypeAnnotations::test_quoted_type_cast PASSED [ 16%]
lib/python3.7/site-packages/pyflakes/test/test_type_annotations.py::TestTypeAnnotations::test_quoted_type_cast_renamed_import PASSED [ 16%]
lib/python3.7/site-packages/pyflakes/test/test_type_annotations.py::TestTypeAnnotations::test_return_annotation_is_class_scope_variable PASSED [ 16%]
lib/python3.7/site-packages/pyflakes/test/test_type_annotations.py::TestTypeAnnotations::test_return_annotation_is_function_body_variable PASSED [ 16%]
lib/python3.7/site-packages/pyflakes/test/test_type_annotations.py::TestTypeAnnotations::test_typeCommentsAdditionalComment PASSED [ 16%]
lib/python3.7/site-packages/pyflakes/test/test_type_annotations.py::TestTypeAnnotations::test_typeCommentsAssignedToPreviousNode PASSED [ 16%]
lib/python3.7/site-packages/pyflakes/test/test_type_annotations.py::TestTypeAnnotations::test_typeCommentsFullSignature PASSED [ 16%]
lib/python3.7/site-packages/pyflakes/test/test_type_annotations.py::TestTypeAnnotations::test_typeCommentsFullSignatureWithDocstring PASSED [ 16%]
lib/python3.7/site-packages/pyflakes/test/test_type_annotations.py::TestTypeAnnotations::test_typeCommentsInvalidDoesNotMarkAsUsed PASSED [ 16%]
lib/python3.7/site-packages/pyflakes/test/test_type_annotations.py::TestTypeAnnotations::test_typeCommentsMarkImportsAsUsed PASSED [ 16%]
lib/python3.7/site-packages/pyflakes/test/test_type_annotations.py::TestTypeAnnotations::test_typeCommentsNoWhitespaceAnnotation PASSED [ 16%]
lib/python3.7/site-packages/pyflakes/test/test_type_annotations.py::TestTypeAnnotations::test_typeCommentsStarArgs PASSED [ 16%]
lib/python3.7/site-packages/pyflakes/test/test_type_annotations.py::TestTypeAnnotations::test_typeCommentsSyntaxError PASSED [ 16%]
lib/python3.7/site-packages/pyflakes/test/test_type_annotations.py::TestTypeAnnotations::test_typeCommentsSyntaxErrorCorrectLine PASSED [ 16%]
lib/python3.7/site-packages/pyflakes/test/test_type_annotations.py::TestTypeAnnotations::test_typeIgnore PASSED [ 16%]
lib/python3.7/site-packages/pyflakes/test/test_type_annotations.py::TestTypeAnnotations::test_typeIgnoreBogus PASSED [ 16%]
lib/python3.7/site-packages/pyflakes/test/test_type_annotations.py::TestTypeAnnotations::test_typeIgnoreBogusUnicode PASSED [ 16%]
lib/python3.7/site-packages/pyflakes/test/test_type_annotations.py::TestTypeAnnotations::test_type_annotation_clobbers_all PASSED [ 16%]
lib/python3.7/site-packages/pyflakes/test/test_type_annotations.py::TestTypeAnnotations::test_type_cast_literal_str_to_str PASSED [ 16%]
lib/python3.7/site-packages/pyflakes/test/test_type_annotations.py::TestTypeAnnotations::test_typednames_correct_forward_ref PASSED [ 16%]
lib/python3.7/site-packages/pyflakes/test/test_type_annotations.py::TestTypeAnnotations::test_typingExtensionsOverload PASSED [ 16%]
lib/python3.7/site-packages/pyflakes/test/test_type_annotations.py::TestTypeAnnotations::test_typingOverload PASSED [ 16%]
lib/python3.7/site-packages/pyflakes/test/test_type_annotations.py::TestTypeAnnotations::test_typingOverloadAsync PASSED [ 16%]
lib/python3.7/site-packages/pyflakes/test/test_type_annotations.py::TestTypeAnnotations::test_typing_guard_for_protocol PASSED [ 16%]
lib/python3.7/site-packages/pyflakes/test/test_type_annotations.py::TestTypeAnnotations::test_unused_annotation PASSED [ 16%]
lib/python3.7/site-packages/pyflakes/test/test_type_annotations.py::TestTypeAnnotations::test_variable_annotations PASSED [ 16%]
lib/python3.7/site-packages/pyflakes/test/test_type_annotations.py::TestTypeAnnotations::test_variadic_generics SKIPPED [ 16%]
lib/python3.7/site-packages/pyflakes/test/test_undefined_names.py::Test::test_annotationUndefined PASSED [ 16%]
lib/python3.7/site-packages/pyflakes/test/test_undefined_names.py::Test::test_badNestedClass PASSED [ 16%]
lib/python3.7/site-packages/pyflakes/test/test_undefined_names.py::Test::test_builtinWindowsError PASSED [ 16%]
lib/python3.7/site-packages/pyflakes/test/test_undefined_names.py::Test::test_builtins PASSED [ 16%]
lib/python3.7/site-packages/pyflakes/test/test_undefined_names.py::Test::test_definedAsStarArgs PASSED [ 16%]
lib/python3.7/site-packages/pyflakes/test/test_undefined_names.py::Test::test_definedAsStarUnpack PASSED [ 16%]
lib/python3.7/site-packages/pyflakes/test/test_undefined_names.py::Test::test_definedByGlobal PASSED [ 16%]
lib/python3.7/site-packages/pyflakes/test/test_undefined_names.py::Test::test_definedByGlobalMultipleNames PASSED [ 16%]
lib/python3.7/site-packages/pyflakes/test/test_undefined_names.py::Test::test_definedFromLambdaInDictionaryComprehension PASSED [ 16%]
lib/python3.7/site-packages/pyflakes/test/test_undefined_names.py::Test::test_definedFromLambdaInGenerator PASSED [ 16%]
lib/python3.7/site-packages/pyflakes/test/test_undefined_names.py::Test::test_definedInClass PASSED [ 16%]
lib/python3.7/site-packages/pyflakes/test/test_undefined_names.py::Test::test_definedInClassNested PASSED [ 16%]
lib/python3.7/site-packages/pyflakes/test/test_undefined_names.py::Test::test_definedInGenExp PASSED [ 16%]
lib/python3.7/site-packages/pyflakes/test/test_undefined_names.py::Test::test_definedInListComp PASSED [ 17%]
lib/python3.7/site-packages/pyflakes/test/test_undefined_names.py::Test::test_del PASSED [ 17%]
lib/python3.7/site-packages/pyflakes/test/test_undefined_names.py::Test::test_delConditional PASSED [ 17%]
lib/python3.7/site-packages/pyflakes/test/test_undefined_names.py::Test::test_delConditionalNested PASSED [ 17%]
lib/python3.7/site-packages/pyflakes/test/test_undefined_names.py::Test::test_delExceptionInExcept PASSED [ 17%]
lib/python3.7/site-packages/pyflakes/test/test_undefined_names.py::Test::test_delGlobal PASSED [ 17%]
lib/python3.7/site-packages/pyflakes/test/test_undefined_names.py::Test::test_delUndefined PASSED [ 17%]
lib/python3.7/site-packages/pyflakes/test/test_undefined_names.py::Test::test_delWhile PASSED [ 17%]
lib/python3.7/site-packages/pyflakes/test/test_undefined_names.py::Test::test_delWhileNested PASSED [ 17%]
lib/python3.7/site-packages/pyflakes/test/test_undefined_names.py::Test::test_delWhileTestUsage PASSED [ 17%]
lib/python3.7/site-packages/pyflakes/test/test_undefined_names.py::Test::test_doubleNestingReportsClosestName PASSED [ 17%]
lib/python3.7/site-packages/pyflakes/test/test_undefined_names.py::Test::test_dunderClass PASSED [ 17%]
lib/python3.7/site-packages/pyflakes/test/test_undefined_names.py::Test::test_functionsNeedGlobalScope PASSED [ 17%]
lib/python3.7/site-packages/pyflakes/test/test_undefined_names.py::Test::test_globalFromNestedScope PASSED [ 17%]
lib/python3.7/site-packages/pyflakes/test/test_undefined_names.py::Test::test_globalImportStar PASSED [ 17%]
lib/python3.7/site-packages/pyflakes/test/test_undefined_names.py::Test::test_globalInGlobalScope PASSED [ 17%]
lib/python3.7/site-packages/pyflakes/test/test_undefined_names.py::Test::test_global_reset_name_only PASSED [ 17%]
lib/python3.7/site-packages/pyflakes/test/test_undefined_names.py::Test::test_intermediateClassScopeIgnored PASSED [ 17%]
lib/python3.7/site-packages/pyflakes/test/test_undefined_names.py::Test::test_keywordOnlyArgs PASSED [ 17%]
lib/python3.7/site-packages/pyflakes/test/test_undefined_names.py::Test::test_keywordOnlyArgsUndefined PASSED [ 17%]
lib/python3.7/site-packages/pyflakes/test/test_undefined_names.py::Test::test_laterRedefinedGlobalFromNestedScope PASSED [ 17%]
lib/python3.7/site-packages/pyflakes/test/test_undefined_names.py::Test::test_laterRedefinedGlobalFromNestedScope2 PASSED [ 17%]
lib/python3.7/site-packages/pyflakes/test/test_undefined_names.py::Test::test_laterRedefinedGlobalFromNestedScope3 PASSED [ 17%]
lib/python3.7/site-packages/pyflakes/test/test_undefined_names.py::Test::test_magicGlobalsBuiltins PASSED [ 17%]
lib/python3.7/site-packages/pyflakes/test/test_undefined_names.py::Test::test_magicGlobalsFile PASSED [ 17%]
lib/python3.7/site-packages/pyflakes/test/test_undefined_names.py::Test::test_magicGlobalsName PASSED [ 17%]
lib/python3.7/site-packages/pyflakes/test/test_undefined_names.py::Test::test_magicGlobalsPath PASSED [ 17%]
lib/python3.7/site-packages/pyflakes/test/test_undefined_names.py::Test::test_magicModuleInClassScope PASSED [ 17%]
lib/python3.7/site-packages/pyflakes/test/test_undefined_names.py::Test::test_magicQualnameInClassScope PASSED [ 17%]
lib/python3.7/site-packages/pyflakes/test/test_undefined_names.py::Test::test_metaClassUndefined PASSED [ 17%]
lib/python3.7/site-packages/pyflakes/test/test_undefined_names.py::Test::test_moduleAnnotations PASSED [ 17%]
lib/python3.7/site-packages/pyflakes/test/test_undefined_names.py::Test::test_namesDeclaredInExceptBlocks PASSED [ 17%]
lib/python3.7/site-packages/pyflakes/test/test_undefined_names.py::Test::test_nestedClass PASSED [ 17%]
lib/python3.7/site-packages/pyflakes/test/test_undefined_names.py::Test::test_undefined PASSED [ 17%]
lib/python3.7/site-packages/pyflakes/test/test_undefined_names.py::Test::test_undefinedAugmentedAssignment PASSED [ 17%]
lib/python3.7/site-packages/pyflakes/test/test_undefined_names.py::Test::test_undefinedExceptionName PASSED [ 17%]
lib/python3.7/site-packages/pyflakes/test/test_undefined_names.py::Test::test_undefinedExceptionNameObscuringGlobalVariable SKIPPED [ 17%]
lib/python3.7/site-packages/pyflakes/test/test_undefined_names.py::Test::test_undefinedExceptionNameObscuringGlobalVariable2 SKIPPED [ 17%]
lib/python3.7/site-packages/pyflakes/test/test_undefined_names.py::Test::test_undefinedExceptionNameObscuringGlobalVariableFalsePositive1 PASSED [ 17%]
lib/python3.7/site-packages/pyflakes/test/test_undefined_names.py::Test::test_undefinedExceptionNameObscuringGlobalVariableFalsePositive2 PASSED [ 17%]
lib/python3.7/site-packages/pyflakes/test/test_undefined_names.py::Test::test_undefinedExceptionNameObscuringLocalVariable SKIPPED [ 17%]
lib/python3.7/site-packages/pyflakes/test/test_undefined_names.py::Test::test_undefinedExceptionNameObscuringLocalVariable2 PASSED [ 17%]
lib/python3.7/site-packages/pyflakes/test/test_undefined_names.py::Test::test_undefinedExceptionNameObscuringLocalVariableFalsePositive1 PASSED [ 17%]
lib/python3.7/site-packages/pyflakes/test/test_undefined_names.py::Test::test_undefinedExceptionNameObscuringLocalVariableFalsePositive2 PASSED [ 17%]
lib/python3.7/site-packages/pyflakes/test/test_undefined_names.py::Test::test_undefinedFromLambdaInComprehension PASSED [ 18%]
lib/python3.7/site-packages/pyflakes/test/test_undefined_names.py::Test::test_undefinedFromLambdaInDictionaryComprehension PASSED [ 18%]
lib/python3.7/site-packages/pyflakes/test/test_undefined_names.py::Test::test_undefinedInGenExpNested PASSED [ 18%]
lib/python3.7/site-packages/pyflakes/test/test_undefined_names.py::Test::test_undefinedInListComp PASSED [ 18%]
lib/python3.7/site-packages/pyflakes/test/test_undefined_names.py::Test::test_undefinedInLoop PASSED [ 18%]
lib/python3.7/site-packages/pyflakes/test/test_undefined_names.py::Test::test_undefinedWithErrorHandler PASSED [ 18%]
lib/python3.7/site-packages/pyflakes/test/test_undefined_names.py::Test::test_unusedAsStarUnpack PASSED [ 18%]
lib/python3.7/site-packages/pyflakes/test/test_undefined_names.py::Test::test_unused_global SKIPPED [ 18%]
lib/python3.7/site-packages/pyflakes/test/test_undefined_names.py::Test::test_usedAsStarUnpack PASSED [ 18%]
lib/python3.7/site-packages/pyflakes/test/test_undefined_names.py::NameTests::test_impossibleContext PASSED [ 18%]
lib/python3.7/site-packages/zope/interface/common/tests/test_builtins.py::TestVerifyClass::test_auto_builtins_bool_zope_interface_common_builtins_IBool PASSED [ 18%]
lib/python3.7/site-packages/zope/interface/common/tests/test_builtins.py::TestVerifyClass::test_auto_builtins_bytes_zope_interface_common_builtins_IByteString PASSED [ 18%]
lib/python3.7/site-packages/zope/interface/common/tests/test_builtins.py::TestVerifyClass::test_auto_builtins_dict_zope_interface_common_builtins_IDict PASSED [ 18%]
lib/python3.7/site-packages/zope/interface/common/tests/test_builtins.py::TestVerifyClass::test_auto_builtins_list_zope_interface_common_builtins_IList PASSED [ 18%]
lib/python3.7/site-packages/zope/interface/common/tests/test_builtins.py::TestVerifyClass::test_auto_builtins_str_zope_interface_common_builtins_INativeString PASSED [ 18%]
lib/python3.7/site-packages/zope/interface/common/tests/test_builtins.py::TestVerifyClass::test_auto_builtins_str_zope_interface_common_builtins_ITextString PASSED [ 18%]
lib/python3.7/site-packages/zope/interface/common/tests/test_builtins.py::TestVerifyClass::test_auto_builtins_tuple_zope_interface_common_builtins_ITuple PASSED [ 18%]
lib/python3.7/site-packages/zope/interface/common/tests/test_builtins.py::TestVerifyClass::test_auto_ro_builtins_bool_zope_interface_common_builtins_IBool PASSED [ 18%]
lib/python3.7/site-packages/zope/interface/common/tests/test_builtins.py::TestVerifyClass::test_auto_ro_builtins_bytes_zope_interface_common_builtins_IByteString PASSED [ 18%]
lib/python3.7/site-packages/zope/interface/common/tests/test_builtins.py::TestVerifyClass::test_auto_ro_builtins_dict_zope_interface_common_builtins_IDict PASSED [ 18%]
lib/python3.7/site-packages/zope/interface/common/tests/test_builtins.py::TestVerifyClass::test_auto_ro_builtins_list_zope_interface_common_builtins_IList PASSED [ 18%]
lib/python3.7/site-packages/zope/interface/common/tests/test_builtins.py::TestVerifyClass::test_auto_ro_builtins_str_zope_interface_common_builtins_INativeString PASSED [ 18%]
lib/python3.7/site-packages/zope/interface/common/tests/test_builtins.py::TestVerifyClass::test_auto_ro_builtins_str_zope_interface_common_builtins_ITextString PASSED [ 18%]
lib/python3.7/site-packages/zope/interface/common/tests/test_builtins.py::TestVerifyClass::test_auto_ro_builtins_tuple_zope_interface_common_builtins_ITuple PASSED [ 18%]
lib/python3.7/site-packages/zope/interface/common/tests/test_builtins.py::TestVerifyObject::test_auto_builtins_bool_zope_interface_common_builtins_IBool PASSED [ 18%]
lib/python3.7/site-packages/zope/interface/common/tests/test_builtins.py::TestVerifyObject::test_auto_builtins_bytes_zope_interface_common_builtins_IByteString PASSED [ 18%]
lib/python3.7/site-packages/zope/interface/common/tests/test_builtins.py::TestVerifyObject::test_auto_builtins_dict_zope_interface_common_builtins_IDict PASSED [ 18%]
lib/python3.7/site-packages/zope/interface/common/tests/test_builtins.py::TestVerifyObject::test_auto_builtins_list_zope_interface_common_builtins_IList PASSED [ 18%]
lib/python3.7/site-packages/zope/interface/common/tests/test_builtins.py::TestVerifyObject::test_auto_builtins_str_zope_interface_common_builtins_INativeString PASSED [ 18%]
lib/python3.7/site-packages/zope/interface/common/tests/test_builtins.py::TestVerifyObject::test_auto_builtins_str_zope_interface_common_builtins_ITextString PASSED [ 18%]
lib/python3.7/site-packages/zope/interface/common/tests/test_builtins.py::TestVerifyObject::test_auto_builtins_tuple_zope_interface_common_builtins_ITuple PASSED [ 18%]
lib/python3.7/site-packages/zope/interface/common/tests/test_builtins.py::TestVerifyObject::test_auto_ro_builtins_bool_zope_interface_common_builtins_IBool PASSED [ 18%]
lib/python3.7/site-packages/zope/interface/common/tests/test_builtins.py::TestVerifyObject::test_auto_ro_builtins_bytes_zope_interface_common_builtins_IByteString PASSED [ 18%]
lib/python3.7/site-packages/zope/interface/common/tests/test_builtins.py::TestVerifyObject::test_auto_ro_builtins_dict_zope_interface_common_builtins_IDict PASSED [ 18%]
lib/python3.7/site-packages/zope/interface/common/tests/test_builtins.py::TestVerifyObject::test_auto_ro_builtins_list_zope_interface_common_builtins_IList PASSED [ 18%]
lib/python3.7/site-packages/zope/interface/common/tests/test_builtins.py::TestVerifyObject::test_auto_ro_builtins_str_zope_interface_common_builtins_INativeString PASSED [ 18%]
lib/python3.7/site-packages/zope/interface/common/tests/test_builtins.py::TestVerifyObject::test_auto_ro_builtins_str_zope_interface_common_builtins_ITextString PASSED [ 18%]
lib/python3.7/site-packages/zope/interface/common/tests/test_builtins.py::TestVerifyObject::test_auto_ro_builtins_tuple_zope_interface_common_builtins_ITuple PASSED [ 18%]
lib/python3.7/site-packages/zope/interface/common/tests/test_collections.py::TestVerifyClass::test_UserDict PASSED [ 18%]
lib/python3.7/site-packages/zope/interface/common/tests/test_collections.py::TestVerifyClass::test_UserList PASSED [ 18%]
lib/python3.7/site-packages/zope/interface/common/tests/test_collections.py::TestVerifyClass::test_UserString PASSED [ 18%]
lib/python3.7/site-packages/zope/interface/common/tests/test_collections.py::TestVerifyClass::test_auto_builtins_async_generator_zope_interface_common_collections_IAsyncGenerator PASSED [ 18%]
lib/python3.7/site-packages/zope/interface/common/tests/test_collections.py::TestVerifyClass::test_auto_builtins_bytearray_iterator_zope_interface_common_collections_IIterator PASSED [ 18%]
lib/python3.7/site-packages/zope/interface/common/tests/test_collections.py::TestVerifyClass::test_auto_builtins_bytearray_zope_interface_common_collections_IByteString PASSED [ 18%]
lib/python3.7/site-packages/zope/interface/common/tests/test_collections.py::TestVerifyClass::test_auto_builtins_bytearray_zope_interface_common_collections_IMutableSequence PASSED [ 19%]
lib/python3.7/site-packages/zope/interface/common/tests/test_collections.py::TestVerifyClass::test_auto_builtins_bytes_iterator_zope_interface_common_collections_IIterator PASSED [ 19%]
lib/python3.7/site-packages/zope/interface/common/tests/test_collections.py::TestVerifyClass::test_auto_builtins_bytes_zope_interface_common_collections_IByteString PASSED [ 19%]
lib/python3.7/site-packages/zope/interface/common/tests/test_collections.py::TestVerifyClass::test_auto_builtins_coroutine_zope_interface_common_collections_ICoroutine PASSED [ 19%]
lib/python3.7/site-packages/zope/interface/common/tests/test_collections.py::TestVerifyClass::test_auto_builtins_dict_itemiterator_zope_interface_common_collections_IIterator PASSED [ 19%]
lib/python3.7/site-packages/zope/interface/common/tests/test_collections.py::TestVerifyClass::test_auto_builtins_dict_items_zope_interface_common_collections_IItemsView PASSED [ 19%]
lib/python3.7/site-packages/zope/interface/common/tests/test_collections.py::TestVerifyClass::test_auto_builtins_dict_keyiterator_zope_interface_common_collections_IIterator PASSED [ 19%]
lib/python3.7/site-packages/zope/interface/common/tests/test_collections.py::TestVerifyClass::test_auto_builtins_dict_keys_zope_interface_common_collections_IKeysView PASSED [ 19%]
lib/python3.7/site-packages/zope/interface/common/tests/test_collections.py::TestVerifyClass::test_auto_builtins_dict_valueiterator_zope_interface_common_collections_IIterator PASSED [ 19%]
lib/python3.7/site-packages/zope/interface/common/tests/test_collections.py::TestVerifyClass::test_auto_builtins_dict_values_zope_interface_common_collections_IValuesView PASSED [ 19%]
lib/python3.7/site-packages/zope/interface/common/tests/test_collections.py::TestVerifyClass::test_auto_builtins_dict_zope_interface_common_collections_IMapping PASSED [ 19%]
lib/python3.7/site-packages/zope/interface/common/tests/test_collections.py::TestVerifyClass::test_auto_builtins_dict_zope_interface_common_collections_IMutableMapping PASSED [ 19%]
lib/python3.7/site-packages/zope/interface/common/tests/test_collections.py::TestVerifyClass::test_auto_builtins_frozenset_zope_interface_common_collections_ISet PASSED [ 19%]
lib/python3.7/site-packages/zope/interface/common/tests/test_collections.py::TestVerifyClass::test_auto_builtins_generator_zope_interface_common_collections_IGenerator PASSED [ 19%]
lib/python3.7/site-packages/zope/interface/common/tests/test_collections.py::TestVerifyClass::test_auto_builtins_list_iterator_zope_interface_common_collections_IIterator PASSED [ 19%]
lib/python3.7/site-packages/zope/interface/common/tests/test_collections.py::TestVerifyClass::test_auto_builtins_list_reverseiterator_zope_interface_common_collections_IIterator PASSED [ 19%]
lib/python3.7/site-packages/zope/interface/common/tests/test_collections.py::TestVerifyClass::test_auto_builtins_list_zope_interface_common_collections_IMutableSequence PASSED [ 19%]
lib/python3.7/site-packages/zope/interface/common/tests/test_collections.py::TestVerifyClass::test_auto_builtins_list_zope_interface_common_collections_ISequence PASSED [ 19%]
lib/python3.7/site-packages/zope/interface/common/tests/test_collections.py::TestVerifyClass::test_auto_builtins_longrange_iterator_zope_interface_common_collections_IIterator PASSED [ 19%]
lib/python3.7/site-packages/zope/interface/common/tests/test_collections.py::TestVerifyClass::test_auto_builtins_mappingproxy_zope_interface_common_collections_IMapping PASSED [ 19%]
lib/python3.7/site-packages/zope/interface/common/tests/test_collections.py::TestVerifyClass::test_auto_builtins_memoryview_zope_interface_common_collections_ISequence SKIPPED [ 19%]
lib/python3.7/site-packages/zope/interface/common/tests/test_collections.py::TestVerifyClass::test_auto_builtins_range_iterator_zope_interface_common_collections_IIterator PASSED [ 19%]
lib/python3.7/site-packages/zope/interface/common/tests/test_collections.py::TestVerifyClass::test_auto_builtins_range_zope_interface_common_collections_ISequence PASSED [ 19%]
lib/python3.7/site-packages/zope/interface/common/tests/test_collections.py::TestVerifyClass::test_auto_builtins_set_iterator_zope_interface_common_collections_IIterator PASSED [ 19%]
lib/python3.7/site-packages/zope/interface/common/tests/test_collections.py::TestVerifyClass::test_auto_builtins_set_zope_interface_common_collections_IMutableSet PASSED [ 19%]
lib/python3.7/site-packages/zope/interface/common/tests/test_collections.py::TestVerifyClass::test_auto_builtins_str_iterator_zope_interface_common_collections_IIterator PASSED [ 19%]
lib/python3.7/site-packages/zope/interface/common/tests/test_collections.py::TestVerifyClass::test_auto_builtins_str_zope_interface_common_collections_ISequence PASSED [ 19%]
lib/python3.7/site-packages/zope/interface/common/tests/test_collections.py::TestVerifyClass::test_auto_builtins_tuple_iterator_zope_interface_common_collections_IIterator PASSED [ 19%]
lib/python3.7/site-packages/zope/interface/common/tests/test_collections.py::TestVerifyClass::test_auto_builtins_tuple_zope_interface_common_collections_ISequence PASSED [ 19%]
lib/python3.7/site-packages/zope/interface/common/tests/test_collections.py::TestVerifyClass::test_auto_builtins_zip_zope_interface_common_collections_IIterator PASSED [ 19%]
lib/python3.7/site-packages/zope/interface/common/tests/test_collections.py::TestVerifyClass::test_auto_collections_UserDict_zope_interface_common_collections_IMutableMapping PASSED [ 19%]
lib/python3.7/site-packages/zope/interface/common/tests/test_collections.py::TestVerifyClass::test_auto_collections_UserList_zope_interface_common_collections_IMutableSequence PASSED [ 19%]
lib/python3.7/site-packages/zope/interface/common/tests/test_collections.py::TestVerifyClass::test_auto_collections_UserString_zope_interface_common_collections_ISequence PASSED [ 19%]
lib/python3.7/site-packages/zope/interface/common/tests/test_collections.py::TestVerifyClass::test_auto_collections_deque_zope_interface_common_collections_IMutableSequence PASSED [ 19%]
lib/python3.7/site-packages/zope/interface/common/tests/test_collections.py::TestVerifyClass::test_auto_ro_builtins_async_generator_zope_interface_common_collections_IAsyncGenerator PASSED [ 19%]
lib/python3.7/site-packages/zope/interface/common/tests/test_collections.py::TestVerifyClass::test_auto_ro_builtins_bytearray_iterator_zope_interface_common_collections_IIterator PASSED [ 19%]
lib/python3.7/site-packages/zope/interface/common/tests/test_collections.py::TestVerifyClass::test_auto_ro_builtins_bytearray_zope_interface_common_collections_IByteString PASSED [ 19%]
lib/python3.7/site-packages/zope/interface/common/tests/test_collections.py::TestVerifyClass::test_auto_ro_builtins_bytearray_zope_interface_common_collections_IMutableSequence PASSED [ 19%]
lib/python3.7/site-packages/zope/interface/common/tests/test_collections.py::TestVerifyClass::test_auto_ro_builtins_bytes_iterator_zope_interface_common_collections_IIterator PASSED [ 19%]
lib/python3.7/site-packages/zope/interface/common/tests/test_collections.py::TestVerifyClass::test_auto_ro_builtins_bytes_zope_interface_common_collections_IByteString PASSED [ 19%]
lib/python3.7/site-packages/zope/interface/common/tests/test_collections.py::TestVerifyClass::test_auto_ro_builtins_coroutine_zope_interface_common_collections_ICoroutine PASSED [ 19%]
lib/python3.7/site-packages/zope/interface/common/tests/test_collections.py::TestVerifyClass::test_auto_ro_builtins_dict_itemiterator_zope_interface_common_collections_IIterator PASSED [ 19%]
lib/python3.7/site-packages/zope/interface/common/tests/test_collections.py::TestVerifyClass::test_auto_ro_builtins_dict_items_zope_interface_common_collections_IItemsView PASSED [ 19%]
lib/python3.7/site-packages/zope/interface/common/tests/test_collections.py::TestVerifyClass::test_auto_ro_builtins_dict_keyiterator_zope_interface_common_collections_IIterator PASSED [ 19%]
lib/python3.7/site-packages/zope/interface/common/tests/test_collections.py::TestVerifyClass::test_auto_ro_builtins_dict_keys_zope_interface_common_collections_IKeysView PASSED [ 20%]
lib/python3.7/site-packages/zope/interface/common/tests/test_collections.py::TestVerifyClass::test_auto_ro_builtins_dict_valueiterator_zope_interface_common_collections_IIterator PASSED [ 20%]
lib/python3.7/site-packages/zope/interface/common/tests/test_collections.py::TestVerifyClass::test_auto_ro_builtins_dict_values_zope_interface_common_collections_IValuesView PASSED [ 20%]
lib/python3.7/site-packages/zope/interface/common/tests/test_collections.py::TestVerifyClass::test_auto_ro_builtins_dict_zope_interface_common_collections_IMapping PASSED [ 20%]
lib/python3.7/site-packages/zope/interface/common/tests/test_collections.py::TestVerifyClass::test_auto_ro_builtins_dict_zope_interface_common_collections_IMutableMapping PASSED [ 20%]
lib/python3.7/site-packages/zope/interface/common/tests/test_collections.py::TestVerifyClass::test_auto_ro_builtins_frozenset_zope_interface_common_collections_ISet PASSED [ 20%]
lib/python3.7/site-packages/zope/interface/common/tests/test_collections.py::TestVerifyClass::test_auto_ro_builtins_generator_zope_interface_common_collections_IGenerator PASSED [ 20%]
lib/python3.7/site-packages/zope/interface/common/tests/test_collections.py::TestVerifyClass::test_auto_ro_builtins_list_iterator_zope_interface_common_collections_IIterator PASSED [ 20%]
lib/python3.7/site-packages/zope/interface/common/tests/test_collections.py::TestVerifyClass::test_auto_ro_builtins_list_reverseiterator_zope_interface_common_collections_IIterator PASSED [ 20%]
lib/python3.7/site-packages/zope/interface/common/tests/test_collections.py::TestVerifyClass::test_auto_ro_builtins_list_zope_interface_common_collections_IMutableSequence PASSED [ 20%]
lib/python3.7/site-packages/zope/interface/common/tests/test_collections.py::TestVerifyClass::test_auto_ro_builtins_list_zope_interface_common_collections_ISequence PASSED [ 20%]
lib/python3.7/site-packages/zope/interface/common/tests/test_collections.py::TestVerifyClass::test_auto_ro_builtins_longrange_iterator_zope_interface_common_collections_IIterator PASSED [ 20%]
lib/python3.7/site-packages/zope/interface/common/tests/test_collections.py::TestVerifyClass::test_auto_ro_builtins_mappingproxy_zope_interface_common_collections_IMapping PASSED [ 20%]
lib/python3.7/site-packages/zope/interface/common/tests/test_collections.py::TestVerifyClass::test_auto_ro_builtins_memoryview_zope_interface_common_collections_ISequence PASSED [ 20%]
lib/python3.7/site-packages/zope/interface/common/tests/test_collections.py::TestVerifyClass::test_auto_ro_builtins_range_iterator_zope_interface_common_collections_IIterator PASSED [ 20%]
lib/python3.7/site-packages/zope/interface/common/tests/test_collections.py::TestVerifyClass::test_auto_ro_builtins_range_zope_interface_common_collections_ISequence PASSED [ 20%]
lib/python3.7/site-packages/zope/interface/common/tests/test_collections.py::TestVerifyClass::test_auto_ro_builtins_set_iterator_zope_interface_common_collections_IIterator PASSED [ 20%]
lib/python3.7/site-packages/zope/interface/common/tests/test_collections.py::TestVerifyClass::test_auto_ro_builtins_set_zope_interface_common_collections_IMutableSet PASSED [ 20%]
lib/python3.7/site-packages/zope/interface/common/tests/test_collections.py::TestVerifyClass::test_auto_ro_builtins_str_iterator_zope_interface_common_collections_IIterator PASSED [ 20%]
lib/python3.7/site-packages/zope/interface/common/tests/test_collections.py::TestVerifyClass::test_auto_ro_builtins_str_zope_interface_common_collections_ISequence PASSED [ 20%]
lib/python3.7/site-packages/zope/interface/common/tests/test_collections.py::TestVerifyClass::test_auto_ro_builtins_tuple_iterator_zope_interface_common_collections_IIterator PASSED [ 20%]
lib/python3.7/site-packages/zope/interface/common/tests/test_collections.py::TestVerifyClass::test_auto_ro_builtins_tuple_zope_interface_common_collections_ISequence PASSED [ 20%]
lib/python3.7/site-packages/zope/interface/common/tests/test_collections.py::TestVerifyClass::test_auto_ro_builtins_zip_zope_interface_common_collections_IIterator PASSED [ 20%]
lib/python3.7/site-packages/zope/interface/common/tests/test_collections.py::TestVerifyClass::test_auto_ro_collections_UserDict_zope_interface_common_collections_IMutableMapping PASSED [ 20%]
lib/python3.7/site-packages/zope/interface/common/tests/test_collections.py::TestVerifyClass::test_auto_ro_collections_UserList_zope_interface_common_collections_IMutableSequence PASSED [ 20%]
lib/python3.7/site-packages/zope/interface/common/tests/test_collections.py::TestVerifyClass::test_auto_ro_collections_UserString_zope_interface_common_collections_ISequence PASSED [ 20%]
lib/python3.7/site-packages/zope/interface/common/tests/test_collections.py::TestVerifyClass::test_auto_ro_collections_deque_zope_interface_common_collections_IMutableSequence PASSED [ 20%]
lib/python3.7/site-packages/zope/interface/common/tests/test_collections.py::TestVerifyClass::test_frozenset PASSED [ 20%]
lib/python3.7/site-packages/zope/interface/common/tests/test_collections.py::TestVerifyClass::test_list PASSED [ 20%]
lib/python3.7/site-packages/zope/interface/common/tests/test_collections.py::TestVerifyClass::test_non_iterable_UserDict SKIPPED [ 20%]
lib/python3.7/site-packages/zope/interface/common/tests/test_collections.py::TestVerifyObject::test_UserDict PASSED [ 20%]
lib/python3.7/site-packages/zope/interface/common/tests/test_collections.py::TestVerifyObject::test_UserList PASSED [ 20%]
lib/python3.7/site-packages/zope/interface/common/tests/test_collections.py::TestVerifyObject::test_UserString PASSED [ 20%]
lib/python3.7/site-packages/zope/interface/common/tests/test_collections.py::TestVerifyObject::test_auto_builtins_async_generator_zope_interface_common_collections_IAsyncGenerator SKIPPED [ 20%]
lib/python3.7/site-packages/zope/interface/common/tests/test_collections.py::TestVerifyObject::test_auto_builtins_bytearray_iterator_zope_interface_common_collections_IIterator PASSED [ 20%]
lib/python3.7/site-packages/zope/interface/common/tests/test_collections.py::TestVerifyObject::test_auto_builtins_bytearray_zope_interface_common_collections_IByteString PASSED [ 20%]
lib/python3.7/site-packages/zope/interface/common/tests/test_collections.py::TestVerifyObject::test_auto_builtins_bytearray_zope_interface_common_collections_IMutableSequence PASSED [ 20%]
lib/python3.7/site-packages/zope/interface/common/tests/test_collections.py::TestVerifyObject::test_auto_builtins_bytes_iterator_zope_interface_common_collections_IIterator PASSED [ 20%]
lib/python3.7/site-packages/zope/interface/common/tests/test_collections.py::TestVerifyObject::test_auto_builtins_bytes_zope_interface_common_collections_IByteString PASSED [ 20%]
lib/python3.7/site-packages/zope/interface/common/tests/test_collections.py::TestVerifyObject::test_auto_builtins_coroutine_zope_interface_common_collections_ICoroutine SKIPPED [ 20%]
lib/python3.7/site-packages/zope/interface/common/tests/test_collections.py::TestVerifyObject::test_auto_builtins_dict_itemiterator_zope_interface_common_collections_IIterator PASSED [ 20%]
lib/python3.7/site-packages/zope/interface/common/tests/test_collections.py::TestVerifyObject::test_auto_builtins_dict_items_zope_interface_common_collections_IItemsView PASSED [ 20%]
lib/python3.7/site-packages/zope/interface/common/tests/test_collections.py::TestVerifyObject::test_auto_builtins_dict_keyiterator_zope_interface_common_collections_IIterator PASSED [ 20%]
lib/python3.7/site-packages/zope/interface/common/tests/test_collections.py::TestVerifyObject::test_auto_builtins_dict_keys_zope_interface_common_collections_IKeysView PASSED [ 20%]
lib/python3.7/site-packages/zope/interface/common/tests/test_collections.py::TestVerifyObject::test_auto_builtins_dict_valueiterator_zope_interface_common_collections_IIterator PASSED [ 20%]
lib/python3.7/site-packages/zope/interface/common/tests/test_collections.py::TestVerifyObject::test_auto_builtins_dict_values_zope_interface_common_collections_IValuesView PASSED [ 21%]
lib/python3.7/site-packages/zope/interface/common/tests/test_collections.py::TestVerifyObject::test_auto_builtins_dict_zope_interface_common_collections_IMapping PASSED [ 21%]
lib/python3.7/site-packages/zope/interface/common/tests/test_collections.py::TestVerifyObject::test_auto_builtins_dict_zope_interface_common_collections_IMutableMapping PASSED [ 21%]
lib/python3.7/site-packages/zope/interface/common/tests/test_collections.py::TestVerifyObject::test_auto_builtins_frozenset_zope_interface_common_collections_ISet PASSED [ 21%]
lib/python3.7/site-packages/zope/interface/common/tests/test_collections.py::TestVerifyObject::test_auto_builtins_generator_zope_interface_common_collections_IGenerator PASSED [ 21%]
lib/python3.7/site-packages/zope/interface/common/tests/test_collections.py::TestVerifyObject::test_auto_builtins_list_iterator_zope_interface_common_collections_IIterator PASSED [ 21%]
lib/python3.7/site-packages/zope/interface/common/tests/test_collections.py::TestVerifyObject::test_auto_builtins_list_reverseiterator_zope_interface_common_collections_IIterator PASSED [ 21%]
lib/python3.7/site-packages/zope/interface/common/tests/test_collections.py::TestVerifyObject::test_auto_builtins_list_zope_interface_common_collections_IMutableSequence PASSED [ 21%]
lib/python3.7/site-packages/zope/interface/common/tests/test_collections.py::TestVerifyObject::test_auto_builtins_list_zope_interface_common_collections_ISequence PASSED [ 21%]
lib/python3.7/site-packages/zope/interface/common/tests/test_collections.py::TestVerifyObject::test_auto_builtins_longrange_iterator_zope_interface_common_collections_IIterator SKIPPED [ 21%]
lib/python3.7/site-packages/zope/interface/common/tests/test_collections.py::TestVerifyObject::test_auto_builtins_mappingproxy_zope_interface_common_collections_IMapping PASSED [ 21%]
lib/python3.7/site-packages/zope/interface/common/tests/test_collections.py::TestVerifyObject::test_auto_builtins_memoryview_zope_interface_common_collections_ISequence SKIPPED [ 21%]
lib/python3.7/site-packages/zope/interface/common/tests/test_collections.py::TestVerifyObject::test_auto_builtins_range_iterator_zope_interface_common_collections_IIterator PASSED [ 21%]
lib/python3.7/site-packages/zope/interface/common/tests/test_collections.py::TestVerifyObject::test_auto_builtins_range_zope_interface_common_collections_ISequence PASSED [ 21%]
lib/python3.7/site-packages/zope/interface/common/tests/test_collections.py::TestVerifyObject::test_auto_builtins_set_iterator_zope_interface_common_collections_IIterator PASSED [ 21%]
lib/python3.7/site-packages/zope/interface/common/tests/test_collections.py::TestVerifyObject::test_auto_builtins_set_zope_interface_common_collections_IMutableSet PASSED [ 21%]
lib/python3.7/site-packages/zope/interface/common/tests/test_collections.py::TestVerifyObject::test_auto_builtins_str_iterator_zope_interface_common_collections_IIterator PASSED [ 21%]
lib/python3.7/site-packages/zope/interface/common/tests/test_collections.py::TestVerifyObject::test_auto_builtins_str_zope_interface_common_collections_ISequence PASSED [ 21%]
lib/python3.7/site-packages/zope/interface/common/tests/test_collections.py::TestVerifyObject::test_auto_builtins_tuple_iterator_zope_interface_common_collections_IIterator PASSED [ 21%]
lib/python3.7/site-packages/zope/interface/common/tests/test_collections.py::TestVerifyObject::test_auto_builtins_tuple_zope_interface_common_collections_ISequence PASSED [ 21%]
lib/python3.7/site-packages/zope/interface/common/tests/test_collections.py::TestVerifyObject::test_auto_builtins_zip_zope_interface_common_collections_IIterator PASSED [ 21%]
lib/python3.7/site-packages/zope/interface/common/tests/test_collections.py::TestVerifyObject::test_auto_collections_UserDict_zope_interface_common_collections_IMutableMapping PASSED [ 21%]
lib/python3.7/site-packages/zope/interface/common/tests/test_collections.py::TestVerifyObject::test_auto_collections_UserList_zope_interface_common_collections_IMutableSequence PASSED [ 21%]
lib/python3.7/site-packages/zope/interface/common/tests/test_collections.py::TestVerifyObject::test_auto_collections_UserString_zope_interface_common_collections_ISequence PASSED [ 21%]
lib/python3.7/site-packages/zope/interface/common/tests/test_collections.py::TestVerifyObject::test_auto_collections_deque_zope_interface_common_collections_IMutableSequence PASSED [ 21%]
lib/python3.7/site-packages/zope/interface/common/tests/test_collections.py::TestVerifyObject::test_auto_ro_builtins_async_generator_zope_interface_common_collections_IAsyncGenerator PASSED [ 21%]
lib/python3.7/site-packages/zope/interface/common/tests/test_collections.py::TestVerifyObject::test_auto_ro_builtins_bytearray_iterator_zope_interface_common_collections_IIterator PASSED [ 21%]
lib/python3.7/site-packages/zope/interface/common/tests/test_collections.py::TestVerifyObject::test_auto_ro_builtins_bytearray_zope_interface_common_collections_IByteString PASSED [ 21%]
lib/python3.7/site-packages/zope/interface/common/tests/test_collections.py::TestVerifyObject::test_auto_ro_builtins_bytearray_zope_interface_common_collections_IMutableSequence PASSED [ 21%]
lib/python3.7/site-packages/zope/interface/common/tests/test_collections.py::TestVerifyObject::test_auto_ro_builtins_bytes_iterator_zope_interface_common_collections_IIterator PASSED [ 21%]
lib/python3.7/site-packages/zope/interface/common/tests/test_collections.py::TestVerifyObject::test_auto_ro_builtins_bytes_zope_interface_common_collections_IByteString PASSED [ 21%]
lib/python3.7/site-packages/zope/interface/common/tests/test_collections.py::TestVerifyObject::test_auto_ro_builtins_coroutine_zope_interface_common_collections_ICoroutine PASSED [ 21%]
lib/python3.7/site-packages/zope/interface/common/tests/test_collections.py::TestVerifyObject::test_auto_ro_builtins_dict_itemiterator_zope_interface_common_collections_IIterator PASSED [ 21%]
lib/python3.7/site-packages/zope/interface/common/tests/test_collections.py::TestVerifyObject::test_auto_ro_builtins_dict_items_zope_interface_common_collections_IItemsView PASSED [ 21%]
lib/python3.7/site-packages/zope/interface/common/tests/test_collections.py::TestVerifyObject::test_auto_ro_builtins_dict_keyiterator_zope_interface_common_collections_IIterator PASSED [ 21%]
lib/python3.7/site-packages/zope/interface/common/tests/test_collections.py::TestVerifyObject::test_auto_ro_builtins_dict_keys_zope_interface_common_collections_IKeysView PASSED [ 21%]
lib/python3.7/site-packages/zope/interface/common/tests/test_collections.py::TestVerifyObject::test_auto_ro_builtins_dict_valueiterator_zope_interface_common_collections_IIterator PASSED [ 21%]
lib/python3.7/site-packages/zope/interface/common/tests/test_collections.py::TestVerifyObject::test_auto_ro_builtins_dict_values_zope_interface_common_collections_IValuesView PASSED [ 21%]
lib/python3.7/site-packages/zope/interface/common/tests/test_collections.py::TestVerifyObject::test_auto_ro_builtins_dict_zope_interface_common_collections_IMapping PASSED [ 21%]
lib/python3.7/site-packages/zope/interface/common/tests/test_collections.py::TestVerifyObject::test_auto_ro_builtins_dict_zope_interface_common_collections_IMutableMapping PASSED [ 21%]
lib/python3.7/site-packages/zope/interface/common/tests/test_collections.py::TestVerifyObject::test_auto_ro_builtins_frozenset_zope_interface_common_collections_ISet PASSED [ 21%]
lib/python3.7/site-packages/zope/interface/common/tests/test_collections.py::TestVerifyObject::test_auto_ro_builtins_generator_zope_interface_common_collections_IGenerator PASSED [ 21%]
lib/python3.7/site-packages/zope/interface/common/tests/test_collections.py::TestVerifyObject::test_auto_ro_builtins_list_iterator_zope_interface_common_collections_IIterator PASSED [ 21%]
lib/python3.7/site-packages/zope/interface/common/tests/test_collections.py::TestVerifyObject::test_auto_ro_builtins_list_reverseiterator_zope_interface_common_collections_IIterator PASSED [ 21%]
lib/python3.7/site-packages/zope/interface/common/tests/test_collections.py::TestVerifyObject::test_auto_ro_builtins_list_zope_interface_common_collections_IMutableSequence PASSED [ 22%]
lib/python3.7/site-packages/zope/interface/common/tests/test_collections.py::TestVerifyObject::test_auto_ro_builtins_list_zope_interface_common_collections_ISequence PASSED [ 22%]
lib/python3.7/site-packages/zope/interface/common/tests/test_collections.py::TestVerifyObject::test_auto_ro_builtins_longrange_iterator_zope_interface_common_collections_IIterator PASSED [ 22%]
lib/python3.7/site-packages/zope/interface/common/tests/test_collections.py::TestVerifyObject::test_auto_ro_builtins_mappingproxy_zope_interface_common_collections_IMapping PASSED [ 22%]
lib/python3.7/site-packages/zope/interface/common/tests/test_collections.py::TestVerifyObject::test_auto_ro_builtins_memoryview_zope_interface_common_collections_ISequence PASSED [ 22%]
lib/python3.7/site-packages/zope/interface/common/tests/test_collections.py::TestVerifyObject::test_auto_ro_builtins_range_iterator_zope_interface_common_collections_IIterator PASSED [ 22%]
lib/python3.7/site-packages/zope/interface/common/tests/test_collections.py::TestVerifyObject::test_auto_ro_builtins_range_zope_interface_common_collections_ISequence PASSED [ 22%]
lib/python3.7/site-packages/zope/interface/common/tests/test_collections.py::TestVerifyObject::test_auto_ro_builtins_set_iterator_zope_interface_common_collections_IIterator PASSED [ 22%]
lib/python3.7/site-packages/zope/interface/common/tests/test_collections.py::TestVerifyObject::test_auto_ro_builtins_set_zope_interface_common_collections_IMutableSet PASSED [ 22%]
lib/python3.7/site-packages/zope/interface/common/tests/test_collections.py::TestVerifyObject::test_auto_ro_builtins_str_iterator_zope_interface_common_collections_IIterator PASSED [ 22%]
lib/python3.7/site-packages/zope/interface/common/tests/test_collections.py::TestVerifyObject::test_auto_ro_builtins_str_zope_interface_common_collections_ISequence PASSED [ 22%]
lib/python3.7/site-packages/zope/interface/common/tests/test_collections.py::TestVerifyObject::test_auto_ro_builtins_tuple_iterator_zope_interface_common_collections_IIterator PASSED [ 22%]
lib/python3.7/site-packages/zope/interface/common/tests/test_collections.py::TestVerifyObject::test_auto_ro_builtins_tuple_zope_interface_common_collections_ISequence PASSED [ 22%]
lib/python3.7/site-packages/zope/interface/common/tests/test_collections.py::TestVerifyObject::test_auto_ro_builtins_zip_zope_interface_common_collections_IIterator PASSED [ 22%]
lib/python3.7/site-packages/zope/interface/common/tests/test_collections.py::TestVerifyObject::test_auto_ro_collections_UserDict_zope_interface_common_collections_IMutableMapping PASSED [ 22%]
lib/python3.7/site-packages/zope/interface/common/tests/test_collections.py::TestVerifyObject::test_auto_ro_collections_UserList_zope_interface_common_collections_IMutableSequence PASSED [ 22%]
lib/python3.7/site-packages/zope/interface/common/tests/test_collections.py::TestVerifyObject::test_auto_ro_collections_UserString_zope_interface_common_collections_ISequence PASSED [ 22%]
lib/python3.7/site-packages/zope/interface/common/tests/test_collections.py::TestVerifyObject::test_auto_ro_collections_deque_zope_interface_common_collections_IMutableSequence PASSED [ 22%]
lib/python3.7/site-packages/zope/interface/common/tests/test_collections.py::TestVerifyObject::test_frozenset PASSED [ 22%]
lib/python3.7/site-packages/zope/interface/common/tests/test_collections.py::TestVerifyObject::test_list PASSED [ 22%]
lib/python3.7/site-packages/zope/interface/common/tests/test_collections.py::TestVerifyObject::test_non_iterable_UserDict SKIPPED [ 22%]
lib/python3.7/site-packages/zope/interface/common/tests/test_idatetime.py::TestDateTimeInterfaces::test_interfaces PASSED [ 22%]
lib/python3.7/site-packages/zope/interface/common/tests/test_import_interfaces.py::TestInterfaceImport::test_import PASSED [ 22%]
lib/python3.7/site-packages/zope/interface/common/tests/test_io.py::TestVerifyClass::test_auto__io_BufferedRWPair_zope_interface_common_io_IBufferedIOBase PASSED [ 22%]
lib/python3.7/site-packages/zope/interface/common/tests/test_io.py::TestVerifyClass::test_auto__io_BufferedRandom_zope_interface_common_io_IBufferedIOBase PASSED [ 22%]
lib/python3.7/site-packages/zope/interface/common/tests/test_io.py::TestVerifyClass::test_auto__io_BufferedReader_zope_interface_common_io_IBufferedIOBase PASSED [ 22%]
lib/python3.7/site-packages/zope/interface/common/tests/test_io.py::TestVerifyClass::test_auto__io_BufferedWriter_zope_interface_common_io_IBufferedIOBase PASSED [ 22%]
lib/python3.7/site-packages/zope/interface/common/tests/test_io.py::TestVerifyClass::test_auto__io_BytesIO_zope_interface_common_io_IBufferedIOBase PASSED [ 22%]
lib/python3.7/site-packages/zope/interface/common/tests/test_io.py::TestVerifyClass::test_auto__io_FileIO_zope_interface_common_io_IRawIOBase PASSED [ 22%]
lib/python3.7/site-packages/zope/interface/common/tests/test_io.py::TestVerifyClass::test_auto__io_StringIO_zope_interface_common_io_ITextIOBase PASSED [ 22%]
lib/python3.7/site-packages/zope/interface/common/tests/test_io.py::TestVerifyClass::test_auto__io_TextIOWrapper_zope_interface_common_io_ITextIOBase PASSED [ 22%]
lib/python3.7/site-packages/zope/interface/common/tests/test_io.py::TestVerifyClass::test_auto_ro__io_BufferedRWPair_zope_interface_common_io_IBufferedIOBase PASSED [ 22%]
lib/python3.7/site-packages/zope/interface/common/tests/test_io.py::TestVerifyClass::test_auto_ro__io_BufferedRandom_zope_interface_common_io_IBufferedIOBase PASSED [ 22%]
lib/python3.7/site-packages/zope/interface/common/tests/test_io.py::TestVerifyClass::test_auto_ro__io_BufferedReader_zope_interface_common_io_IBufferedIOBase PASSED [ 22%]
lib/python3.7/site-packages/zope/interface/common/tests/test_io.py::TestVerifyClass::test_auto_ro__io_BufferedWriter_zope_interface_common_io_IBufferedIOBase PASSED [ 22%]
lib/python3.7/site-packages/zope/interface/common/tests/test_io.py::TestVerifyClass::test_auto_ro__io_BytesIO_zope_interface_common_io_IBufferedIOBase PASSED [ 22%]
lib/python3.7/site-packages/zope/interface/common/tests/test_io.py::TestVerifyClass::test_auto_ro__io_FileIO_zope_interface_common_io_IRawIOBase PASSED [ 22%]
lib/python3.7/site-packages/zope/interface/common/tests/test_io.py::TestVerifyClass::test_auto_ro__io_StringIO_zope_interface_common_io_ITextIOBase PASSED [ 22%]
lib/python3.7/site-packages/zope/interface/common/tests/test_io.py::TestVerifyClass::test_auto_ro__io_TextIOWrapper_zope_interface_common_io_ITextIOBase PASSED [ 22%]
lib/python3.7/site-packages/zope/interface/common/tests/test_io.py::TestVerifyObject::test_auto__io_BufferedRWPair_zope_interface_common_io_IBufferedIOBase PASSED [ 22%]
lib/python3.7/site-packages/zope/interface/common/tests/test_io.py::TestVerifyObject::test_auto__io_BufferedRandom_zope_interface_common_io_IBufferedIOBase PASSED [ 22%]
lib/python3.7/site-packages/zope/interface/common/tests/test_io.py::TestVerifyObject::test_auto__io_BufferedReader_zope_interface_common_io_IBufferedIOBase PASSED [ 22%]
lib/python3.7/site-packages/zope/interface/common/tests/test_io.py::TestVerifyObject::test_auto__io_BufferedWriter_zope_interface_common_io_IBufferedIOBase PASSED [ 22%]
lib/python3.7/site-packages/zope/interface/common/tests/test_io.py::TestVerifyObject::test_auto__io_BytesIO_zope_interface_common_io_IBufferedIOBase PASSED [ 22%]
lib/python3.7/site-packages/zope/interface/common/tests/test_io.py::TestVerifyObject::test_auto__io_FileIO_zope_interface_common_io_IRawIOBase PASSED [ 23%]
lib/python3.7/site-packages/zope/interface/common/tests/test_io.py::TestVerifyObject::test_auto__io_StringIO_zope_interface_common_io_ITextIOBase PASSED [ 23%]
lib/python3.7/site-packages/zope/interface/common/tests/test_io.py::TestVerifyObject::test_auto__io_TextIOWrapper_zope_interface_common_io_ITextIOBase PASSED [ 23%]
lib/python3.7/site-packages/zope/interface/common/tests/test_io.py::TestVerifyObject::test_auto_ro__io_BufferedRWPair_zope_interface_common_io_IBufferedIOBase PASSED [ 23%]
lib/python3.7/site-packages/zope/interface/common/tests/test_io.py::TestVerifyObject::test_auto_ro__io_BufferedRandom_zope_interface_common_io_IBufferedIOBase PASSED [ 23%]
lib/python3.7/site-packages/zope/interface/common/tests/test_io.py::TestVerifyObject::test_auto_ro__io_BufferedReader_zope_interface_common_io_IBufferedIOBase PASSED [ 23%]
lib/python3.7/site-packages/zope/interface/common/tests/test_io.py::TestVerifyObject::test_auto_ro__io_BufferedWriter_zope_interface_common_io_IBufferedIOBase PASSED [ 23%]
lib/python3.7/site-packages/zope/interface/common/tests/test_io.py::TestVerifyObject::test_auto_ro__io_BytesIO_zope_interface_common_io_IBufferedIOBase PASSED [ 23%]
lib/python3.7/site-packages/zope/interface/common/tests/test_io.py::TestVerifyObject::test_auto_ro__io_FileIO_zope_interface_common_io_IRawIOBase PASSED [ 23%]
lib/python3.7/site-packages/zope/interface/common/tests/test_io.py::TestVerifyObject::test_auto_ro__io_StringIO_zope_interface_common_io_ITextIOBase PASSED [ 23%]
lib/python3.7/site-packages/zope/interface/common/tests/test_io.py::TestVerifyObject::test_auto_ro__io_TextIOWrapper_zope_interface_common_io_ITextIOBase PASSED [ 23%]
lib/python3.7/site-packages/zope/interface/common/tests/test_numbers.py::TestVerifyClass::test_auto_builtins_complex_zope_interface_common_numbers_IComplex PASSED [ 23%]
lib/python3.7/site-packages/zope/interface/common/tests/test_numbers.py::TestVerifyClass::test_auto_builtins_float_zope_interface_common_numbers_IReal PASSED [ 23%]
lib/python3.7/site-packages/zope/interface/common/tests/test_numbers.py::TestVerifyClass::test_auto_builtins_int_zope_interface_common_numbers_IIntegral PASSED [ 23%]
lib/python3.7/site-packages/zope/interface/common/tests/test_numbers.py::TestVerifyClass::test_auto_decimal_Decimal_zope_interface_common_numbers_INumber PASSED [ 23%]
lib/python3.7/site-packages/zope/interface/common/tests/test_numbers.py::TestVerifyClass::test_auto_ro_builtins_complex_zope_interface_common_numbers_IComplex PASSED [ 23%]
lib/python3.7/site-packages/zope/interface/common/tests/test_numbers.py::TestVerifyClass::test_auto_ro_builtins_float_zope_interface_common_numbers_IReal PASSED [ 23%]
lib/python3.7/site-packages/zope/interface/common/tests/test_numbers.py::TestVerifyClass::test_auto_ro_builtins_int_zope_interface_common_numbers_IIntegral PASSED [ 23%]
lib/python3.7/site-packages/zope/interface/common/tests/test_numbers.py::TestVerifyClass::test_auto_ro_decimal_Decimal_zope_interface_common_numbers_INumber PASSED [ 23%]
lib/python3.7/site-packages/zope/interface/common/tests/test_numbers.py::TestVerifyClass::test_float PASSED [ 23%]
lib/python3.7/site-packages/zope/interface/common/tests/test_numbers.py::TestVerifyClass::test_int PASSED [ 23%]
lib/python3.7/site-packages/zope/interface/common/tests/test_numbers.py::TestVerifyObject::test_auto_builtins_complex_zope_interface_common_numbers_IComplex PASSED [ 23%]
lib/python3.7/site-packages/zope/interface/common/tests/test_numbers.py::TestVerifyObject::test_auto_builtins_float_zope_interface_common_numbers_IReal PASSED [ 23%]
lib/python3.7/site-packages/zope/interface/common/tests/test_numbers.py::TestVerifyObject::test_auto_builtins_int_zope_interface_common_numbers_IIntegral PASSED [ 23%]
lib/python3.7/site-packages/zope/interface/common/tests/test_numbers.py::TestVerifyObject::test_auto_decimal_Decimal_zope_interface_common_numbers_INumber PASSED [ 23%]
lib/python3.7/site-packages/zope/interface/common/tests/test_numbers.py::TestVerifyObject::test_auto_ro_builtins_complex_zope_interface_common_numbers_IComplex PASSED [ 23%]
lib/python3.7/site-packages/zope/interface/common/tests/test_numbers.py::TestVerifyObject::test_auto_ro_builtins_float_zope_interface_common_numbers_IReal PASSED [ 23%]
lib/python3.7/site-packages/zope/interface/common/tests/test_numbers.py::TestVerifyObject::test_auto_ro_builtins_int_zope_interface_common_numbers_IIntegral PASSED [ 23%]
lib/python3.7/site-packages/zope/interface/common/tests/test_numbers.py::TestVerifyObject::test_auto_ro_decimal_Decimal_zope_interface_common_numbers_INumber PASSED [ 23%]
lib/python3.7/site-packages/zope/interface/common/tests/test_numbers.py::TestVerifyObject::test_float PASSED [ 23%]
lib/python3.7/site-packages/zope/interface/common/tests/test_numbers.py::TestVerifyObject::test_int PASSED [ 23%]
lib/python3.7/site-packages/zope/interface/tests/test_adapter.py::BaseAdapterRegistryTests::test__generation_after_calling_changed PASSED [ 23%]
lib/python3.7/site-packages/zope/interface/tests/test_adapter.py::BaseAdapterRegistryTests::test__generation_after_changing___bases__ PASSED [ 23%]
lib/python3.7/site-packages/zope/interface/tests/test_adapter.py::BaseAdapterRegistryTests::test__generation_on_first_creation PASSED [ 23%]
lib/python3.7/site-packages/zope/interface/tests/test_adapter.py::BaseAdapterRegistryTests::test_lookup_delegation PASSED [ 23%]
lib/python3.7/site-packages/zope/interface/tests/test_adapter.py::BaseAdapterRegistryTests::test_register PASSED [ 23%]
lib/python3.7/site-packages/zope/interface/tests/test_adapter.py::BaseAdapterRegistryTests::test_register_multiple_allRegistrations PASSED [ 23%]
lib/python3.7/site-packages/zope/interface/tests/test_adapter.py::BaseAdapterRegistryTests::test_register_with_invalid_name PASSED [ 23%]
lib/python3.7/site-packages/zope/interface/tests/test_adapter.py::BaseAdapterRegistryTests::test_register_with_same_value PASSED [ 23%]
lib/python3.7/site-packages/zope/interface/tests/test_adapter.py::BaseAdapterRegistryTests::test_register_with_value_None_unregisters PASSED [ 23%]
lib/python3.7/site-packages/zope/interface/tests/test_adapter.py::BaseAdapterRegistryTests::test_registered_empty PASSED [ 23%]
lib/python3.7/site-packages/zope/interface/tests/test_adapter.py::BaseAdapterRegistryTests::test_registered_non_empty_hit PASSED [ 23%]
lib/python3.7/site-packages/zope/interface/tests/test_adapter.py::BaseAdapterRegistryTests::test_registered_non_empty_miss PASSED [ 23%]
lib/python3.7/site-packages/zope/interface/tests/test_adapter.py::BaseAdapterRegistryTests::test_subscribe_multiple_allRegistrations PASSED [ 23%]
lib/python3.7/site-packages/zope/interface/tests/test_adapter.py::BaseAdapterRegistryTests::test_subscribe_unsubscribe_identical_objects_provided PASSED [ 24%]
lib/python3.7/site-packages/zope/interface/tests/test_adapter.py::BaseAdapterRegistryTests::test_subscribe_unsubscribe_nonequal_objects_provided PASSED [ 24%]
lib/python3.7/site-packages/zope/interface/tests/test_adapter.py::BaseAdapterRegistryTests::test_subscribed_empty PASSED [ 24%]
lib/python3.7/site-packages/zope/interface/tests/test_adapter.py::BaseAdapterRegistryTests::test_subscribed_non_empty_hit PASSED [ 24%]
lib/python3.7/site-packages/zope/interface/tests/test_adapter.py::BaseAdapterRegistryTests::test_subscribed_non_empty_miss PASSED [ 24%]
lib/python3.7/site-packages/zope/interface/tests/test_adapter.py::BaseAdapterRegistryTests::test_unregister_empty PASSED [ 24%]
lib/python3.7/site-packages/zope/interface/tests/test_adapter.py::BaseAdapterRegistryTests::test_unregister_hit_clears_empty_subcomponents PASSED [ 24%]
lib/python3.7/site-packages/zope/interface/tests/test_adapter.py::BaseAdapterRegistryTests::test_unregister_non_empty_miss_on_name PASSED [ 24%]
lib/python3.7/site-packages/zope/interface/tests/test_adapter.py::BaseAdapterRegistryTests::test_unregister_non_empty_miss_on_required PASSED [ 24%]
lib/python3.7/site-packages/zope/interface/tests/test_adapter.py::BaseAdapterRegistryTests::test_unregister_with_value_not_None_miss PASSED [ 24%]
lib/python3.7/site-packages/zope/interface/tests/test_adapter.py::BaseAdapterRegistryTests::test_unsubscribe_after_multiple PASSED [ 24%]
lib/python3.7/site-packages/zope/interface/tests/test_adapter.py::BaseAdapterRegistryTests::test_unsubscribe_empty PASSED [ 24%]
lib/python3.7/site-packages/zope/interface/tests/test_adapter.py::BaseAdapterRegistryTests::test_unsubscribe_hit PASSED [ 24%]
lib/python3.7/site-packages/zope/interface/tests/test_adapter.py::BaseAdapterRegistryTests::test_unsubscribe_instance_method PASSED [ 24%]
lib/python3.7/site-packages/zope/interface/tests/test_adapter.py::BaseAdapterRegistryTests::test_unsubscribe_non_empty_miss_on_required PASSED [ 24%]
lib/python3.7/site-packages/zope/interface/tests/test_adapter.py::BaseAdapterRegistryTests::test_unsubscribe_non_empty_miss_on_value PASSED [ 24%]
lib/python3.7/site-packages/zope/interface/tests/test_adapter.py::BaseAdapterRegistryTests::test_unsubscribe_w_None_after_multiple PASSED [ 24%]
lib/python3.7/site-packages/zope/interface/tests/test_adapter.py::BaseAdapterRegistryTests::test_unsubscribe_with_value_not_None_miss PASSED [ 24%]
lib/python3.7/site-packages/zope/interface/tests/test_adapter.py::CustomTypesBaseAdapterRegistryTests::test__generation_after_calling_changed PASSED [ 24%]
lib/python3.7/site-packages/zope/interface/tests/test_adapter.py::CustomTypesBaseAdapterRegistryTests::test__generation_after_changing___bases__ PASSED [ 24%]
lib/python3.7/site-packages/zope/interface/tests/test_adapter.py::CustomTypesBaseAdapterRegistryTests::test__generation_on_first_creation PASSED [ 24%]
lib/python3.7/site-packages/zope/interface/tests/test_adapter.py::CustomTypesBaseAdapterRegistryTests::test_lookup_delegation PASSED [ 24%]
lib/python3.7/site-packages/zope/interface/tests/test_adapter.py::CustomTypesBaseAdapterRegistryTests::test_register PASSED [ 24%]
lib/python3.7/site-packages/zope/interface/tests/test_adapter.py::CustomTypesBaseAdapterRegistryTests::test_register_multiple_allRegistrations PASSED [ 24%]
lib/python3.7/site-packages/zope/interface/tests/test_adapter.py::CustomTypesBaseAdapterRegistryTests::test_register_with_invalid_name PASSED [ 24%]
lib/python3.7/site-packages/zope/interface/tests/test_adapter.py::CustomTypesBaseAdapterRegistryTests::test_register_with_same_value PASSED [ 24%]
lib/python3.7/site-packages/zope/interface/tests/test_adapter.py::CustomTypesBaseAdapterRegistryTests::test_register_with_value_None_unregisters PASSED [ 24%]
lib/python3.7/site-packages/zope/interface/tests/test_adapter.py::CustomTypesBaseAdapterRegistryTests::test_registered_empty PASSED [ 24%]
lib/python3.7/site-packages/zope/interface/tests/test_adapter.py::CustomTypesBaseAdapterRegistryTests::test_registered_non_empty_hit PASSED [ 24%]
lib/python3.7/site-packages/zope/interface/tests/test_adapter.py::CustomTypesBaseAdapterRegistryTests::test_registered_non_empty_miss PASSED [ 24%]
lib/python3.7/site-packages/zope/interface/tests/test_adapter.py::CustomTypesBaseAdapterRegistryTests::test_subscribe_multiple_allRegistrations PASSED [ 24%]
lib/python3.7/site-packages/zope/interface/tests/test_adapter.py::CustomTypesBaseAdapterRegistryTests::test_subscribe_unsubscribe_identical_objects_provided PASSED [ 24%]
lib/python3.7/site-packages/zope/interface/tests/test_adapter.py::CustomTypesBaseAdapterRegistryTests::test_subscribe_unsubscribe_nonequal_objects_provided PASSED [ 24%]
lib/python3.7/site-packages/zope/interface/tests/test_adapter.py::CustomTypesBaseAdapterRegistryTests::test_subscribed_empty PASSED [ 24%]
lib/python3.7/site-packages/zope/interface/tests/test_adapter.py::CustomTypesBaseAdapterRegistryTests::test_subscribed_non_empty_hit PASSED [ 24%]
lib/python3.7/site-packages/zope/interface/tests/test_adapter.py::CustomTypesBaseAdapterRegistryTests::test_subscribed_non_empty_miss PASSED [ 24%]
lib/python3.7/site-packages/zope/interface/tests/test_adapter.py::CustomTypesBaseAdapterRegistryTests::test_unregister_empty PASSED [ 24%]
lib/python3.7/site-packages/zope/interface/tests/test_adapter.py::CustomTypesBaseAdapterRegistryTests::test_unregister_hit_clears_empty_subcomponents PASSED [ 24%]
lib/python3.7/site-packages/zope/interface/tests/test_adapter.py::CustomTypesBaseAdapterRegistryTests::test_unregister_non_empty_miss_on_name PASSED [ 24%]
lib/python3.7/site-packages/zope/interface/tests/test_adapter.py::CustomTypesBaseAdapterRegistryTests::test_unregister_non_empty_miss_on_required PASSED [ 24%]
lib/python3.7/site-packages/zope/interface/tests/test_adapter.py::CustomTypesBaseAdapterRegistryTests::test_unregister_with_value_not_None_miss PASSED [ 24%]
lib/python3.7/site-packages/zope/interface/tests/test_adapter.py::CustomTypesBaseAdapterRegistryTests::test_unsubscribe_after_multiple PASSED [ 24%]
lib/python3.7/site-packages/zope/interface/tests/test_adapter.py::CustomTypesBaseAdapterRegistryTests::test_unsubscribe_empty PASSED [ 24%]
lib/python3.7/site-packages/zope/interface/tests/test_adapter.py::CustomTypesBaseAdapterRegistryTests::test_unsubscribe_hit PASSED [ 24%]
lib/python3.7/site-packages/zope/interface/tests/test_adapter.py::CustomTypesBaseAdapterRegistryTests::test_unsubscribe_instance_method PASSED [ 25%]
lib/python3.7/site-packages/zope/interface/tests/test_adapter.py::CustomTypesBaseAdapterRegistryTests::test_unsubscribe_non_empty_miss_on_required PASSED [ 25%]
lib/python3.7/site-packages/zope/interface/tests/test_adapter.py::CustomTypesBaseAdapterRegistryTests::test_unsubscribe_non_empty_miss_on_value PASSED [ 25%]
lib/python3.7/site-packages/zope/interface/tests/test_adapter.py::CustomTypesBaseAdapterRegistryTests::test_unsubscribe_w_None_after_multiple PASSED [ 25%]
lib/python3.7/site-packages/zope/interface/tests/test_adapter.py::CustomTypesBaseAdapterRegistryTests::test_unsubscribe_with_value_not_None_miss PASSED [ 25%]
lib/python3.7/site-packages/zope/interface/tests/test_adapter.py::LookupBaseFallbackTests::test_adapter_hook_hit_factory_returns_None PASSED [ 25%]
lib/python3.7/site-packages/zope/interface/tests/test_adapter.py::LookupBaseFallbackTests::test_adapter_hook_hit_factory_returns_adapter PASSED [ 25%]
lib/python3.7/site-packages/zope/interface/tests/test_adapter.py::LookupBaseFallbackTests::test_adapter_hook_miss_no_default PASSED [ 25%]
lib/python3.7/site-packages/zope/interface/tests/test_adapter.py::LookupBaseFallbackTests::test_adapter_hook_miss_w_default PASSED [ 25%]
lib/python3.7/site-packages/zope/interface/tests/test_adapter.py::LookupBaseFallbackTests::test_adapter_hook_super_unwraps PASSED [ 25%]
lib/python3.7/site-packages/zope/interface/tests/test_adapter.py::LookupBaseFallbackTests::test_adapter_hook_w_invalid_name PASSED [ 25%]
lib/python3.7/site-packages/zope/interface/tests/test_adapter.py::LookupBaseFallbackTests::test_lookup1_cached PASSED [ 25%]
lib/python3.7/site-packages/zope/interface/tests/test_adapter.py::LookupBaseFallbackTests::test_lookup1_miss_no_default PASSED [ 25%]
lib/python3.7/site-packages/zope/interface/tests/test_adapter.py::LookupBaseFallbackTests::test_lookup1_miss_w_default PASSED [ 25%]
lib/python3.7/site-packages/zope/interface/tests/test_adapter.py::LookupBaseFallbackTests::test_lookup1_miss_w_default_negative_cache PASSED [ 25%]
lib/python3.7/site-packages/zope/interface/tests/test_adapter.py::LookupBaseFallbackTests::test_lookup1_not_cached PASSED [ 25%]
lib/python3.7/site-packages/zope/interface/tests/test_adapter.py::LookupBaseFallbackTests::test_lookup1_not_cached_after_changed PASSED [ 25%]
lib/python3.7/site-packages/zope/interface/tests/test_adapter.py::LookupBaseFallbackTests::test_lookup1_w_invalid_name PASSED [ 25%]
lib/python3.7/site-packages/zope/interface/tests/test_adapter.py::LookupBaseFallbackTests::test_lookupAll_cached PASSED [ 25%]
lib/python3.7/site-packages/zope/interface/tests/test_adapter.py::LookupBaseFallbackTests::test_lookupAll_uncached PASSED [ 25%]
lib/python3.7/site-packages/zope/interface/tests/test_adapter.py::LookupBaseFallbackTests::test_lookup_cached PASSED [ 25%]
lib/python3.7/site-packages/zope/interface/tests/test_adapter.py::LookupBaseFallbackTests::test_lookup_cached_multi_required PASSED [ 25%]
lib/python3.7/site-packages/zope/interface/tests/test_adapter.py::LookupBaseFallbackTests::test_lookup_miss_no_default PASSED [ 25%]
lib/python3.7/site-packages/zope/interface/tests/test_adapter.py::LookupBaseFallbackTests::test_lookup_miss_w_default PASSED [ 25%]
lib/python3.7/site-packages/zope/interface/tests/test_adapter.py::LookupBaseFallbackTests::test_lookup_not_cached PASSED [ 25%]
lib/python3.7/site-packages/zope/interface/tests/test_adapter.py::LookupBaseFallbackTests::test_lookup_not_cached_after_changed PASSED [ 25%]
lib/python3.7/site-packages/zope/interface/tests/test_adapter.py::LookupBaseFallbackTests::test_lookup_not_cached_multi_required PASSED [ 25%]
lib/python3.7/site-packages/zope/interface/tests/test_adapter.py::LookupBaseFallbackTests::test_lookup_w_invalid_name PASSED [ 25%]
lib/python3.7/site-packages/zope/interface/tests/test_adapter.py::LookupBaseFallbackTests::test_queryAdapter PASSED [ 25%]
lib/python3.7/site-packages/zope/interface/tests/test_adapter.py::LookupBaseFallbackTests::test_subscriptions_cached PASSED [ 25%]
lib/python3.7/site-packages/zope/interface/tests/test_adapter.py::LookupBaseFallbackTests::test_subscriptions_uncached PASSED [ 25%]
lib/python3.7/site-packages/zope/interface/tests/test_adapter.py::LookupBaseTests::test_adapter_hook_hit_factory_returns_None PASSED [ 25%]
lib/python3.7/site-packages/zope/interface/tests/test_adapter.py::LookupBaseTests::test_adapter_hook_hit_factory_returns_adapter PASSED [ 25%]
lib/python3.7/site-packages/zope/interface/tests/test_adapter.py::LookupBaseTests::test_adapter_hook_miss_no_default PASSED [ 25%]
lib/python3.7/site-packages/zope/interface/tests/test_adapter.py::LookupBaseTests::test_adapter_hook_miss_w_default PASSED [ 25%]
lib/python3.7/site-packages/zope/interface/tests/test_adapter.py::LookupBaseTests::test_adapter_hook_super_unwraps PASSED [ 25%]
lib/python3.7/site-packages/zope/interface/tests/test_adapter.py::LookupBaseTests::test_adapter_hook_w_invalid_name PASSED [ 25%]
lib/python3.7/site-packages/zope/interface/tests/test_adapter.py::LookupBaseTests::test_lookup1_cached PASSED [ 25%]
lib/python3.7/site-packages/zope/interface/tests/test_adapter.py::LookupBaseTests::test_lookup1_miss_no_default PASSED [ 25%]
lib/python3.7/site-packages/zope/interface/tests/test_adapter.py::LookupBaseTests::test_lookup1_miss_w_default PASSED [ 25%]
lib/python3.7/site-packages/zope/interface/tests/test_adapter.py::LookupBaseTests::test_lookup1_miss_w_default_negative_cache PASSED [ 25%]
lib/python3.7/site-packages/zope/interface/tests/test_adapter.py::LookupBaseTests::test_lookup1_not_cached PASSED [ 25%]
lib/python3.7/site-packages/zope/interface/tests/test_adapter.py::LookupBaseTests::test_lookup1_not_cached_after_changed PASSED [ 25%]
lib/python3.7/site-packages/zope/interface/tests/test_adapter.py::LookupBaseTests::test_lookup1_w_invalid_name PASSED [ 25%]
lib/python3.7/site-packages/zope/interface/tests/test_adapter.py::LookupBaseTests::test_lookupAll_cached PASSED [ 26%]
lib/python3.7/site-packages/zope/interface/tests/test_adapter.py::LookupBaseTests::test_lookupAll_uncached PASSED [ 26%]
lib/python3.7/site-packages/zope/interface/tests/test_adapter.py::LookupBaseTests::test_lookup_cached PASSED [ 26%]
lib/python3.7/site-packages/zope/interface/tests/test_adapter.py::LookupBaseTests::test_lookup_cached_multi_required PASSED [ 26%]
lib/python3.7/site-packages/zope/interface/tests/test_adapter.py::LookupBaseTests::test_lookup_miss_no_default PASSED [ 26%]
lib/python3.7/site-packages/zope/interface/tests/test_adapter.py::LookupBaseTests::test_lookup_miss_w_default PASSED [ 26%]
lib/python3.7/site-packages/zope/interface/tests/test_adapter.py::LookupBaseTests::test_lookup_not_cached PASSED [ 26%]
lib/python3.7/site-packages/zope/interface/tests/test_adapter.py::LookupBaseTests::test_lookup_not_cached_after_changed PASSED [ 26%]
lib/python3.7/site-packages/zope/interface/tests/test_adapter.py::LookupBaseTests::test_lookup_not_cached_multi_required PASSED [ 26%]
lib/python3.7/site-packages/zope/interface/tests/test_adapter.py::LookupBaseTests::test_lookup_w_invalid_name PASSED [ 26%]
lib/python3.7/site-packages/zope/interface/tests/test_adapter.py::LookupBaseTests::test_optimizations PASSED [ 26%]
lib/python3.7/site-packages/zope/interface/tests/test_adapter.py::LookupBaseTests::test_queryAdapter PASSED [ 26%]
lib/python3.7/site-packages/zope/interface/tests/test_adapter.py::LookupBaseTests::test_subscriptions_cached PASSED [ 26%]
lib/python3.7/site-packages/zope/interface/tests/test_adapter.py::LookupBaseTests::test_subscriptions_uncached PASSED [ 26%]
lib/python3.7/site-packages/zope/interface/tests/test_adapter.py::VerifyingBaseFallbackTests::test_adapter_hook PASSED [ 26%]
lib/python3.7/site-packages/zope/interface/tests/test_adapter.py::VerifyingBaseFallbackTests::test_lookup PASSED [ 26%]
lib/python3.7/site-packages/zope/interface/tests/test_adapter.py::VerifyingBaseFallbackTests::test_lookup1 PASSED [ 26%]
lib/python3.7/site-packages/zope/interface/tests/test_adapter.py::VerifyingBaseFallbackTests::test_lookupAll PASSED [ 26%]
lib/python3.7/site-packages/zope/interface/tests/test_adapter.py::VerifyingBaseFallbackTests::test_queryAdapter PASSED [ 26%]
lib/python3.7/site-packages/zope/interface/tests/test_adapter.py::VerifyingBaseFallbackTests::test_subscriptions PASSED [ 26%]
lib/python3.7/site-packages/zope/interface/tests/test_adapter.py::VerifyingBaseTests::test_adapter_hook PASSED [ 26%]
lib/python3.7/site-packages/zope/interface/tests/test_adapter.py::VerifyingBaseTests::test_lookup PASSED [ 26%]
lib/python3.7/site-packages/zope/interface/tests/test_adapter.py::VerifyingBaseTests::test_lookup1 PASSED [ 26%]
lib/python3.7/site-packages/zope/interface/tests/test_adapter.py::VerifyingBaseTests::test_lookupAll PASSED [ 26%]
lib/python3.7/site-packages/zope/interface/tests/test_adapter.py::VerifyingBaseTests::test_optimizations PASSED [ 26%]
lib/python3.7/site-packages/zope/interface/tests/test_adapter.py::VerifyingBaseTests::test_queryAdapter PASSED [ 26%]
lib/python3.7/site-packages/zope/interface/tests/test_adapter.py::VerifyingBaseTests::test_subscriptions PASSED [ 26%]
lib/python3.7/site-packages/zope/interface/tests/test_adapter.py::AdapterLookupBaseTests::test__uncached_lookupAll_components_miss PASSED [ 26%]
lib/python3.7/site-packages/zope/interface/tests/test_adapter.py::AdapterLookupBaseTests::test__uncached_lookupAll_empty_ro PASSED [ 26%]
lib/python3.7/site-packages/zope/interface/tests/test_adapter.py::AdapterLookupBaseTests::test__uncached_lookupAll_extendors_miss PASSED [ 26%]
lib/python3.7/site-packages/zope/interface/tests/test_adapter.py::AdapterLookupBaseTests::test__uncached_lookupAll_order_miss PASSED [ 26%]
lib/python3.7/site-packages/zope/interface/tests/test_adapter.py::AdapterLookupBaseTests::test__uncached_lookupAll_simple_hit PASSED [ 26%]
lib/python3.7/site-packages/zope/interface/tests/test_adapter.py::AdapterLookupBaseTests::test__uncached_lookup_components_miss_wrong_iface PASSED [ 26%]
lib/python3.7/site-packages/zope/interface/tests/test_adapter.py::AdapterLookupBaseTests::test__uncached_lookup_components_miss_wrong_name PASSED [ 26%]
lib/python3.7/site-packages/zope/interface/tests/test_adapter.py::AdapterLookupBaseTests::test__uncached_lookup_empty_ro PASSED [ 26%]
lib/python3.7/site-packages/zope/interface/tests/test_adapter.py::AdapterLookupBaseTests::test__uncached_lookup_extendors_miss PASSED [ 26%]
lib/python3.7/site-packages/zope/interface/tests/test_adapter.py::AdapterLookupBaseTests::test__uncached_lookup_order_miss PASSED [ 26%]
lib/python3.7/site-packages/zope/interface/tests/test_adapter.py::AdapterLookupBaseTests::test__uncached_lookup_repeated_hit PASSED [ 26%]
lib/python3.7/site-packages/zope/interface/tests/test_adapter.py::AdapterLookupBaseTests::test__uncached_lookup_simple_hit PASSED [ 26%]
lib/python3.7/site-packages/zope/interface/tests/test_adapter.py::AdapterLookupBaseTests::test__uncached_subscriptions_components_miss_wrong_iface PASSED [ 26%]
lib/python3.7/site-packages/zope/interface/tests/test_adapter.py::AdapterLookupBaseTests::test__uncached_subscriptions_components_miss_wrong_name PASSED [ 26%]
lib/python3.7/site-packages/zope/interface/tests/test_adapter.py::AdapterLookupBaseTests::test__uncached_subscriptions_empty_ro PASSED [ 26%]
lib/python3.7/site-packages/zope/interface/tests/test_adapter.py::AdapterLookupBaseTests::test__uncached_subscriptions_extendors_miss PASSED [ 26%]
lib/python3.7/site-packages/zope/interface/tests/test_adapter.py::AdapterLookupBaseTests::test__uncached_subscriptions_order_miss PASSED [ 26%]
lib/python3.7/site-packages/zope/interface/tests/test_adapter.py::AdapterLookupBaseTests::test__uncached_subscriptions_simple_hit PASSED [ 27%]
lib/python3.7/site-packages/zope/interface/tests/test_adapter.py::AdapterLookupBaseTests::test_add_extendor PASSED [ 27%]
lib/python3.7/site-packages/zope/interface/tests/test_adapter.py::AdapterLookupBaseTests::test_changed_empty_required PASSED [ 27%]
lib/python3.7/site-packages/zope/interface/tests/test_adapter.py::AdapterLookupBaseTests::test_changed_w_required PASSED [ 27%]
lib/python3.7/site-packages/zope/interface/tests/test_adapter.py::AdapterLookupBaseTests::test_ctor_empty_registry PASSED [ 27%]
lib/python3.7/site-packages/zope/interface/tests/test_adapter.py::AdapterLookupBaseTests::test_ctor_w_registry_provided PASSED [ 27%]
lib/python3.7/site-packages/zope/interface/tests/test_adapter.py::AdapterLookupBaseTests::test_init_extendors_after_registry_update PASSED [ 27%]
lib/python3.7/site-packages/zope/interface/tests/test_adapter.py::AdapterLookupBaseTests::test_names PASSED [ 27%]
lib/python3.7/site-packages/zope/interface/tests/test_adapter.py::AdapterLookupBaseTests::test_queryMultiAdapter_errors_on_attribute_access PASSED [ 27%]
lib/python3.7/site-packages/zope/interface/tests/test_adapter.py::AdapterLookupBaseTests::test_queryMultiAdapter_super_unwraps PASSED [ 27%]
lib/python3.7/site-packages/zope/interface/tests/test_adapter.py::AdapterLookupBaseTests::test_queryMultiAdaptor_factory_hit PASSED [ 27%]
lib/python3.7/site-packages/zope/interface/tests/test_adapter.py::AdapterLookupBaseTests::test_queryMultiAdaptor_factory_miss PASSED [ 27%]
lib/python3.7/site-packages/zope/interface/tests/test_adapter.py::AdapterLookupBaseTests::test_queryMultiAdaptor_lookup_miss PASSED [ 27%]
lib/python3.7/site-packages/zope/interface/tests/test_adapter.py::AdapterLookupBaseTests::test_remove_extendor PASSED [ 27%]
lib/python3.7/site-packages/zope/interface/tests/test_adapter.py::AdapterLookupBaseTests::test_subscribers_w_provided PASSED [ 27%]
lib/python3.7/site-packages/zope/interface/tests/test_adapter.py::AdapterLookupBaseTests::test_subscribers_wo_provided PASSED [ 27%]
lib/python3.7/site-packages/zope/interface/tests/test_adapter.py::VerifyingAdapterRegistryTests::test_verify_object_provides_IAdapterRegistry PASSED [ 27%]
lib/python3.7/site-packages/zope/interface/tests/test_adapter.py::AdapterRegistryTests::test__setBases_removing_existing_subregistry PASSED [ 27%]
lib/python3.7/site-packages/zope/interface/tests/test_adapter.py::AdapterRegistryTests::test__setBases_w_existing_entry_continuing PASSED [ 27%]
lib/python3.7/site-packages/zope/interface/tests/test_adapter.py::AdapterRegistryTests::test__setBases_wo_stray_entry PASSED [ 27%]
lib/python3.7/site-packages/zope/interface/tests/test_adapter.py::AdapterRegistryTests::test_changed_w_subregistries PASSED [ 27%]
lib/python3.7/site-packages/zope/interface/tests/test_adapter.py::AdapterRegistryTests::test_ctor_no_bases PASSED [ 27%]
lib/python3.7/site-packages/zope/interface/tests/test_adapter.py::AdapterRegistryTests::test_ctor_w_bases PASSED [ 27%]
lib/python3.7/site-packages/zope/interface/tests/test_adapter.py::AdapterRegistryTests::test_verify_object_provides_IAdapterRegistry PASSED [ 27%]
lib/python3.7/site-packages/zope/interface/tests/test_adapter.py::Test_utils::test__convert_None_to_Interface_w_None PASSED [ 27%]
lib/python3.7/site-packages/zope/interface/tests/test_adapter.py::Test_utils::test__convert_None_to_Interface_w_other PASSED [ 27%]
lib/python3.7/site-packages/zope/interface/tests/test_adapter.py::Test_utils::test__normalize_name_other PASSED [ 27%]
lib/python3.7/site-packages/zope/interface/tests/test_adapter.py::Test_utils::test__normalize_name_str PASSED [ 27%]
lib/python3.7/site-packages/zope/interface/tests/test_adapter.py::Test_utils::test__normalize_name_unicode PASSED [ 27%]
lib/python3.7/site-packages/zope/interface/tests/test_advice.py::FrameInfoTest::test_inside_exec PASSED [ 27%]
lib/python3.7/site-packages/zope/interface/tests/test_advice.py::FrameInfoTest::test_inside_function_call PASSED [ 27%]
lib/python3.7/site-packages/zope/interface/tests/test_advice.py::FrameInfoTest::test_w_ClassicClass SKIPPED [ 27%]
lib/python3.7/site-packages/zope/interface/tests/test_advice.py::FrameInfoTest::test_w_NewStyleClass PASSED [ 27%]
lib/python3.7/site-packages/zope/interface/tests/test_advice.py::FrameInfoTest::test_w_module PASSED [ 27%]
lib/python3.7/site-packages/zope/interface/tests/test_advice.py::AdviceTests::test_meta_no_bases SKIPPED [ 27%]
lib/python3.7/site-packages/zope/interface/tests/test_advice.py::AdviceTests::test_mixed_metas SKIPPED [ 27%]
lib/python3.7/site-packages/zope/interface/tests/test_advice.py::AdviceTests::test_order SKIPPED [ 27%]
lib/python3.7/site-packages/zope/interface/tests/test_advice.py::AdviceTests::test_single_explicit_meta SKIPPED [ 27%]
lib/python3.7/site-packages/zope/interface/tests/test_advice.py::Test_isClassAdvisor::test_w_advisor_function PASSED [ 27%]
lib/python3.7/site-packages/zope/interface/tests/test_advice.py::Test_isClassAdvisor::test_w_non_function PASSED [ 27%]
lib/python3.7/site-packages/zope/interface/tests/test_advice.py::Test_isClassAdvisor::test_w_normal_function PASSED [ 27%]
lib/python3.7/site-packages/zope/interface/tests/test_advice.py::Test_determineMetaclass::test_empty SKIPPED [ 27%]
lib/python3.7/site-packages/zope/interface/tests/test_advice.py::Test_determineMetaclass::test_empty_w_explicit_metatype PASSED [ 27%]
lib/python3.7/site-packages/zope/interface/tests/test_advice.py::Test_determineMetaclass::test_meta_of_class SKIPPED [ 27%]
lib/python3.7/site-packages/zope/interface/tests/test_advice.py::Test_determineMetaclass::test_meta_of_class_py3k PASSED [ 28%]
lib/python3.7/site-packages/zope/interface/tests/test_advice.py::Test_determineMetaclass::test_multiple_in_hierarchy SKIPPED [ 28%]
lib/python3.7/site-packages/zope/interface/tests/test_advice.py::Test_determineMetaclass::test_multiple_in_hierarchy_py3k PASSED [ 28%]
lib/python3.7/site-packages/zope/interface/tests/test_advice.py::Test_determineMetaclass::test_multiple_not_in_hierarchy SKIPPED [ 28%]
lib/python3.7/site-packages/zope/interface/tests/test_advice.py::Test_determineMetaclass::test_multiple_not_in_hierarchy_py3k PASSED [ 28%]
lib/python3.7/site-packages/zope/interface/tests/test_advice.py::Test_determineMetaclass::test_single PASSED [ 28%]
lib/python3.7/site-packages/zope/interface/tests/test_advice.py::Test_minimalBases::test_empty PASSED [ 28%]
lib/python3.7/site-packages/zope/interface/tests/test_advice.py::Test_minimalBases::test_repeats_kicked_to_end_of_queue PASSED [ 28%]
lib/python3.7/site-packages/zope/interface/tests/test_advice.py::Test_minimalBases::test_simple_hierarchy_skips_implied PASSED [ 28%]
lib/python3.7/site-packages/zope/interface/tests/test_advice.py::Test_minimalBases::test_w_newstyle_class PASSED [ 28%]
lib/python3.7/site-packages/zope/interface/tests/test_advice.py::Test_minimalBases::test_w_newstyle_meta PASSED [ 28%]
lib/python3.7/site-packages/zope/interface/tests/test_advice.py::Test_minimalBases::test_w_oldstyle_class SKIPPED [ 28%]
lib/python3.7/site-packages/zope/interface/tests/test_advice.py::Test_minimalBases::test_w_oldstyle_meta SKIPPED [ 28%]
lib/python3.7/site-packages/zope/interface/tests/test_compile_flags.py::TestFloatingPoint::test_no_fast_math_optimization PASSED [ 28%]
lib/python3.7/site-packages/zope/interface/tests/test_declarations.py::NamedTests::test_class PASSED [ 28%]
lib/python3.7/site-packages/zope/interface/tests/test_declarations.py::NamedTests::test_function PASSED [ 28%]
lib/python3.7/site-packages/zope/interface/tests/test_declarations.py::NamedTests::test_instance PASSED [ 28%]
lib/python3.7/site-packages/zope/interface/tests/test_declarations.py::EmptyDeclarationTests::test___contains___empty PASSED [ 28%]
lib/python3.7/site-packages/zope/interface/tests/test_declarations.py::EmptyDeclarationTests::test___iro___ PASSED [ 28%]
lib/python3.7/site-packages/zope/interface/tests/test_declarations.py::EmptyDeclarationTests::test___iter___empty PASSED [ 28%]
lib/python3.7/site-packages/zope/interface/tests/test_declarations.py::EmptyDeclarationTests::test___sro___ PASSED [ 28%]
lib/python3.7/site-packages/zope/interface/tests/test_declarations.py::EmptyDeclarationTests::test_changed_w_existing__v_attrs PASSED [ 28%]
lib/python3.7/site-packages/zope/interface/tests/test_declarations.py::EmptyDeclarationTests::test_extends_empty PASSED [ 28%]
lib/python3.7/site-packages/zope/interface/tests/test_declarations.py::EmptyDeclarationTests::test_flattened_empty PASSED [ 28%]
lib/python3.7/site-packages/zope/interface/tests/test_declarations.py::EmptyDeclarationTests::test_get PASSED [ 28%]
lib/python3.7/site-packages/zope/interface/tests/test_declarations.py::EmptyDeclarationTests::test_interfaces_empty PASSED [ 28%]
lib/python3.7/site-packages/zope/interface/tests/test_declarations.py::DeclarationTests::test___add___overlapping_interface PASSED [ 28%]
lib/python3.7/site-packages/zope/interface/tests/test_declarations.py::DeclarationTests::test___add___overlapping_interface_implementedBy PASSED [ 28%]
lib/python3.7/site-packages/zope/interface/tests/test_declarations.py::DeclarationTests::test___add___related_interface PASSED [ 28%]
lib/python3.7/site-packages/zope/interface/tests/test_declarations.py::DeclarationTests::test___add___unrelated_interface PASSED [ 28%]
lib/python3.7/site-packages/zope/interface/tests/test_declarations.py::DeclarationTests::test___contains___empty PASSED [ 28%]
lib/python3.7/site-packages/zope/interface/tests/test_declarations.py::DeclarationTests::test___contains__w_base_interface PASSED [ 28%]
lib/python3.7/site-packages/zope/interface/tests/test_declarations.py::DeclarationTests::test___contains__w_self PASSED [ 28%]
lib/python3.7/site-packages/zope/interface/tests/test_declarations.py::DeclarationTests::test___contains__w_unrelated_iface PASSED [ 28%]
lib/python3.7/site-packages/zope/interface/tests/test_declarations.py::DeclarationTests::test___iro___ PASSED [ 28%]
lib/python3.7/site-packages/zope/interface/tests/test_declarations.py::DeclarationTests::test___iter___empty PASSED [ 28%]
lib/python3.7/site-packages/zope/interface/tests/test_declarations.py::DeclarationTests::test___iter___inheritance PASSED [ 28%]
lib/python3.7/site-packages/zope/interface/tests/test_declarations.py::DeclarationTests::test___iter___multiple_bases PASSED [ 28%]
lib/python3.7/site-packages/zope/interface/tests/test_declarations.py::DeclarationTests::test___iter___single_base PASSED [ 28%]
lib/python3.7/site-packages/zope/interface/tests/test_declarations.py::DeclarationTests::test___iter___w_nested_sequence_overlap PASSED [ 28%]
lib/python3.7/site-packages/zope/interface/tests/test_declarations.py::DeclarationTests::test___sro___ PASSED [ 28%]
lib/python3.7/site-packages/zope/interface/tests/test_declarations.py::DeclarationTests::test___sub___related_interface PASSED [ 28%]
lib/python3.7/site-packages/zope/interface/tests/test_declarations.py::DeclarationTests::test___sub___related_interface_by_inheritance PASSED [ 28%]
lib/python3.7/site-packages/zope/interface/tests/test_declarations.py::DeclarationTests::test___sub___unrelated_interface PASSED [ 28%]
lib/python3.7/site-packages/zope/interface/tests/test_declarations.py::DeclarationTests::test_changed_w_existing__v_attrs PASSED [ 29%]
lib/python3.7/site-packages/zope/interface/tests/test_declarations.py::DeclarationTests::test_changed_wo_existing__v_attrs PASSED [ 29%]
lib/python3.7/site-packages/zope/interface/tests/test_declarations.py::DeclarationTests::test_ctor_no_bases PASSED [ 29%]
lib/python3.7/site-packages/zope/interface/tests/test_declarations.py::DeclarationTests::test_ctor_w_implements_in_bases PASSED [ 29%]
lib/python3.7/site-packages/zope/interface/tests/test_declarations.py::DeclarationTests::test_ctor_w_interface_in_bases PASSED [ 29%]
lib/python3.7/site-packages/zope/interface/tests/test_declarations.py::DeclarationTests::test_extends_empty PASSED [ 29%]
lib/python3.7/site-packages/zope/interface/tests/test_declarations.py::DeclarationTests::test_flattened_empty PASSED [ 29%]
lib/python3.7/site-packages/zope/interface/tests/test_declarations.py::DeclarationTests::test_flattened_inheritance PASSED [ 29%]
lib/python3.7/site-packages/zope/interface/tests/test_declarations.py::DeclarationTests::test_flattened_multiple_bases PASSED [ 29%]
lib/python3.7/site-packages/zope/interface/tests/test_declarations.py::DeclarationTests::test_flattened_single_base PASSED [ 29%]
lib/python3.7/site-packages/zope/interface/tests/test_declarations.py::DeclarationTests::test_flattened_w_nested_sequence_overlap PASSED [ 29%]
lib/python3.7/site-packages/zope/interface/tests/test_declarations.py::DeclarationTests::test_get PASSED [ 29%]
lib/python3.7/site-packages/zope/interface/tests/test_declarations.py::DeclarationTests::test_interfaces_empty PASSED [ 29%]
lib/python3.7/site-packages/zope/interface/tests/test_declarations.py::TestImmutableDeclaration::test___contains___empty PASSED [ 29%]
lib/python3.7/site-packages/zope/interface/tests/test_declarations.py::TestImmutableDeclaration::test___iro___ PASSED [ 29%]
lib/python3.7/site-packages/zope/interface/tests/test_declarations.py::TestImmutableDeclaration::test___iter___empty PASSED [ 29%]
lib/python3.7/site-packages/zope/interface/tests/test_declarations.py::TestImmutableDeclaration::test___sro___ PASSED [ 29%]
lib/python3.7/site-packages/zope/interface/tests/test_declarations.py::TestImmutableDeclaration::test__bases__ PASSED [ 29%]
lib/python3.7/site-packages/zope/interface/tests/test_declarations.py::TestImmutableDeclaration::test_change__bases__ PASSED [ 29%]
lib/python3.7/site-packages/zope/interface/tests/test_declarations.py::TestImmutableDeclaration::test_changed PASSED [ 29%]
lib/python3.7/site-packages/zope/interface/tests/test_declarations.py::TestImmutableDeclaration::test_changed_w_existing__v_attrs PASSED [ 29%]
lib/python3.7/site-packages/zope/interface/tests/test_declarations.py::TestImmutableDeclaration::test_dependents PASSED [ 29%]
lib/python3.7/site-packages/zope/interface/tests/test_declarations.py::TestImmutableDeclaration::test_extends_always_false PASSED [ 29%]
lib/python3.7/site-packages/zope/interface/tests/test_declarations.py::TestImmutableDeclaration::test_extends_empty PASSED [ 29%]
lib/python3.7/site-packages/zope/interface/tests/test_declarations.py::TestImmutableDeclaration::test_flattened_empty PASSED [ 29%]
lib/python3.7/site-packages/zope/interface/tests/test_declarations.py::TestImmutableDeclaration::test_get PASSED [ 29%]
lib/python3.7/site-packages/zope/interface/tests/test_declarations.py::TestImmutableDeclaration::test_get_always_default PASSED [ 29%]
lib/python3.7/site-packages/zope/interface/tests/test_declarations.py::TestImmutableDeclaration::test_interfaces_empty PASSED [ 29%]
lib/python3.7/site-packages/zope/interface/tests/test_declarations.py::TestImmutableDeclaration::test_pickle PASSED [ 29%]
lib/python3.7/site-packages/zope/interface/tests/test_declarations.py::TestImmutableDeclaration::test_singleton PASSED [ 29%]
lib/python3.7/site-packages/zope/interface/tests/test_declarations.py::TestImmutableDeclaration::test_v_attrs PASSED [ 29%]
lib/python3.7/site-packages/zope/interface/tests/test_declarations.py::TestImplements::test___reduce__ PASSED [ 29%]
lib/python3.7/site-packages/zope/interface/tests/test_declarations.py::TestImplements::test___repr__ PASSED [ 29%]
lib/python3.7/site-packages/zope/interface/tests/test_declarations.py::TestImplements::test__ge__NotImplemented PASSED [ 29%]
lib/python3.7/site-packages/zope/interface/tests/test_declarations.py::TestImplements::test__gt__NotImplemented PASSED [ 29%]
lib/python3.7/site-packages/zope/interface/tests/test_declarations.py::TestImplements::test__le__NotImplemented PASSED [ 29%]
lib/python3.7/site-packages/zope/interface/tests/test_declarations.py::TestImplements::test__lt__NotImplemented PASSED [ 29%]
lib/python3.7/site-packages/zope/interface/tests/test_declarations.py::TestImplements::test_changed_deletes_super_cache PASSED [ 29%]
lib/python3.7/site-packages/zope/interface/tests/test_declarations.py::TestImplements::test_changed_does_not_add_super_cache PASSED [ 29%]
lib/python3.7/site-packages/zope/interface/tests/test_declarations.py::TestImplements::test_ctor_no_bases PASSED [ 29%]
lib/python3.7/site-packages/zope/interface/tests/test_declarations.py::TestImplements::test_proxy_equality PASSED [ 29%]
lib/python3.7/site-packages/zope/interface/tests/test_declarations.py::TestImplements::test_sort PASSED [ 29%]
lib/python3.7/site-packages/zope/interface/tests/test_declarations.py::Test_implementedByFallback::test_builtins_added_to_cache PASSED [ 29%]
lib/python3.7/site-packages/zope/interface/tests/test_declarations.py::Test_implementedByFallback::test_builtins_w_existing_cache PASSED [ 29%]
lib/python3.7/site-packages/zope/interface/tests/test_declarations.py::Test_implementedByFallback::test_dictless_w_existing_Implements PASSED [ 30%]
lib/python3.7/site-packages/zope/interface/tests/test_declarations.py::Test_implementedByFallback::test_dictless_w_existing_not_Implements PASSED [ 30%]
lib/python3.7/site-packages/zope/interface/tests/test_declarations.py::Test_implementedByFallback::test_dictless_wo_existing_Implements_cant_assign___implemented__ PASSED [ 30%]
lib/python3.7/site-packages/zope/interface/tests/test_declarations.py::Test_implementedByFallback::test_dictless_wo_existing_Implements_w_registrations PASSED [ 30%]
lib/python3.7/site-packages/zope/interface/tests/test_declarations.py::Test_implementedByFallback::test_dictless_wo_existing_Implements_wo_registrations PASSED [ 30%]
lib/python3.7/site-packages/zope/interface/tests/test_declarations.py::Test_implementedByFallback::test_no_assertions PASSED [ 30%]
lib/python3.7/site-packages/zope/interface/tests/test_declarations.py::Test_implementedByFallback::test_oldstyle_class_no_assertions PASSED [ 30%]
lib/python3.7/site-packages/zope/interface/tests/test_declarations.py::Test_implementedByFallback::test_super_multi_level_multi_inheritance PASSED [ 30%]
lib/python3.7/site-packages/zope/interface/tests/test_declarations.py::Test_implementedByFallback::test_super_when_base_doesnt_implement_interface PASSED [ 30%]
lib/python3.7/site-packages/zope/interface/tests/test_declarations.py::Test_implementedByFallback::test_super_when_base_implements_interface PASSED [ 30%]
lib/python3.7/site-packages/zope/interface/tests/test_declarations.py::Test_implementedByFallback::test_super_when_base_implements_interface_diamond PASSED [ 30%]
lib/python3.7/site-packages/zope/interface/tests/test_declarations.py::Test_implementedByFallback::test_super_when_base_is_object PASSED [ 30%]
lib/python3.7/site-packages/zope/interface/tests/test_declarations.py::Test_implementedByFallback::test_super_when_parent_implements_interface_diamond PASSED [ 30%]
lib/python3.7/site-packages/zope/interface/tests/test_declarations.py::Test_implementedByFallback::test_w_None_no_bases_not_factory PASSED [ 30%]
lib/python3.7/site-packages/zope/interface/tests/test_declarations.py::Test_implementedByFallback::test_w_None_no_bases_w_class FAILED [ 30%]
lib/python3.7/site-packages/zope/interface/tests/test_declarations.py::Test_implementedByFallback::test_w_None_no_bases_w_factory FAILED [ 30%]
lib/python3.7/site-packages/zope/interface/tests/test_declarations.py::Test_implementedByFallback::test_w_existing_Implements PASSED [ 30%]
lib/python3.7/site-packages/zope/interface/tests/test_declarations.py::Test_implementedByFallback::test_w_existing_attr_as_Implements PASSED [ 30%]
lib/python3.7/site-packages/zope/interface/tests/test_declarations.py::Test_implementedBy::test_builtins_added_to_cache PASSED [ 30%]
lib/python3.7/site-packages/zope/interface/tests/test_declarations.py::Test_implementedBy::test_builtins_w_existing_cache PASSED [ 30%]
lib/python3.7/site-packages/zope/interface/tests/test_declarations.py::Test_implementedBy::test_dictless_w_existing_Implements PASSED [ 30%]
lib/python3.7/site-packages/zope/interface/tests/test_declarations.py::Test_implementedBy::test_dictless_w_existing_not_Implements PASSED [ 30%]
lib/python3.7/site-packages/zope/interface/tests/test_declarations.py::Test_implementedBy::test_dictless_wo_existing_Implements_cant_assign___implemented__ PASSED [ 30%]
lib/python3.7/site-packages/zope/interface/tests/test_declarations.py::Test_implementedBy::test_dictless_wo_existing_Implements_w_registrations PASSED [ 30%]
lib/python3.7/site-packages/zope/interface/tests/test_declarations.py::Test_implementedBy::test_dictless_wo_existing_Implements_wo_registrations PASSED [ 30%]
lib/python3.7/site-packages/zope/interface/tests/test_declarations.py::Test_implementedBy::test_no_assertions PASSED [ 30%]
lib/python3.7/site-packages/zope/interface/tests/test_declarations.py::Test_implementedBy::test_oldstyle_class_no_assertions PASSED [ 30%]
lib/python3.7/site-packages/zope/interface/tests/test_declarations.py::Test_implementedBy::test_optimizations PASSED [ 30%]
lib/python3.7/site-packages/zope/interface/tests/test_declarations.py::Test_implementedBy::test_super_multi_level_multi_inheritance PASSED [ 30%]
lib/python3.7/site-packages/zope/interface/tests/test_declarations.py::Test_implementedBy::test_super_when_base_doesnt_implement_interface PASSED [ 30%]
lib/python3.7/site-packages/zope/interface/tests/test_declarations.py::Test_implementedBy::test_super_when_base_implements_interface PASSED [ 30%]
lib/python3.7/site-packages/zope/interface/tests/test_declarations.py::Test_implementedBy::test_super_when_base_implements_interface_diamond PASSED [ 30%]
lib/python3.7/site-packages/zope/interface/tests/test_declarations.py::Test_implementedBy::test_super_when_base_is_object PASSED [ 30%]
lib/python3.7/site-packages/zope/interface/tests/test_declarations.py::Test_implementedBy::test_super_when_parent_implements_interface_diamond PASSED [ 30%]
lib/python3.7/site-packages/zope/interface/tests/test_declarations.py::Test_implementedBy::test_w_None_no_bases_not_factory PASSED [ 30%]
lib/python3.7/site-packages/zope/interface/tests/test_declarations.py::Test_implementedBy::test_w_None_no_bases_w_class FAILED [ 30%]
lib/python3.7/site-packages/zope/interface/tests/test_declarations.py::Test_implementedBy::test_w_None_no_bases_w_factory FAILED [ 30%]
lib/python3.7/site-packages/zope/interface/tests/test_declarations.py::Test_implementedBy::test_w_existing_Implements PASSED [ 30%]
lib/python3.7/site-packages/zope/interface/tests/test_declarations.py::Test_implementedBy::test_w_existing_attr_as_Implements PASSED [ 30%]
lib/python3.7/site-packages/zope/interface/tests/test_declarations.py::Test_classImplementsOnly::test_newstyle_class PASSED [ 30%]
lib/python3.7/site-packages/zope/interface/tests/test_declarations.py::Test_classImplementsOnly::test_oldstyle_class PASSED [ 30%]
lib/python3.7/site-packages/zope/interface/tests/test_declarations.py::Test_classImplementsOnly::test_redundant_with_super_still_implements PASSED [ 30%]
lib/python3.7/site-packages/zope/interface/tests/test_declarations.py::Test_classImplementsOnly::test_w_existing_Implements PASSED [ 30%]
lib/python3.7/site-packages/zope/interface/tests/test_declarations.py::Test_classImplements::test_newstyle_class PASSED [ 30%]
lib/python3.7/site-packages/zope/interface/tests/test_declarations.py::Test_classImplements::test_oldstyle_class PASSED [ 30%]
lib/python3.7/site-packages/zope/interface/tests/test_declarations.py::Test_classImplements::test_redundant_implementer_Interface PASSED [ 31%]
lib/python3.7/site-packages/zope/interface/tests/test_declarations.py::Test_classImplements::test_redundant_implementer_empty_class_declarations_newstyle PASSED [ 31%]
lib/python3.7/site-packages/zope/interface/tests/test_declarations.py::Test_classImplements::test_redundant_implementer_empty_class_declarations_oldstyle PASSED [ 31%]
lib/python3.7/site-packages/zope/interface/tests/test_declarations.py::Test_classImplements::test_w_existing_Implements PASSED [ 31%]
lib/python3.7/site-packages/zope/interface/tests/test_declarations.py::Test_classImplements::test_w_existing_Implements_w_bases PASSED [ 31%]
lib/python3.7/site-packages/zope/interface/tests/test_declarations.py::Test_classImplementsFirst::test_newstyle_class PASSED [ 31%]
lib/python3.7/site-packages/zope/interface/tests/test_declarations.py::Test_classImplementsFirst::test_oldstyle_class PASSED [ 31%]
lib/python3.7/site-packages/zope/interface/tests/test_declarations.py::Test_classImplementsFirst::test_redundant_implementer_Interface PASSED [ 31%]
lib/python3.7/site-packages/zope/interface/tests/test_declarations.py::Test_classImplementsFirst::test_redundant_implementer_empty_class_declarations_newstyle PASSED [ 31%]
lib/python3.7/site-packages/zope/interface/tests/test_declarations.py::Test_classImplementsFirst::test_redundant_implementer_empty_class_declarations_oldstyle PASSED [ 31%]
lib/python3.7/site-packages/zope/interface/tests/test_declarations.py::Test_classImplementsFirst::test_w_existing_Implements PASSED [ 31%]
lib/python3.7/site-packages/zope/interface/tests/test_declarations.py::Test_classImplementsFirst::test_w_existing_Implements_w_bases PASSED [ 31%]
lib/python3.7/site-packages/zope/interface/tests/test_declarations.py::Test__implements_advice::test_no_existing_implements PASSED [ 31%]
lib/python3.7/site-packages/zope/interface/tests/test_declarations.py::Test_implementer::test_does_not_leak_on_unique_classes PASSED [ 31%]
lib/python3.7/site-packages/zope/interface/tests/test_declarations.py::Test_implementer::test_newstyle_class PASSED [ 31%]
lib/python3.7/site-packages/zope/interface/tests/test_declarations.py::Test_implementer::test_nonclass_can_assign_attr FAILED [ 31%]
lib/python3.7/site-packages/zope/interface/tests/test_declarations.py::Test_implementer::test_nonclass_cannot_assign_attr PASSED [ 31%]
lib/python3.7/site-packages/zope/interface/tests/test_declarations.py::Test_implementer::test_oldstyle_class PASSED [ 31%]
lib/python3.7/site-packages/zope/interface/tests/test_declarations.py::Test_implementer::test_redundant_implementer_Interface PASSED [ 31%]
lib/python3.7/site-packages/zope/interface/tests/test_declarations.py::Test_implementer::test_redundant_implementer_empty_class_declarations_newstyle PASSED [ 31%]
lib/python3.7/site-packages/zope/interface/tests/test_declarations.py::Test_implementer::test_redundant_implementer_empty_class_declarations_oldstyle PASSED [ 31%]
lib/python3.7/site-packages/zope/interface/tests/test_declarations.py::Test_implementer::test_w_existing_Implements PASSED [ 31%]
lib/python3.7/site-packages/zope/interface/tests/test_declarations.py::Test_implementer::test_w_existing_Implements_w_bases PASSED [ 31%]
lib/python3.7/site-packages/zope/interface/tests/test_declarations.py::Test_implementer_only::test_function PASSED [ 31%]
lib/python3.7/site-packages/zope/interface/tests/test_declarations.py::Test_implementer_only::test_method PASSED [ 31%]
lib/python3.7/site-packages/zope/interface/tests/test_declarations.py::Test_implementer_only::test_newstyle_class PASSED [ 31%]
lib/python3.7/site-packages/zope/interface/tests/test_declarations.py::Test_implementer_only::test_oldstyle_class PASSED [ 31%]
lib/python3.7/site-packages/zope/interface/tests/test_declarations.py::Test_implementer_only::test_redundant_with_super_still_implements PASSED [ 31%]
lib/python3.7/site-packages/zope/interface/tests/test_declarations.py::Test_implementer_only::test_w_existing_Implements PASSED [ 31%]
lib/python3.7/site-packages/zope/interface/tests/test_declarations.py::Test_implementsOnly::test_called_once_from_class_w_bases PASSED [ 31%]
lib/python3.7/site-packages/zope/interface/tests/test_declarations.py::Test_implementsOnly::test_simple PASSED [ 31%]
lib/python3.7/site-packages/zope/interface/tests/test_declarations.py::Test_implements::test_called_from_function PASSED [ 31%]
lib/python3.7/site-packages/zope/interface/tests/test_declarations.py::Test_implements::test_called_once_from_class PASSED [ 31%]
lib/python3.7/site-packages/zope/interface/tests/test_declarations.py::Test_implements::test_called_twice_from_class PASSED [ 31%]
lib/python3.7/site-packages/zope/interface/tests/test_declarations.py::ProvidesClassTests::test___get___class PASSED [ 31%]
lib/python3.7/site-packages/zope/interface/tests/test_declarations.py::ProvidesClassTests::test___get___instance PASSED [ 31%]
lib/python3.7/site-packages/zope/interface/tests/test_declarations.py::ProvidesClassTests::test___reduce__ PASSED [ 31%]
lib/python3.7/site-packages/zope/interface/tests/test_declarations.py::ProvidesClassTests::test_simple_class_one_interface PASSED [ 31%]
lib/python3.7/site-packages/zope/interface/tests/test_declarations.py::ProvidesClassStrictTests::test___get___class PASSED [ 31%]
lib/python3.7/site-packages/zope/interface/tests/test_declarations.py::ProvidesClassStrictTests::test___get___instance PASSED [ 31%]
lib/python3.7/site-packages/zope/interface/tests/test_declarations.py::ProvidesClassStrictTests::test___reduce__ PASSED [ 31%]
lib/python3.7/site-packages/zope/interface/tests/test_declarations.py::ProvidesClassStrictTests::test_overlapping_interfaces_corrected PASSED [ 31%]
lib/python3.7/site-packages/zope/interface/tests/test_declarations.py::ProvidesClassStrictTests::test_simple_class_one_interface PASSED [ 31%]
lib/python3.7/site-packages/zope/interface/tests/test_declarations.py::TestProvidesClassRepr::test__repr__ PASSED [ 31%]
lib/python3.7/site-packages/zope/interface/tests/test_declarations.py::TestProvidesClassRepr::test__repr__directlyProvides_module FAILED [ 32%]
lib/python3.7/site-packages/zope/interface/tests/test_declarations.py::TestProvidesClassRepr::test__repr__duplicate_names PASSED [ 32%]
lib/python3.7/site-packages/zope/interface/tests/test_declarations.py::TestProvidesClassRepr::test__repr__empty_interfaces PASSED [ 32%]
lib/python3.7/site-packages/zope/interface/tests/test_declarations.py::TestProvidesClassRepr::test__repr__implementedBy_in_interfaces PASSED [ 32%]
lib/python3.7/site-packages/zope/interface/tests/test_declarations.py::TestProvidesClassRepr::test__repr__module_after_pickle PASSED [ 32%]
lib/python3.7/site-packages/zope/interface/tests/test_declarations.py::TestProvidesClassRepr::test__repr__module_provides_cached_shared PASSED [ 32%]
lib/python3.7/site-packages/zope/interface/tests/test_declarations.py::TestProvidesClassRepr::test__repr__module_provides_typical_use PASSED [ 32%]
lib/python3.7/site-packages/zope/interface/tests/test_declarations.py::TestProvidesClassRepr::test__repr__non_class PASSED [ 32%]
lib/python3.7/site-packages/zope/interface/tests/test_declarations.py::TestProvidesClassRepr::test__repr__providedBy_alsoProvides PASSED [ 32%]
lib/python3.7/site-packages/zope/interface/tests/test_declarations.py::TestProvidesClassRepr::test__repr__providedBy_from_class PASSED [ 32%]
lib/python3.7/site-packages/zope/interface/tests/test_declarations.py::Test_Provides::test_no_cached_spec PASSED [ 32%]
lib/python3.7/site-packages/zope/interface/tests/test_declarations.py::Test_Provides::test_w_cached_spec PASSED [ 32%]
lib/python3.7/site-packages/zope/interface/tests/test_declarations.py::Test_directlyProvides::test_w_class PASSED [ 32%]
lib/python3.7/site-packages/zope/interface/tests/test_declarations.py::Test_directlyProvides::test_w_classless_object PASSED [ 32%]
lib/python3.7/site-packages/zope/interface/tests/test_declarations.py::Test_directlyProvides::test_w_non_descriptor_aware_metaclass SKIPPED [ 32%]
lib/python3.7/site-packages/zope/interface/tests/test_declarations.py::Test_directlyProvides::test_w_normal_object PASSED [ 32%]
lib/python3.7/site-packages/zope/interface/tests/test_declarations.py::Test_alsoProvides::test_w_existing_provides PASSED [ 32%]
lib/python3.7/site-packages/zope/interface/tests/test_declarations.py::Test_alsoProvides::test_wo_existing_provides PASSED [ 32%]
lib/python3.7/site-packages/zope/interface/tests/test_declarations.py::Test_noLongerProvides::test_w_existing_provides_hit PASSED [ 32%]
lib/python3.7/site-packages/zope/interface/tests/test_declarations.py::Test_noLongerProvides::test_w_existing_provides_miss PASSED [ 32%]
lib/python3.7/site-packages/zope/interface/tests/test_declarations.py::Test_noLongerProvides::test_w_iface_implemented_by_class PASSED [ 32%]
lib/python3.7/site-packages/zope/interface/tests/test_declarations.py::Test_noLongerProvides::test_wo_existing_provides PASSED [ 32%]
lib/python3.7/site-packages/zope/interface/tests/test_declarations.py::ClassProvidesBaseFallbackTests::test_w_different_class PASSED [ 32%]
lib/python3.7/site-packages/zope/interface/tests/test_declarations.py::ClassProvidesBaseFallbackTests::test_w_same_class_via_class PASSED [ 32%]
lib/python3.7/site-packages/zope/interface/tests/test_declarations.py::ClassProvidesBaseFallbackTests::test_w_same_class_via_instance PASSED [ 32%]
lib/python3.7/site-packages/zope/interface/tests/test_declarations.py::ClassProvidesBaseTests::test_optimizations PASSED [ 32%]
lib/python3.7/site-packages/zope/interface/tests/test_declarations.py::ClassProvidesBaseTests::test_w_different_class PASSED [ 32%]
lib/python3.7/site-packages/zope/interface/tests/test_declarations.py::ClassProvidesBaseTests::test_w_same_class_via_class PASSED [ 32%]
lib/python3.7/site-packages/zope/interface/tests/test_declarations.py::ClassProvidesBaseTests::test_w_same_class_via_instance PASSED [ 32%]
lib/python3.7/site-packages/zope/interface/tests/test_declarations.py::ClassProvidesTests::test___reduce__ PASSED [ 32%]
lib/python3.7/site-packages/zope/interface/tests/test_declarations.py::ClassProvidesTests::test_w_simple_metaclass PASSED [ 32%]
lib/python3.7/site-packages/zope/interface/tests/test_declarations.py::ClassProvidesStrictTests::test___reduce__ PASSED [ 32%]
lib/python3.7/site-packages/zope/interface/tests/test_declarations.py::ClassProvidesStrictTests::test_overlapping_interfaces_corrected PASSED [ 32%]
lib/python3.7/site-packages/zope/interface/tests/test_declarations.py::ClassProvidesStrictTests::test_w_simple_metaclass PASSED [ 32%]
lib/python3.7/site-packages/zope/interface/tests/test_declarations.py::TestClassProvidesRepr::test__repr__duplicate_names PASSED [ 32%]
lib/python3.7/site-packages/zope/interface/tests/test_declarations.py::TestClassProvidesRepr::test__repr__empty PASSED [ 32%]
lib/python3.7/site-packages/zope/interface/tests/test_declarations.py::TestClassProvidesRepr::test__repr__implementedBy PASSED [ 32%]
lib/python3.7/site-packages/zope/interface/tests/test_declarations.py::TestClassProvidesRepr::test__repr__implementedBy_generic_callable PASSED [ 32%]
lib/python3.7/site-packages/zope/interface/tests/test_declarations.py::TestClassProvidesRepr::test__repr__providing_one PASSED [ 32%]
lib/python3.7/site-packages/zope/interface/tests/test_declarations.py::Test_directlyProvidedBy::test_w_declarations_in_class_but_not_instance PASSED [ 32%]
lib/python3.7/site-packages/zope/interface/tests/test_declarations.py::Test_directlyProvidedBy::test_w_declarations_in_instance_and_class PASSED [ 32%]
lib/python3.7/site-packages/zope/interface/tests/test_declarations.py::Test_directlyProvidedBy::test_w_declarations_in_instance_but_not_class PASSED [ 32%]
lib/python3.7/site-packages/zope/interface/tests/test_declarations.py::Test_directlyProvidedBy::test_wo_declarations_in_class_or_instance PASSED [ 32%]
lib/python3.7/site-packages/zope/interface/tests/test_declarations.py::Test_classProvides::test_called_from_function PASSED [ 32%]
lib/python3.7/site-packages/zope/interface/tests/test_declarations.py::Test_classProvides::test_called_once_from_class PASSED [ 33%]
lib/python3.7/site-packages/zope/interface/tests/test_declarations.py::Test_classProvides::test_called_twice_from_class PASSED [ 33%]
lib/python3.7/site-packages/zope/interface/tests/test_declarations.py::Test_provider::test_w_class PASSED [ 33%]
lib/python3.7/site-packages/zope/interface/tests/test_declarations.py::Test_moduleProvides::test_called_from_class PASSED [ 33%]
lib/python3.7/site-packages/zope/interface/tests/test_declarations.py::Test_moduleProvides::test_called_from_function PASSED [ 33%]
lib/python3.7/site-packages/zope/interface/tests/test_declarations.py::Test_moduleProvides::test_called_once_from_module_scope PASSED [ 33%]
lib/python3.7/site-packages/zope/interface/tests/test_declarations.py::Test_moduleProvides::test_called_twice_from_module_scope PASSED [ 33%]
lib/python3.7/site-packages/zope/interface/tests/test_declarations.py::Test_getObjectSpecificationFallback::test_catches_only_AttributeError_on_class PASSED [ 33%]
lib/python3.7/site-packages/zope/interface/tests/test_declarations.py::Test_getObjectSpecificationFallback::test_catches_only_AttributeError_on_provides PASSED [ 33%]
lib/python3.7/site-packages/zope/interface/tests/test_declarations.py::Test_getObjectSpecificationFallback::test_existing_provides PASSED [ 33%]
lib/python3.7/site-packages/zope/interface/tests/test_declarations.py::Test_getObjectSpecificationFallback::test_existing_provides_is_not_spec PASSED [ 33%]
lib/python3.7/site-packages/zope/interface/tests/test_declarations.py::Test_getObjectSpecificationFallback::test_existing_provides_is_spec PASSED [ 33%]
lib/python3.7/site-packages/zope/interface/tests/test_declarations.py::Test_getObjectSpecificationFallback::test_raises_AttributeError_when_provides_fails_type_check_AttributeError PASSED [ 33%]
lib/python3.7/site-packages/zope/interface/tests/test_declarations.py::Test_getObjectSpecificationFallback::test_raises_AttributeError_when_provides_fails_type_check_RuntimeError PASSED [ 33%]
lib/python3.7/site-packages/zope/interface/tests/test_declarations.py::Test_getObjectSpecificationFallback::test_wo_existing_provides_classless PASSED [ 33%]
lib/python3.7/site-packages/zope/interface/tests/test_declarations.py::Test_getObjectSpecificationFallback::test_wo_provides_on_class_w_implements PASSED [ 33%]
lib/python3.7/site-packages/zope/interface/tests/test_declarations.py::Test_getObjectSpecificationFallback::test_wo_provides_on_class_wo_implements PASSED [ 33%]
lib/python3.7/site-packages/zope/interface/tests/test_declarations.py::Test_getObjectSpecification::test_catches_only_AttributeError_on_class PASSED [ 33%]
lib/python3.7/site-packages/zope/interface/tests/test_declarations.py::Test_getObjectSpecification::test_catches_only_AttributeError_on_provides PASSED [ 33%]
lib/python3.7/site-packages/zope/interface/tests/test_declarations.py::Test_getObjectSpecification::test_existing_provides PASSED [ 33%]
lib/python3.7/site-packages/zope/interface/tests/test_declarations.py::Test_getObjectSpecification::test_existing_provides_is_not_spec PASSED [ 33%]
lib/python3.7/site-packages/zope/interface/tests/test_declarations.py::Test_getObjectSpecification::test_existing_provides_is_spec PASSED [ 33%]
lib/python3.7/site-packages/zope/interface/tests/test_declarations.py::Test_getObjectSpecification::test_optimizations PASSED [ 33%]
lib/python3.7/site-packages/zope/interface/tests/test_declarations.py::Test_getObjectSpecification::test_raises_AttributeError_when_provides_fails_type_check_AttributeError PASSED [ 33%]
lib/python3.7/site-packages/zope/interface/tests/test_declarations.py::Test_getObjectSpecification::test_raises_AttributeError_when_provides_fails_type_check_RuntimeError PASSED [ 33%]
lib/python3.7/site-packages/zope/interface/tests/test_declarations.py::Test_getObjectSpecification::test_wo_existing_provides_classless PASSED [ 33%]
lib/python3.7/site-packages/zope/interface/tests/test_declarations.py::Test_getObjectSpecification::test_wo_provides_on_class_w_implements PASSED [ 33%]
lib/python3.7/site-packages/zope/interface/tests/test_declarations.py::Test_getObjectSpecification::test_wo_provides_on_class_wo_implements PASSED [ 33%]
lib/python3.7/site-packages/zope/interface/tests/test_declarations.py::Test_providedByFallback::test_catches_only_AttributeError_on_class PASSED [ 33%]
lib/python3.7/site-packages/zope/interface/tests/test_declarations.py::Test_providedByFallback::test_catches_only_AttributeError_on_providedBy PASSED [ 33%]
lib/python3.7/site-packages/zope/interface/tests/test_declarations.py::Test_providedByFallback::test_super_multi_level_multi_inheritance PASSED [ 33%]
lib/python3.7/site-packages/zope/interface/tests/test_declarations.py::Test_providedByFallback::test_super_when_base_doesnt_implement_interface PASSED [ 33%]
lib/python3.7/site-packages/zope/interface/tests/test_declarations.py::Test_providedByFallback::test_super_when_base_implements_interface PASSED [ 33%]
lib/python3.7/site-packages/zope/interface/tests/test_declarations.py::Test_providedByFallback::test_super_when_base_is_object PASSED [ 33%]
lib/python3.7/site-packages/zope/interface/tests/test_declarations.py::Test_providedByFallback::test_super_when_object_directly_provides PASSED [ 33%]
lib/python3.7/site-packages/zope/interface/tests/test_declarations.py::Test_providedByFallback::test_w_providedBy_invalid_spec PASSED [ 33%]
lib/python3.7/site-packages/zope/interface/tests/test_declarations.py::Test_providedByFallback::test_w_providedBy_invalid_spec_class_w_implements PASSED [ 33%]
lib/python3.7/site-packages/zope/interface/tests/test_declarations.py::Test_providedByFallback::test_w_providedBy_invalid_spec_w_provides_diff_provides_on_class PASSED [ 33%]
lib/python3.7/site-packages/zope/interface/tests/test_declarations.py::Test_providedByFallback::test_w_providedBy_invalid_spec_w_provides_no_provides_on_class PASSED [ 33%]
lib/python3.7/site-packages/zope/interface/tests/test_declarations.py::Test_providedByFallback::test_w_providedBy_invalid_spec_w_provides_same_provides_on_class PASSED [ 33%]
lib/python3.7/site-packages/zope/interface/tests/test_declarations.py::Test_providedByFallback::test_w_providedBy_valid_spec PASSED [ 33%]
lib/python3.7/site-packages/zope/interface/tests/test_declarations.py::Test_providedByFallback::test_wo_providedBy_on_class_wo_implements PASSED [ 33%]
lib/python3.7/site-packages/zope/interface/tests/test_declarations.py::Test_providedBy::test_catches_only_AttributeError_on_class PASSED [ 33%]
lib/python3.7/site-packages/zope/interface/tests/test_declarations.py::Test_providedBy::test_catches_only_AttributeError_on_providedBy PASSED [ 33%]
lib/python3.7/site-packages/zope/interface/tests/test_declarations.py::Test_providedBy::test_optimizations PASSED [ 34%]
lib/python3.7/site-packages/zope/interface/tests/test_declarations.py::Test_providedBy::test_super_multi_level_multi_inheritance PASSED [ 34%]
lib/python3.7/site-packages/zope/interface/tests/test_declarations.py::Test_providedBy::test_super_when_base_doesnt_implement_interface PASSED [ 34%]
lib/python3.7/site-packages/zope/interface/tests/test_declarations.py::Test_providedBy::test_super_when_base_implements_interface PASSED [ 34%]
lib/python3.7/site-packages/zope/interface/tests/test_declarations.py::Test_providedBy::test_super_when_base_is_object PASSED [ 34%]
lib/python3.7/site-packages/zope/interface/tests/test_declarations.py::Test_providedBy::test_super_when_object_directly_provides PASSED [ 34%]
lib/python3.7/site-packages/zope/interface/tests/test_declarations.py::Test_providedBy::test_w_providedBy_invalid_spec PASSED [ 34%]
lib/python3.7/site-packages/zope/interface/tests/test_declarations.py::Test_providedBy::test_w_providedBy_invalid_spec_class_w_implements PASSED [ 34%]
lib/python3.7/site-packages/zope/interface/tests/test_declarations.py::Test_providedBy::test_w_providedBy_invalid_spec_w_provides_diff_provides_on_class PASSED [ 34%]
lib/python3.7/site-packages/zope/interface/tests/test_declarations.py::Test_providedBy::test_w_providedBy_invalid_spec_w_provides_no_provides_on_class PASSED [ 34%]
lib/python3.7/site-packages/zope/interface/tests/test_declarations.py::Test_providedBy::test_w_providedBy_invalid_spec_w_provides_same_provides_on_class PASSED [ 34%]
lib/python3.7/site-packages/zope/interface/tests/test_declarations.py::Test_providedBy::test_w_providedBy_valid_spec PASSED [ 34%]
lib/python3.7/site-packages/zope/interface/tests/test_declarations.py::Test_providedBy::test_wo_providedBy_on_class_wo_implements PASSED [ 34%]
lib/python3.7/site-packages/zope/interface/tests/test_declarations.py::ObjectSpecificationDescriptorFallbackTests::test_AttributeError_accessing_provides_caught PASSED [ 34%]
lib/python3.7/site-packages/zope/interface/tests/test_declarations.py::ObjectSpecificationDescriptorFallbackTests::test_None_in__provides__overrides PASSED [ 34%]
lib/python3.7/site-packages/zope/interface/tests/test_declarations.py::ObjectSpecificationDescriptorFallbackTests::test_accessed_via_class PASSED [ 34%]
lib/python3.7/site-packages/zope/interface/tests/test_declarations.py::ObjectSpecificationDescriptorFallbackTests::test_accessed_via_inst_w_provides PASSED [ 34%]
lib/python3.7/site-packages/zope/interface/tests/test_declarations.py::ObjectSpecificationDescriptorFallbackTests::test_accessed_via_inst_wo_provides PASSED [ 34%]
lib/python3.7/site-packages/zope/interface/tests/test_declarations.py::ObjectSpecificationDescriptorFallbackTests::test_arbitrary_exception_accessing_provides_not_caught PASSED [ 34%]
lib/python3.7/site-packages/zope/interface/tests/test_declarations.py::ObjectSpecificationDescriptorTests::test_AttributeError_accessing_provides_caught PASSED [ 34%]
lib/python3.7/site-packages/zope/interface/tests/test_declarations.py::ObjectSpecificationDescriptorTests::test_None_in__provides__overrides PASSED [ 34%]
lib/python3.7/site-packages/zope/interface/tests/test_declarations.py::ObjectSpecificationDescriptorTests::test_accessed_via_class PASSED [ 34%]
lib/python3.7/site-packages/zope/interface/tests/test_declarations.py::ObjectSpecificationDescriptorTests::test_accessed_via_inst_w_provides PASSED [ 34%]
lib/python3.7/site-packages/zope/interface/tests/test_declarations.py::ObjectSpecificationDescriptorTests::test_accessed_via_inst_wo_provides PASSED [ 34%]
lib/python3.7/site-packages/zope/interface/tests/test_declarations.py::ObjectSpecificationDescriptorTests::test_arbitrary_exception_accessing_provides_not_caught PASSED [ 34%]
lib/python3.7/site-packages/zope/interface/tests/test_declarations.py::ObjectSpecificationDescriptorTests::test_optimizations PASSED [ 34%]
lib/python3.7/site-packages/zope/interface/tests/test_document.py::Test_asStructuredText::test_asStructuredText_derived_ignores_base PASSED [ 34%]
lib/python3.7/site-packages/zope/interface/tests/test_document.py::Test_asStructuredText::test_asStructuredText_empty_with_docstring PASSED [ 34%]
lib/python3.7/site-packages/zope/interface/tests/test_document.py::Test_asStructuredText::test_asStructuredText_empty_with_multiline_docstring PASSED [ 34%]
lib/python3.7/site-packages/zope/interface/tests/test_document.py::Test_asStructuredText::test_asStructuredText_no_docstring PASSED [ 34%]
lib/python3.7/site-packages/zope/interface/tests/test_document.py::Test_asStructuredText::test_asStructuredText_with_attribute_no_docstring PASSED [ 34%]
lib/python3.7/site-packages/zope/interface/tests/test_document.py::Test_asStructuredText::test_asStructuredText_with_attribute_with_docstring PASSED [ 34%]
lib/python3.7/site-packages/zope/interface/tests/test_document.py::Test_asStructuredText::test_asStructuredText_with_method_kwargs_no_docstring PASSED [ 34%]
lib/python3.7/site-packages/zope/interface/tests/test_document.py::Test_asStructuredText::test_asStructuredText_with_method_no_args_no_docstring PASSED [ 34%]
lib/python3.7/site-packages/zope/interface/tests/test_document.py::Test_asStructuredText::test_asStructuredText_with_method_positional_args_no_docstring PASSED [ 34%]
lib/python3.7/site-packages/zope/interface/tests/test_document.py::Test_asStructuredText::test_asStructuredText_with_method_starargs_no_docstring PASSED [ 34%]
lib/python3.7/site-packages/zope/interface/tests/test_document.py::Test_asStructuredText::test_asStructuredText_with_method_with_docstring PASSED [ 34%]
lib/python3.7/site-packages/zope/interface/tests/test_document.py::Test_asReStructuredText::test_asReStructuredText_derived_ignores_base PASSED [ 34%]
lib/python3.7/site-packages/zope/interface/tests/test_document.py::Test_asReStructuredText::test_asReStructuredText_empty_with_docstring PASSED [ 34%]
lib/python3.7/site-packages/zope/interface/tests/test_document.py::Test_asReStructuredText::test_asReStructuredText_empty_with_multiline_docstring PASSED [ 34%]
lib/python3.7/site-packages/zope/interface/tests/test_document.py::Test_asReStructuredText::test_asReStructuredText_no_docstring PASSED [ 34%]
lib/python3.7/site-packages/zope/interface/tests/test_document.py::Test_asReStructuredText::test_asReStructuredText_with_attribute_no_docstring PASSED [ 34%]
lib/python3.7/site-packages/zope/interface/tests/test_document.py::Test_asReStructuredText::test_asReStructuredText_with_attribute_with_docstring PASSED [ 34%]
lib/python3.7/site-packages/zope/interface/tests/test_document.py::Test_asReStructuredText::test_asReStructuredText_with_method_kwargs_no_docstring PASSED [ 34%]
lib/python3.7/site-packages/zope/interface/tests/test_document.py::Test_asReStructuredText::test_asReStructuredText_with_method_no_args_no_docstring PASSED [ 35%]
lib/python3.7/site-packages/zope/interface/tests/test_document.py::Test_asReStructuredText::test_asReStructuredText_with_method_positional_args_no_docstring PASSED [ 35%]
lib/python3.7/site-packages/zope/interface/tests/test_document.py::Test_asReStructuredText::test_asReStructuredText_with_method_starargs_no_docstring PASSED [ 35%]
lib/python3.7/site-packages/zope/interface/tests/test_document.py::Test_asReStructuredText::test_asReStructuredText_with_method_with_docstring PASSED [ 35%]
lib/python3.7/site-packages/zope/interface/tests/test_document.py::Test__justify_and_indent::test_simple_level_0 PASSED [ 35%]
lib/python3.7/site-packages/zope/interface/tests/test_document.py::Test__justify_and_indent::test_simple_level_1 PASSED [ 35%]
lib/python3.7/site-packages/zope/interface/tests/test_document.py::Test__justify_and_indent::test_simple_level_2 PASSED [ 35%]
lib/python3.7/site-packages/zope/interface/tests/test_document.py::Test__justify_and_indent::test_simple_w_CRLF PASSED [ 35%]
lib/python3.7/site-packages/zope/interface/tests/test_document.py::Test__justify_and_indent::test_with_munge PASSED [ 35%]
lib/python3.7/site-packages/zope/interface/tests/test_element.py::TestElement::test_taggedValues PASSED [ 35%]
lib/python3.7/site-packages/zope/interface/tests/test_exceptions.py::DoesNotImplementTests::test___str__ FAILED [ 35%]
lib/python3.7/site-packages/zope/interface/tests/test_exceptions.py::DoesNotImplementTests::test___str__w_candidate FAILED [ 35%]
lib/python3.7/site-packages/zope/interface/tests/test_exceptions.py::BrokenImplementationTests::test___str__ FAILED [ 35%]
lib/python3.7/site-packages/zope/interface/tests/test_exceptions.py::BrokenImplementationTests::test___str__w_candidate FAILED [ 35%]
lib/python3.7/site-packages/zope/interface/tests/test_exceptions.py::BrokenMethodImplementationTests::test___repr__w_candidate PASSED [ 35%]
lib/python3.7/site-packages/zope/interface/tests/test_exceptions.py::BrokenMethodImplementationTests::test___str__ PASSED [ 35%]
lib/python3.7/site-packages/zope/interface/tests/test_exceptions.py::BrokenMethodImplementationTests::test___str__w_candidate_no_implementation PASSED [ 35%]
lib/python3.7/site-packages/zope/interface/tests/test_exceptions.py::BrokenMethodImplementationTests::test___str__w_candidate_w_implementation PASSED [ 35%]
lib/python3.7/site-packages/zope/interface/tests/test_exceptions.py::BrokenMethodImplementationTests::test___str__w_candidate_w_implementation_not_callable PASSED [ 35%]
lib/python3.7/site-packages/zope/interface/tests/test_exceptions.py::MultipleInvalidTests::test__repr__ FAILED [ 35%]
lib/python3.7/site-packages/zope/interface/tests/test_exceptions.py::MultipleInvalidTests::test__str__ FAILED [ 35%]
lib/python3.7/site-packages/zope/interface/tests/test_interface.py::Test_invariant::test_w_multiple PASSED [ 35%]
lib/python3.7/site-packages/zope/interface/tests/test_interface.py::Test_invariant::test_w_single PASSED [ 35%]
lib/python3.7/site-packages/zope/interface/tests/test_interface.py::Test_taggedValue::test_w_multiple PASSED [ 35%]
lib/python3.7/site-packages/zope/interface/tests/test_interface.py::Test_taggedValue::test_w_multiple_overwriting PASSED [ 35%]
lib/python3.7/site-packages/zope/interface/tests/test_interface.py::Test_taggedValue::test_w_single PASSED [ 35%]
lib/python3.7/site-packages/zope/interface/tests/test_interface.py::ElementTests::test_ctor_defaults PASSED [ 35%]
lib/python3.7/site-packages/zope/interface/tests/test_interface.py::ElementTests::test_ctor_no_doc_space_in_name PASSED [ 35%]
lib/python3.7/site-packages/zope/interface/tests/test_interface.py::ElementTests::test_getDirectTaggedValueTags PASSED [ 35%]
lib/python3.7/site-packages/zope/interface/tests/test_interface.py::ElementTests::test_getDirectTaggedValue_miss PASSED [ 35%]
lib/python3.7/site-packages/zope/interface/tests/test_interface.py::ElementTests::test_getTaggedValue_miss PASSED [ 35%]
lib/python3.7/site-packages/zope/interface/tests/test_interface.py::ElementTests::test_queryDirectTaggedValue_miss PASSED [ 35%]
lib/python3.7/site-packages/zope/interface/tests/test_interface.py::ElementTests::test_queryDirectTaggedValue_miss_w_default PASSED [ 35%]
lib/python3.7/site-packages/zope/interface/tests/test_interface.py::ElementTests::test_queryTaggedValue_miss PASSED [ 35%]
lib/python3.7/site-packages/zope/interface/tests/test_interface.py::ElementTests::test_queryTaggedValue_miss_w_default PASSED [ 35%]
lib/python3.7/site-packages/zope/interface/tests/test_interface.py::ElementTests::test_setTaggedValue PASSED [ 35%]
lib/python3.7/site-packages/zope/interface/tests/test_interface.py::ElementTests::test_verifies PASSED [ 35%]
lib/python3.7/site-packages/zope/interface/tests/test_interface.py::GenericSpecificationBaseTests::test_implementedBy_miss PASSED [ 35%]
lib/python3.7/site-packages/zope/interface/tests/test_interface.py::GenericSpecificationBaseTests::test_providedBy_miss PASSED [ 35%]
lib/python3.7/site-packages/zope/interface/tests/test_interface.py::SpecificationBaseTests::test_implementedBy_miss PASSED [ 35%]
lib/python3.7/site-packages/zope/interface/tests/test_interface.py::SpecificationBaseTests::test_optimizations PASSED [ 35%]
lib/python3.7/site-packages/zope/interface/tests/test_interface.py::SpecificationBaseTests::test_providedBy_miss PASSED [ 35%]
lib/python3.7/site-packages/zope/interface/tests/test_interface.py::SpecificationBasePyTests::test___call___hit PASSED [ 35%]
lib/python3.7/site-packages/zope/interface/tests/test_interface.py::SpecificationBasePyTests::test___call___miss PASSED [ 35%]
lib/python3.7/site-packages/zope/interface/tests/test_interface.py::SpecificationBasePyTests::test_implementedBy_hit PASSED [ 36%]
lib/python3.7/site-packages/zope/interface/tests/test_interface.py::SpecificationBasePyTests::test_implementedBy_miss PASSED [ 36%]
lib/python3.7/site-packages/zope/interface/tests/test_interface.py::SpecificationBasePyTests::test_isOrExtends_hit PASSED [ 36%]
lib/python3.7/site-packages/zope/interface/tests/test_interface.py::SpecificationBasePyTests::test_isOrExtends_miss PASSED [ 36%]
lib/python3.7/site-packages/zope/interface/tests/test_interface.py::SpecificationBasePyTests::test_providedBy_hit PASSED [ 36%]
lib/python3.7/site-packages/zope/interface/tests/test_interface.py::SpecificationBasePyTests::test_providedBy_miss PASSED [ 36%]
lib/python3.7/site-packages/zope/interface/tests/test_interface.py::InterfaceBaseTests::test___call___w___conform___ob_no_provides_wo_alternate PASSED [ 36%]
lib/python3.7/site-packages/zope/interface/tests/test_interface.py::InterfaceBaseTests::test___call___w___conform___returning_value PASSED [ 36%]
lib/python3.7/site-packages/zope/interface/tests/test_interface.py::InterfaceBaseTests::test___call___w_no_conform_catches_only_AttributeError PASSED [ 36%]
lib/python3.7/site-packages/zope/interface/tests/test_interface.py::InterfaceBaseTests::test___call___wo___conform___ob_no_provides_w_alternate PASSED [ 36%]
lib/python3.7/site-packages/zope/interface/tests/test_interface.py::InterfaceBaseTests::test__ge__NotImplemented PASSED [ 36%]
lib/python3.7/site-packages/zope/interface/tests/test_interface.py::InterfaceBaseTests::test__gt__NotImplemented PASSED [ 36%]
lib/python3.7/site-packages/zope/interface/tests/test_interface.py::InterfaceBaseTests::test__le__NotImplemented PASSED [ 36%]
lib/python3.7/site-packages/zope/interface/tests/test_interface.py::InterfaceBaseTests::test__lt__NotImplemented PASSED [ 36%]
lib/python3.7/site-packages/zope/interface/tests/test_interface.py::InterfaceBaseTests::test_optimizations PASSED [ 36%]
lib/python3.7/site-packages/zope/interface/tests/test_interface.py::InterfaceBasePyTests::test___adapt___ob_no_provides_uses_hooks PASSED [ 36%]
lib/python3.7/site-packages/zope/interface/tests/test_interface.py::InterfaceBasePyTests::test___adapt___ob_provides PASSED [ 36%]
lib/python3.7/site-packages/zope/interface/tests/test_interface.py::InterfaceBasePyTests::test___call___w___conform___miss_ob_provides PASSED [ 36%]
lib/python3.7/site-packages/zope/interface/tests/test_interface.py::InterfaceBasePyTests::test___call___w___conform___ob_no_provides_wo_alternate PASSED [ 36%]
lib/python3.7/site-packages/zope/interface/tests/test_interface.py::InterfaceBasePyTests::test___call___w___conform___returning_value PASSED [ 36%]
lib/python3.7/site-packages/zope/interface/tests/test_interface.py::InterfaceBasePyTests::test___call___w_no_conform_catches_only_AttributeError PASSED [ 36%]
lib/python3.7/site-packages/zope/interface/tests/test_interface.py::InterfaceBasePyTests::test___call___wo___conform___ob_no_provides_w_alternate PASSED [ 36%]
lib/python3.7/site-packages/zope/interface/tests/test_interface.py::InterfaceBasePyTests::test__ge__NotImplemented PASSED [ 36%]
lib/python3.7/site-packages/zope/interface/tests/test_interface.py::InterfaceBasePyTests::test__gt__NotImplemented PASSED [ 36%]
lib/python3.7/site-packages/zope/interface/tests/test_interface.py::InterfaceBasePyTests::test__le__NotImplemented PASSED [ 36%]
lib/python3.7/site-packages/zope/interface/tests/test_interface.py::InterfaceBasePyTests::test__lt__NotImplemented PASSED [ 36%]
lib/python3.7/site-packages/zope/interface/tests/test_interface.py::SpecificationTests::test___setBases_subscribes_bases_and_notifies_dependents PASSED [ 36%]
lib/python3.7/site-packages/zope/interface/tests/test_interface.py::SpecificationTests::test_changed_clears_volatiles_and_implied PASSED [ 36%]
lib/python3.7/site-packages/zope/interface/tests/test_interface.py::SpecificationTests::test_ctor PASSED [ 36%]
lib/python3.7/site-packages/zope/interface/tests/test_interface.py::SpecificationTests::test_extends_non_strict_w_self PASSED [ 36%]
lib/python3.7/site-packages/zope/interface/tests/test_interface.py::SpecificationTests::test_extends_strict_w_self PASSED [ 36%]
lib/python3.7/site-packages/zope/interface/tests/test_interface.py::SpecificationTests::test_extends_strict_wo_self PASSED [ 36%]
lib/python3.7/site-packages/zope/interface/tests/test_interface.py::SpecificationTests::test_get_hit_from_base_wo__v_attrs PASSED [ 36%]
lib/python3.7/site-packages/zope/interface/tests/test_interface.py::SpecificationTests::test_get_hit_w__v_attrs PASSED [ 36%]
lib/python3.7/site-packages/zope/interface/tests/test_interface.py::SpecificationTests::test_interfaces_skips_already_seen PASSED [ 36%]
lib/python3.7/site-packages/zope/interface/tests/test_interface.py::SpecificationTests::test_multiple_inheritance_no_interfaces PASSED [ 36%]
lib/python3.7/site-packages/zope/interface/tests/test_interface.py::SpecificationTests::test_subscribe_again PASSED [ 36%]
lib/python3.7/site-packages/zope/interface/tests/test_interface.py::SpecificationTests::test_subscribe_first_time PASSED [ 36%]
lib/python3.7/site-packages/zope/interface/tests/test_interface.py::SpecificationTests::test_unsubscribe PASSED [ 36%]
lib/python3.7/site-packages/zope/interface/tests/test_interface.py::SpecificationTests::test_unsubscribe_miss PASSED [ 36%]
lib/python3.7/site-packages/zope/interface/tests/test_interface.py::InterfaceClassTests::test___contains___hit PASSED [ 36%]
lib/python3.7/site-packages/zope/interface/tests/test_interface.py::InterfaceClassTests::test___contains___miss PASSED [ 36%]
lib/python3.7/site-packages/zope/interface/tests/test_interface.py::InterfaceClassTests::test___getitem___hit PASSED [ 36%]
lib/python3.7/site-packages/zope/interface/tests/test_interface.py::InterfaceClassTests::test___getitem___miss PASSED [ 36%]
lib/python3.7/site-packages/zope/interface/tests/test_interface.py::InterfaceClassTests::test___hash___missing_required_attrs PASSED [ 37%]
lib/python3.7/site-packages/zope/interface/tests/test_interface.py::InterfaceClassTests::test___hash___normal FAILED [ 37%]
lib/python3.7/site-packages/zope/interface/tests/test_interface.py::InterfaceClassTests::test___iter__ PASSED [ 37%]
lib/python3.7/site-packages/zope/interface/tests/test_interface.py::InterfaceClassTests::test___reduce__ PASSED [ 37%]
lib/python3.7/site-packages/zope/interface/tests/test_interface.py::InterfaceClassTests::test__module__is_readonly PASSED [ 37%]
lib/python3.7/site-packages/zope/interface/tests/test_interface.py::InterfaceClassTests::test_assignment_to__class__ PASSED [ 37%]
lib/python3.7/site-packages/zope/interface/tests/test_interface.py::InterfaceClassTests::test_assignment_to__class__2 PASSED [ 37%]
lib/python3.7/site-packages/zope/interface/tests/test_interface.py::InterfaceClassTests::test_comparison_with_None PASSED [ 37%]
lib/python3.7/site-packages/zope/interface/tests/test_interface.py::InterfaceClassTests::test_comparison_with_same_instance PASSED [ 37%]
lib/python3.7/site-packages/zope/interface/tests/test_interface.py::InterfaceClassTests::test_comparison_with_same_named_instance_in_other_module PASSED [ 37%]
lib/python3.7/site-packages/zope/interface/tests/test_interface.py::InterfaceClassTests::test_ctor_attrs_w___annotations__ PASSED [ 37%]
lib/python3.7/site-packages/zope/interface/tests/test_interface.py::InterfaceClassTests::test_ctor_attrs_w___locals__ PASSED [ 37%]
lib/python3.7/site-packages/zope/interface/tests/test_interface.py::InterfaceClassTests::test_ctor_attrs_w__decorator_non_return PASSED [ 37%]
lib/python3.7/site-packages/zope/interface/tests/test_interface.py::InterfaceClassTests::test_ctor_attrs_w_invalid_attr_type PASSED [ 37%]
lib/python3.7/site-packages/zope/interface/tests/test_interface.py::InterfaceClassTests::test_ctor_bad_bases PASSED [ 37%]
lib/python3.7/site-packages/zope/interface/tests/test_interface.py::InterfaceClassTests::test_ctor_defaults PASSED [ 37%]
lib/python3.7/site-packages/zope/interface/tests/test_interface.py::InterfaceClassTests::test_ctor_w_attrs_attrib_methods PASSED [ 37%]
lib/python3.7/site-packages/zope/interface/tests/test_interface.py::InterfaceClassTests::test_ctor_w_explicit___doc__ PASSED [ 37%]
lib/python3.7/site-packages/zope/interface/tests/test_interface.py::InterfaceClassTests::test_direct_hit_local_miss_bases PASSED [ 37%]
lib/python3.7/site-packages/zope/interface/tests/test_interface.py::InterfaceClassTests::test_direct_miss PASSED [ 37%]
lib/python3.7/site-packages/zope/interface/tests/test_interface.py::InterfaceClassTests::test_getBases PASSED [ 37%]
lib/python3.7/site-packages/zope/interface/tests/test_interface.py::InterfaceClassTests::test_getDescriptionFor_hit PASSED [ 37%]
lib/python3.7/site-packages/zope/interface/tests/test_interface.py::InterfaceClassTests::test_getDescriptionFor_miss PASSED [ 37%]
lib/python3.7/site-packages/zope/interface/tests/test_interface.py::InterfaceClassTests::test_interfaces PASSED [ 37%]
lib/python3.7/site-packages/zope/interface/tests/test_interface.py::InterfaceClassTests::test_isEqualOrExtendedBy_identity PASSED [ 37%]
lib/python3.7/site-packages/zope/interface/tests/test_interface.py::InterfaceClassTests::test_isEqualOrExtendedBy_subiface PASSED [ 37%]
lib/python3.7/site-packages/zope/interface/tests/test_interface.py::InterfaceClassTests::test_isEqualOrExtendedBy_unrelated PASSED [ 37%]
lib/python3.7/site-packages/zope/interface/tests/test_interface.py::InterfaceClassTests::test_namesAndDescriptions_w_all_False_ignores_bases PASSED [ 37%]
lib/python3.7/site-packages/zope/interface/tests/test_interface.py::InterfaceClassTests::test_namesAndDescriptions_w_all_True_bases_w_same_names PASSED [ 37%]
lib/python3.7/site-packages/zope/interface/tests/test_interface.py::InterfaceClassTests::test_namesAndDescriptions_w_all_True_no_bases PASSED [ 37%]
lib/python3.7/site-packages/zope/interface/tests/test_interface.py::InterfaceClassTests::test_namesAndDescriptions_w_all_True_simple PASSED [ 37%]
lib/python3.7/site-packages/zope/interface/tests/test_interface.py::InterfaceClassTests::test_names_w_all_False_ignores_bases PASSED [ 37%]
lib/python3.7/site-packages/zope/interface/tests/test_interface.py::InterfaceClassTests::test_names_w_all_True_bases_w_same_names PASSED [ 37%]
lib/python3.7/site-packages/zope/interface/tests/test_interface.py::InterfaceClassTests::test_names_w_all_True_no_bases PASSED [ 37%]
lib/python3.7/site-packages/zope/interface/tests/test_interface.py::InterfaceClassTests::test_names_w_all_True_w_bases_simple PASSED [ 37%]
lib/python3.7/site-packages/zope/interface/tests/test_interface.py::InterfaceClassTests::test_queryDescriptionFor_hit PASSED [ 37%]
lib/python3.7/site-packages/zope/interface/tests/test_interface.py::InterfaceClassTests::test_queryDescriptionFor_miss PASSED [ 37%]
lib/python3.7/site-packages/zope/interface/tests/test_interface.py::InterfaceClassTests::test_validateInvariants_fail_in_base_w_errors_passed PASSED [ 37%]
lib/python3.7/site-packages/zope/interface/tests/test_interface.py::InterfaceClassTests::test_validateInvariants_fail_in_base_wo_errors_passed PASSED [ 37%]
lib/python3.7/site-packages/zope/interface/tests/test_interface.py::InterfaceClassTests::test_validateInvariants_fail_w_errors_passed PASSED [ 37%]
lib/python3.7/site-packages/zope/interface/tests/test_interface.py::InterfaceClassTests::test_validateInvariants_fail_wo_errors_passed PASSED [ 37%]
lib/python3.7/site-packages/zope/interface/tests/test_interface.py::InterfaceClassTests::test_validateInvariants_inherited_not_called_multiple_times PASSED [ 37%]
lib/python3.7/site-packages/zope/interface/tests/test_interface.py::InterfaceClassTests::test_validateInvariants_pass PASSED [ 37%]
lib/python3.7/site-packages/zope/interface/tests/test_interface.py::InterfaceTests::testInterfaceExtendsInterface PASSED [ 37%]
lib/python3.7/site-packages/zope/interface/tests/test_interface.py::InterfaceTests::testIssue228 SKIPPED [ 38%]
lib/python3.7/site-packages/zope/interface/tests/test_interface.py::InterfaceTests::test___adapt___as_method_and_implementation PASSED [ 38%]
lib/python3.7/site-packages/zope/interface/tests/test_interface.py::InterfaceTests::test___adapt__inheritance_and_type PASSED [ 38%]
lib/python3.7/site-packages/zope/interface/tests/test_interface.py::InterfaceTests::test___call___defers_to___conform___ PASSED [ 38%]
lib/python3.7/site-packages/zope/interface/tests/test_interface.py::InterfaceTests::test___call___miss_w_alternate PASSED [ 38%]
lib/python3.7/site-packages/zope/interface/tests/test_interface.py::InterfaceTests::test___call___miss_wo_alternate PASSED [ 38%]
lib/python3.7/site-packages/zope/interface/tests/test_interface.py::InterfaceTests::test___call___object_implements PASSED [ 38%]
lib/python3.7/site-packages/zope/interface/tests/test_interface.py::InterfaceTests::test___call___w_adapter_hook PASSED [ 38%]
lib/python3.7/site-packages/zope/interface/tests/test_interface.py::InterfaceTests::test___call___w_overridden_adapt PASSED [ 38%]
lib/python3.7/site-packages/zope/interface/tests/test_interface.py::InterfaceTests::test___call___w_overridden_adapt_and_conform PASSED [ 38%]
lib/python3.7/site-packages/zope/interface/tests/test_interface.py::InterfaceTests::test___call___w_overridden_adapt_call_super PASSED [ 38%]
lib/python3.7/site-packages/zope/interface/tests/test_interface.py::InterfaceTests::test___contains__derived PASSED [ 38%]
lib/python3.7/site-packages/zope/interface/tests/test_interface.py::InterfaceTests::test___contains__nonesuch PASSED [ 38%]
lib/python3.7/site-packages/zope/interface/tests/test_interface.py::InterfaceTests::test___contains__simple PASSED [ 38%]
lib/python3.7/site-packages/zope/interface/tests/test_interface.py::InterfaceTests::test___doc___as_element PASSED [ 38%]
lib/python3.7/site-packages/zope/interface/tests/test_interface.py::InterfaceTests::test___doc___element PASSED [ 38%]
lib/python3.7/site-packages/zope/interface/tests/test_interface.py::InterfaceTests::test___doc___non_element PASSED [ 38%]
lib/python3.7/site-packages/zope/interface/tests/test_interface.py::InterfaceTests::test___getitem___derived PASSED [ 38%]
lib/python3.7/site-packages/zope/interface/tests/test_interface.py::InterfaceTests::test___getitem__nonesuch PASSED [ 38%]
lib/python3.7/site-packages/zope/interface/tests/test_interface.py::InterfaceTests::test___getitem__simple PASSED [ 38%]
lib/python3.7/site-packages/zope/interface/tests/test_interface.py::InterfaceTests::test___iter__derived PASSED [ 38%]
lib/python3.7/site-packages/zope/interface/tests/test_interface.py::InterfaceTests::test___iter__empty PASSED [ 38%]
lib/python3.7/site-packages/zope/interface/tests/test_interface.py::InterfaceTests::test___iter__simple PASSED [ 38%]
lib/python3.7/site-packages/zope/interface/tests/test_interface.py::InterfaceTests::test_attributes_link_to_interface PASSED [ 38%]
lib/python3.7/site-packages/zope/interface/tests/test_interface.py::InterfaceTests::test_classImplements_base_and_derived PASSED [ 38%]
lib/python3.7/site-packages/zope/interface/tests/test_interface.py::InterfaceTests::test_classImplements_base_not_derived PASSED [ 38%]
lib/python3.7/site-packages/zope/interface/tests/test_interface.py::InterfaceTests::test_classImplements_multiple PASSED [ 38%]
lib/python3.7/site-packages/zope/interface/tests/test_interface.py::InterfaceTests::test_classImplements_multiple_w_explict_implements PASSED [ 38%]
lib/python3.7/site-packages/zope/interface/tests/test_interface.py::InterfaceTests::test_classImplements_simple PASSED [ 38%]
lib/python3.7/site-packages/zope/interface/tests/test_interface.py::InterfaceTests::test_description_cache_management PASSED [ 38%]
lib/python3.7/site-packages/zope/interface/tests/test_interface.py::InterfaceTests::test_function_attributes_become_tagged_values PASSED [ 38%]
lib/python3.7/site-packages/zope/interface/tests/test_interface.py::InterfaceTests::test_getDescriptionFor_derived PASSED [ 38%]
lib/python3.7/site-packages/zope/interface/tests/test_interface.py::InterfaceTests::test_getDescriptionFor_nonesuch_no_default PASSED [ 38%]
lib/python3.7/site-packages/zope/interface/tests/test_interface.py::InterfaceTests::test_getDescriptionFor_simple PASSED [ 38%]
lib/python3.7/site-packages/zope/interface/tests/test_interface.py::InterfaceTests::test_getDirectTaggedValue_ignores__iro__ PASSED [ 38%]
lib/python3.7/site-packages/zope/interface/tests/test_interface.py::InterfaceTests::test_getTaggedValue_follows__iro__ PASSED [ 38%]
lib/python3.7/site-packages/zope/interface/tests/test_interface.py::InterfaceTests::test_interface_object_provides_Interface PASSED [ 38%]
lib/python3.7/site-packages/zope/interface/tests/test_interface.py::InterfaceTests::test_interfacemethod_is_general PASSED [ 38%]
lib/python3.7/site-packages/zope/interface/tests/test_interface.py::InterfaceTests::test_invariant_as_decorator PASSED [ 38%]
lib/python3.7/site-packages/zope/interface/tests/test_interface.py::InterfaceTests::test_invariant_mutandis PASSED [ 38%]
lib/python3.7/site-packages/zope/interface/tests/test_interface.py::InterfaceTests::test_invariant_nested PASSED [ 38%]
lib/python3.7/site-packages/zope/interface/tests/test_interface.py::InterfaceTests::test_invariant_simple PASSED [ 38%]
lib/python3.7/site-packages/zope/interface/tests/test_interface.py::InterfaceTests::test_methods_link_to_interface PASSED [ 38%]
lib/python3.7/site-packages/zope/interface/tests/test_interface.py::InterfaceTests::test_namesAndDescriptions_derived PASSED [ 38%]
lib/python3.7/site-packages/zope/interface/tests/test_interface.py::InterfaceTests::test_namesAndDescriptions_simple PASSED [ 39%]
lib/python3.7/site-packages/zope/interface/tests/test_interface.py::InterfaceTests::test_names_derived PASSED [ 39%]
lib/python3.7/site-packages/zope/interface/tests/test_interface.py::InterfaceTests::test_names_simple PASSED [ 39%]
lib/python3.7/site-packages/zope/interface/tests/test_interface.py::InterfaceTests::test_taggedValue PASSED [ 39%]
lib/python3.7/site-packages/zope/interface/tests/test_interface.py::InterfaceTests::test_verifyClass PASSED [ 39%]
lib/python3.7/site-packages/zope/interface/tests/test_interface.py::InterfaceTests::test_verifyObject PASSED [ 39%]
lib/python3.7/site-packages/zope/interface/tests/test_interface.py::AttributeTests::test__repr__w_interface PASSED [ 39%]
lib/python3.7/site-packages/zope/interface/tests/test_interface.py::AttributeTests::test__repr__wo_interface PASSED [ 39%]
lib/python3.7/site-packages/zope/interface/tests/test_interface.py::AttributeTests::test__str__w_interface PASSED [ 39%]
lib/python3.7/site-packages/zope/interface/tests/test_interface.py::AttributeTests::test__str__wo_interface PASSED [ 39%]
lib/python3.7/site-packages/zope/interface/tests/test_interface.py::AttributeTests::test_ctor_defaults PASSED [ 39%]
lib/python3.7/site-packages/zope/interface/tests/test_interface.py::AttributeTests::test_ctor_no_doc_space_in_name PASSED [ 39%]
lib/python3.7/site-packages/zope/interface/tests/test_interface.py::AttributeTests::test_getDirectTaggedValueTags PASSED [ 39%]
lib/python3.7/site-packages/zope/interface/tests/test_interface.py::AttributeTests::test_getDirectTaggedValue_miss PASSED [ 39%]
lib/python3.7/site-packages/zope/interface/tests/test_interface.py::AttributeTests::test_getTaggedValue_miss PASSED [ 39%]
lib/python3.7/site-packages/zope/interface/tests/test_interface.py::AttributeTests::test_queryDirectTaggedValue_miss PASSED [ 39%]
lib/python3.7/site-packages/zope/interface/tests/test_interface.py::AttributeTests::test_queryDirectTaggedValue_miss_w_default PASSED [ 39%]
lib/python3.7/site-packages/zope/interface/tests/test_interface.py::AttributeTests::test_queryTaggedValue_miss PASSED [ 39%]
lib/python3.7/site-packages/zope/interface/tests/test_interface.py::AttributeTests::test_queryTaggedValue_miss_w_default PASSED [ 39%]
lib/python3.7/site-packages/zope/interface/tests/test_interface.py::AttributeTests::test_setTaggedValue PASSED [ 39%]
lib/python3.7/site-packages/zope/interface/tests/test_interface.py::AttributeTests::test_verifies PASSED [ 39%]
lib/python3.7/site-packages/zope/interface/tests/test_interface.py::MethodTests::test___call___raises_BrokenImplementation PASSED [ 39%]
lib/python3.7/site-packages/zope/interface/tests/test_interface.py::MethodTests::test__repr__w_interface PASSED [ 39%]
lib/python3.7/site-packages/zope/interface/tests/test_interface.py::MethodTests::test__repr__wo_interface PASSED [ 39%]
lib/python3.7/site-packages/zope/interface/tests/test_interface.py::MethodTests::test__str__w_interface PASSED [ 39%]
lib/python3.7/site-packages/zope/interface/tests/test_interface.py::MethodTests::test__str__wo_interface PASSED [ 39%]
lib/python3.7/site-packages/zope/interface/tests/test_interface.py::MethodTests::test_ctor_defaults PASSED [ 39%]
lib/python3.7/site-packages/zope/interface/tests/test_interface.py::MethodTests::test_ctor_no_doc_space_in_name PASSED [ 39%]
lib/python3.7/site-packages/zope/interface/tests/test_interface.py::MethodTests::test_getDirectTaggedValueTags PASSED [ 39%]
lib/python3.7/site-packages/zope/interface/tests/test_interface.py::MethodTests::test_getDirectTaggedValue_miss PASSED [ 39%]
lib/python3.7/site-packages/zope/interface/tests/test_interface.py::MethodTests::test_getSignatureInfo_bare PASSED [ 39%]
lib/python3.7/site-packages/zope/interface/tests/test_interface.py::MethodTests::test_getSignatureString_bare PASSED [ 39%]
lib/python3.7/site-packages/zope/interface/tests/test_interface.py::MethodTests::test_getSignatureString_w_kwargs PASSED [ 39%]
lib/python3.7/site-packages/zope/interface/tests/test_interface.py::MethodTests::test_getSignatureString_w_only_required PASSED [ 39%]
lib/python3.7/site-packages/zope/interface/tests/test_interface.py::MethodTests::test_getSignatureString_w_optional PASSED [ 39%]
lib/python3.7/site-packages/zope/interface/tests/test_interface.py::MethodTests::test_getSignatureString_w_varargs PASSED [ 39%]
lib/python3.7/site-packages/zope/interface/tests/test_interface.py::MethodTests::test_getTaggedValue_miss PASSED [ 39%]
lib/python3.7/site-packages/zope/interface/tests/test_interface.py::MethodTests::test_optional_as_property PASSED [ 39%]
lib/python3.7/site-packages/zope/interface/tests/test_interface.py::MethodTests::test_queryDirectTaggedValue_miss PASSED [ 39%]
lib/python3.7/site-packages/zope/interface/tests/test_interface.py::MethodTests::test_queryDirectTaggedValue_miss_w_default PASSED [ 39%]
lib/python3.7/site-packages/zope/interface/tests/test_interface.py::MethodTests::test_queryTaggedValue_miss PASSED [ 39%]
lib/python3.7/site-packages/zope/interface/tests/test_interface.py::MethodTests::test_queryTaggedValue_miss_w_default PASSED [ 39%]
lib/python3.7/site-packages/zope/interface/tests/test_interface.py::MethodTests::test_setTaggedValue PASSED [ 39%]
lib/python3.7/site-packages/zope/interface/tests/test_interface.py::MethodTests::test_verifies PASSED [ 39%]
lib/python3.7/site-packages/zope/interface/tests/test_interface.py::Test_fromFunction::test_bare PASSED [ 40%]
lib/python3.7/site-packages/zope/interface/tests/test_interface.py::Test_fromFunction::test_full_spectrum PASSED [ 40%]
lib/python3.7/site-packages/zope/interface/tests/test_interface.py::Test_fromFunction::test_w_interface PASSED [ 40%]
lib/python3.7/site-packages/zope/interface/tests/test_interface.py::Test_fromFunction::test_w_kwargs PASSED [ 40%]
lib/python3.7/site-packages/zope/interface/tests/test_interface.py::Test_fromFunction::test_w_name PASSED [ 40%]
lib/python3.7/site-packages/zope/interface/tests/test_interface.py::Test_fromFunction::test_w_only_required PASSED [ 40%]
lib/python3.7/site-packages/zope/interface/tests/test_interface.py::Test_fromFunction::test_w_optional PASSED [ 40%]
lib/python3.7/site-packages/zope/interface/tests/test_interface.py::Test_fromFunction::test_w_optional_self PASSED [ 40%]
lib/python3.7/site-packages/zope/interface/tests/test_interface.py::Test_fromFunction::test_w_varargs PASSED [ 40%]
lib/python3.7/site-packages/zope/interface/tests/test_interface.py::Test_fromMethod::test_full_spectrum PASSED [ 40%]
lib/python3.7/site-packages/zope/interface/tests/test_interface.py::Test_fromMethod::test_no_args PASSED [ 40%]
lib/python3.7/site-packages/zope/interface/tests/test_interface.py::Test_fromMethod::test_w_non_method PASSED [ 40%]
lib/python3.7/site-packages/zope/interface/tests/test_interfaces.py::ObjectEventTests::test_class_conforms_to_IObjectEvent PASSED [ 40%]
lib/python3.7/site-packages/zope/interface/tests/test_interfaces.py::ObjectEventTests::test_ctor PASSED [ 40%]
lib/python3.7/site-packages/zope/interface/tests/test_interfaces.py::ObjectEventTests::test_instance_conforms_to_IObjectEvent PASSED [ 40%]
lib/python3.7/site-packages/zope/interface/tests/test_interfaces.py::RegistrationEventTests::test___repr__ PASSED [ 40%]
lib/python3.7/site-packages/zope/interface/tests/test_interfaces.py::RegistrationEventTests::test_class_conforms_to_IObjectEvent PASSED [ 40%]
lib/python3.7/site-packages/zope/interface/tests/test_interfaces.py::RegistrationEventTests::test_class_conforms_to_IRegistrationEvent PASSED [ 40%]
lib/python3.7/site-packages/zope/interface/tests/test_interfaces.py::RegistrationEventTests::test_instance_conforms_to_IObjectEvent PASSED [ 40%]
lib/python3.7/site-packages/zope/interface/tests/test_interfaces.py::RegistrationEventTests::test_instance_conforms_to_IRegistrationEvent PASSED [ 40%]
lib/python3.7/site-packages/zope/interface/tests/test_interfaces.py::RegisteredTests::test_class_conforms_to_IObjectEvent PASSED [ 40%]
lib/python3.7/site-packages/zope/interface/tests/test_interfaces.py::RegisteredTests::test_class_conforms_to_IRegistered PASSED [ 40%]
lib/python3.7/site-packages/zope/interface/tests/test_interfaces.py::RegisteredTests::test_class_conforms_to_IRegistrationEvent PASSED [ 40%]
lib/python3.7/site-packages/zope/interface/tests/test_interfaces.py::RegisteredTests::test_instance_conforms_to_IObjectEvent PASSED [ 40%]
lib/python3.7/site-packages/zope/interface/tests/test_interfaces.py::RegisteredTests::test_instance_conforms_to_IRegistered PASSED [ 40%]
lib/python3.7/site-packages/zope/interface/tests/test_interfaces.py::RegisteredTests::test_instance_conforms_to_IRegistrationEvent PASSED [ 40%]
lib/python3.7/site-packages/zope/interface/tests/test_interfaces.py::UnregisteredTests::test_class_conforms_to_IObjectEvent PASSED [ 40%]
lib/python3.7/site-packages/zope/interface/tests/test_interfaces.py::UnregisteredTests::test_class_conforms_to_IRegistrationEvent PASSED [ 40%]
lib/python3.7/site-packages/zope/interface/tests/test_interfaces.py::UnregisteredTests::test_class_conforms_to_IUnregistered PASSED [ 40%]
lib/python3.7/site-packages/zope/interface/tests/test_interfaces.py::UnregisteredTests::test_instance_conforms_to_IObjectEvent PASSED [ 40%]
lib/python3.7/site-packages/zope/interface/tests/test_interfaces.py::UnregisteredTests::test_instance_conforms_to_IRegistrationEvent PASSED [ 40%]
lib/python3.7/site-packages/zope/interface/tests/test_interfaces.py::UnregisteredTests::test_instance_conforms_to_IUnregistered PASSED [ 40%]
lib/python3.7/site-packages/zope/interface/tests/test_interfaces.py::InterfaceClassTests::test_class_conforms PASSED [ 40%]
lib/python3.7/site-packages/zope/interface/tests/test_interfaces.py::InterfaceClassTests::test_class_consistent__iro__ PASSED [ 40%]
lib/python3.7/site-packages/zope/interface/tests/test_interfaces.py::InterfaceClassTests::test_instance_conforms PASSED [ 40%]
lib/python3.7/site-packages/zope/interface/tests/test_interfaces.py::InterfaceClassTests::test_instance_consistent__iro__ PASSED [ 40%]
lib/python3.7/site-packages/zope/interface/tests/test_odd_declarations.py::Test::test_ObjectSpecification PASSED [ 40%]
lib/python3.7/site-packages/zope/interface/tests/test_odd_declarations.py::Test::test_classImplements PASSED [ 40%]
lib/python3.7/site-packages/zope/interface/tests/test_odd_declarations.py::Test::test_classImplementsOnly PASSED [ 40%]
lib/python3.7/site-packages/zope/interface/tests/test_odd_declarations.py::Test::test_directlyProvides PASSED [ 40%]
lib/python3.7/site-packages/zope/interface/tests/test_odd_declarations.py::Test::test_directlyProvides_fails_for_odd_class SKIPPED [ 40%]
lib/python3.7/site-packages/zope/interface/tests/test_odd_declarations.py::Test::test_implementedBy PASSED [ 40%]
lib/python3.7/site-packages/zope/interface/tests/test_odd_declarations.py::Test::test_odd_metaclass_that_doesnt_subclass_type PASSED [ 40%]
lib/python3.7/site-packages/zope/interface/tests/test_registry.py::ComponentsTests::test___repr__ PASSED [ 40%]
lib/python3.7/site-packages/zope/interface/tests/test_registry.py::ComponentsTests::test_assign_to___bases__ PASSED [ 40%]
lib/python3.7/site-packages/zope/interface/tests/test_registry.py::ComponentsTests::test_ctor_no_bases PASSED [ 41%]
lib/python3.7/site-packages/zope/interface/tests/test_registry.py::ComponentsTests::test_ctor_w_base PASSED [ 41%]
lib/python3.7/site-packages/zope/interface/tests/test_registry.py::ComponentsTests::test_getAdapter_hit PASSED [ 41%]
lib/python3.7/site-packages/zope/interface/tests/test_registry.py::ComponentsTests::test_getAdapter_hit_super PASSED [ 41%]
lib/python3.7/site-packages/zope/interface/tests/test_registry.py::ComponentsTests::test_getAdapter_hit_super_when_parent_implements_interface_diamond PASSED [ 41%]
lib/python3.7/site-packages/zope/interface/tests/test_registry.py::ComponentsTests::test_getAdapter_miss PASSED [ 41%]
lib/python3.7/site-packages/zope/interface/tests/test_registry.py::ComponentsTests::test_getAdapters_empty PASSED [ 41%]
lib/python3.7/site-packages/zope/interface/tests/test_registry.py::ComponentsTests::test_getAdapters_factory_returns_None PASSED [ 41%]
lib/python3.7/site-packages/zope/interface/tests/test_registry.py::ComponentsTests::test_getAdapters_non_empty PASSED [ 41%]
lib/python3.7/site-packages/zope/interface/tests/test_registry.py::ComponentsTests::test_getAllUtilitiesRegisteredFor_hit PASSED [ 41%]
lib/python3.7/site-packages/zope/interface/tests/test_registry.py::ComponentsTests::test_getAllUtilitiesRegisteredFor_miss PASSED [ 41%]
lib/python3.7/site-packages/zope/interface/tests/test_registry.py::ComponentsTests::test_getMultiAdapter_hit PASSED [ 41%]
lib/python3.7/site-packages/zope/interface/tests/test_registry.py::ComponentsTests::test_getMultiAdapter_hit_super PASSED [ 41%]
lib/python3.7/site-packages/zope/interface/tests/test_registry.py::ComponentsTests::test_getMultiAdapter_miss PASSED [ 41%]
lib/python3.7/site-packages/zope/interface/tests/test_registry.py::ComponentsTests::test_getUtilitiesFor_hit PASSED [ 41%]
lib/python3.7/site-packages/zope/interface/tests/test_registry.py::ComponentsTests::test_getUtilitiesFor_miss PASSED [ 41%]
lib/python3.7/site-packages/zope/interface/tests/test_registry.py::ComponentsTests::test_getUtility_hit PASSED [ 41%]
lib/python3.7/site-packages/zope/interface/tests/test_registry.py::ComponentsTests::test_getUtility_miss PASSED [ 41%]
lib/python3.7/site-packages/zope/interface/tests/test_registry.py::ComponentsTests::test_handle_empty PASSED [ 41%]
lib/python3.7/site-packages/zope/interface/tests/test_registry.py::ComponentsTests::test_handle_non_empty PASSED [ 41%]
lib/python3.7/site-packages/zope/interface/tests/test_registry.py::ComponentsTests::test_queryAdapter_hit PASSED [ 41%]
lib/python3.7/site-packages/zope/interface/tests/test_registry.py::ComponentsTests::test_queryAdapter_miss_no_default PASSED [ 41%]
lib/python3.7/site-packages/zope/interface/tests/test_registry.py::ComponentsTests::test_queryAdapter_miss_w_default PASSED [ 41%]
lib/python3.7/site-packages/zope/interface/tests/test_registry.py::ComponentsTests::test_queryMultiAdapter_hit PASSED [ 41%]
lib/python3.7/site-packages/zope/interface/tests/test_registry.py::ComponentsTests::test_queryMultiAdapter_miss PASSED [ 41%]
lib/python3.7/site-packages/zope/interface/tests/test_registry.py::ComponentsTests::test_queryMultiAdapter_miss_w_default PASSED [ 41%]
lib/python3.7/site-packages/zope/interface/tests/test_registry.py::ComponentsTests::test_queryUtility_hit PASSED [ 41%]
lib/python3.7/site-packages/zope/interface/tests/test_registry.py::ComponentsTests::test_queryUtility_miss_no_default PASSED [ 41%]
lib/python3.7/site-packages/zope/interface/tests/test_registry.py::ComponentsTests::test_queryUtility_miss_w_default PASSED [ 41%]
lib/python3.7/site-packages/zope/interface/tests/test_registry.py::ComponentsTests::test_rebuildUtilityRegistryFromLocalCache PASSED [ 41%]
lib/python3.7/site-packages/zope/interface/tests/test_registry.py::ComponentsTests::test_registerAdapter_no_provided_available PASSED [ 41%]
lib/python3.7/site-packages/zope/interface/tests/test_registry.py::ComponentsTests::test_registerAdapter_no_required_available PASSED [ 41%]
lib/python3.7/site-packages/zope/interface/tests/test_registry.py::ComponentsTests::test_registerAdapter_w_explicit_provided_and_required PASSED [ 41%]
lib/python3.7/site-packages/zope/interface/tests/test_registry.py::ComponentsTests::test_registerAdapter_w_invalid_required PASSED [ 41%]
lib/python3.7/site-packages/zope/interface/tests/test_registry.py::ComponentsTests::test_registerAdapter_w_required_containing_None PASSED [ 41%]
lib/python3.7/site-packages/zope/interface/tests/test_registry.py::ComponentsTests::test_registerAdapter_w_required_containing_class PASSED [ 41%]
lib/python3.7/site-packages/zope/interface/tests/test_registry.py::ComponentsTests::test_registerAdapter_w_required_containing_junk PASSED [ 41%]
lib/python3.7/site-packages/zope/interface/tests/test_registry.py::ComponentsTests::test_registerAdapter_with_component_name PASSED [ 41%]
lib/python3.7/site-packages/zope/interface/tests/test_registry.py::ComponentsTests::test_registerAdapter_wo_event PASSED [ 41%]
lib/python3.7/site-packages/zope/interface/tests/test_registry.py::ComponentsTests::test_registerAdapter_wo_explicit_provided PASSED [ 41%]
lib/python3.7/site-packages/zope/interface/tests/test_registry.py::ComponentsTests::test_registerAdapter_wo_explicit_required PASSED [ 41%]
lib/python3.7/site-packages/zope/interface/tests/test_registry.py::ComponentsTests::test_registerHandler_w_explicit_required PASSED [ 41%]
lib/python3.7/site-packages/zope/interface/tests/test_registry.py::ComponentsTests::test_registerHandler_w_nonblank_name PASSED [ 41%]
lib/python3.7/site-packages/zope/interface/tests/test_registry.py::ComponentsTests::test_registerHandler_wo_explicit_required_no_event PASSED [ 41%]
lib/python3.7/site-packages/zope/interface/tests/test_registry.py::ComponentsTests::test_registerSubscriptionAdapter_w_explicit_provided_and_required PASSED [ 42%]
lib/python3.7/site-packages/zope/interface/tests/test_registry.py::ComponentsTests::test_registerSubscriptionAdapter_w_nonblank_name PASSED [ 42%]
lib/python3.7/site-packages/zope/interface/tests/test_registry.py::ComponentsTests::test_registerSubscriptionAdapter_wo_event PASSED [ 42%]
lib/python3.7/site-packages/zope/interface/tests/test_registry.py::ComponentsTests::test_registerSubscriptionAdapter_wo_explicit_provided PASSED [ 42%]
lib/python3.7/site-packages/zope/interface/tests/test_registry.py::ComponentsTests::test_registerSubscriptionAdapter_wo_explicit_required PASSED [ 42%]
lib/python3.7/site-packages/zope/interface/tests/test_registry.py::ComponentsTests::test_registerUtility_both_factory_and_component PASSED [ 42%]
lib/python3.7/site-packages/zope/interface/tests/test_registry.py::ComponentsTests::test_registerUtility_changes_object_identity_after PASSED [ 42%]
lib/python3.7/site-packages/zope/interface/tests/test_registry.py::ComponentsTests::test_registerUtility_changes_object_identity_before PASSED [ 42%]
lib/python3.7/site-packages/zope/interface/tests/test_registry.py::ComponentsTests::test_registerUtility_duplicates_existing_reg PASSED [ 42%]
lib/python3.7/site-packages/zope/interface/tests/test_registry.py::ComponentsTests::test_registerUtility_no_provided_available PASSED [ 42%]
lib/python3.7/site-packages/zope/interface/tests/test_registry.py::ComponentsTests::test_registerUtility_replaces_existing_reg PASSED [ 42%]
lib/python3.7/site-packages/zope/interface/tests/test_registry.py::ComponentsTests::test_registerUtility_w_component PASSED [ 42%]
lib/python3.7/site-packages/zope/interface/tests/test_registry.py::ComponentsTests::test_registerUtility_w_different_info PASSED [ 42%]
lib/python3.7/site-packages/zope/interface/tests/test_registry.py::ComponentsTests::test_registerUtility_w_different_names_same_component PASSED [ 42%]
lib/python3.7/site-packages/zope/interface/tests/test_registry.py::ComponentsTests::test_registerUtility_w_existing_subscr PASSED [ 42%]
lib/python3.7/site-packages/zope/interface/tests/test_registry.py::ComponentsTests::test_registerUtility_w_factory PASSED [ 42%]
lib/python3.7/site-packages/zope/interface/tests/test_registry.py::ComponentsTests::test_registerUtility_with_component_name PASSED [ 42%]
lib/python3.7/site-packages/zope/interface/tests/test_registry.py::ComponentsTests::test_registerUtility_wo_event PASSED [ 42%]
lib/python3.7/site-packages/zope/interface/tests/test_registry.py::ComponentsTests::test_registerUtility_wo_provided PASSED [ 42%]
lib/python3.7/site-packages/zope/interface/tests/test_registry.py::ComponentsTests::test_register_unregister_identical_objects_provided PASSED [ 42%]
lib/python3.7/site-packages/zope/interface/tests/test_registry.py::ComponentsTests::test_register_unregister_nonequal_objects_provided PASSED [ 42%]
lib/python3.7/site-packages/zope/interface/tests/test_registry.py::ComponentsTests::test_registeredAdapters_empty PASSED [ 42%]
lib/python3.7/site-packages/zope/interface/tests/test_registry.py::ComponentsTests::test_registeredAdapters_notempty PASSED [ 42%]
lib/python3.7/site-packages/zope/interface/tests/test_registry.py::ComponentsTests::test_registeredHandlers_empty PASSED [ 42%]
lib/python3.7/site-packages/zope/interface/tests/test_registry.py::ComponentsTests::test_registeredHandlers_non_empty PASSED [ 42%]
lib/python3.7/site-packages/zope/interface/tests/test_registry.py::ComponentsTests::test_registeredSubscriptionAdapters_empty PASSED [ 42%]
lib/python3.7/site-packages/zope/interface/tests/test_registry.py::ComponentsTests::test_registeredSubscriptionAdapters_notempty PASSED [ 42%]
lib/python3.7/site-packages/zope/interface/tests/test_registry.py::ComponentsTests::test_registeredUtilities_empty PASSED [ 42%]
lib/python3.7/site-packages/zope/interface/tests/test_registry.py::ComponentsTests::test_registeredUtilities_notempty PASSED [ 42%]
lib/python3.7/site-packages/zope/interface/tests/test_registry.py::ComponentsTests::test_subscribers_empty PASSED [ 42%]
lib/python3.7/site-packages/zope/interface/tests/test_registry.py::ComponentsTests::test_subscribers_non_empty PASSED [ 42%]
lib/python3.7/site-packages/zope/interface/tests/test_registry.py::ComponentsTests::test_unregisterAdapter_hit_w_explicit_provided_and_required PASSED [ 42%]
lib/python3.7/site-packages/zope/interface/tests/test_registry.py::ComponentsTests::test_unregisterAdapter_miss PASSED [ 42%]
lib/python3.7/site-packages/zope/interface/tests/test_registry.py::ComponentsTests::test_unregisterAdapter_neither_factory_nor_provided PASSED [ 42%]
lib/python3.7/site-packages/zope/interface/tests/test_registry.py::ComponentsTests::test_unregisterAdapter_neither_factory_nor_required PASSED [ 42%]
lib/python3.7/site-packages/zope/interface/tests/test_registry.py::ComponentsTests::test_unregisterAdapter_wo_explicit_provided PASSED [ 42%]
lib/python3.7/site-packages/zope/interface/tests/test_registry.py::ComponentsTests::test_unregisterAdapter_wo_explicit_required PASSED [ 42%]
lib/python3.7/site-packages/zope/interface/tests/test_registry.py::ComponentsTests::test_unregisterHandler_hit_w_factory_and_explicit_provided PASSED [ 42%]
lib/python3.7/site-packages/zope/interface/tests/test_registry.py::ComponentsTests::test_unregisterHandler_hit_w_only_explicit_provided PASSED [ 42%]
lib/python3.7/site-packages/zope/interface/tests/test_registry.py::ComponentsTests::test_unregisterHandler_miss PASSED [ 42%]
lib/python3.7/site-packages/zope/interface/tests/test_registry.py::ComponentsTests::test_unregisterHandler_neither_factory_nor_required PASSED [ 42%]
lib/python3.7/site-packages/zope/interface/tests/test_registry.py::ComponentsTests::test_unregisterHandler_w_nonblank_name PASSED [ 42%]
lib/python3.7/site-packages/zope/interface/tests/test_registry.py::ComponentsTests::test_unregisterHandler_wo_explicit_required PASSED [ 42%]
lib/python3.7/site-packages/zope/interface/tests/test_registry.py::ComponentsTests::test_unregisterSubscriptionAdapter_hit_w_factory PASSED [ 42%]
lib/python3.7/site-packages/zope/interface/tests/test_registry.py::ComponentsTests::test_unregisterSubscriptionAdapter_hit_wo_factory PASSED [ 43%]
lib/python3.7/site-packages/zope/interface/tests/test_registry.py::ComponentsTests::test_unregisterSubscriptionAdapter_miss PASSED [ 43%]
lib/python3.7/site-packages/zope/interface/tests/test_registry.py::ComponentsTests::test_unregisterSubscriptionAdapter_neither_factory_nor_provided PASSED [ 43%]
lib/python3.7/site-packages/zope/interface/tests/test_registry.py::ComponentsTests::test_unregisterSubscriptionAdapter_neither_factory_nor_required PASSED [ 43%]
lib/python3.7/site-packages/zope/interface/tests/test_registry.py::ComponentsTests::test_unregisterSubscriptionAdapter_w_nonblank_name PASSED [ 43%]
lib/python3.7/site-packages/zope/interface/tests/test_registry.py::ComponentsTests::test_unregisterSubscriptionAdapter_wo_explicit_provided PASSED [ 43%]
lib/python3.7/site-packages/zope/interface/tests/test_registry.py::ComponentsTests::test_unregisterSubscriptionAdapter_wo_explicit_required PASSED [ 43%]
lib/python3.7/site-packages/zope/interface/tests/test_registry.py::ComponentsTests::test_unregisterUtility_both_factory_and_component PASSED [ 43%]
lib/python3.7/site-packages/zope/interface/tests/test_registry.py::ComponentsTests::test_unregisterUtility_neither_factory_nor_component_nor_provided PASSED [ 43%]
lib/python3.7/site-packages/zope/interface/tests/test_registry.py::ComponentsTests::test_unregisterUtility_w_component PASSED [ 43%]
lib/python3.7/site-packages/zope/interface/tests/test_registry.py::ComponentsTests::test_unregisterUtility_w_component_miss PASSED [ 43%]
lib/python3.7/site-packages/zope/interface/tests/test_registry.py::ComponentsTests::test_unregisterUtility_w_existing_subscr PASSED [ 43%]
lib/python3.7/site-packages/zope/interface/tests/test_registry.py::ComponentsTests::test_unregisterUtility_w_existing_subscr_non_hashable PASSED [ 43%]
lib/python3.7/site-packages/zope/interface/tests/test_registry.py::ComponentsTests::test_unregisterUtility_w_existing_subscr_non_hashable_fresh_cache PASSED [ 43%]
lib/python3.7/site-packages/zope/interface/tests/test_registry.py::ComponentsTests::test_unregisterUtility_w_existing_subscr_non_hashable_reinitted PASSED [ 43%]
lib/python3.7/site-packages/zope/interface/tests/test_registry.py::ComponentsTests::test_unregisterUtility_w_existing_subscr_other_component PASSED [ 43%]
lib/python3.7/site-packages/zope/interface/tests/test_registry.py::ComponentsTests::test_unregisterUtility_w_existing_subscr_other_component_mixed_hash PASSED [ 43%]
lib/python3.7/site-packages/zope/interface/tests/test_registry.py::ComponentsTests::test_unregisterUtility_w_factory PASSED [ 43%]
lib/python3.7/site-packages/zope/interface/tests/test_registry.py::ComponentsTests::test_unregisterUtility_wo_component_or_factory PASSED [ 43%]
lib/python3.7/site-packages/zope/interface/tests/test_registry.py::ComponentsTests::test_unregisterUtility_wo_explicit_provided PASSED [ 43%]
lib/python3.7/site-packages/zope/interface/tests/test_registry.py::UnhashableComponentsTests::test___repr__ PASSED [ 43%]
lib/python3.7/site-packages/zope/interface/tests/test_registry.py::UnhashableComponentsTests::test_assign_to___bases__ PASSED [ 43%]
lib/python3.7/site-packages/zope/interface/tests/test_registry.py::UnhashableComponentsTests::test_ctor_no_bases PASSED [ 43%]
lib/python3.7/site-packages/zope/interface/tests/test_registry.py::UnhashableComponentsTests::test_ctor_w_base PASSED [ 43%]
lib/python3.7/site-packages/zope/interface/tests/test_registry.py::UnhashableComponentsTests::test_getAdapter_hit PASSED [ 43%]
lib/python3.7/site-packages/zope/interface/tests/test_registry.py::UnhashableComponentsTests::test_getAdapter_hit_super PASSED [ 43%]
lib/python3.7/site-packages/zope/interface/tests/test_registry.py::UnhashableComponentsTests::test_getAdapter_hit_super_when_parent_implements_interface_diamond PASSED [ 43%]
lib/python3.7/site-packages/zope/interface/tests/test_registry.py::UnhashableComponentsTests::test_getAdapter_miss PASSED [ 43%]
lib/python3.7/site-packages/zope/interface/tests/test_registry.py::UnhashableComponentsTests::test_getAdapters_empty PASSED [ 43%]
lib/python3.7/site-packages/zope/interface/tests/test_registry.py::UnhashableComponentsTests::test_getAdapters_factory_returns_None PASSED [ 43%]
lib/python3.7/site-packages/zope/interface/tests/test_registry.py::UnhashableComponentsTests::test_getAdapters_non_empty PASSED [ 43%]
lib/python3.7/site-packages/zope/interface/tests/test_registry.py::UnhashableComponentsTests::test_getAllUtilitiesRegisteredFor_hit PASSED [ 43%]
lib/python3.7/site-packages/zope/interface/tests/test_registry.py::UnhashableComponentsTests::test_getAllUtilitiesRegisteredFor_miss PASSED [ 43%]
lib/python3.7/site-packages/zope/interface/tests/test_registry.py::UnhashableComponentsTests::test_getMultiAdapter_hit PASSED [ 43%]
lib/python3.7/site-packages/zope/interface/tests/test_registry.py::UnhashableComponentsTests::test_getMultiAdapter_hit_super PASSED [ 43%]
lib/python3.7/site-packages/zope/interface/tests/test_registry.py::UnhashableComponentsTests::test_getMultiAdapter_miss PASSED [ 43%]
lib/python3.7/site-packages/zope/interface/tests/test_registry.py::UnhashableComponentsTests::test_getUtilitiesFor_hit PASSED [ 43%]
lib/python3.7/site-packages/zope/interface/tests/test_registry.py::UnhashableComponentsTests::test_getUtilitiesFor_miss PASSED [ 43%]
lib/python3.7/site-packages/zope/interface/tests/test_registry.py::UnhashableComponentsTests::test_getUtility_hit PASSED [ 43%]
lib/python3.7/site-packages/zope/interface/tests/test_registry.py::UnhashableComponentsTests::test_getUtility_miss PASSED [ 43%]
lib/python3.7/site-packages/zope/interface/tests/test_registry.py::UnhashableComponentsTests::test_handle_empty PASSED [ 43%]
lib/python3.7/site-packages/zope/interface/tests/test_registry.py::UnhashableComponentsTests::test_handle_non_empty PASSED [ 43%]
lib/python3.7/site-packages/zope/interface/tests/test_registry.py::UnhashableComponentsTests::test_queryAdapter_hit PASSED [ 43%]
lib/python3.7/site-packages/zope/interface/tests/test_registry.py::UnhashableComponentsTests::test_queryAdapter_miss_no_default PASSED [ 43%]
lib/python3.7/site-packages/zope/interface/tests/test_registry.py::UnhashableComponentsTests::test_queryAdapter_miss_w_default PASSED [ 44%]
lib/python3.7/site-packages/zope/interface/tests/test_registry.py::UnhashableComponentsTests::test_queryMultiAdapter_hit PASSED [ 44%]
lib/python3.7/site-packages/zope/interface/tests/test_registry.py::UnhashableComponentsTests::test_queryMultiAdapter_miss PASSED [ 44%]
lib/python3.7/site-packages/zope/interface/tests/test_registry.py::UnhashableComponentsTests::test_queryMultiAdapter_miss_w_default PASSED [ 44%]
lib/python3.7/site-packages/zope/interface/tests/test_registry.py::UnhashableComponentsTests::test_queryUtility_hit PASSED [ 44%]
lib/python3.7/site-packages/zope/interface/tests/test_registry.py::UnhashableComponentsTests::test_queryUtility_miss_no_default PASSED [ 44%]
lib/python3.7/site-packages/zope/interface/tests/test_registry.py::UnhashableComponentsTests::test_queryUtility_miss_w_default PASSED [ 44%]
lib/python3.7/site-packages/zope/interface/tests/test_registry.py::UnhashableComponentsTests::test_rebuildUtilityRegistryFromLocalCache PASSED [ 44%]
lib/python3.7/site-packages/zope/interface/tests/test_registry.py::UnhashableComponentsTests::test_registerAdapter_no_provided_available PASSED [ 44%]
lib/python3.7/site-packages/zope/interface/tests/test_registry.py::UnhashableComponentsTests::test_registerAdapter_no_required_available PASSED [ 44%]
lib/python3.7/site-packages/zope/interface/tests/test_registry.py::UnhashableComponentsTests::test_registerAdapter_w_explicit_provided_and_required PASSED [ 44%]
lib/python3.7/site-packages/zope/interface/tests/test_registry.py::UnhashableComponentsTests::test_registerAdapter_w_invalid_required PASSED [ 44%]
lib/python3.7/site-packages/zope/interface/tests/test_registry.py::UnhashableComponentsTests::test_registerAdapter_w_required_containing_None PASSED [ 44%]
lib/python3.7/site-packages/zope/interface/tests/test_registry.py::UnhashableComponentsTests::test_registerAdapter_w_required_containing_class PASSED [ 44%]
lib/python3.7/site-packages/zope/interface/tests/test_registry.py::UnhashableComponentsTests::test_registerAdapter_w_required_containing_junk PASSED [ 44%]
lib/python3.7/site-packages/zope/interface/tests/test_registry.py::UnhashableComponentsTests::test_registerAdapter_with_component_name PASSED [ 44%]
lib/python3.7/site-packages/zope/interface/tests/test_registry.py::UnhashableComponentsTests::test_registerAdapter_wo_event PASSED [ 44%]
lib/python3.7/site-packages/zope/interface/tests/test_registry.py::UnhashableComponentsTests::test_registerAdapter_wo_explicit_provided PASSED [ 44%]
lib/python3.7/site-packages/zope/interface/tests/test_registry.py::UnhashableComponentsTests::test_registerAdapter_wo_explicit_required PASSED [ 44%]
lib/python3.7/site-packages/zope/interface/tests/test_registry.py::UnhashableComponentsTests::test_registerHandler_w_explicit_required PASSED [ 44%]
lib/python3.7/site-packages/zope/interface/tests/test_registry.py::UnhashableComponentsTests::test_registerHandler_w_nonblank_name PASSED [ 44%]
lib/python3.7/site-packages/zope/interface/tests/test_registry.py::UnhashableComponentsTests::test_registerHandler_wo_explicit_required_no_event PASSED [ 44%]
lib/python3.7/site-packages/zope/interface/tests/test_registry.py::UnhashableComponentsTests::test_registerSubscriptionAdapter_w_explicit_provided_and_required PASSED [ 44%]
lib/python3.7/site-packages/zope/interface/tests/test_registry.py::UnhashableComponentsTests::test_registerSubscriptionAdapter_w_nonblank_name PASSED [ 44%]
lib/python3.7/site-packages/zope/interface/tests/test_registry.py::UnhashableComponentsTests::test_registerSubscriptionAdapter_wo_event PASSED [ 44%]
lib/python3.7/site-packages/zope/interface/tests/test_registry.py::UnhashableComponentsTests::test_registerSubscriptionAdapter_wo_explicit_provided PASSED [ 44%]
lib/python3.7/site-packages/zope/interface/tests/test_registry.py::UnhashableComponentsTests::test_registerSubscriptionAdapter_wo_explicit_required PASSED [ 44%]
lib/python3.7/site-packages/zope/interface/tests/test_registry.py::UnhashableComponentsTests::test_registerUtility_both_factory_and_component PASSED [ 44%]
lib/python3.7/site-packages/zope/interface/tests/test_registry.py::UnhashableComponentsTests::test_registerUtility_changes_object_identity_after PASSED [ 44%]
lib/python3.7/site-packages/zope/interface/tests/test_registry.py::UnhashableComponentsTests::test_registerUtility_changes_object_identity_before PASSED [ 44%]
lib/python3.7/site-packages/zope/interface/tests/test_registry.py::UnhashableComponentsTests::test_registerUtility_duplicates_existing_reg PASSED [ 44%]
lib/python3.7/site-packages/zope/interface/tests/test_registry.py::UnhashableComponentsTests::test_registerUtility_no_provided_available PASSED [ 44%]
lib/python3.7/site-packages/zope/interface/tests/test_registry.py::UnhashableComponentsTests::test_registerUtility_replaces_existing_reg PASSED [ 44%]
lib/python3.7/site-packages/zope/interface/tests/test_registry.py::UnhashableComponentsTests::test_registerUtility_w_component PASSED [ 44%]
lib/python3.7/site-packages/zope/interface/tests/test_registry.py::UnhashableComponentsTests::test_registerUtility_w_different_info PASSED [ 44%]
lib/python3.7/site-packages/zope/interface/tests/test_registry.py::UnhashableComponentsTests::test_registerUtility_w_different_names_same_component PASSED [ 44%]
lib/python3.7/site-packages/zope/interface/tests/test_registry.py::UnhashableComponentsTests::test_registerUtility_w_existing_subscr PASSED [ 44%]
lib/python3.7/site-packages/zope/interface/tests/test_registry.py::UnhashableComponentsTests::test_registerUtility_w_factory PASSED [ 44%]
lib/python3.7/site-packages/zope/interface/tests/test_registry.py::UnhashableComponentsTests::test_registerUtility_with_component_name PASSED [ 44%]
lib/python3.7/site-packages/zope/interface/tests/test_registry.py::UnhashableComponentsTests::test_registerUtility_wo_event PASSED [ 44%]
lib/python3.7/site-packages/zope/interface/tests/test_registry.py::UnhashableComponentsTests::test_registerUtility_wo_provided PASSED [ 44%]
lib/python3.7/site-packages/zope/interface/tests/test_registry.py::UnhashableComponentsTests::test_register_unregister_identical_objects_provided PASSED [ 44%]
lib/python3.7/site-packages/zope/interface/tests/test_registry.py::UnhashableComponentsTests::test_register_unregister_nonequal_objects_provided PASSED [ 44%]
lib/python3.7/site-packages/zope/interface/tests/test_registry.py::UnhashableComponentsTests::test_registeredAdapters_empty PASSED [ 44%]
lib/python3.7/site-packages/zope/interface/tests/test_registry.py::UnhashableComponentsTests::test_registeredAdapters_notempty PASSED [ 45%]
lib/python3.7/site-packages/zope/interface/tests/test_registry.py::UnhashableComponentsTests::test_registeredHandlers_empty PASSED [ 45%]
lib/python3.7/site-packages/zope/interface/tests/test_registry.py::UnhashableComponentsTests::test_registeredHandlers_non_empty PASSED [ 45%]
lib/python3.7/site-packages/zope/interface/tests/test_registry.py::UnhashableComponentsTests::test_registeredSubscriptionAdapters_empty PASSED [ 45%]
lib/python3.7/site-packages/zope/interface/tests/test_registry.py::UnhashableComponentsTests::test_registeredSubscriptionAdapters_notempty PASSED [ 45%]
lib/python3.7/site-packages/zope/interface/tests/test_registry.py::UnhashableComponentsTests::test_registeredUtilities_empty PASSED [ 45%]
lib/python3.7/site-packages/zope/interface/tests/test_registry.py::UnhashableComponentsTests::test_registeredUtilities_notempty PASSED [ 45%]
lib/python3.7/site-packages/zope/interface/tests/test_registry.py::UnhashableComponentsTests::test_subscribers_empty PASSED [ 45%]
lib/python3.7/site-packages/zope/interface/tests/test_registry.py::UnhashableComponentsTests::test_subscribers_non_empty PASSED [ 45%]
lib/python3.7/site-packages/zope/interface/tests/test_registry.py::UnhashableComponentsTests::test_unregisterAdapter_hit_w_explicit_provided_and_required PASSED [ 45%]
lib/python3.7/site-packages/zope/interface/tests/test_registry.py::UnhashableComponentsTests::test_unregisterAdapter_miss PASSED [ 45%]
lib/python3.7/site-packages/zope/interface/tests/test_registry.py::UnhashableComponentsTests::test_unregisterAdapter_neither_factory_nor_provided PASSED [ 45%]
lib/python3.7/site-packages/zope/interface/tests/test_registry.py::UnhashableComponentsTests::test_unregisterAdapter_neither_factory_nor_required PASSED [ 45%]
lib/python3.7/site-packages/zope/interface/tests/test_registry.py::UnhashableComponentsTests::test_unregisterAdapter_wo_explicit_provided PASSED [ 45%]
lib/python3.7/site-packages/zope/interface/tests/test_registry.py::UnhashableComponentsTests::test_unregisterAdapter_wo_explicit_required PASSED [ 45%]
lib/python3.7/site-packages/zope/interface/tests/test_registry.py::UnhashableComponentsTests::test_unregisterHandler_hit_w_factory_and_explicit_provided PASSED [ 45%]
lib/python3.7/site-packages/zope/interface/tests/test_registry.py::UnhashableComponentsTests::test_unregisterHandler_hit_w_only_explicit_provided PASSED [ 45%]
lib/python3.7/site-packages/zope/interface/tests/test_registry.py::UnhashableComponentsTests::test_unregisterHandler_miss PASSED [ 45%]
lib/python3.7/site-packages/zope/interface/tests/test_registry.py::UnhashableComponentsTests::test_unregisterHandler_neither_factory_nor_required PASSED [ 45%]
lib/python3.7/site-packages/zope/interface/tests/test_registry.py::UnhashableComponentsTests::test_unregisterHandler_w_nonblank_name PASSED [ 45%]
lib/python3.7/site-packages/zope/interface/tests/test_registry.py::UnhashableComponentsTests::test_unregisterHandler_wo_explicit_required PASSED [ 45%]
lib/python3.7/site-packages/zope/interface/tests/test_registry.py::UnhashableComponentsTests::test_unregisterSubscriptionAdapter_hit_w_factory PASSED [ 45%]
lib/python3.7/site-packages/zope/interface/tests/test_registry.py::UnhashableComponentsTests::test_unregisterSubscriptionAdapter_hit_wo_factory PASSED [ 45%]
lib/python3.7/site-packages/zope/interface/tests/test_registry.py::UnhashableComponentsTests::test_unregisterSubscriptionAdapter_miss PASSED [ 45%]
lib/python3.7/site-packages/zope/interface/tests/test_registry.py::UnhashableComponentsTests::test_unregisterSubscriptionAdapter_neither_factory_nor_provided PASSED [ 45%]
lib/python3.7/site-packages/zope/interface/tests/test_registry.py::UnhashableComponentsTests::test_unregisterSubscriptionAdapter_neither_factory_nor_required PASSED [ 45%]
lib/python3.7/site-packages/zope/interface/tests/test_registry.py::UnhashableComponentsTests::test_unregisterSubscriptionAdapter_w_nonblank_name PASSED [ 45%]
lib/python3.7/site-packages/zope/interface/tests/test_registry.py::UnhashableComponentsTests::test_unregisterSubscriptionAdapter_wo_explicit_provided PASSED [ 45%]
lib/python3.7/site-packages/zope/interface/tests/test_registry.py::UnhashableComponentsTests::test_unregisterSubscriptionAdapter_wo_explicit_required PASSED [ 45%]
lib/python3.7/site-packages/zope/interface/tests/test_registry.py::UnhashableComponentsTests::test_unregisterUtility_both_factory_and_component PASSED [ 45%]
lib/python3.7/site-packages/zope/interface/tests/test_registry.py::UnhashableComponentsTests::test_unregisterUtility_neither_factory_nor_component_nor_provided PASSED [ 45%]
lib/python3.7/site-packages/zope/interface/tests/test_registry.py::UnhashableComponentsTests::test_unregisterUtility_w_component PASSED [ 45%]
lib/python3.7/site-packages/zope/interface/tests/test_registry.py::UnhashableComponentsTests::test_unregisterUtility_w_component_miss PASSED [ 45%]
lib/python3.7/site-packages/zope/interface/tests/test_registry.py::UnhashableComponentsTests::test_unregisterUtility_w_existing_subscr PASSED [ 45%]
lib/python3.7/site-packages/zope/interface/tests/test_registry.py::UnhashableComponentsTests::test_unregisterUtility_w_existing_subscr_non_hashable PASSED [ 45%]
lib/python3.7/site-packages/zope/interface/tests/test_registry.py::UnhashableComponentsTests::test_unregisterUtility_w_existing_subscr_non_hashable_fresh_cache PASSED [ 45%]
lib/python3.7/site-packages/zope/interface/tests/test_registry.py::UnhashableComponentsTests::test_unregisterUtility_w_existing_subscr_non_hashable_reinitted PASSED [ 45%]
lib/python3.7/site-packages/zope/interface/tests/test_registry.py::UnhashableComponentsTests::test_unregisterUtility_w_existing_subscr_other_component PASSED [ 45%]
lib/python3.7/site-packages/zope/interface/tests/test_registry.py::UnhashableComponentsTests::test_unregisterUtility_w_existing_subscr_other_component_mixed_hash PASSED [ 45%]
lib/python3.7/site-packages/zope/interface/tests/test_registry.py::UnhashableComponentsTests::test_unregisterUtility_w_factory PASSED [ 45%]
lib/python3.7/site-packages/zope/interface/tests/test_registry.py::UnhashableComponentsTests::test_unregisterUtility_wo_component_or_factory PASSED [ 45%]
lib/python3.7/site-packages/zope/interface/tests/test_registry.py::UnhashableComponentsTests::test_unregisterUtility_wo_explicit_provided PASSED [ 45%]
lib/python3.7/site-packages/zope/interface/tests/test_registry.py::UtilityRegistrationTests::test___eq___hit PASSED [ 45%]
lib/python3.7/site-packages/zope/interface/tests/test_registry.py::UtilityRegistrationTests::test___eq___identity PASSED [ 45%]
lib/python3.7/site-packages/zope/interface/tests/test_registry.py::UtilityRegistrationTests::test___eq___miss PASSED [ 46%]
lib/python3.7/site-packages/zope/interface/tests/test_registry.py::UtilityRegistrationTests::test___ge___hit PASSED [ 46%]
lib/python3.7/site-packages/zope/interface/tests/test_registry.py::UtilityRegistrationTests::test___ge___identity PASSED [ 46%]
lib/python3.7/site-packages/zope/interface/tests/test_registry.py::UtilityRegistrationTests::test___ge___miss PASSED [ 46%]
lib/python3.7/site-packages/zope/interface/tests/test_registry.py::UtilityRegistrationTests::test___gt___hit PASSED [ 46%]
lib/python3.7/site-packages/zope/interface/tests/test_registry.py::UtilityRegistrationTests::test___gt___identity PASSED [ 46%]
lib/python3.7/site-packages/zope/interface/tests/test_registry.py::UtilityRegistrationTests::test___gt___miss PASSED [ 46%]
lib/python3.7/site-packages/zope/interface/tests/test_registry.py::UtilityRegistrationTests::test___hash__ PASSED [ 46%]
lib/python3.7/site-packages/zope/interface/tests/test_registry.py::UtilityRegistrationTests::test___le___hit PASSED [ 46%]
lib/python3.7/site-packages/zope/interface/tests/test_registry.py::UtilityRegistrationTests::test___le___identity PASSED [ 46%]
lib/python3.7/site-packages/zope/interface/tests/test_registry.py::UtilityRegistrationTests::test___le___miss PASSED [ 46%]
lib/python3.7/site-packages/zope/interface/tests/test_registry.py::UtilityRegistrationTests::test___lt___hit PASSED [ 46%]
lib/python3.7/site-packages/zope/interface/tests/test_registry.py::UtilityRegistrationTests::test___lt___identity PASSED [ 46%]
lib/python3.7/site-packages/zope/interface/tests/test_registry.py::UtilityRegistrationTests::test___lt___miss PASSED [ 46%]
lib/python3.7/site-packages/zope/interface/tests/test_registry.py::UtilityRegistrationTests::test___ne___hit PASSED [ 46%]
lib/python3.7/site-packages/zope/interface/tests/test_registry.py::UtilityRegistrationTests::test___ne___identity PASSED [ 46%]
lib/python3.7/site-packages/zope/interface/tests/test_registry.py::UtilityRegistrationTests::test___ne___miss PASSED [ 46%]
lib/python3.7/site-packages/zope/interface/tests/test_registry.py::UtilityRegistrationTests::test___repr__ PASSED [ 46%]
lib/python3.7/site-packages/zope/interface/tests/test_registry.py::UtilityRegistrationTests::test___repr___component_wo_name PASSED [ 46%]
lib/python3.7/site-packages/zope/interface/tests/test_registry.py::UtilityRegistrationTests::test___repr___provided_wo_name PASSED [ 46%]
lib/python3.7/site-packages/zope/interface/tests/test_registry.py::UtilityRegistrationTests::test_class_conforms_to_IUtilityRegistration PASSED [ 46%]
lib/python3.7/site-packages/zope/interface/tests/test_registry.py::UtilityRegistrationTests::test_instance_conforms_to_IUtilityRegistration PASSED [ 46%]
lib/python3.7/site-packages/zope/interface/tests/test_registry.py::AdapterRegistrationTests::test___eq___hit PASSED [ 46%]
lib/python3.7/site-packages/zope/interface/tests/test_registry.py::AdapterRegistrationTests::test___eq___identity PASSED [ 46%]
lib/python3.7/site-packages/zope/interface/tests/test_registry.py::AdapterRegistrationTests::test___eq___miss PASSED [ 46%]
lib/python3.7/site-packages/zope/interface/tests/test_registry.py::AdapterRegistrationTests::test___ge___hit PASSED [ 46%]
lib/python3.7/site-packages/zope/interface/tests/test_registry.py::AdapterRegistrationTests::test___ge___identity PASSED [ 46%]
lib/python3.7/site-packages/zope/interface/tests/test_registry.py::AdapterRegistrationTests::test___ge___miss PASSED [ 46%]
lib/python3.7/site-packages/zope/interface/tests/test_registry.py::AdapterRegistrationTests::test___gt___hit PASSED [ 46%]
lib/python3.7/site-packages/zope/interface/tests/test_registry.py::AdapterRegistrationTests::test___gt___identity PASSED [ 46%]
lib/python3.7/site-packages/zope/interface/tests/test_registry.py::AdapterRegistrationTests::test___gt___miss PASSED [ 46%]
lib/python3.7/site-packages/zope/interface/tests/test_registry.py::AdapterRegistrationTests::test___hash__ PASSED [ 46%]
lib/python3.7/site-packages/zope/interface/tests/test_registry.py::AdapterRegistrationTests::test___le___hit PASSED [ 46%]
lib/python3.7/site-packages/zope/interface/tests/test_registry.py::AdapterRegistrationTests::test___le___identity PASSED [ 46%]
lib/python3.7/site-packages/zope/interface/tests/test_registry.py::AdapterRegistrationTests::test___le___miss PASSED [ 46%]
lib/python3.7/site-packages/zope/interface/tests/test_registry.py::AdapterRegistrationTests::test___lt___hit PASSED [ 46%]
lib/python3.7/site-packages/zope/interface/tests/test_registry.py::AdapterRegistrationTests::test___lt___identity PASSED [ 46%]
lib/python3.7/site-packages/zope/interface/tests/test_registry.py::AdapterRegistrationTests::test___lt___miss PASSED [ 46%]
lib/python3.7/site-packages/zope/interface/tests/test_registry.py::AdapterRegistrationTests::test___ne___hit_component PASSED [ 46%]
lib/python3.7/site-packages/zope/interface/tests/test_registry.py::AdapterRegistrationTests::test___ne___hit_provided PASSED [ 46%]
lib/python3.7/site-packages/zope/interface/tests/test_registry.py::AdapterRegistrationTests::test___ne___hit_required PASSED [ 46%]
lib/python3.7/site-packages/zope/interface/tests/test_registry.py::AdapterRegistrationTests::test___ne___identity PASSED [ 46%]
lib/python3.7/site-packages/zope/interface/tests/test_registry.py::AdapterRegistrationTests::test___ne___miss PASSED [ 46%]
lib/python3.7/site-packages/zope/interface/tests/test_registry.py::AdapterRegistrationTests::test___repr__ PASSED [ 46%]
lib/python3.7/site-packages/zope/interface/tests/test_registry.py::AdapterRegistrationTests::test___repr___component_wo_name PASSED [ 47%]
lib/python3.7/site-packages/zope/interface/tests/test_registry.py::AdapterRegistrationTests::test___repr___provided_wo_name PASSED [ 47%]
lib/python3.7/site-packages/zope/interface/tests/test_registry.py::AdapterRegistrationTests::test_class_conforms_to_IAdapterRegistration PASSED [ 47%]
lib/python3.7/site-packages/zope/interface/tests/test_registry.py::AdapterRegistrationTests::test_instance_conforms_to_IAdapterRegistration PASSED [ 47%]
lib/python3.7/site-packages/zope/interface/tests/test_registry.py::SubscriptionRegistrationTests::test_class_conforms_to_ISubscriptionAdapterRegistration PASSED [ 47%]
lib/python3.7/site-packages/zope/interface/tests/test_registry.py::SubscriptionRegistrationTests::test_instance_conforms_to_ISubscriptionAdapterRegistration PASSED [ 47%]
lib/python3.7/site-packages/zope/interface/tests/test_registry.py::HandlerRegistrationTests::test___repr___factory_w_name PASSED [ 47%]
lib/python3.7/site-packages/zope/interface/tests/test_registry.py::HandlerRegistrationTests::test___repr___factory_wo_name PASSED [ 47%]
lib/python3.7/site-packages/zope/interface/tests/test_registry.py::HandlerRegistrationTests::test_class_conforms_to_IHandlerRegistration PASSED [ 47%]
lib/python3.7/site-packages/zope/interface/tests/test_registry.py::HandlerRegistrationTests::test_instance_conforms_to_IHandlerRegistration PASSED [ 47%]
lib/python3.7/site-packages/zope/interface/tests/test_registry.py::HandlerRegistrationTests::test_properties PASSED [ 47%]
lib/python3.7/site-packages/zope/interface/tests/test_registry.py::TestPersistentComponents::test_pickles_empty PASSED [ 47%]
lib/python3.7/site-packages/zope/interface/tests/test_registry.py::TestPersistentComponents::test_pickles_with_utility_registration PASSED [ 47%]
lib/python3.7/site-packages/zope/interface/tests/test_registry.py::TestPersistentDictComponents::test_pickles_empty PASSED [ 47%]
lib/python3.7/site-packages/zope/interface/tests/test_registry.py::TestPersistentDictComponents::test_pickles_with_utility_registration PASSED [ 47%]
lib/python3.7/site-packages/zope/interface/tests/test_registry.py::TestPersistentComponentsDict::test_pickles_empty PASSED [ 47%]
lib/python3.7/site-packages/zope/interface/tests/test_registry.py::TestPersistentComponentsDict::test_pickles_with_utility_registration PASSED [ 47%]
lib/python3.7/site-packages/zope/interface/tests/test_ro.py::Test__mergeOrderings::test_empty PASSED [ 47%]
lib/python3.7/site-packages/zope/interface/tests/test_ro.py::Test__mergeOrderings::test_single PASSED [ 47%]
lib/python3.7/site-packages/zope/interface/tests/test_ro.py::Test__mergeOrderings::test_suffix_across_multiple_duplicates PASSED [ 47%]
lib/python3.7/site-packages/zope/interface/tests/test_ro.py::Test__mergeOrderings::test_w_duplicates PASSED [ 47%]
lib/python3.7/site-packages/zope/interface/tests/test_ro.py::Test__flatten::test_w_bases PASSED [ 47%]
lib/python3.7/site-packages/zope/interface/tests/test_ro.py::Test__flatten::test_w_diamond PASSED [ 47%]
lib/python3.7/site-packages/zope/interface/tests/test_ro.py::Test__flatten::test_w_empty_bases PASSED [ 47%]
lib/python3.7/site-packages/zope/interface/tests/test_ro.py::Test__flatten::test_w_single_base PASSED [ 47%]
lib/python3.7/site-packages/zope/interface/tests/test_ro.py::Test_ro::test_mixed_inheritance_and_implementation PASSED [ 47%]
lib/python3.7/site-packages/zope/interface/tests/test_ro.py::Test_ro::test_non_orderable PASSED [ 47%]
lib/python3.7/site-packages/zope/interface/tests/test_ro.py::Test_ro::test_w_bases PASSED [ 47%]
lib/python3.7/site-packages/zope/interface/tests/test_ro.py::Test_ro::test_w_diamond PASSED [ 47%]
lib/python3.7/site-packages/zope/interface/tests/test_ro.py::Test_ro::test_w_empty_bases PASSED [ 47%]
lib/python3.7/site-packages/zope/interface/tests/test_ro.py::Test_ro::test_w_single_base PASSED [ 47%]
lib/python3.7/site-packages/zope/interface/tests/test_ro.py::Test_c3_ro::test_ExtendedPathIndex_implement_thing_implementedby_super PASSED [ 47%]
lib/python3.7/site-packages/zope/interface/tests/test_ro.py::Test_c3_ro::test_OSError_IOError PASSED [ 47%]
lib/python3.7/site-packages/zope/interface/tests/test_ro.py::Test_c3_ro::test_complex_diamond PASSED [ 47%]
lib/python3.7/site-packages/zope/interface/tests/test_ro.py::Test_c3_ro::test_complex_diamond_compare_legacy_argument FAILED [ 47%]
lib/python3.7/site-packages/zope/interface/tests/test_ro.py::Test_c3_ro::test_complex_diamond_interface PASSED [ 47%]
lib/python3.7/site-packages/zope/interface/tests/test_ro.py::Test_c3_ro::test_complex_diamond_use_legacy_argument FAILED [ 47%]
lib/python3.7/site-packages/zope/interface/tests/test_ro.py::Test_c3_ro::test_mixed_inheritance_and_implementation PASSED [ 47%]
lib/python3.7/site-packages/zope/interface/tests/test_ro.py::Test_c3_ro::test_non_orderable PASSED [ 47%]
lib/python3.7/site-packages/zope/interface/tests/test_ro.py::Test_c3_ro::test_w_bases PASSED [ 47%]
lib/python3.7/site-packages/zope/interface/tests/test_ro.py::Test_c3_ro::test_w_diamond PASSED [ 47%]
lib/python3.7/site-packages/zope/interface/tests/test_ro.py::Test_c3_ro::test_w_empty_bases PASSED [ 47%]
lib/python3.7/site-packages/zope/interface/tests/test_ro.py::Test_c3_ro::test_w_single_base PASSED [ 47%]
lib/python3.7/site-packages/zope/interface/tests/test_ro.py::TestC3::test_base_mros_given PASSED [ 47%]
lib/python3.7/site-packages/zope/interface/tests/test_ro.py::TestC3::test_one_base_optimization PASSED [ 48%]
lib/python3.7/site-packages/zope/interface/tests/test_ro.py::Test_ROComparison::test_inconsistent_label PASSED [ 48%]
lib/python3.7/site-packages/zope/interface/tests/test_sorting.py::Test::test PASSED [ 48%]
lib/python3.7/site-packages/zope/interface/tests/test_sorting.py::Test::test_I1_I2 PASSED [ 48%]
lib/python3.7/site-packages/zope/interface/tests/test_sorting.py::Test::test_nested PASSED [ 48%]
lib/python3.7/site-packages/zope/interface/tests/test_sorting.py::Test::test_w_None PASSED [ 48%]
lib/python3.7/site-packages/zope/interface/tests/test_sorting.py::Test::test_w_equal_names FAILED [ 48%]
lib/python3.7/site-packages/zope/interface/tests/test_verify.py::Test_verifyClass::test_class_doesnt_have_required_method_derived PASSED [ 48%]
lib/python3.7/site-packages/zope/interface/tests/test_verify.py::Test_verifyClass::test_class_doesnt_have_required_method_simple PASSED [ 48%]
lib/python3.7/site-packages/zope/interface/tests/test_verify.py::Test_verifyClass::test_class_doesnt_implement PASSED [ 48%]
lib/python3.7/site-packages/zope/interface/tests/test_verify.py::Test_verifyClass::test_class_doesnt_implement_but_classImplements_later PASSED [ 48%]
lib/python3.7/site-packages/zope/interface/tests/test_verify.py::Test_verifyClass::test_class_has_attribute_for_attribute PASSED [ 48%]
lib/python3.7/site-packages/zope/interface/tests/test_verify.py::Test_verifyClass::test_class_has_method_for_iface_attr PASSED [ 48%]
lib/python3.7/site-packages/zope/interface/tests/test_verify.py::Test_verifyClass::test_class_has_nonmethod_for_method PASSED [ 48%]
lib/python3.7/site-packages/zope/interface/tests/test_verify.py::Test_verifyClass::test_class_has_required_method_derived PASSED [ 48%]
lib/python3.7/site-packages/zope/interface/tests/test_verify.py::Test_verifyClass::test_class_has_required_method_simple PASSED [ 48%]
lib/python3.7/site-packages/zope/interface/tests/test_verify.py::Test_verifyClass::test_class_misses_attribute_for_attribute PASSED [ 48%]
lib/python3.7/site-packages/zope/interface/tests/test_verify.py::Test_verifyClass::test_dict_IFullMapping PASSED [ 48%]
lib/python3.7/site-packages/zope/interface/tests/test_verify.py::Test_verifyClass::test_list_ISequence PASSED [ 48%]
lib/python3.7/site-packages/zope/interface/tests/test_verify.py::Test_verifyClass::test_method_doesnt_take_required_kwargs PASSED [ 48%]
lib/python3.7/site-packages/zope/interface/tests/test_verify.py::Test_verifyClass::test_method_doesnt_take_required_only_kwargs PASSED [ 48%]
lib/python3.7/site-packages/zope/interface/tests/test_verify.py::Test_verifyClass::test_method_doesnt_take_required_positional_and_starargs PASSED [ 48%]
lib/python3.7/site-packages/zope/interface/tests/test_verify.py::Test_verifyClass::test_method_doesnt_take_required_starargs PASSED [ 48%]
lib/python3.7/site-packages/zope/interface/tests/test_verify.py::Test_verifyClass::test_method_takes_extra_arg PASSED [ 48%]
lib/python3.7/site-packages/zope/interface/tests/test_verify.py::Test_verifyClass::test_method_takes_extra_arg_with_default PASSED [ 48%]
lib/python3.7/site-packages/zope/interface/tests/test_verify.py::Test_verifyClass::test_method_takes_extra_starargs PASSED [ 48%]
lib/python3.7/site-packages/zope/interface/tests/test_verify.py::Test_verifyClass::test_method_takes_extra_starargs_and_kwargs PASSED [ 48%]
lib/python3.7/site-packages/zope/interface/tests/test_verify.py::Test_verifyClass::test_method_takes_not_enough_args PASSED [ 48%]
lib/python3.7/site-packages/zope/interface/tests/test_verify.py::Test_verifyClass::test_method_takes_only_kwargs PASSED [ 48%]
lib/python3.7/site-packages/zope/interface/tests/test_verify.py::Test_verifyClass::test_method_takes_only_positional_args PASSED [ 48%]
lib/python3.7/site-packages/zope/interface/tests/test_verify.py::Test_verifyClass::test_method_takes_only_starargs PASSED [ 48%]
lib/python3.7/site-packages/zope/interface/tests/test_verify.py::Test_verifyClass::test_method_takes_positional_plus_required_starargs PASSED [ 48%]
lib/python3.7/site-packages/zope/interface/tests/test_verify.py::Test_verifyClass::test_method_takes_required_kwargs PASSED [ 48%]
lib/python3.7/site-packages/zope/interface/tests/test_verify.py::Test_verifyClass::test_method_takes_required_positional_and_starargs PASSED [ 48%]
lib/python3.7/site-packages/zope/interface/tests/test_verify.py::Test_verifyClass::test_method_takes_wrong_arg_names_but_OK PASSED [ 48%]
lib/python3.7/site-packages/zope/interface/tests/test_verify.py::Test_verifyClass::test_multiple_invalid PASSED [ 48%]
lib/python3.7/site-packages/zope/interface/tests/test_verify.py::Test_verifyClass::test_tuple_IReadSequence PASSED [ 48%]
lib/python3.7/site-packages/zope/interface/tests/test_verify.py::Test_verifyClass::test_w_callable_non_func_method PASSED [ 48%]
lib/python3.7/site-packages/zope/interface/tests/test_verify.py::Test_verifyClass::test_w_decorated_method PASSED [ 48%]
lib/python3.7/site-packages/zope/interface/tests/test_verify.py::Test_verifyObject::test_class_doesnt_have_required_method_derived PASSED [ 48%]
lib/python3.7/site-packages/zope/interface/tests/test_verify.py::Test_verifyObject::test_class_doesnt_have_required_method_simple PASSED [ 48%]
lib/python3.7/site-packages/zope/interface/tests/test_verify.py::Test_verifyObject::test_class_doesnt_implement PASSED [ 48%]
lib/python3.7/site-packages/zope/interface/tests/test_verify.py::Test_verifyObject::test_class_doesnt_implement_but_classImplements_later PASSED [ 48%]
lib/python3.7/site-packages/zope/interface/tests/test_verify.py::Test_verifyObject::test_class_has_attribute_for_attribute PASSED [ 48%]
lib/python3.7/site-packages/zope/interface/tests/test_verify.py::Test_verifyObject::test_class_has_method_for_iface_attr PASSED [ 49%]
lib/python3.7/site-packages/zope/interface/tests/test_verify.py::Test_verifyObject::test_class_has_nonmethod_for_method PASSED [ 49%]
lib/python3.7/site-packages/zope/interface/tests/test_verify.py::Test_verifyObject::test_class_has_required_method_derived PASSED [ 49%]
lib/python3.7/site-packages/zope/interface/tests/test_verify.py::Test_verifyObject::test_class_has_required_method_simple PASSED [ 49%]
lib/python3.7/site-packages/zope/interface/tests/test_verify.py::Test_verifyObject::test_class_misses_attribute_for_attribute PASSED [ 49%]
lib/python3.7/site-packages/zope/interface/tests/test_verify.py::Test_verifyObject::test_dict_IFullMapping PASSED [ 49%]
lib/python3.7/site-packages/zope/interface/tests/test_verify.py::Test_verifyObject::test_list_ISequence PASSED [ 49%]
lib/python3.7/site-packages/zope/interface/tests/test_verify.py::Test_verifyObject::test_method_doesnt_take_required_kwargs PASSED [ 49%]
lib/python3.7/site-packages/zope/interface/tests/test_verify.py::Test_verifyObject::test_method_doesnt_take_required_only_kwargs PASSED [ 49%]
lib/python3.7/site-packages/zope/interface/tests/test_verify.py::Test_verifyObject::test_method_doesnt_take_required_positional_and_starargs PASSED [ 49%]
lib/python3.7/site-packages/zope/interface/tests/test_verify.py::Test_verifyObject::test_method_doesnt_take_required_starargs PASSED [ 49%]
lib/python3.7/site-packages/zope/interface/tests/test_verify.py::Test_verifyObject::test_method_takes_extra_arg PASSED [ 49%]
lib/python3.7/site-packages/zope/interface/tests/test_verify.py::Test_verifyObject::test_method_takes_extra_arg_with_default PASSED [ 49%]
lib/python3.7/site-packages/zope/interface/tests/test_verify.py::Test_verifyObject::test_method_takes_extra_starargs PASSED [ 49%]
lib/python3.7/site-packages/zope/interface/tests/test_verify.py::Test_verifyObject::test_method_takes_extra_starargs_and_kwargs PASSED [ 49%]
lib/python3.7/site-packages/zope/interface/tests/test_verify.py::Test_verifyObject::test_method_takes_not_enough_args PASSED [ 49%]
lib/python3.7/site-packages/zope/interface/tests/test_verify.py::Test_verifyObject::test_method_takes_only_kwargs PASSED [ 49%]
lib/python3.7/site-packages/zope/interface/tests/test_verify.py::Test_verifyObject::test_method_takes_only_positional_args PASSED [ 49%]
lib/python3.7/site-packages/zope/interface/tests/test_verify.py::Test_verifyObject::test_method_takes_only_starargs PASSED [ 49%]
lib/python3.7/site-packages/zope/interface/tests/test_verify.py::Test_verifyObject::test_method_takes_positional_plus_required_starargs PASSED [ 49%]
lib/python3.7/site-packages/zope/interface/tests/test_verify.py::Test_verifyObject::test_method_takes_required_kwargs PASSED [ 49%]
lib/python3.7/site-packages/zope/interface/tests/test_verify.py::Test_verifyObject::test_method_takes_required_positional_and_starargs PASSED [ 49%]
lib/python3.7/site-packages/zope/interface/tests/test_verify.py::Test_verifyObject::test_method_takes_wrong_arg_names_but_OK PASSED [ 49%]
lib/python3.7/site-packages/zope/interface/tests/test_verify.py::Test_verifyObject::test_module_hit PASSED [ 49%]
lib/python3.7/site-packages/zope/interface/tests/test_verify.py::Test_verifyObject::test_module_miss PASSED [ 49%]
lib/python3.7/site-packages/zope/interface/tests/test_verify.py::Test_verifyObject::test_multiple_invalid PASSED [ 49%]
lib/python3.7/site-packages/zope/interface/tests/test_verify.py::Test_verifyObject::test_staticmethod_hit_on_class PASSED [ 49%]
lib/python3.7/site-packages/zope/interface/tests/test_verify.py::Test_verifyObject::test_tuple_IReadSequence PASSED [ 49%]
lib/python3.7/site-packages/zope/interface/tests/test_verify.py::Test_verifyObject::test_w_callable_non_func_method PASSED [ 49%]
lib/python3.7/site-packages/zope/interface/tests/test_verify.py::Test_verifyObject::test_w_decorated_method PASSED [ 49%]
lib/python3.7/site-packages/zope/testing/test-1.txt::test-1.txt FAILED   [ 49%]
lib/python3.7/site-packages/zope/testing/test4.txt::test4.txt FAILED     [ 49%]
lib/python3.7/site-packages/zope/testing/test4e.txt::test4e.txt PASSED   [ 49%]
lib/python3.7/site-packages/zope/testing/test4f.txt::test4f.txt FAILED   [ 49%]
lib/python3.7/site-packages/zope/testing/test_renormalizing.py::Exception2To3::test_input_ellipsis PASSED [ 49%]
lib/python3.7/site-packages/zope/testing/test_renormalizing.py::Exception2To3::test_input_empty PASSED [ 49%]
lib/python3.7/site-packages/zope/testing/test_renormalizing.py::Exception2To3::test_input_last_line_not_dotted_name PASSED [ 49%]
lib/python3.7/site-packages/zope/testing/test_renormalizing.py::Exception2To3::test_input_spaces PASSED [ 49%]
lib/python3.7/site-packages/zope/testing/test_renormalizing.py::Exception2To3::test_is_dotted_name_ascii_dots PASSED [ 49%]
lib/python3.7/site-packages/zope/testing/test_renormalizing.py::Exception2To3::test_is_dotted_name_ascii_no_dots PASSED [ 49%]
lib/python3.7/site-packages/zope/testing/test_renormalizing.py::Exception2To3::test_is_dotted_name_ellipsis PASSED [ 49%]
lib/python3.7/site-packages/zope/testing/test_renormalizing.py::Exception2To3::test_is_dotted_name_not_identifier PASSED [ 49%]
lib/python3.7/site-packages/zope/testing/test_renormalizing.py::Exception2To3::test_is_dotted_name_unicode_dots PASSED [ 49%]
lib/python3.7/site-packages/zope/testing/test_renormalizing.py::Exception2To3::test_is_dotted_name_unicode_no_dots PASSED [ 49%]
lib/python3.7/site-packages/zope/testing/test_renormalizing.py::Exception2To3::test_last_line_empty PASSED [ 50%]
lib/python3.7/site-packages/zope/testing/test_renormalizing.py::Exception2To3::test_no_colon_in_first_word PASSED [ 50%]
lib/python3.7/site-packages/zope/testing/test_renormalizing.py::Exception2To3::test_no_dots_in_name PASSED [ 50%]
lib/python3.7/site-packages/zope/testing/test_renormalizing.py::Exception2To3::test_strip_dottedname PASSED [ 50%]
lib/python3.7/site-packages/zope/testing/test_renormalizing.py::Exception2To3::test_strip_dottedname_without_exception_arguments PASSED [ 50%]
lib64/python3.7/site-packages/DateTime/tests/test_datetime.py::DateTimeTests::testAddPrecision PASSED [ 50%]
lib64/python3.7/site-packages/DateTime/tests/test_datetime.py::DateTimeTests::testBasicTZ PASSED [ 50%]
lib64/python3.7/site-packages/DateTime/tests/test_datetime.py::DateTimeTests::testBug1203 PASSED [ 50%]
lib64/python3.7/site-packages/DateTime/tests/test_datetime.py::DateTimeTests::testConsistentSecondMicroRounding PASSED [ 50%]
lib64/python3.7/site-packages/DateTime/tests/test_datetime.py::DateTimeTests::testConstructor3 PASSED [ 50%]
lib64/python3.7/site-packages/DateTime/tests/test_datetime.py::DateTimeTests::testConstructor4 PASSED [ 50%]
lib64/python3.7/site-packages/DateTime/tests/test_datetime.py::DateTimeTests::testConstructor5 PASSED [ 50%]
lib64/python3.7/site-packages/DateTime/tests/test_datetime.py::DateTimeTests::testConstructor6 PASSED [ 50%]
lib64/python3.7/site-packages/DateTime/tests/test_datetime.py::DateTimeTests::testConstructor7 PASSED [ 50%]
lib64/python3.7/site-packages/DateTime/tests/test_datetime.py::DateTimeTests::testConversions PASSED [ 50%]
lib64/python3.7/site-packages/DateTime/tests/test_datetime.py::DateTimeTests::testCopyConstructor PASSED [ 50%]
lib64/python3.7/site-packages/DateTime/tests/test_datetime.py::DateTimeTests::testCopyConstructorPreservesTimezone PASSED [ 50%]
lib64/python3.7/site-packages/DateTime/tests/test_datetime.py::DateTimeTests::testDSTInEffect PASSED [ 50%]
lib64/python3.7/site-packages/DateTime/tests/test_datetime.py::DateTimeTests::testDSTNotInEffect PASSED [ 50%]
lib64/python3.7/site-packages/DateTime/tests/test_datetime.py::DateTimeTests::testDayOfWeek PASSED [ 50%]
lib64/python3.7/site-packages/DateTime/tests/test_datetime.py::DateTimeTests::testEDTTimezone PASSED [ 50%]
lib64/python3.7/site-packages/DateTime/tests/test_datetime.py::DateTimeTests::testISO8601 PASSED [ 50%]
lib64/python3.7/site-packages/DateTime/tests/test_datetime.py::DateTimeTests::testInternationalDateformat PASSED [ 50%]
lib64/python3.7/site-packages/DateTime/tests/test_datetime.py::DateTimeTests::testJulianWeek PASSED [ 50%]
lib64/python3.7/site-packages/DateTime/tests/test_datetime.py::DateTimeTests::testOldDate PASSED [ 50%]
lib64/python3.7/site-packages/DateTime/tests/test_datetime.py::DateTimeTests::testParseISO8601 PASSED [ 50%]
lib64/python3.7/site-packages/DateTime/tests/test_datetime.py::DateTimeTests::testRFC822 PASSED [ 50%]
lib64/python3.7/site-packages/DateTime/tests/test_datetime.py::DateTimeTests::testStrftimeFarDates PASSED [ 50%]
lib64/python3.7/site-packages/DateTime/tests/test_datetime.py::DateTimeTests::testStrftimeTZhandling PASSED [ 50%]
lib64/python3.7/site-packages/DateTime/tests/test_datetime.py::DateTimeTests::testStrftimeUnicode PASSED [ 50%]
lib64/python3.7/site-packages/DateTime/tests/test_datetime.py::DateTimeTests::testSubtraction PASSED [ 50%]
lib64/python3.7/site-packages/DateTime/tests/test_datetime.py::DateTimeTests::testTZ1add PASSED [ 50%]
lib64/python3.7/site-packages/DateTime/tests/test_datetime.py::DateTimeTests::testTZ1diff PASSED [ 50%]
lib64/python3.7/site-packages/DateTime/tests/test_datetime.py::DateTimeTests::testTZ1sub PASSED [ 50%]
lib64/python3.7/site-packages/DateTime/tests/test_datetime.py::DateTimeTests::testTZ2 PASSED [ 50%]
lib64/python3.7/site-packages/DateTime/tests/test_datetime.py::DateTimeTests::testTZDiffDaylight PASSED [ 50%]
lib64/python3.7/site-packages/DateTime/tests/test_datetime.py::DateTimeTests::testTimezoneNaiveHandling PASSED [ 50%]
lib64/python3.7/site-packages/DateTime/tests/test_datetime.py::DateTimeTests::testY10KDate PASSED [ 50%]
lib64/python3.7/site-packages/DateTime/tests/test_datetime.py::DateTimeTests::testZoneInFarDates PASSED [ 50%]
lib64/python3.7/site-packages/DateTime/tests/test_datetime.py::DateTimeTests::test_calcTimezoneName PASSED [ 50%]
lib64/python3.7/site-packages/DateTime/tests/test_datetime.py::DateTimeTests::test_compare_methods PASSED [ 50%]
lib64/python3.7/site-packages/DateTime/tests/test_datetime.py::DateTimeTests::test_compare_methods_none PASSED [ 50%]
lib64/python3.7/site-packages/DateTime/tests/test_datetime.py::DateTimeTests::test_format PASSED [ 50%]
lib64/python3.7/site-packages/DateTime/tests/test_datetime.py::DateTimeTests::test_interface PASSED [ 50%]
lib64/python3.7/site-packages/DateTime/tests/test_datetime.py::DateTimeTests::test_intl_format_hyphen PASSED [ 50%]
lib64/python3.7/site-packages/DateTime/tests/test_datetime.py::DateTimeTests::test_pickle PASSED [ 51%]
lib64/python3.7/site-packages/DateTime/tests/test_datetime.py::DateTimeTests::test_pickle_old PASSED [ 51%]
lib64/python3.7/site-packages/DateTime/tests/test_datetime.py::DateTimeTests::test_pickle_old_without_micros PASSED [ 51%]
lib64/python3.7/site-packages/DateTime/tests/test_datetime.py::DateTimeTests::test_pickle_with_micros PASSED [ 51%]
lib64/python3.7/site-packages/DateTime/tests/test_datetime.py::DateTimeTests::test_pickle_with_numerical_tz PASSED [ 51%]
lib64/python3.7/site-packages/DateTime/tests/test_datetime.py::DateTimeTests::test_pickle_with_tz PASSED [ 51%]
lib64/python3.7/site-packages/DateTime/tests/test_datetime.py::DateTimeTests::test_security PASSED [ 51%]
lib64/python3.7/site-packages/DateTime/tests/test_datetime.py::DateTimeTests::test_tzoffset PASSED [ 51%]
lib64/python3.7/site-packages/DateTime/tests/test_datetime.py::test_suite PASSED [ 51%]
lib64/python3.7/site-packages/pyflakes/test/test_api.py::TestIterSourceCode::test_emptyDirectory PASSED [ 51%]
lib64/python3.7/site-packages/pyflakes/test/test_api.py::TestIterSourceCode::test_explicitFiles PASSED [ 51%]
lib64/python3.7/site-packages/pyflakes/test/test_api.py::TestIterSourceCode::test_multipleDirectories PASSED [ 51%]
lib64/python3.7/site-packages/pyflakes/test/test_api.py::TestIterSourceCode::test_onlyPythonSource PASSED [ 51%]
lib64/python3.7/site-packages/pyflakes/test/test_api.py::TestIterSourceCode::test_recurses PASSED [ 51%]
lib64/python3.7/site-packages/pyflakes/test/test_api.py::TestIterSourceCode::test_shebang PASSED [ 51%]
lib64/python3.7/site-packages/pyflakes/test/test_api.py::TestIterSourceCode::test_singleFile PASSED [ 51%]
lib64/python3.7/site-packages/pyflakes/test/test_api.py::TestReporter::test_flake PASSED [ 51%]
lib64/python3.7/site-packages/pyflakes/test/test_api.py::TestReporter::test_multiLineSyntaxError PASSED [ 51%]
lib64/python3.7/site-packages/pyflakes/test/test_api.py::TestReporter::test_syntaxError PASSED [ 51%]
lib64/python3.7/site-packages/pyflakes/test/test_api.py::TestReporter::test_syntaxErrorNoOffset PASSED [ 51%]
lib64/python3.7/site-packages/pyflakes/test/test_api.py::TestReporter::test_syntaxErrorNoText PASSED [ 51%]
lib64/python3.7/site-packages/pyflakes/test/test_api.py::TestReporter::test_unexpectedError PASSED [ 51%]
lib64/python3.7/site-packages/pyflakes/test/test_api.py::CheckTests::test_CRLFLineEndings PASSED [ 51%]
lib64/python3.7/site-packages/pyflakes/test/test_api.py::CheckTests::test_checkPathNonExisting PASSED [ 51%]
lib64/python3.7/site-packages/pyflakes/test/test_api.py::CheckTests::test_checkRecursive PASSED [ 51%]
lib64/python3.7/site-packages/pyflakes/test/test_api.py::CheckTests::test_encodedFileUTF8 PASSED [ 51%]
lib64/python3.7/site-packages/pyflakes/test/test_api.py::CheckTests::test_eofSyntaxError PASSED [ 51%]
lib64/python3.7/site-packages/pyflakes/test/test_api.py::CheckTests::test_eofSyntaxErrorWithTab PASSED [ 51%]
lib64/python3.7/site-packages/pyflakes/test/test_api.py::CheckTests::test_invalidEscape PASSED [ 51%]
lib64/python3.7/site-packages/pyflakes/test/test_api.py::CheckTests::test_legacyScript PASSED [ 51%]
lib64/python3.7/site-packages/pyflakes/test/test_api.py::CheckTests::test_misencodedFileUTF16 PASSED [ 51%]
lib64/python3.7/site-packages/pyflakes/test/test_api.py::CheckTests::test_misencodedFileUTF8 PASSED [ 51%]
lib64/python3.7/site-packages/pyflakes/test/test_api.py::CheckTests::test_missingTrailingNewline PASSED [ 51%]
lib64/python3.7/site-packages/pyflakes/test/test_api.py::CheckTests::test_multilineSyntaxError PASSED [ 51%]
lib64/python3.7/site-packages/pyflakes/test/test_api.py::CheckTests::test_nonDefaultFollowsDefaultSyntaxError PASSED [ 51%]
lib64/python3.7/site-packages/pyflakes/test/test_api.py::CheckTests::test_nonKeywordAfterKeywordSyntaxError PASSED [ 51%]
lib64/python3.7/site-packages/pyflakes/test/test_api.py::CheckTests::test_permissionDenied PASSED [ 51%]
lib64/python3.7/site-packages/pyflakes/test/test_api.py::CheckTests::test_pyflakesWarning PASSED [ 51%]
lib64/python3.7/site-packages/pyflakes/test/test_api.py::CheckTests::test_stdinReportsErrors PASSED [ 51%]
lib64/python3.7/site-packages/pyflakes/test/test_api.py::IntegrationTests::test_errors_io FAILED [ 51%]
lib64/python3.7/site-packages/pyflakes/test/test_api.py::IntegrationTests::test_errors_syntax FAILED [ 51%]
lib64/python3.7/site-packages/pyflakes/test/test_api.py::IntegrationTests::test_fileWithFlakes FAILED [ 51%]
lib64/python3.7/site-packages/pyflakes/test/test_api.py::IntegrationTests::test_goodFile FAILED [ 51%]
lib64/python3.7/site-packages/pyflakes/test/test_api.py::IntegrationTests::test_readFromStdin FAILED [ 51%]
lib64/python3.7/site-packages/pyflakes/test/test_api.py::TestMain::test_errors_io PASSED [ 52%]
lib64/python3.7/site-packages/pyflakes/test/test_api.py::TestMain::test_errors_syntax PASSED [ 52%]
lib64/python3.7/site-packages/pyflakes/test/test_api.py::TestMain::test_fileWithFlakes PASSED [ 52%]
lib64/python3.7/site-packages/pyflakes/test/test_api.py::TestMain::test_goodFile PASSED [ 52%]
lib64/python3.7/site-packages/pyflakes/test/test_api.py::TestMain::test_readFromStdin PASSED [ 52%]
lib64/python3.7/site-packages/pyflakes/test/test_builtin.py::TestBuiltins::test_builtin_unbound_local PASSED [ 52%]
lib64/python3.7/site-packages/pyflakes/test/test_builtin.py::TestBuiltins::test_global_shadowing_builtin PASSED [ 52%]
lib64/python3.7/site-packages/pyflakes/test/test_checker.py::TypeableVisitorTests::test_last_node_wins PASSED [ 52%]
lib64/python3.7/site-packages/pyflakes/test/test_checker.py::TypeableVisitorTests::test_node_types PASSED [ 52%]
lib64/python3.7/site-packages/pyflakes/test/test_checker.py::TypeableVisitorTests::test_py35_node_types PASSED [ 52%]
lib64/python3.7/site-packages/pyflakes/test/test_checker.py::TypeableVisitorTests::test_visitor_recurses PASSED [ 52%]
lib64/python3.7/site-packages/pyflakes/test/test_checker.py::CollectTypeCommentsTests::test_bytes PASSED [ 52%]
lib64/python3.7/site-packages/pyflakes/test/test_checker.py::CollectTypeCommentsTests::test_function_def_assigned_comments PASSED [ 52%]
lib64/python3.7/site-packages/pyflakes/test/test_checker.py::CollectTypeCommentsTests::test_last_node_wins PASSED [ 52%]
lib64/python3.7/site-packages/pyflakes/test/test_checker.py::CollectTypeCommentsTests::test_non_type_comment_ignored PASSED [ 52%]
lib64/python3.7/site-packages/pyflakes/test/test_checker.py::CollectTypeCommentsTests::test_text PASSED [ 52%]
lib64/python3.7/site-packages/pyflakes/test/test_checker.py::CollectTypeCommentsTests::test_type_comment_before_typeable PASSED [ 52%]
lib64/python3.7/site-packages/pyflakes/test/test_checker.py::CollectTypeCommentsTests::test_type_comment_starts_with_word_ignore PASSED [ 52%]
lib64/python3.7/site-packages/pyflakes/test/test_checker.py::CollectTypeCommentsTests::test_type_comment_with_extra_still_collected PASSED [ 52%]
lib64/python3.7/site-packages/pyflakes/test/test_checker.py::CollectTypeCommentsTests::test_type_comment_without_whitespace PASSED [ 52%]
lib64/python3.7/site-packages/pyflakes/test/test_checker.py::CollectTypeCommentsTests::test_type_ignore_comment_ignored PASSED [ 52%]
lib64/python3.7/site-packages/pyflakes/test/test_checker.py::CollectTypeCommentsTests::test_type_ignore_with_other_things_ignored PASSED [ 52%]
lib64/python3.7/site-packages/pyflakes/test/test_code_segment.py::TestCodeSegments::test_class_segment PASSED [ 52%]
lib64/python3.7/site-packages/pyflakes/test/test_code_segment.py::TestCodeSegments::test_function_segment PASSED [ 52%]
lib64/python3.7/site-packages/pyflakes/test/test_code_segment.py::TestCodeSegments::test_scope_async_function PASSED [ 52%]
lib64/python3.7/site-packages/pyflakes/test/test_code_segment.py::TestCodeSegments::test_scope_class PASSED [ 52%]
lib64/python3.7/site-packages/pyflakes/test/test_code_segment.py::TestCodeSegments::test_scope_function PASSED [ 52%]
lib64/python3.7/site-packages/pyflakes/test/test_dict.py::Test::test_duplicate_key_float_and_int PASSED [ 52%]
lib64/python3.7/site-packages/pyflakes/test/test_dict.py::Test::test_duplicate_keys PASSED [ 52%]
lib64/python3.7/site-packages/pyflakes/test/test_dict.py::Test::test_duplicate_keys_bools PASSED [ 52%]
lib64/python3.7/site-packages/pyflakes/test/test_dict.py::Test::test_duplicate_keys_bools_false PASSED [ 52%]
lib64/python3.7/site-packages/pyflakes/test/test_dict.py::Test::test_duplicate_keys_bytes_vs_unicode_py3 PASSED [ 52%]
lib64/python3.7/site-packages/pyflakes/test/test_dict.py::Test::test_duplicate_keys_in_function PASSED [ 52%]
lib64/python3.7/site-packages/pyflakes/test/test_dict.py::Test::test_duplicate_keys_in_lambda PASSED [ 52%]
lib64/python3.7/site-packages/pyflakes/test/test_dict.py::Test::test_duplicate_keys_ints PASSED [ 52%]
lib64/python3.7/site-packages/pyflakes/test/test_dict.py::Test::test_duplicate_keys_none PASSED [ 52%]
lib64/python3.7/site-packages/pyflakes/test/test_dict.py::Test::test_duplicate_keys_tuples PASSED [ 52%]
lib64/python3.7/site-packages/pyflakes/test/test_dict.py::Test::test_duplicate_keys_tuples_int_and_float PASSED [ 52%]
lib64/python3.7/site-packages/pyflakes/test/test_dict.py::Test::test_duplicate_values_bytes_vs_unicode_py3 PASSED [ 52%]
lib64/python3.7/site-packages/pyflakes/test/test_dict.py::Test::test_duplicate_variable_keys PASSED [ 52%]
lib64/python3.7/site-packages/pyflakes/test/test_dict.py::Test::test_duplicate_variable_values PASSED [ 52%]
lib64/python3.7/site-packages/pyflakes/test/test_dict.py::Test::test_duplicate_variable_values_same_value PASSED [ 52%]
lib64/python3.7/site-packages/pyflakes/test/test_dict.py::Test::test_multiple_duplicate_keys PASSED [ 52%]
lib64/python3.7/site-packages/pyflakes/test/test_dict.py::Test::test_no_duplicate_key_error_same_value PASSED [ 52%]
lib64/python3.7/site-packages/pyflakes/test/test_dict.py::Test::test_no_duplicate_key_errors PASSED [ 53%]
lib64/python3.7/site-packages/pyflakes/test/test_dict.py::Test::test_no_duplicate_key_errors_bool_or_none PASSED [ 53%]
lib64/python3.7/site-packages/pyflakes/test/test_dict.py::Test::test_no_duplicate_key_errors_func_call PASSED [ 53%]
lib64/python3.7/site-packages/pyflakes/test/test_dict.py::Test::test_no_duplicate_key_errors_instance_attributes PASSED [ 53%]
lib64/python3.7/site-packages/pyflakes/test/test_dict.py::Test::test_no_duplicate_key_errors_ints PASSED [ 53%]
lib64/python3.7/site-packages/pyflakes/test/test_dict.py::Test::test_no_duplicate_key_errors_tuples PASSED [ 53%]
lib64/python3.7/site-packages/pyflakes/test/test_dict.py::Test::test_no_duplicate_key_errors_vars PASSED [ 53%]
lib64/python3.7/site-packages/pyflakes/test/test_dict.py::Test::test_no_duplicate_keys_tuples_same_first_element PASSED [ 53%]
lib64/python3.7/site-packages/pyflakes/test/test_doctests.py::Test::test_doctestCanReferToClass PASSED [ 53%]
lib64/python3.7/site-packages/pyflakes/test/test_doctests.py::Test::test_doctestCanReferToFunction PASSED [ 53%]
lib64/python3.7/site-packages/pyflakes/test/test_doctests.py::Test::test_globalUnderscoreInDoctest PASSED [ 53%]
lib64/python3.7/site-packages/pyflakes/test/test_doctests.py::Test::test_global_module_scope_pollution PASSED [ 53%]
lib64/python3.7/site-packages/pyflakes/test/test_doctests.py::Test::test_global_undefined PASSED [ 53%]
lib64/python3.7/site-packages/pyflakes/test/test_doctests.py::Test::test_ignore_nested_function PASSED [ 53%]
lib64/python3.7/site-packages/pyflakes/test/test_doctests.py::Test::test_importBeforeAndInDoctest SKIPPED [ 53%]
lib64/python3.7/site-packages/pyflakes/test/test_doctests.py::Test::test_importBeforeDoctest PASSED [ 53%]
lib64/python3.7/site-packages/pyflakes/test/test_doctests.py::Test::test_importInDoctestAndAfter PASSED [ 53%]
lib64/python3.7/site-packages/pyflakes/test/test_doctests.py::Test::test_inaccessible_scope_class PASSED [ 53%]
lib64/python3.7/site-packages/pyflakes/test/test_doctests.py::Test::test_indentationErrorInDoctest PASSED [ 53%]
lib64/python3.7/site-packages/pyflakes/test/test_doctests.py::Test::test_nested_class PASSED [ 53%]
lib64/python3.7/site-packages/pyflakes/test/test_doctests.py::Test::test_nested_doctest_ignored PASSED [ 53%]
lib64/python3.7/site-packages/pyflakes/test/test_doctests.py::Test::test_noOffsetSyntaxErrorInDoctest PASSED [ 53%]
lib64/python3.7/site-packages/pyflakes/test/test_doctests.py::Test::test_offsetAfterDoctests PASSED [ 53%]
lib64/python3.7/site-packages/pyflakes/test/test_doctests.py::Test::test_offsetInDoctests PASSED [ 53%]
lib64/python3.7/site-packages/pyflakes/test/test_doctests.py::Test::test_offsetInLambdasInDoctests PASSED [ 53%]
lib64/python3.7/site-packages/pyflakes/test/test_doctests.py::Test::test_offsetWithMultiLineArgs PASSED [ 53%]
lib64/python3.7/site-packages/pyflakes/test/test_doctests.py::Test::test_scope_class PASSED [ 53%]
lib64/python3.7/site-packages/pyflakes/test/test_doctests.py::Test::test_singleUnderscoreInDoctest PASSED [ 53%]
lib64/python3.7/site-packages/pyflakes/test/test_doctests.py::Test::test_syntaxErrorInDoctest PASSED [ 53%]
lib64/python3.7/site-packages/pyflakes/test/test_doctests.py::TestOther::test_attrAugmentedAssignment PASSED [ 53%]
lib64/python3.7/site-packages/pyflakes/test/test_doctests.py::TestOther::test_breakInsideLoop PASSED [ 53%]
lib64/python3.7/site-packages/pyflakes/test/test_doctests.py::TestOther::test_breakOutsideLoop PASSED [ 53%]
lib64/python3.7/site-packages/pyflakes/test/test_doctests.py::TestOther::test_classFunctionDecorator PASSED [ 53%]
lib64/python3.7/site-packages/pyflakes/test/test_doctests.py::TestOther::test_classNameDefinedPreviously PASSED [ 53%]
lib64/python3.7/site-packages/pyflakes/test/test_doctests.py::TestOther::test_classNameUndefinedInClassBody PASSED [ 53%]
lib64/python3.7/site-packages/pyflakes/test/test_doctests.py::TestOther::test_classRedefinedAsFunction PASSED [ 53%]
lib64/python3.7/site-packages/pyflakes/test/test_doctests.py::TestOther::test_classRedefinition PASSED [ 53%]
lib64/python3.7/site-packages/pyflakes/test/test_doctests.py::TestOther::test_classWithReturn PASSED [ 53%]
lib64/python3.7/site-packages/pyflakes/test/test_doctests.py::TestOther::test_classWithYield PASSED [ 53%]
lib64/python3.7/site-packages/pyflakes/test/test_doctests.py::TestOther::test_classWithYieldFrom PASSED [ 53%]
lib64/python3.7/site-packages/pyflakes/test/test_doctests.py::TestOther::test_comparison PASSED [ 53%]
lib64/python3.7/site-packages/pyflakes/test/test_doctests.py::TestOther::test_containment PASSED [ 53%]
lib64/python3.7/site-packages/pyflakes/test/test_doctests.py::TestOther::test_continueInFinally PASSED [ 53%]
lib64/python3.7/site-packages/pyflakes/test/test_doctests.py::TestOther::test_continueInsideLoop PASSED [ 53%]
lib64/python3.7/site-packages/pyflakes/test/test_doctests.py::TestOther::test_continueOutsideLoop PASSED [ 54%]
lib64/python3.7/site-packages/pyflakes/test/test_doctests.py::TestOther::test_defaultExceptLast PASSED [ 54%]
lib64/python3.7/site-packages/pyflakes/test/test_doctests.py::TestOther::test_defaultExceptNotLast PASSED [ 54%]
lib64/python3.7/site-packages/pyflakes/test/test_doctests.py::TestOther::test_doubleAssignment SKIPPED [ 54%]
lib64/python3.7/site-packages/pyflakes/test/test_doctests.py::TestOther::test_doubleAssignmentConditionally PASSED [ 54%]
lib64/python3.7/site-packages/pyflakes/test/test_doctests.py::TestOther::test_doubleAssignmentWithUse PASSED [ 54%]
lib64/python3.7/site-packages/pyflakes/test/test_doctests.py::TestOther::test_duplicateArgs PASSED [ 54%]
lib64/python3.7/site-packages/pyflakes/test/test_doctests.py::TestOther::test_ellipsis PASSED [ 54%]
lib64/python3.7/site-packages/pyflakes/test/test_doctests.py::TestOther::test_extendedSlice PASSED [ 54%]
lib64/python3.7/site-packages/pyflakes/test/test_doctests.py::TestOther::test_functionDecorator PASSED [ 54%]
lib64/python3.7/site-packages/pyflakes/test/test_doctests.py::TestOther::test_functionRedefinedAsClass PASSED [ 54%]
lib64/python3.7/site-packages/pyflakes/test/test_doctests.py::TestOther::test_function_arguments PASSED [ 54%]
lib64/python3.7/site-packages/pyflakes/test/test_doctests.py::TestOther::test_function_arguments_python3 PASSED [ 54%]
lib64/python3.7/site-packages/pyflakes/test/test_doctests.py::TestOther::test_globalDeclaredInDifferentScope PASSED [ 54%]
lib64/python3.7/site-packages/pyflakes/test/test_doctests.py::TestOther::test_identity PASSED [ 54%]
lib64/python3.7/site-packages/pyflakes/test/test_doctests.py::TestOther::test_localReferencedBeforeAssignment PASSED [ 54%]
lib64/python3.7/site-packages/pyflakes/test/test_doctests.py::TestOther::test_loopControl PASSED [ 54%]
lib64/python3.7/site-packages/pyflakes/test/test_doctests.py::TestOther::test_modernProperty PASSED [ 54%]
lib64/python3.7/site-packages/pyflakes/test/test_doctests.py::TestOther::test_moduleWithReturn PASSED [ 54%]
lib64/python3.7/site-packages/pyflakes/test/test_doctests.py::TestOther::test_moduleWithYield PASSED [ 54%]
lib64/python3.7/site-packages/pyflakes/test/test_doctests.py::TestOther::test_moduleWithYieldFrom PASSED [ 54%]
lib64/python3.7/site-packages/pyflakes/test/test_doctests.py::TestOther::test_redefinedClassFunction PASSED [ 54%]
lib64/python3.7/site-packages/pyflakes/test/test_doctests.py::TestOther::test_redefinedFunction PASSED [ 54%]
lib64/python3.7/site-packages/pyflakes/test/test_doctests.py::TestOther::test_redefinedIfElseFunction PASSED [ 54%]
lib64/python3.7/site-packages/pyflakes/test/test_doctests.py::TestOther::test_redefinedIfElseInListComp PASSED [ 54%]
lib64/python3.7/site-packages/pyflakes/test/test_doctests.py::TestOther::test_redefinedIfFunction PASSED [ 54%]
lib64/python3.7/site-packages/pyflakes/test/test_doctests.py::TestOther::test_redefinedInDictComprehension PASSED [ 54%]
lib64/python3.7/site-packages/pyflakes/test/test_doctests.py::TestOther::test_redefinedInGenerator PASSED [ 54%]
lib64/python3.7/site-packages/pyflakes/test/test_doctests.py::TestOther::test_redefinedInSetComprehension PASSED [ 54%]
lib64/python3.7/site-packages/pyflakes/test/test_doctests.py::TestOther::test_redefinedTryExceptFunction PASSED [ 54%]
lib64/python3.7/site-packages/pyflakes/test/test_doctests.py::TestOther::test_redefinedTryFunction PASSED [ 54%]
lib64/python3.7/site-packages/pyflakes/test/test_doctests.py::TestOther::test_redefinedUnderscoreFunction PASSED [ 54%]
lib64/python3.7/site-packages/pyflakes/test/test_doctests.py::TestOther::test_redefinedUnderscoreImportation PASSED [ 54%]
lib64/python3.7/site-packages/pyflakes/test/test_doctests.py::TestOther::test_starredAssignmentErrors PASSED [ 54%]
lib64/python3.7/site-packages/pyflakes/test/test_doctests.py::TestOther::test_starredAssignmentNoError PASSED [ 54%]
lib64/python3.7/site-packages/pyflakes/test/test_doctests.py::TestOther::test_unaryPlus PASSED [ 54%]
lib64/python3.7/site-packages/pyflakes/test/test_doctests.py::TestOther::test_undefinedBaseClass PASSED [ 54%]
lib64/python3.7/site-packages/pyflakes/test/test_doctests.py::TestOther::test_varAugmentedAssignment PASSED [ 54%]
lib64/python3.7/site-packages/pyflakes/test/test_doctests.py::TestImports::test_aliasedImport PASSED [ 54%]
lib64/python3.7/site-packages/pyflakes/test/test_doctests.py::TestImports::test_aliasedImportShadowModule PASSED [ 54%]
lib64/python3.7/site-packages/pyflakes/test/test_doctests.py::TestImports::test_assignRHSFirst PASSED [ 54%]
lib64/python3.7/site-packages/pyflakes/test/test_doctests.py::TestImports::test_assignedToGlobal PASSED [ 54%]
lib64/python3.7/site-packages/pyflakes/test/test_doctests.py::TestImports::test_differentSubmoduleImport PASSED [ 54%]
lib64/python3.7/site-packages/pyflakes/test/test_doctests.py::TestImports::test_duplicateSubmoduleImport PASSED [ 54%]
lib64/python3.7/site-packages/pyflakes/test/test_doctests.py::TestImports::test_functionNamesAreBoundNow PASSED [ 55%]
lib64/python3.7/site-packages/pyflakes/test/test_doctests.py::TestImports::test_functionsRunLater PASSED [ 55%]
lib64/python3.7/site-packages/pyflakes/test/test_doctests.py::TestImports::test_futureImport PASSED [ 55%]
lib64/python3.7/site-packages/pyflakes/test/test_doctests.py::TestImports::test_futureImportFirst PASSED [ 55%]
lib64/python3.7/site-packages/pyflakes/test/test_doctests.py::TestImports::test_futureImportStar PASSED [ 55%]
lib64/python3.7/site-packages/pyflakes/test/test_doctests.py::TestImports::test_futureImportUndefined PASSED [ 55%]
lib64/python3.7/site-packages/pyflakes/test/test_doctests.py::TestImports::test_futureImportUsed PASSED [ 55%]
lib64/python3.7/site-packages/pyflakes/test/test_doctests.py::TestImports::test_ignoreNonImportRedefinitions PASSED [ 55%]
lib64/python3.7/site-packages/pyflakes/test/test_doctests.py::TestImports::test_importInClass PASSED [ 55%]
lib64/python3.7/site-packages/pyflakes/test/test_doctests.py::TestImports::test_importStar PASSED [ 55%]
lib64/python3.7/site-packages/pyflakes/test/test_doctests.py::TestImports::test_importStar_relative PASSED [ 55%]
lib64/python3.7/site-packages/pyflakes/test/test_doctests.py::TestImports::test_importUsedInMethodDefinition PASSED [ 55%]
lib64/python3.7/site-packages/pyflakes/test/test_doctests.py::TestImports::test_importedInClass PASSED [ 55%]
lib64/python3.7/site-packages/pyflakes/test/test_doctests.py::TestImports::test_importingForImportError SKIPPED [ 55%]
lib64/python3.7/site-packages/pyflakes/test/test_doctests.py::TestImports::test_localImportStar PASSED [ 55%]
lib64/python3.7/site-packages/pyflakes/test/test_doctests.py::TestImports::test_methodsDontUseClassScope PASSED [ 55%]
lib64/python3.7/site-packages/pyflakes/test/test_doctests.py::TestImports::test_nestedClassAndFunctionScope PASSED [ 55%]
lib64/python3.7/site-packages/pyflakes/test/test_doctests.py::TestImports::test_nestedFunctionsNestScope PASSED [ 55%]
lib64/python3.7/site-packages/pyflakes/test/test_doctests.py::TestImports::test_newAssignment PASSED [ 55%]
lib64/python3.7/site-packages/pyflakes/test/test_doctests.py::TestImports::test_nonGlobalDoesNotRedefine PASSED [ 55%]
lib64/python3.7/site-packages/pyflakes/test/test_doctests.py::TestImports::test_notUsedInNestedScope PASSED [ 55%]
lib64/python3.7/site-packages/pyflakes/test/test_doctests.py::TestImports::test_packageImport PASSED [ 55%]
lib64/python3.7/site-packages/pyflakes/test/test_doctests.py::TestImports::test_redefinedButUsedLater PASSED [ 55%]
lib64/python3.7/site-packages/pyflakes/test/test_doctests.py::TestImports::test_redefinedByClass PASSED [ 55%]
lib64/python3.7/site-packages/pyflakes/test/test_doctests.py::TestImports::test_redefinedByExcept PASSED [ 55%]
lib64/python3.7/site-packages/pyflakes/test/test_doctests.py::TestImports::test_redefinedByFor PASSED [ 55%]
lib64/python3.7/site-packages/pyflakes/test/test_doctests.py::TestImports::test_redefinedByFunction PASSED [ 55%]
lib64/python3.7/site-packages/pyflakes/test/test_doctests.py::TestImports::test_redefinedBySubclass PASSED [ 55%]
lib64/python3.7/site-packages/pyflakes/test/test_doctests.py::TestImports::test_redefinedIf PASSED [ 55%]
lib64/python3.7/site-packages/pyflakes/test/test_doctests.py::TestImports::test_redefinedIfElse PASSED [ 55%]
lib64/python3.7/site-packages/pyflakes/test/test_doctests.py::TestImports::test_redefinedInClass PASSED [ 55%]
lib64/python3.7/site-packages/pyflakes/test/test_doctests.py::TestImports::test_redefinedInNestedFunction PASSED [ 55%]
lib64/python3.7/site-packages/pyflakes/test/test_doctests.py::TestImports::test_redefinedInNestedFunctionTwice PASSED [ 55%]
lib64/python3.7/site-packages/pyflakes/test/test_doctests.py::TestImports::test_redefinedTry PASSED [ 55%]
lib64/python3.7/site-packages/pyflakes/test/test_doctests.py::TestImports::test_redefinedTryElse PASSED [ 55%]
lib64/python3.7/site-packages/pyflakes/test/test_doctests.py::TestImports::test_redefinedTryExcept PASSED [ 55%]
lib64/python3.7/site-packages/pyflakes/test/test_doctests.py::TestImports::test_redefinedTryExceptElse PASSED [ 55%]
lib64/python3.7/site-packages/pyflakes/test/test_doctests.py::TestImports::test_redefinedTryExceptElseFinally PASSED [ 55%]
lib64/python3.7/site-packages/pyflakes/test/test_doctests.py::TestImports::test_redefinedTryExceptFinally PASSED [ 55%]
lib64/python3.7/site-packages/pyflakes/test/test_doctests.py::TestImports::test_redefinedTryExceptMulti PASSED [ 55%]
lib64/python3.7/site-packages/pyflakes/test/test_doctests.py::TestImports::test_redefinedTryNested PASSED [ 55%]
lib64/python3.7/site-packages/pyflakes/test/test_doctests.py::TestImports::test_redefinedWhileUnused PASSED [ 55%]
lib64/python3.7/site-packages/pyflakes/test/test_doctests.py::TestImports::test_shadowedByFor PASSED [ 55%]
lib64/python3.7/site-packages/pyflakes/test/test_doctests.py::TestImports::test_shadowedByForDeep PASSED [ 55%]
lib64/python3.7/site-packages/pyflakes/test/test_doctests.py::TestImports::test_shadowedByLambda PASSED [ 56%]
lib64/python3.7/site-packages/pyflakes/test/test_doctests.py::TestImports::test_shadowedByParameter PASSED [ 56%]
lib64/python3.7/site-packages/pyflakes/test/test_doctests.py::TestImports::test_tryingMultipleImports PASSED [ 56%]
lib64/python3.7/site-packages/pyflakes/test/test_doctests.py::TestImports::test_unusedImport PASSED [ 56%]
lib64/python3.7/site-packages/pyflakes/test/test_doctests.py::TestImports::test_unusedImport_relative PASSED [ 56%]
lib64/python3.7/site-packages/pyflakes/test/test_doctests.py::TestImports::test_unusedInNestedScope PASSED [ 56%]
lib64/python3.7/site-packages/pyflakes/test/test_doctests.py::TestImports::test_unusedPackageImport PASSED [ 56%]
lib64/python3.7/site-packages/pyflakes/test/test_doctests.py::TestImports::test_unused_package_with_submodule_import PASSED [ 56%]
lib64/python3.7/site-packages/pyflakes/test/test_doctests.py::TestImports::test_usedAndGlobal PASSED [ 56%]
lib64/python3.7/site-packages/pyflakes/test/test_doctests.py::TestImports::test_usedImport PASSED [ 56%]
lib64/python3.7/site-packages/pyflakes/test/test_doctests.py::TestImports::test_usedImport_relative PASSED [ 56%]
lib64/python3.7/site-packages/pyflakes/test/test_doctests.py::TestImports::test_usedInAssert PASSED [ 56%]
lib64/python3.7/site-packages/pyflakes/test/test_doctests.py::TestImports::test_usedInAssignment PASSED [ 56%]
lib64/python3.7/site-packages/pyflakes/test/test_doctests.py::TestImports::test_usedInAttributeAssign PASSED [ 56%]
lib64/python3.7/site-packages/pyflakes/test/test_doctests.py::TestImports::test_usedInCall PASSED [ 56%]
lib64/python3.7/site-packages/pyflakes/test/test_doctests.py::TestImports::test_usedInClass PASSED [ 56%]
lib64/python3.7/site-packages/pyflakes/test/test_doctests.py::TestImports::test_usedInClassBase PASSED [ 56%]
lib64/python3.7/site-packages/pyflakes/test/test_doctests.py::TestImports::test_usedInDict PASSED [ 56%]
lib64/python3.7/site-packages/pyflakes/test/test_doctests.py::TestImports::test_usedInElifConditional PASSED [ 56%]
lib64/python3.7/site-packages/pyflakes/test/test_doctests.py::TestImports::test_usedInElse PASSED [ 56%]
lib64/python3.7/site-packages/pyflakes/test/test_doctests.py::TestImports::test_usedInExcept PASSED [ 56%]
lib64/python3.7/site-packages/pyflakes/test/test_doctests.py::TestImports::test_usedInExec PASSED [ 56%]
lib64/python3.7/site-packages/pyflakes/test/test_doctests.py::TestImports::test_usedInFor PASSED [ 56%]
lib64/python3.7/site-packages/pyflakes/test/test_doctests.py::TestImports::test_usedInForElse PASSED [ 56%]
lib64/python3.7/site-packages/pyflakes/test/test_doctests.py::TestImports::test_usedInFunction PASSED [ 56%]
lib64/python3.7/site-packages/pyflakes/test/test_doctests.py::TestImports::test_usedInGetattr PASSED [ 56%]
lib64/python3.7/site-packages/pyflakes/test/test_doctests.py::TestImports::test_usedInGlobal PASSED [ 56%]
lib64/python3.7/site-packages/pyflakes/test/test_doctests.py::TestImports::test_usedInIfBody PASSED [ 56%]
lib64/python3.7/site-packages/pyflakes/test/test_doctests.py::TestImports::test_usedInIfConditional PASSED [ 56%]
lib64/python3.7/site-packages/pyflakes/test/test_doctests.py::TestImports::test_usedInKeywordArg PASSED [ 56%]
lib64/python3.7/site-packages/pyflakes/test/test_doctests.py::TestImports::test_usedInLambda PASSED [ 56%]
lib64/python3.7/site-packages/pyflakes/test/test_doctests.py::TestImports::test_usedInList PASSED [ 56%]
lib64/python3.7/site-packages/pyflakes/test/test_doctests.py::TestImports::test_usedInListComp PASSED [ 56%]
lib64/python3.7/site-packages/pyflakes/test/test_doctests.py::TestImports::test_usedInLogic PASSED [ 56%]
lib64/python3.7/site-packages/pyflakes/test/test_doctests.py::TestImports::test_usedInOperators PASSED [ 56%]
lib64/python3.7/site-packages/pyflakes/test/test_doctests.py::TestImports::test_usedInParameterDefault PASSED [ 56%]
lib64/python3.7/site-packages/pyflakes/test/test_doctests.py::TestImports::test_usedInRaise PASSED [ 56%]
lib64/python3.7/site-packages/pyflakes/test/test_doctests.py::TestImports::test_usedInReturn PASSED [ 56%]
lib64/python3.7/site-packages/pyflakes/test/test_doctests.py::TestImports::test_usedInSlice PASSED [ 56%]
lib64/python3.7/site-packages/pyflakes/test/test_doctests.py::TestImports::test_usedInSliceObj PASSED [ 56%]
lib64/python3.7/site-packages/pyflakes/test/test_doctests.py::TestImports::test_usedInSubscript PASSED [ 56%]
lib64/python3.7/site-packages/pyflakes/test/test_doctests.py::TestImports::test_usedInTry PASSED [ 56%]
lib64/python3.7/site-packages/pyflakes/test/test_doctests.py::TestImports::test_usedInTryFinally PASSED [ 56%]
lib64/python3.7/site-packages/pyflakes/test/test_doctests.py::TestImports::test_usedInTuple PASSED [ 56%]
lib64/python3.7/site-packages/pyflakes/test/test_doctests.py::TestImports::test_usedInWhile PASSED [ 57%]
lib64/python3.7/site-packages/pyflakes/test/test_doctests.py::TestImports::test_usedInYield PASSED [ 57%]
lib64/python3.7/site-packages/pyflakes/test/test_doctests.py::TestImports::test_used_package_with_submodule_import PASSED [ 57%]
lib64/python3.7/site-packages/pyflakes/test/test_doctests.py::TestImports::test_used_package_with_submodule_import_of_alias PASSED [ 57%]
lib64/python3.7/site-packages/pyflakes/test/test_doctests.py::TestUndefinedNames::test_annotationUndefined PASSED [ 57%]
lib64/python3.7/site-packages/pyflakes/test/test_doctests.py::TestUndefinedNames::test_badNestedClass PASSED [ 57%]
lib64/python3.7/site-packages/pyflakes/test/test_doctests.py::TestUndefinedNames::test_builtinWindowsError PASSED [ 57%]
lib64/python3.7/site-packages/pyflakes/test/test_doctests.py::TestUndefinedNames::test_builtins PASSED [ 57%]
lib64/python3.7/site-packages/pyflakes/test/test_doctests.py::TestUndefinedNames::test_definedAsStarArgs PASSED [ 57%]
lib64/python3.7/site-packages/pyflakes/test/test_doctests.py::TestUndefinedNames::test_definedAsStarUnpack PASSED [ 57%]
lib64/python3.7/site-packages/pyflakes/test/test_doctests.py::TestUndefinedNames::test_definedByGlobal PASSED [ 57%]
lib64/python3.7/site-packages/pyflakes/test/test_doctests.py::TestUndefinedNames::test_definedByGlobalMultipleNames PASSED [ 57%]
lib64/python3.7/site-packages/pyflakes/test/test_doctests.py::TestUndefinedNames::test_definedFromLambdaInDictionaryComprehension PASSED [ 57%]
lib64/python3.7/site-packages/pyflakes/test/test_doctests.py::TestUndefinedNames::test_definedFromLambdaInGenerator PASSED [ 57%]
lib64/python3.7/site-packages/pyflakes/test/test_doctests.py::TestUndefinedNames::test_definedInClass PASSED [ 57%]
lib64/python3.7/site-packages/pyflakes/test/test_doctests.py::TestUndefinedNames::test_definedInClassNested PASSED [ 57%]
lib64/python3.7/site-packages/pyflakes/test/test_doctests.py::TestUndefinedNames::test_definedInGenExp PASSED [ 57%]
lib64/python3.7/site-packages/pyflakes/test/test_doctests.py::TestUndefinedNames::test_definedInListComp PASSED [ 57%]
lib64/python3.7/site-packages/pyflakes/test/test_doctests.py::TestUndefinedNames::test_del PASSED [ 57%]
lib64/python3.7/site-packages/pyflakes/test/test_doctests.py::TestUndefinedNames::test_delConditional PASSED [ 57%]
lib64/python3.7/site-packages/pyflakes/test/test_doctests.py::TestUndefinedNames::test_delConditionalNested PASSED [ 57%]
lib64/python3.7/site-packages/pyflakes/test/test_doctests.py::TestUndefinedNames::test_delExceptionInExcept PASSED [ 57%]
lib64/python3.7/site-packages/pyflakes/test/test_doctests.py::TestUndefinedNames::test_delGlobal PASSED [ 57%]
lib64/python3.7/site-packages/pyflakes/test/test_doctests.py::TestUndefinedNames::test_delUndefined PASSED [ 57%]
lib64/python3.7/site-packages/pyflakes/test/test_doctests.py::TestUndefinedNames::test_delWhile PASSED [ 57%]
lib64/python3.7/site-packages/pyflakes/test/test_doctests.py::TestUndefinedNames::test_delWhileNested PASSED [ 57%]
lib64/python3.7/site-packages/pyflakes/test/test_doctests.py::TestUndefinedNames::test_delWhileTestUsage PASSED [ 57%]
lib64/python3.7/site-packages/pyflakes/test/test_doctests.py::TestUndefinedNames::test_doubleNestingReportsClosestName PASSED [ 57%]
lib64/python3.7/site-packages/pyflakes/test/test_doctests.py::TestUndefinedNames::test_dunderClass PASSED [ 57%]
lib64/python3.7/site-packages/pyflakes/test/test_doctests.py::TestUndefinedNames::test_functionsNeedGlobalScope PASSED [ 57%]
lib64/python3.7/site-packages/pyflakes/test/test_doctests.py::TestUndefinedNames::test_globalFromNestedScope PASSED [ 57%]
lib64/python3.7/site-packages/pyflakes/test/test_doctests.py::TestUndefinedNames::test_globalImportStar PASSED [ 57%]
lib64/python3.7/site-packages/pyflakes/test/test_doctests.py::TestUndefinedNames::test_globalInGlobalScope PASSED [ 57%]
lib64/python3.7/site-packages/pyflakes/test/test_doctests.py::TestUndefinedNames::test_global_reset_name_only PASSED [ 57%]
lib64/python3.7/site-packages/pyflakes/test/test_doctests.py::TestUndefinedNames::test_intermediateClassScopeIgnored PASSED [ 57%]
lib64/python3.7/site-packages/pyflakes/test/test_doctests.py::TestUndefinedNames::test_keywordOnlyArgs PASSED [ 57%]
lib64/python3.7/site-packages/pyflakes/test/test_doctests.py::TestUndefinedNames::test_keywordOnlyArgsUndefined PASSED [ 57%]
lib64/python3.7/site-packages/pyflakes/test/test_doctests.py::TestUndefinedNames::test_laterRedefinedGlobalFromNestedScope PASSED [ 57%]
lib64/python3.7/site-packages/pyflakes/test/test_doctests.py::TestUndefinedNames::test_laterRedefinedGlobalFromNestedScope2 PASSED [ 57%]
lib64/python3.7/site-packages/pyflakes/test/test_doctests.py::TestUndefinedNames::test_laterRedefinedGlobalFromNestedScope3 PASSED [ 57%]
lib64/python3.7/site-packages/pyflakes/test/test_doctests.py::TestUndefinedNames::test_magicGlobalsBuiltins PASSED [ 57%]
lib64/python3.7/site-packages/pyflakes/test/test_doctests.py::TestUndefinedNames::test_magicGlobalsFile PASSED [ 57%]
lib64/python3.7/site-packages/pyflakes/test/test_doctests.py::TestUndefinedNames::test_magicGlobalsName PASSED [ 57%]
lib64/python3.7/site-packages/pyflakes/test/test_doctests.py::TestUndefinedNames::test_magicGlobalsPath PASSED [ 57%]
lib64/python3.7/site-packages/pyflakes/test/test_doctests.py::TestUndefinedNames::test_magicModuleInClassScope PASSED [ 58%]
lib64/python3.7/site-packages/pyflakes/test/test_doctests.py::TestUndefinedNames::test_magicQualnameInClassScope PASSED [ 58%]
lib64/python3.7/site-packages/pyflakes/test/test_doctests.py::TestUndefinedNames::test_metaClassUndefined PASSED [ 58%]
lib64/python3.7/site-packages/pyflakes/test/test_doctests.py::TestUndefinedNames::test_moduleAnnotations PASSED [ 58%]
lib64/python3.7/site-packages/pyflakes/test/test_doctests.py::TestUndefinedNames::test_namesDeclaredInExceptBlocks PASSED [ 58%]
lib64/python3.7/site-packages/pyflakes/test/test_doctests.py::TestUndefinedNames::test_nestedClass PASSED [ 58%]
lib64/python3.7/site-packages/pyflakes/test/test_doctests.py::TestUndefinedNames::test_undefined PASSED [ 58%]
lib64/python3.7/site-packages/pyflakes/test/test_doctests.py::TestUndefinedNames::test_undefinedAugmentedAssignment PASSED [ 58%]
lib64/python3.7/site-packages/pyflakes/test/test_doctests.py::TestUndefinedNames::test_undefinedExceptionName PASSED [ 58%]
lib64/python3.7/site-packages/pyflakes/test/test_doctests.py::TestUndefinedNames::test_undefinedExceptionNameObscuringGlobalVariable SKIPPED [ 58%]
lib64/python3.7/site-packages/pyflakes/test/test_doctests.py::TestUndefinedNames::test_undefinedExceptionNameObscuringGlobalVariable2 SKIPPED [ 58%]
lib64/python3.7/site-packages/pyflakes/test/test_doctests.py::TestUndefinedNames::test_undefinedExceptionNameObscuringGlobalVariableFalsePositive1 PASSED [ 58%]
lib64/python3.7/site-packages/pyflakes/test/test_doctests.py::TestUndefinedNames::test_undefinedExceptionNameObscuringGlobalVariableFalsePositive2 PASSED [ 58%]
lib64/python3.7/site-packages/pyflakes/test/test_doctests.py::TestUndefinedNames::test_undefinedExceptionNameObscuringLocalVariable SKIPPED [ 58%]
lib64/python3.7/site-packages/pyflakes/test/test_doctests.py::TestUndefinedNames::test_undefinedExceptionNameObscuringLocalVariable2 PASSED [ 58%]
lib64/python3.7/site-packages/pyflakes/test/test_doctests.py::TestUndefinedNames::test_undefinedExceptionNameObscuringLocalVariableFalsePositive1 PASSED [ 58%]
lib64/python3.7/site-packages/pyflakes/test/test_doctests.py::TestUndefinedNames::test_undefinedExceptionNameObscuringLocalVariableFalsePositive2 PASSED [ 58%]
lib64/python3.7/site-packages/pyflakes/test/test_doctests.py::TestUndefinedNames::test_undefinedFromLambdaInComprehension PASSED [ 58%]
lib64/python3.7/site-packages/pyflakes/test/test_doctests.py::TestUndefinedNames::test_undefinedFromLambdaInDictionaryComprehension PASSED [ 58%]
lib64/python3.7/site-packages/pyflakes/test/test_doctests.py::TestUndefinedNames::test_undefinedInGenExpNested PASSED [ 58%]
lib64/python3.7/site-packages/pyflakes/test/test_doctests.py::TestUndefinedNames::test_undefinedInListComp PASSED [ 58%]
lib64/python3.7/site-packages/pyflakes/test/test_doctests.py::TestUndefinedNames::test_undefinedInLoop PASSED [ 58%]
lib64/python3.7/site-packages/pyflakes/test/test_doctests.py::TestUndefinedNames::test_undefinedWithErrorHandler PASSED [ 58%]
lib64/python3.7/site-packages/pyflakes/test/test_doctests.py::TestUndefinedNames::test_unusedAsStarUnpack PASSED [ 58%]
lib64/python3.7/site-packages/pyflakes/test/test_doctests.py::TestUndefinedNames::test_unused_global SKIPPED [ 58%]
lib64/python3.7/site-packages/pyflakes/test/test_doctests.py::TestUndefinedNames::test_usedAsStarUnpack PASSED [ 58%]
lib64/python3.7/site-packages/pyflakes/test/test_imports.py::TestImportationObject::test_import_as PASSED [ 58%]
lib64/python3.7/site-packages/pyflakes/test/test_imports.py::TestImportationObject::test_import_basic PASSED [ 58%]
lib64/python3.7/site-packages/pyflakes/test/test_imports.py::TestImportationObject::test_import_submodule PASSED [ 58%]
lib64/python3.7/site-packages/pyflakes/test/test_imports.py::TestImportationObject::test_import_submodule_as PASSED [ 58%]
lib64/python3.7/site-packages/pyflakes/test/test_imports.py::TestImportationObject::test_import_submodule_as_source_name PASSED [ 58%]
lib64/python3.7/site-packages/pyflakes/test/test_imports.py::TestImportationObject::test_importfrom_future PASSED [ 58%]
lib64/python3.7/site-packages/pyflakes/test/test_imports.py::TestImportationObject::test_importfrom_member PASSED [ 58%]
lib64/python3.7/site-packages/pyflakes/test/test_imports.py::TestImportationObject::test_importfrom_member_as PASSED [ 58%]
lib64/python3.7/site-packages/pyflakes/test/test_imports.py::TestImportationObject::test_importfrom_relative PASSED [ 58%]
lib64/python3.7/site-packages/pyflakes/test/test_imports.py::TestImportationObject::test_importfrom_relative_parent PASSED [ 58%]
lib64/python3.7/site-packages/pyflakes/test/test_imports.py::TestImportationObject::test_importfrom_relative_with_module PASSED [ 58%]
lib64/python3.7/site-packages/pyflakes/test/test_imports.py::TestImportationObject::test_importfrom_relative_with_module_as PASSED [ 58%]
lib64/python3.7/site-packages/pyflakes/test/test_imports.py::TestImportationObject::test_importfrom_star PASSED [ 58%]
lib64/python3.7/site-packages/pyflakes/test/test_imports.py::TestImportationObject::test_importfrom_star_relative PASSED [ 58%]
lib64/python3.7/site-packages/pyflakes/test/test_imports.py::TestImportationObject::test_importfrom_submodule_member PASSED [ 58%]
lib64/python3.7/site-packages/pyflakes/test/test_imports.py::TestImportationObject::test_importfrom_submodule_member_as PASSED [ 58%]
lib64/python3.7/site-packages/pyflakes/test/test_imports.py::TestImportationObject::test_unusedImport_underscore PASSED [ 58%]
lib64/python3.7/site-packages/pyflakes/test/test_imports.py::Test::test_aliasedImport PASSED [ 58%]
lib64/python3.7/site-packages/pyflakes/test/test_imports.py::Test::test_aliasedImportShadowModule PASSED [ 59%]
lib64/python3.7/site-packages/pyflakes/test/test_imports.py::Test::test_assignRHSFirst PASSED [ 59%]
lib64/python3.7/site-packages/pyflakes/test/test_imports.py::Test::test_assignedToGlobal PASSED [ 59%]
lib64/python3.7/site-packages/pyflakes/test/test_imports.py::Test::test_differentSubmoduleImport PASSED [ 59%]
lib64/python3.7/site-packages/pyflakes/test/test_imports.py::Test::test_duplicateSubmoduleImport PASSED [ 59%]
lib64/python3.7/site-packages/pyflakes/test/test_imports.py::Test::test_functionNamesAreBoundNow PASSED [ 59%]
lib64/python3.7/site-packages/pyflakes/test/test_imports.py::Test::test_functionsRunLater PASSED [ 59%]
lib64/python3.7/site-packages/pyflakes/test/test_imports.py::Test::test_futureImport PASSED [ 59%]
lib64/python3.7/site-packages/pyflakes/test/test_imports.py::Test::test_futureImportFirst PASSED [ 59%]
lib64/python3.7/site-packages/pyflakes/test/test_imports.py::Test::test_futureImportStar PASSED [ 59%]
lib64/python3.7/site-packages/pyflakes/test/test_imports.py::Test::test_futureImportUndefined PASSED [ 59%]
lib64/python3.7/site-packages/pyflakes/test/test_imports.py::Test::test_futureImportUsed PASSED [ 59%]
lib64/python3.7/site-packages/pyflakes/test/test_imports.py::Test::test_ignoreNonImportRedefinitions PASSED [ 59%]
lib64/python3.7/site-packages/pyflakes/test/test_imports.py::Test::test_importInClass PASSED [ 59%]
lib64/python3.7/site-packages/pyflakes/test/test_imports.py::Test::test_importStar PASSED [ 59%]
lib64/python3.7/site-packages/pyflakes/test/test_imports.py::Test::test_importStar_relative PASSED [ 59%]
lib64/python3.7/site-packages/pyflakes/test/test_imports.py::Test::test_importUsedInMethodDefinition PASSED [ 59%]
lib64/python3.7/site-packages/pyflakes/test/test_imports.py::Test::test_importedInClass PASSED [ 59%]
lib64/python3.7/site-packages/pyflakes/test/test_imports.py::Test::test_importingForImportError SKIPPED [ 59%]
lib64/python3.7/site-packages/pyflakes/test/test_imports.py::Test::test_localImportStar PASSED [ 59%]
lib64/python3.7/site-packages/pyflakes/test/test_imports.py::Test::test_methodsDontUseClassScope PASSED [ 59%]
lib64/python3.7/site-packages/pyflakes/test/test_imports.py::Test::test_nestedClassAndFunctionScope PASSED [ 59%]
lib64/python3.7/site-packages/pyflakes/test/test_imports.py::Test::test_nestedFunctionsNestScope PASSED [ 59%]
lib64/python3.7/site-packages/pyflakes/test/test_imports.py::Test::test_newAssignment PASSED [ 59%]
lib64/python3.7/site-packages/pyflakes/test/test_imports.py::Test::test_nonGlobalDoesNotRedefine PASSED [ 59%]
lib64/python3.7/site-packages/pyflakes/test/test_imports.py::Test::test_notUsedInNestedScope PASSED [ 59%]
lib64/python3.7/site-packages/pyflakes/test/test_imports.py::Test::test_packageImport PASSED [ 59%]
lib64/python3.7/site-packages/pyflakes/test/test_imports.py::Test::test_redefinedButUsedLater PASSED [ 59%]
lib64/python3.7/site-packages/pyflakes/test/test_imports.py::Test::test_redefinedByClass PASSED [ 59%]
lib64/python3.7/site-packages/pyflakes/test/test_imports.py::Test::test_redefinedByExcept PASSED [ 59%]
lib64/python3.7/site-packages/pyflakes/test/test_imports.py::Test::test_redefinedByFor PASSED [ 59%]
lib64/python3.7/site-packages/pyflakes/test/test_imports.py::Test::test_redefinedByFunction PASSED [ 59%]
lib64/python3.7/site-packages/pyflakes/test/test_imports.py::Test::test_redefinedBySubclass PASSED [ 59%]
lib64/python3.7/site-packages/pyflakes/test/test_imports.py::Test::test_redefinedIf PASSED [ 59%]
lib64/python3.7/site-packages/pyflakes/test/test_imports.py::Test::test_redefinedIfElse PASSED [ 59%]
lib64/python3.7/site-packages/pyflakes/test/test_imports.py::Test::test_redefinedInClass PASSED [ 59%]
lib64/python3.7/site-packages/pyflakes/test/test_imports.py::Test::test_redefinedInNestedFunction PASSED [ 59%]
lib64/python3.7/site-packages/pyflakes/test/test_imports.py::Test::test_redefinedInNestedFunctionTwice PASSED [ 59%]
lib64/python3.7/site-packages/pyflakes/test/test_imports.py::Test::test_redefinedTry PASSED [ 59%]
lib64/python3.7/site-packages/pyflakes/test/test_imports.py::Test::test_redefinedTryElse PASSED [ 59%]
lib64/python3.7/site-packages/pyflakes/test/test_imports.py::Test::test_redefinedTryExcept PASSED [ 59%]
lib64/python3.7/site-packages/pyflakes/test/test_imports.py::Test::test_redefinedTryExceptElse PASSED [ 59%]
lib64/python3.7/site-packages/pyflakes/test/test_imports.py::Test::test_redefinedTryExceptElseFinally PASSED [ 59%]
lib64/python3.7/site-packages/pyflakes/test/test_imports.py::Test::test_redefinedTryExceptFinally PASSED [ 59%]
lib64/python3.7/site-packages/pyflakes/test/test_imports.py::Test::test_redefinedTryExceptMulti PASSED [ 60%]
lib64/python3.7/site-packages/pyflakes/test/test_imports.py::Test::test_redefinedTryNested PASSED [ 60%]
lib64/python3.7/site-packages/pyflakes/test/test_imports.py::Test::test_redefinedWhileUnused PASSED [ 60%]
lib64/python3.7/site-packages/pyflakes/test/test_imports.py::Test::test_shadowedByFor PASSED [ 60%]
lib64/python3.7/site-packages/pyflakes/test/test_imports.py::Test::test_shadowedByForDeep PASSED [ 60%]
lib64/python3.7/site-packages/pyflakes/test/test_imports.py::Test::test_shadowedByLambda PASSED [ 60%]
lib64/python3.7/site-packages/pyflakes/test/test_imports.py::Test::test_shadowedByParameter PASSED [ 60%]
lib64/python3.7/site-packages/pyflakes/test/test_imports.py::Test::test_tryingMultipleImports PASSED [ 60%]
lib64/python3.7/site-packages/pyflakes/test/test_imports.py::Test::test_unusedImport PASSED [ 60%]
lib64/python3.7/site-packages/pyflakes/test/test_imports.py::Test::test_unusedImport_relative PASSED [ 60%]
lib64/python3.7/site-packages/pyflakes/test/test_imports.py::Test::test_unusedInNestedScope PASSED [ 60%]
lib64/python3.7/site-packages/pyflakes/test/test_imports.py::Test::test_unusedPackageImport PASSED [ 60%]
lib64/python3.7/site-packages/pyflakes/test/test_imports.py::Test::test_unused_package_with_submodule_import PASSED [ 60%]
lib64/python3.7/site-packages/pyflakes/test/test_imports.py::Test::test_usedAndGlobal PASSED [ 60%]
lib64/python3.7/site-packages/pyflakes/test/test_imports.py::Test::test_usedImport PASSED [ 60%]
lib64/python3.7/site-packages/pyflakes/test/test_imports.py::Test::test_usedImport_relative PASSED [ 60%]
lib64/python3.7/site-packages/pyflakes/test/test_imports.py::Test::test_usedInAssert PASSED [ 60%]
lib64/python3.7/site-packages/pyflakes/test/test_imports.py::Test::test_usedInAssignment PASSED [ 60%]
lib64/python3.7/site-packages/pyflakes/test/test_imports.py::Test::test_usedInAttributeAssign PASSED [ 60%]
lib64/python3.7/site-packages/pyflakes/test/test_imports.py::Test::test_usedInCall PASSED [ 60%]
lib64/python3.7/site-packages/pyflakes/test/test_imports.py::Test::test_usedInClass PASSED [ 60%]
lib64/python3.7/site-packages/pyflakes/test/test_imports.py::Test::test_usedInClassBase PASSED [ 60%]
lib64/python3.7/site-packages/pyflakes/test/test_imports.py::Test::test_usedInDict PASSED [ 60%]
lib64/python3.7/site-packages/pyflakes/test/test_imports.py::Test::test_usedInElifConditional PASSED [ 60%]
lib64/python3.7/site-packages/pyflakes/test/test_imports.py::Test::test_usedInElse PASSED [ 60%]
lib64/python3.7/site-packages/pyflakes/test/test_imports.py::Test::test_usedInExcept PASSED [ 60%]
lib64/python3.7/site-packages/pyflakes/test/test_imports.py::Test::test_usedInExec PASSED [ 60%]
lib64/python3.7/site-packages/pyflakes/test/test_imports.py::Test::test_usedInFor PASSED [ 60%]
lib64/python3.7/site-packages/pyflakes/test/test_imports.py::Test::test_usedInForElse PASSED [ 60%]
lib64/python3.7/site-packages/pyflakes/test/test_imports.py::Test::test_usedInFunction PASSED [ 60%]
lib64/python3.7/site-packages/pyflakes/test/test_imports.py::Test::test_usedInGetattr PASSED [ 60%]
lib64/python3.7/site-packages/pyflakes/test/test_imports.py::Test::test_usedInGlobal PASSED [ 60%]
lib64/python3.7/site-packages/pyflakes/test/test_imports.py::Test::test_usedInIfBody PASSED [ 60%]
lib64/python3.7/site-packages/pyflakes/test/test_imports.py::Test::test_usedInIfConditional PASSED [ 60%]
lib64/python3.7/site-packages/pyflakes/test/test_imports.py::Test::test_usedInKeywordArg PASSED [ 60%]
lib64/python3.7/site-packages/pyflakes/test/test_imports.py::Test::test_usedInLambda PASSED [ 60%]
lib64/python3.7/site-packages/pyflakes/test/test_imports.py::Test::test_usedInList PASSED [ 60%]
lib64/python3.7/site-packages/pyflakes/test/test_imports.py::Test::test_usedInListComp PASSED [ 60%]
lib64/python3.7/site-packages/pyflakes/test/test_imports.py::Test::test_usedInLogic PASSED [ 60%]
lib64/python3.7/site-packages/pyflakes/test/test_imports.py::Test::test_usedInOperators PASSED [ 60%]
lib64/python3.7/site-packages/pyflakes/test/test_imports.py::Test::test_usedInParameterDefault PASSED [ 60%]
lib64/python3.7/site-packages/pyflakes/test/test_imports.py::Test::test_usedInRaise PASSED [ 60%]
lib64/python3.7/site-packages/pyflakes/test/test_imports.py::Test::test_usedInReturn PASSED [ 60%]
lib64/python3.7/site-packages/pyflakes/test/test_imports.py::Test::test_usedInSlice PASSED [ 60%]
lib64/python3.7/site-packages/pyflakes/test/test_imports.py::Test::test_usedInSliceObj PASSED [ 60%]
lib64/python3.7/site-packages/pyflakes/test/test_imports.py::Test::test_usedInSubscript PASSED [ 61%]
lib64/python3.7/site-packages/pyflakes/test/test_imports.py::Test::test_usedInTry PASSED [ 61%]
lib64/python3.7/site-packages/pyflakes/test/test_imports.py::Test::test_usedInTryFinally PASSED [ 61%]
lib64/python3.7/site-packages/pyflakes/test/test_imports.py::Test::test_usedInTuple PASSED [ 61%]
lib64/python3.7/site-packages/pyflakes/test/test_imports.py::Test::test_usedInWhile PASSED [ 61%]
lib64/python3.7/site-packages/pyflakes/test/test_imports.py::Test::test_usedInYield PASSED [ 61%]
lib64/python3.7/site-packages/pyflakes/test/test_imports.py::Test::test_used_package_with_submodule_import PASSED [ 61%]
lib64/python3.7/site-packages/pyflakes/test/test_imports.py::Test::test_used_package_with_submodule_import_of_alias PASSED [ 61%]
lib64/python3.7/site-packages/pyflakes/test/test_imports.py::TestSpecialAll::test_all_mixed_attributes_and_strings PASSED [ 61%]
lib64/python3.7/site-packages/pyflakes/test/test_imports.py::TestSpecialAll::test_all_with_attributes PASSED [ 61%]
lib64/python3.7/site-packages/pyflakes/test/test_imports.py::TestSpecialAll::test_all_with_attributes_added PASSED [ 61%]
lib64/python3.7/site-packages/pyflakes/test/test_imports.py::TestSpecialAll::test_all_with_names PASSED [ 61%]
lib64/python3.7/site-packages/pyflakes/test/test_imports.py::TestSpecialAll::test_augmentedAssignment PASSED [ 61%]
lib64/python3.7/site-packages/pyflakes/test/test_imports.py::TestSpecialAll::test_ignoredInClass PASSED [ 61%]
lib64/python3.7/site-packages/pyflakes/test/test_imports.py::TestSpecialAll::test_ignoredInFunction PASSED [ 61%]
lib64/python3.7/site-packages/pyflakes/test/test_imports.py::TestSpecialAll::test_ignored_when_not_directly_assigned PASSED [ 61%]
lib64/python3.7/site-packages/pyflakes/test/test_imports.py::TestSpecialAll::test_importStarExported PASSED [ 61%]
lib64/python3.7/site-packages/pyflakes/test/test_imports.py::TestSpecialAll::test_importStarNotExported PASSED [ 61%]
lib64/python3.7/site-packages/pyflakes/test/test_imports.py::TestSpecialAll::test_list_concatenation_assignment PASSED [ 61%]
lib64/python3.7/site-packages/pyflakes/test/test_imports.py::TestSpecialAll::test_redefinedByGenExp PASSED [ 61%]
lib64/python3.7/site-packages/pyflakes/test/test_imports.py::TestSpecialAll::test_tuple_concatenation_assignment PASSED [ 61%]
lib64/python3.7/site-packages/pyflakes/test/test_imports.py::TestSpecialAll::test_unboundExported PASSED [ 61%]
lib64/python3.7/site-packages/pyflakes/test/test_imports.py::TestSpecialAll::test_usedAsClassDecorator PASSED [ 61%]
lib64/python3.7/site-packages/pyflakes/test/test_imports.py::TestSpecialAll::test_usedAsDecorator PASSED [ 61%]
lib64/python3.7/site-packages/pyflakes/test/test_imports.py::TestSpecialAll::test_usedInGenExp PASSED [ 61%]
lib64/python3.7/site-packages/pyflakes/test/test_imports.py::TestSpecialAll::test_warningSuppressed PASSED [ 61%]
lib64/python3.7/site-packages/pyflakes/test/test_is_literal.py::Test::test_chained_operators_is_str PASSED [ 61%]
lib64/python3.7/site-packages/pyflakes/test/test_is_literal.py::Test::test_chained_operators_is_str_end PASSED [ 61%]
lib64/python3.7/site-packages/pyflakes/test/test_is_literal.py::Test::test_chained_operators_is_true PASSED [ 61%]
lib64/python3.7/site-packages/pyflakes/test/test_is_literal.py::Test::test_chained_operators_is_true_end PASSED [ 61%]
lib64/python3.7/site-packages/pyflakes/test/test_is_literal.py::Test::test_is_bytes PASSED [ 61%]
lib64/python3.7/site-packages/pyflakes/test/test_is_literal.py::Test::test_is_false PASSED [ 61%]
lib64/python3.7/site-packages/pyflakes/test/test_is_literal.py::Test::test_is_int PASSED [ 61%]
lib64/python3.7/site-packages/pyflakes/test/test_is_literal.py::Test::test_is_not_bytes PASSED [ 61%]
lib64/python3.7/site-packages/pyflakes/test/test_is_literal.py::Test::test_is_not_false PASSED [ 61%]
lib64/python3.7/site-packages/pyflakes/test/test_is_literal.py::Test::test_is_not_int PASSED [ 61%]
lib64/python3.7/site-packages/pyflakes/test/test_is_literal.py::Test::test_is_not_str PASSED [ 61%]
lib64/python3.7/site-packages/pyflakes/test/test_is_literal.py::Test::test_is_not_true PASSED [ 61%]
lib64/python3.7/site-packages/pyflakes/test/test_is_literal.py::Test::test_is_not_unicode PASSED [ 61%]
lib64/python3.7/site-packages/pyflakes/test/test_is_literal.py::Test::test_is_str PASSED [ 61%]
lib64/python3.7/site-packages/pyflakes/test/test_is_literal.py::Test::test_is_true PASSED [ 61%]
lib64/python3.7/site-packages/pyflakes/test/test_is_literal.py::Test::test_is_tuple_constant PASSED [ 61%]
lib64/python3.7/site-packages/pyflakes/test/test_is_literal.py::Test::test_is_tuple_constant_containing_constants PASSED [ 61%]
lib64/python3.7/site-packages/pyflakes/test/test_is_literal.py::Test::test_is_tuple_containing_variables_ok PASSED [ 61%]
lib64/python3.7/site-packages/pyflakes/test/test_is_literal.py::Test::test_is_unicode PASSED [ 62%]
lib64/python3.7/site-packages/pyflakes/test/test_is_literal.py::Test::test_left_is_bytes PASSED [ 62%]
lib64/python3.7/site-packages/pyflakes/test/test_is_literal.py::Test::test_left_is_false PASSED [ 62%]
lib64/python3.7/site-packages/pyflakes/test/test_is_literal.py::Test::test_left_is_int PASSED [ 62%]
lib64/python3.7/site-packages/pyflakes/test/test_is_literal.py::Test::test_left_is_not_bytes PASSED [ 62%]
lib64/python3.7/site-packages/pyflakes/test/test_is_literal.py::Test::test_left_is_not_false PASSED [ 62%]
lib64/python3.7/site-packages/pyflakes/test/test_is_literal.py::Test::test_left_is_not_int PASSED [ 62%]
lib64/python3.7/site-packages/pyflakes/test/test_is_literal.py::Test::test_left_is_not_str PASSED [ 62%]
lib64/python3.7/site-packages/pyflakes/test/test_is_literal.py::Test::test_left_is_not_true PASSED [ 62%]
lib64/python3.7/site-packages/pyflakes/test/test_is_literal.py::Test::test_left_is_not_unicode PASSED [ 62%]
lib64/python3.7/site-packages/pyflakes/test/test_is_literal.py::Test::test_left_is_str PASSED [ 62%]
lib64/python3.7/site-packages/pyflakes/test/test_is_literal.py::Test::test_left_is_true PASSED [ 62%]
lib64/python3.7/site-packages/pyflakes/test/test_is_literal.py::Test::test_left_is_unicode PASSED [ 62%]
lib64/python3.7/site-packages/pyflakes/test/test_match.py::TestMatch::test_match_bindings SKIPPED [ 62%]
lib64/python3.7/site-packages/pyflakes/test/test_match.py::TestMatch::test_match_double_star SKIPPED [ 62%]
lib64/python3.7/site-packages/pyflakes/test/test_match.py::TestMatch::test_match_or_pattern SKIPPED [ 62%]
lib64/python3.7/site-packages/pyflakes/test/test_match.py::TestMatch::test_match_pattern_matched_class SKIPPED [ 62%]
lib64/python3.7/site-packages/pyflakes/test/test_match.py::TestMatch::test_match_placeholder SKIPPED [ 62%]
lib64/python3.7/site-packages/pyflakes/test/test_match.py::TestMatch::test_match_singleton SKIPPED [ 62%]
lib64/python3.7/site-packages/pyflakes/test/test_match.py::TestMatch::test_match_star SKIPPED [ 62%]
lib64/python3.7/site-packages/pyflakes/test/test_other.py::Test::test_attrAugmentedAssignment PASSED [ 62%]
lib64/python3.7/site-packages/pyflakes/test/test_other.py::Test::test_breakInsideLoop PASSED [ 62%]
lib64/python3.7/site-packages/pyflakes/test/test_other.py::Test::test_breakOutsideLoop PASSED [ 62%]
lib64/python3.7/site-packages/pyflakes/test/test_other.py::Test::test_classFunctionDecorator PASSED [ 62%]
lib64/python3.7/site-packages/pyflakes/test/test_other.py::Test::test_classNameDefinedPreviously PASSED [ 62%]
lib64/python3.7/site-packages/pyflakes/test/test_other.py::Test::test_classNameUndefinedInClassBody PASSED [ 62%]
lib64/python3.7/site-packages/pyflakes/test/test_other.py::Test::test_classRedefinedAsFunction PASSED [ 62%]
lib64/python3.7/site-packages/pyflakes/test/test_other.py::Test::test_classRedefinition PASSED [ 62%]
lib64/python3.7/site-packages/pyflakes/test/test_other.py::Test::test_classWithReturn PASSED [ 62%]
lib64/python3.7/site-packages/pyflakes/test/test_other.py::Test::test_classWithYield PASSED [ 62%]
lib64/python3.7/site-packages/pyflakes/test/test_other.py::Test::test_classWithYieldFrom PASSED [ 62%]
lib64/python3.7/site-packages/pyflakes/test/test_other.py::Test::test_comparison PASSED [ 62%]
lib64/python3.7/site-packages/pyflakes/test/test_other.py::Test::test_containment PASSED [ 62%]
lib64/python3.7/site-packages/pyflakes/test/test_other.py::Test::test_continueInFinally PASSED [ 62%]
lib64/python3.7/site-packages/pyflakes/test/test_other.py::Test::test_continueInsideLoop PASSED [ 62%]
lib64/python3.7/site-packages/pyflakes/test/test_other.py::Test::test_continueOutsideLoop PASSED [ 62%]
lib64/python3.7/site-packages/pyflakes/test/test_other.py::Test::test_defaultExceptLast PASSED [ 62%]
lib64/python3.7/site-packages/pyflakes/test/test_other.py::Test::test_defaultExceptNotLast PASSED [ 62%]
lib64/python3.7/site-packages/pyflakes/test/test_other.py::Test::test_doubleAssignment SKIPPED [ 62%]
lib64/python3.7/site-packages/pyflakes/test/test_other.py::Test::test_doubleAssignmentConditionally PASSED [ 62%]
lib64/python3.7/site-packages/pyflakes/test/test_other.py::Test::test_doubleAssignmentWithUse PASSED [ 62%]
lib64/python3.7/site-packages/pyflakes/test/test_other.py::Test::test_duplicateArgs PASSED [ 62%]
lib64/python3.7/site-packages/pyflakes/test/test_other.py::Test::test_ellipsis PASSED [ 62%]
lib64/python3.7/site-packages/pyflakes/test/test_other.py::Test::test_extendedSlice PASSED [ 62%]
lib64/python3.7/site-packages/pyflakes/test/test_other.py::Test::test_functionDecorator PASSED [ 63%]
lib64/python3.7/site-packages/pyflakes/test/test_other.py::Test::test_functionRedefinedAsClass PASSED [ 63%]
lib64/python3.7/site-packages/pyflakes/test/test_other.py::Test::test_function_arguments PASSED [ 63%]
lib64/python3.7/site-packages/pyflakes/test/test_other.py::Test::test_function_arguments_python3 PASSED [ 63%]
lib64/python3.7/site-packages/pyflakes/test/test_other.py::Test::test_globalDeclaredInDifferentScope PASSED [ 63%]
lib64/python3.7/site-packages/pyflakes/test/test_other.py::Test::test_identity PASSED [ 63%]
lib64/python3.7/site-packages/pyflakes/test/test_other.py::Test::test_localReferencedBeforeAssignment PASSED [ 63%]
lib64/python3.7/site-packages/pyflakes/test/test_other.py::Test::test_loopControl PASSED [ 63%]
lib64/python3.7/site-packages/pyflakes/test/test_other.py::Test::test_modernProperty PASSED [ 63%]
lib64/python3.7/site-packages/pyflakes/test/test_other.py::Test::test_moduleWithReturn PASSED [ 63%]
lib64/python3.7/site-packages/pyflakes/test/test_other.py::Test::test_moduleWithYield PASSED [ 63%]
lib64/python3.7/site-packages/pyflakes/test/test_other.py::Test::test_moduleWithYieldFrom PASSED [ 63%]
lib64/python3.7/site-packages/pyflakes/test/test_other.py::Test::test_redefinedClassFunction PASSED [ 63%]
lib64/python3.7/site-packages/pyflakes/test/test_other.py::Test::test_redefinedFunction PASSED [ 63%]
lib64/python3.7/site-packages/pyflakes/test/test_other.py::Test::test_redefinedIfElseFunction PASSED [ 63%]
lib64/python3.7/site-packages/pyflakes/test/test_other.py::Test::test_redefinedIfElseInListComp PASSED [ 63%]
lib64/python3.7/site-packages/pyflakes/test/test_other.py::Test::test_redefinedIfFunction PASSED [ 63%]
lib64/python3.7/site-packages/pyflakes/test/test_other.py::Test::test_redefinedInDictComprehension PASSED [ 63%]
lib64/python3.7/site-packages/pyflakes/test/test_other.py::Test::test_redefinedInGenerator PASSED [ 63%]
lib64/python3.7/site-packages/pyflakes/test/test_other.py::Test::test_redefinedInSetComprehension PASSED [ 63%]
lib64/python3.7/site-packages/pyflakes/test/test_other.py::Test::test_redefinedTryExceptFunction PASSED [ 63%]
lib64/python3.7/site-packages/pyflakes/test/test_other.py::Test::test_redefinedTryFunction PASSED [ 63%]
lib64/python3.7/site-packages/pyflakes/test/test_other.py::Test::test_redefinedUnderscoreFunction PASSED [ 63%]
lib64/python3.7/site-packages/pyflakes/test/test_other.py::Test::test_redefinedUnderscoreImportation PASSED [ 63%]
lib64/python3.7/site-packages/pyflakes/test/test_other.py::Test::test_starredAssignmentErrors PASSED [ 63%]
lib64/python3.7/site-packages/pyflakes/test/test_other.py::Test::test_starredAssignmentNoError PASSED [ 63%]
lib64/python3.7/site-packages/pyflakes/test/test_other.py::Test::test_unaryPlus PASSED [ 63%]
lib64/python3.7/site-packages/pyflakes/test/test_other.py::Test::test_undefinedBaseClass PASSED [ 63%]
lib64/python3.7/site-packages/pyflakes/test/test_other.py::Test::test_varAugmentedAssignment PASSED [ 63%]
lib64/python3.7/site-packages/pyflakes/test/test_other.py::TestUnusedAssignment::test_assert_static PASSED [ 63%]
lib64/python3.7/site-packages/pyflakes/test/test_other.py::TestUnusedAssignment::test_assert_tuple PASSED [ 63%]
lib64/python3.7/site-packages/pyflakes/test/test_other.py::TestUnusedAssignment::test_assert_tuple_empty PASSED [ 63%]
lib64/python3.7/site-packages/pyflakes/test/test_other.py::TestUnusedAssignment::test_assert_with_message PASSED [ 63%]
lib64/python3.7/site-packages/pyflakes/test/test_other.py::TestUnusedAssignment::test_assert_without_message PASSED [ 63%]
lib64/python3.7/site-packages/pyflakes/test/test_other.py::TestUnusedAssignment::test_assignInForLoop PASSED [ 63%]
lib64/python3.7/site-packages/pyflakes/test/test_other.py::TestUnusedAssignment::test_assignInListComprehension PASSED [ 63%]
lib64/python3.7/site-packages/pyflakes/test/test_other.py::TestUnusedAssignment::test_assignToGlobal PASSED [ 63%]
lib64/python3.7/site-packages/pyflakes/test/test_other.py::TestUnusedAssignment::test_assignToMember PASSED [ 63%]
lib64/python3.7/site-packages/pyflakes/test/test_other.py::TestUnusedAssignment::test_assignToNonlocal PASSED [ 63%]
lib64/python3.7/site-packages/pyflakes/test/test_other.py::TestUnusedAssignment::test_assign_expr SKIPPED [ 63%]
lib64/python3.7/site-packages/pyflakes/test/test_other.py::TestUnusedAssignment::test_assign_expr_generator_scope SKIPPED [ 63%]
lib64/python3.7/site-packages/pyflakes/test/test_other.py::TestUnusedAssignment::test_assign_expr_nested SKIPPED [ 63%]
lib64/python3.7/site-packages/pyflakes/test/test_other.py::TestUnusedAssignment::test_assignmentInsideLoop PASSED [ 63%]
lib64/python3.7/site-packages/pyflakes/test/test_other.py::TestUnusedAssignment::test_augmentedAssignmentImportedFunctionCall PASSED [ 63%]
lib64/python3.7/site-packages/pyflakes/test/test_other.py::TestUnusedAssignment::test_closedOver PASSED [ 64%]
lib64/python3.7/site-packages/pyflakes/test/test_other.py::TestUnusedAssignment::test_dictComprehension PASSED [ 64%]
lib64/python3.7/site-packages/pyflakes/test/test_other.py::TestUnusedAssignment::test_doubleClosedOver PASSED [ 64%]
lib64/python3.7/site-packages/pyflakes/test/test_other.py::TestUnusedAssignment::test_exceptWithoutNameInFunction PASSED [ 64%]
lib64/python3.7/site-packages/pyflakes/test/test_other.py::TestUnusedAssignment::test_exceptWithoutNameInFunctionTuple PASSED [ 64%]
lib64/python3.7/site-packages/pyflakes/test/test_other.py::TestUnusedAssignment::test_exceptionUnusedInExcept PASSED [ 64%]
lib64/python3.7/site-packages/pyflakes/test/test_other.py::TestUnusedAssignment::test_exceptionUnusedInExceptInFunction PASSED [ 64%]
lib64/python3.7/site-packages/pyflakes/test/test_other.py::TestUnusedAssignment::test_exceptionUsedInExcept PASSED [ 64%]
lib64/python3.7/site-packages/pyflakes/test/test_other.py::TestUnusedAssignment::test_exception_unused_in_except_star SKIPPED [ 64%]
lib64/python3.7/site-packages/pyflakes/test/test_other.py::TestUnusedAssignment::test_f_string PASSED [ 64%]
lib64/python3.7/site-packages/pyflakes/test/test_other.py::TestUnusedAssignment::test_generatorExpression PASSED [ 64%]
lib64/python3.7/site-packages/pyflakes/test/test_other.py::TestUnusedAssignment::test_if_tuple PASSED [ 64%]
lib64/python3.7/site-packages/pyflakes/test/test_other.py::TestUnusedAssignment::test_ifexp PASSED [ 64%]
lib64/python3.7/site-packages/pyflakes/test/test_other.py::TestUnusedAssignment::test_listUnpacking PASSED [ 64%]
lib64/python3.7/site-packages/pyflakes/test/test_other.py::TestUnusedAssignment::test_setComprehensionAndLiteral PASSED [ 64%]
lib64/python3.7/site-packages/pyflakes/test/test_other.py::TestUnusedAssignment::test_tracebackhideSpecialVariable PASSED [ 64%]
lib64/python3.7/site-packages/pyflakes/test/test_other.py::TestUnusedAssignment::test_tupleUnpacking PASSED [ 64%]
lib64/python3.7/site-packages/pyflakes/test/test_other.py::TestUnusedAssignment::test_unusedReassignedVariable SKIPPED [ 64%]
lib64/python3.7/site-packages/pyflakes/test/test_other.py::TestUnusedAssignment::test_unusedUnderscoreVariable PASSED [ 64%]
lib64/python3.7/site-packages/pyflakes/test/test_other.py::TestUnusedAssignment::test_unusedVariable PASSED [ 64%]
lib64/python3.7/site-packages/pyflakes/test/test_other.py::TestUnusedAssignment::test_unusedVariableAsLocals PASSED [ 64%]
lib64/python3.7/site-packages/pyflakes/test/test_other.py::TestUnusedAssignment::test_unusedVariableNoLocals PASSED [ 64%]
lib64/python3.7/site-packages/pyflakes/test/test_other.py::TestUnusedAssignment::test_variableUsedInLoop PASSED [ 64%]
lib64/python3.7/site-packages/pyflakes/test/test_other.py::TestUnusedAssignment::test_withStatementAttributeName PASSED [ 64%]
lib64/python3.7/site-packages/pyflakes/test/test_other.py::TestUnusedAssignment::test_withStatementComplicatedTarget PASSED [ 64%]
lib64/python3.7/site-packages/pyflakes/test/test_other.py::TestUnusedAssignment::test_withStatementListNames PASSED [ 64%]
lib64/python3.7/site-packages/pyflakes/test/test_other.py::TestUnusedAssignment::test_withStatementNameDefinedInBody PASSED [ 64%]
lib64/python3.7/site-packages/pyflakes/test/test_other.py::TestUnusedAssignment::test_withStatementNoNames PASSED [ 64%]
lib64/python3.7/site-packages/pyflakes/test/test_other.py::TestUnusedAssignment::test_withStatementSingleName PASSED [ 64%]
lib64/python3.7/site-packages/pyflakes/test/test_other.py::TestUnusedAssignment::test_withStatementSingleNameRedefined PASSED [ 64%]
lib64/python3.7/site-packages/pyflakes/test/test_other.py::TestUnusedAssignment::test_withStatementSingleNameUndefined PASSED [ 64%]
lib64/python3.7/site-packages/pyflakes/test/test_other.py::TestUnusedAssignment::test_withStatementSubscript PASSED [ 64%]
lib64/python3.7/site-packages/pyflakes/test/test_other.py::TestUnusedAssignment::test_withStatementSubscriptUndefined PASSED [ 64%]
lib64/python3.7/site-packages/pyflakes/test/test_other.py::TestUnusedAssignment::test_withStatementTupleNames PASSED [ 64%]
lib64/python3.7/site-packages/pyflakes/test/test_other.py::TestUnusedAssignment::test_withStatementTupleNamesRedefined PASSED [ 64%]
lib64/python3.7/site-packages/pyflakes/test/test_other.py::TestUnusedAssignment::test_withStatementTupleNamesUndefined PASSED [ 64%]
lib64/python3.7/site-packages/pyflakes/test/test_other.py::TestUnusedAssignment::test_withStatementUndefinedInExpression PASSED [ 64%]
lib64/python3.7/site-packages/pyflakes/test/test_other.py::TestUnusedAssignment::test_withStatementUndefinedInside PASSED [ 64%]
lib64/python3.7/site-packages/pyflakes/test/test_other.py::TestUnusedAssignment::test_yieldFromUndefined PASSED [ 64%]
lib64/python3.7/site-packages/pyflakes/test/test_other.py::TestStringFormatting::test_f_string_without_placeholders PASSED [ 64%]
lib64/python3.7/site-packages/pyflakes/test/test_other.py::TestStringFormatting::test_invalid_dot_format_calls PASSED [ 64%]
lib64/python3.7/site-packages/pyflakes/test/test_other.py::TestStringFormatting::test_invalid_percent_format_calls PASSED [ 64%]
lib64/python3.7/site-packages/pyflakes/test/test_other.py::TestStringFormatting::test_ok_percent_format_cannot_determine_element_count PASSED [ 64%]
lib64/python3.7/site-packages/pyflakes/test/test_other.py::TestAsyncStatements::test_asyncDef PASSED [ 64%]
lib64/python3.7/site-packages/pyflakes/test/test_other.py::TestAsyncStatements::test_asyncDefAwait PASSED [ 65%]
lib64/python3.7/site-packages/pyflakes/test/test_other.py::TestAsyncStatements::test_asyncDefUndefined PASSED [ 65%]
lib64/python3.7/site-packages/pyflakes/test/test_other.py::TestAsyncStatements::test_asyncFor PASSED [ 65%]
lib64/python3.7/site-packages/pyflakes/test/test_other.py::TestAsyncStatements::test_asyncForUnderscoreLoopVar PASSED [ 65%]
lib64/python3.7/site-packages/pyflakes/test/test_other.py::TestAsyncStatements::test_asyncWith PASSED [ 65%]
lib64/python3.7/site-packages/pyflakes/test/test_other.py::TestAsyncStatements::test_asyncWithItem PASSED [ 65%]
lib64/python3.7/site-packages/pyflakes/test/test_other.py::TestAsyncStatements::test_continueInAsyncForFinally PASSED [ 65%]
lib64/python3.7/site-packages/pyflakes/test/test_other.py::TestAsyncStatements::test_formatstring PASSED [ 65%]
lib64/python3.7/site-packages/pyflakes/test/test_other.py::TestAsyncStatements::test_loopControlInAsyncFor PASSED [ 65%]
lib64/python3.7/site-packages/pyflakes/test/test_other.py::TestAsyncStatements::test_loopControlInAsyncForElse PASSED [ 65%]
lib64/python3.7/site-packages/pyflakes/test/test_other.py::TestAsyncStatements::test_matmul PASSED [ 65%]
lib64/python3.7/site-packages/pyflakes/test/test_other.py::TestAsyncStatements::test_raise_notimplemented PASSED [ 65%]
lib64/python3.7/site-packages/pyflakes/test/test_other.py::TestIncompatiblePrintOperator::test_invalid_print_when_imported_from_future PASSED [ 65%]
lib64/python3.7/site-packages/pyflakes/test/test_other.py::TestIncompatiblePrintOperator::test_print_as_condition_test PASSED [ 65%]
lib64/python3.7/site-packages/pyflakes/test/test_other.py::TestIncompatiblePrintOperator::test_print_function_assignment PASSED [ 65%]
lib64/python3.7/site-packages/pyflakes/test/test_other.py::TestIncompatiblePrintOperator::test_print_in_lambda PASSED [ 65%]
lib64/python3.7/site-packages/pyflakes/test/test_other.py::TestIncompatiblePrintOperator::test_print_returned_in_function PASSED [ 65%]
lib64/python3.7/site-packages/pyflakes/test/test_other.py::TestIncompatiblePrintOperator::test_valid_print PASSED [ 65%]
lib64/python3.7/site-packages/pyflakes/test/test_type_annotations.py::TestTypeAnnotations::test_TypeAlias_annotations PASSED [ 65%]
lib64/python3.7/site-packages/pyflakes/test/test_type_annotations.py::TestTypeAnnotations::test_aliased_import PASSED [ 65%]
lib64/python3.7/site-packages/pyflakes/test/test_type_annotations.py::TestTypeAnnotations::test_annotated_async_def PASSED [ 65%]
lib64/python3.7/site-packages/pyflakes/test/test_type_annotations.py::TestTypeAnnotations::test_annotated_type_typing_missing_forward_type PASSED [ 65%]
lib64/python3.7/site-packages/pyflakes/test/test_type_annotations.py::TestTypeAnnotations::test_annotated_type_typing_missing_forward_type_multiple_args PASSED [ 65%]
lib64/python3.7/site-packages/pyflakes/test/test_type_annotations.py::TestTypeAnnotations::test_annotated_type_typing_with_string_args PASSED [ 65%]
lib64/python3.7/site-packages/pyflakes/test/test_type_annotations.py::TestTypeAnnotations::test_annotated_type_typing_with_string_args_in_union PASSED [ 65%]
lib64/python3.7/site-packages/pyflakes/test/test_type_annotations.py::TestTypeAnnotations::test_annotating_an_import PASSED [ 65%]
lib64/python3.7/site-packages/pyflakes/test/test_type_annotations.py::TestTypeAnnotations::test_deferred_twice_annotation PASSED [ 65%]
lib64/python3.7/site-packages/pyflakes/test/test_type_annotations.py::TestTypeAnnotations::test_idomiatic_typing_guards PASSED [ 65%]
lib64/python3.7/site-packages/pyflakes/test/test_type_annotations.py::TestTypeAnnotations::test_literal_type_some_other_module PASSED [ 65%]
lib64/python3.7/site-packages/pyflakes/test/test_type_annotations.py::TestTypeAnnotations::test_literal_type_typing PASSED [ 65%]
lib64/python3.7/site-packages/pyflakes/test/test_type_annotations.py::TestTypeAnnotations::test_literal_type_typing_extensions PASSED [ 65%]
lib64/python3.7/site-packages/pyflakes/test/test_type_annotations.py::TestTypeAnnotations::test_literal_union_type_typing PASSED [ 65%]
lib64/python3.7/site-packages/pyflakes/test/test_type_annotations.py::TestTypeAnnotations::test_namedtypes_classes PASSED [ 65%]
lib64/python3.7/site-packages/pyflakes/test/test_type_annotations.py::TestTypeAnnotations::test_nested_partially_quoted_type_assignment PASSED [ 65%]
lib64/python3.7/site-packages/pyflakes/test/test_type_annotations.py::TestTypeAnnotations::test_not_a_typing_overload PASSED [ 65%]
lib64/python3.7/site-packages/pyflakes/test/test_type_annotations.py::TestTypeAnnotations::test_overload_in_class PASSED [ 65%]
lib64/python3.7/site-packages/pyflakes/test/test_type_annotations.py::TestTypeAnnotations::test_overload_with_multiple_decorators PASSED [ 65%]
lib64/python3.7/site-packages/pyflakes/test/test_type_annotations.py::TestTypeAnnotations::test_partial_string_annotations_with_future_annotations PASSED [ 65%]
lib64/python3.7/site-packages/pyflakes/test/test_type_annotations.py::TestTypeAnnotations::test_partially_quoted_type_annotation PASSED [ 65%]
lib64/python3.7/site-packages/pyflakes/test/test_type_annotations.py::TestTypeAnnotations::test_partially_quoted_type_assignment PASSED [ 65%]
lib64/python3.7/site-packages/pyflakes/test/test_type_annotations.py::TestTypeAnnotations::test_positional_only_argument_annotations SKIPPED [ 65%]
lib64/python3.7/site-packages/pyflakes/test/test_type_annotations.py::TestTypeAnnotations::test_postponed_annotations PASSED [ 65%]
lib64/python3.7/site-packages/pyflakes/test/test_type_annotations.py::TestTypeAnnotations::test_quoted_TypeVar_bound PASSED [ 65%]
lib64/python3.7/site-packages/pyflakes/test/test_type_annotations.py::TestTypeAnnotations::test_quoted_TypeVar_constraints PASSED [ 65%]
lib64/python3.7/site-packages/pyflakes/test/test_type_annotations.py::TestTypeAnnotations::test_quoted_type_cast PASSED [ 66%]
lib64/python3.7/site-packages/pyflakes/test/test_type_annotations.py::TestTypeAnnotations::test_quoted_type_cast_renamed_import PASSED [ 66%]
lib64/python3.7/site-packages/pyflakes/test/test_type_annotations.py::TestTypeAnnotations::test_return_annotation_is_class_scope_variable PASSED [ 66%]
lib64/python3.7/site-packages/pyflakes/test/test_type_annotations.py::TestTypeAnnotations::test_return_annotation_is_function_body_variable PASSED [ 66%]
lib64/python3.7/site-packages/pyflakes/test/test_type_annotations.py::TestTypeAnnotations::test_typeCommentsAdditionalComment PASSED [ 66%]
lib64/python3.7/site-packages/pyflakes/test/test_type_annotations.py::TestTypeAnnotations::test_typeCommentsAssignedToPreviousNode PASSED [ 66%]
lib64/python3.7/site-packages/pyflakes/test/test_type_annotations.py::TestTypeAnnotations::test_typeCommentsFullSignature PASSED [ 66%]
lib64/python3.7/site-packages/pyflakes/test/test_type_annotations.py::TestTypeAnnotations::test_typeCommentsFullSignatureWithDocstring PASSED [ 66%]
lib64/python3.7/site-packages/pyflakes/test/test_type_annotations.py::TestTypeAnnotations::test_typeCommentsInvalidDoesNotMarkAsUsed PASSED [ 66%]
lib64/python3.7/site-packages/pyflakes/test/test_type_annotations.py::TestTypeAnnotations::test_typeCommentsMarkImportsAsUsed PASSED [ 66%]
lib64/python3.7/site-packages/pyflakes/test/test_type_annotations.py::TestTypeAnnotations::test_typeCommentsNoWhitespaceAnnotation PASSED [ 66%]
lib64/python3.7/site-packages/pyflakes/test/test_type_annotations.py::TestTypeAnnotations::test_typeCommentsStarArgs PASSED [ 66%]
lib64/python3.7/site-packages/pyflakes/test/test_type_annotations.py::TestTypeAnnotations::test_typeCommentsSyntaxError PASSED [ 66%]
lib64/python3.7/site-packages/pyflakes/test/test_type_annotations.py::TestTypeAnnotations::test_typeCommentsSyntaxErrorCorrectLine PASSED [ 66%]
lib64/python3.7/site-packages/pyflakes/test/test_type_annotations.py::TestTypeAnnotations::test_typeIgnore PASSED [ 66%]
lib64/python3.7/site-packages/pyflakes/test/test_type_annotations.py::TestTypeAnnotations::test_typeIgnoreBogus PASSED [ 66%]
lib64/python3.7/site-packages/pyflakes/test/test_type_annotations.py::TestTypeAnnotations::test_typeIgnoreBogusUnicode PASSED [ 66%]
lib64/python3.7/site-packages/pyflakes/test/test_type_annotations.py::TestTypeAnnotations::test_type_annotation_clobbers_all PASSED [ 66%]
lib64/python3.7/site-packages/pyflakes/test/test_type_annotations.py::TestTypeAnnotations::test_type_cast_literal_str_to_str PASSED [ 66%]
lib64/python3.7/site-packages/pyflakes/test/test_type_annotations.py::TestTypeAnnotations::test_typednames_correct_forward_ref PASSED [ 66%]
lib64/python3.7/site-packages/pyflakes/test/test_type_annotations.py::TestTypeAnnotations::test_typingExtensionsOverload PASSED [ 66%]
lib64/python3.7/site-packages/pyflakes/test/test_type_annotations.py::TestTypeAnnotations::test_typingOverload PASSED [ 66%]
lib64/python3.7/site-packages/pyflakes/test/test_type_annotations.py::TestTypeAnnotations::test_typingOverloadAsync PASSED [ 66%]
lib64/python3.7/site-packages/pyflakes/test/test_type_annotations.py::TestTypeAnnotations::test_typing_guard_for_protocol PASSED [ 66%]
lib64/python3.7/site-packages/pyflakes/test/test_type_annotations.py::TestTypeAnnotations::test_unused_annotation PASSED [ 66%]
lib64/python3.7/site-packages/pyflakes/test/test_type_annotations.py::TestTypeAnnotations::test_variable_annotations PASSED [ 66%]
lib64/python3.7/site-packages/pyflakes/test/test_type_annotations.py::TestTypeAnnotations::test_variadic_generics SKIPPED [ 66%]
lib64/python3.7/site-packages/pyflakes/test/test_undefined_names.py::Test::test_annotationUndefined PASSED [ 66%]
lib64/python3.7/site-packages/pyflakes/test/test_undefined_names.py::Test::test_badNestedClass PASSED [ 66%]
lib64/python3.7/site-packages/pyflakes/test/test_undefined_names.py::Test::test_builtinWindowsError PASSED [ 66%]
lib64/python3.7/site-packages/pyflakes/test/test_undefined_names.py::Test::test_builtins PASSED [ 66%]
lib64/python3.7/site-packages/pyflakes/test/test_undefined_names.py::Test::test_definedAsStarArgs PASSED [ 66%]
lib64/python3.7/site-packages/pyflakes/test/test_undefined_names.py::Test::test_definedAsStarUnpack PASSED [ 66%]
lib64/python3.7/site-packages/pyflakes/test/test_undefined_names.py::Test::test_definedByGlobal PASSED [ 66%]
lib64/python3.7/site-packages/pyflakes/test/test_undefined_names.py::Test::test_definedByGlobalMultipleNames PASSED [ 66%]
lib64/python3.7/site-packages/pyflakes/test/test_undefined_names.py::Test::test_definedFromLambdaInDictionaryComprehension PASSED [ 66%]
lib64/python3.7/site-packages/pyflakes/test/test_undefined_names.py::Test::test_definedFromLambdaInGenerator PASSED [ 66%]
lib64/python3.7/site-packages/pyflakes/test/test_undefined_names.py::Test::test_definedInClass PASSED [ 66%]
lib64/python3.7/site-packages/pyflakes/test/test_undefined_names.py::Test::test_definedInClassNested PASSED [ 66%]
lib64/python3.7/site-packages/pyflakes/test/test_undefined_names.py::Test::test_definedInGenExp PASSED [ 66%]
lib64/python3.7/site-packages/pyflakes/test/test_undefined_names.py::Test::test_definedInListComp PASSED [ 66%]
lib64/python3.7/site-packages/pyflakes/test/test_undefined_names.py::Test::test_del PASSED [ 66%]
lib64/python3.7/site-packages/pyflakes/test/test_undefined_names.py::Test::test_delConditional PASSED [ 66%]
lib64/python3.7/site-packages/pyflakes/test/test_undefined_names.py::Test::test_delConditionalNested PASSED [ 66%]
lib64/python3.7/site-packages/pyflakes/test/test_undefined_names.py::Test::test_delExceptionInExcept PASSED [ 67%]
lib64/python3.7/site-packages/pyflakes/test/test_undefined_names.py::Test::test_delGlobal PASSED [ 67%]
lib64/python3.7/site-packages/pyflakes/test/test_undefined_names.py::Test::test_delUndefined PASSED [ 67%]
lib64/python3.7/site-packages/pyflakes/test/test_undefined_names.py::Test::test_delWhile PASSED [ 67%]
lib64/python3.7/site-packages/pyflakes/test/test_undefined_names.py::Test::test_delWhileNested PASSED [ 67%]
lib64/python3.7/site-packages/pyflakes/test/test_undefined_names.py::Test::test_delWhileTestUsage PASSED [ 67%]
lib64/python3.7/site-packages/pyflakes/test/test_undefined_names.py::Test::test_doubleNestingReportsClosestName PASSED [ 67%]
lib64/python3.7/site-packages/pyflakes/test/test_undefined_names.py::Test::test_dunderClass PASSED [ 67%]
lib64/python3.7/site-packages/pyflakes/test/test_undefined_names.py::Test::test_functionsNeedGlobalScope PASSED [ 67%]
lib64/python3.7/site-packages/pyflakes/test/test_undefined_names.py::Test::test_globalFromNestedScope PASSED [ 67%]
lib64/python3.7/site-packages/pyflakes/test/test_undefined_names.py::Test::test_globalImportStar PASSED [ 67%]
lib64/python3.7/site-packages/pyflakes/test/test_undefined_names.py::Test::test_globalInGlobalScope PASSED [ 67%]
lib64/python3.7/site-packages/pyflakes/test/test_undefined_names.py::Test::test_global_reset_name_only PASSED [ 67%]
lib64/python3.7/site-packages/pyflakes/test/test_undefined_names.py::Test::test_intermediateClassScopeIgnored PASSED [ 67%]
lib64/python3.7/site-packages/pyflakes/test/test_undefined_names.py::Test::test_keywordOnlyArgs PASSED [ 67%]
lib64/python3.7/site-packages/pyflakes/test/test_undefined_names.py::Test::test_keywordOnlyArgsUndefined PASSED [ 67%]
lib64/python3.7/site-packages/pyflakes/test/test_undefined_names.py::Test::test_laterRedefinedGlobalFromNestedScope PASSED [ 67%]
lib64/python3.7/site-packages/pyflakes/test/test_undefined_names.py::Test::test_laterRedefinedGlobalFromNestedScope2 PASSED [ 67%]
lib64/python3.7/site-packages/pyflakes/test/test_undefined_names.py::Test::test_laterRedefinedGlobalFromNestedScope3 PASSED [ 67%]
lib64/python3.7/site-packages/pyflakes/test/test_undefined_names.py::Test::test_magicGlobalsBuiltins PASSED [ 67%]
lib64/python3.7/site-packages/pyflakes/test/test_undefined_names.py::Test::test_magicGlobalsFile PASSED [ 67%]
lib64/python3.7/site-packages/pyflakes/test/test_undefined_names.py::Test::test_magicGlobalsName PASSED [ 67%]
lib64/python3.7/site-packages/pyflakes/test/test_undefined_names.py::Test::test_magicGlobalsPath PASSED [ 67%]
lib64/python3.7/site-packages/pyflakes/test/test_undefined_names.py::Test::test_magicModuleInClassScope PASSED [ 67%]
lib64/python3.7/site-packages/pyflakes/test/test_undefined_names.py::Test::test_magicQualnameInClassScope PASSED [ 67%]
lib64/python3.7/site-packages/pyflakes/test/test_undefined_names.py::Test::test_metaClassUndefined PASSED [ 67%]
lib64/python3.7/site-packages/pyflakes/test/test_undefined_names.py::Test::test_moduleAnnotations PASSED [ 67%]
lib64/python3.7/site-packages/pyflakes/test/test_undefined_names.py::Test::test_namesDeclaredInExceptBlocks PASSED [ 67%]
lib64/python3.7/site-packages/pyflakes/test/test_undefined_names.py::Test::test_nestedClass PASSED [ 67%]
lib64/python3.7/site-packages/pyflakes/test/test_undefined_names.py::Test::test_undefined PASSED [ 67%]
lib64/python3.7/site-packages/pyflakes/test/test_undefined_names.py::Test::test_undefinedAugmentedAssignment PASSED [ 67%]
lib64/python3.7/site-packages/pyflakes/test/test_undefined_names.py::Test::test_undefinedExceptionName PASSED [ 67%]
lib64/python3.7/site-packages/pyflakes/test/test_undefined_names.py::Test::test_undefinedExceptionNameObscuringGlobalVariable SKIPPED [ 67%]
lib64/python3.7/site-packages/pyflakes/test/test_undefined_names.py::Test::test_undefinedExceptionNameObscuringGlobalVariable2 SKIPPED [ 67%]
lib64/python3.7/site-packages/pyflakes/test/test_undefined_names.py::Test::test_undefinedExceptionNameObscuringGlobalVariableFalsePositive1 PASSED [ 67%]
lib64/python3.7/site-packages/pyflakes/test/test_undefined_names.py::Test::test_undefinedExceptionNameObscuringGlobalVariableFalsePositive2 PASSED [ 67%]
lib64/python3.7/site-packages/pyflakes/test/test_undefined_names.py::Test::test_undefinedExceptionNameObscuringLocalVariable SKIPPED [ 67%]
lib64/python3.7/site-packages/pyflakes/test/test_undefined_names.py::Test::test_undefinedExceptionNameObscuringLocalVariable2 PASSED [ 67%]
lib64/python3.7/site-packages/pyflakes/test/test_undefined_names.py::Test::test_undefinedExceptionNameObscuringLocalVariableFalsePositive1 PASSED [ 67%]
lib64/python3.7/site-packages/pyflakes/test/test_undefined_names.py::Test::test_undefinedExceptionNameObscuringLocalVariableFalsePositive2 PASSED [ 67%]
lib64/python3.7/site-packages/pyflakes/test/test_undefined_names.py::Test::test_undefinedFromLambdaInComprehension PASSED [ 67%]
lib64/python3.7/site-packages/pyflakes/test/test_undefined_names.py::Test::test_undefinedFromLambdaInDictionaryComprehension PASSED [ 67%]
lib64/python3.7/site-packages/pyflakes/test/test_undefined_names.py::Test::test_undefinedInGenExpNested PASSED [ 67%]
lib64/python3.7/site-packages/pyflakes/test/test_undefined_names.py::Test::test_undefinedInListComp PASSED [ 67%]
lib64/python3.7/site-packages/pyflakes/test/test_undefined_names.py::Test::test_undefinedInLoop PASSED [ 68%]
lib64/python3.7/site-packages/pyflakes/test/test_undefined_names.py::Test::test_undefinedWithErrorHandler PASSED [ 68%]
lib64/python3.7/site-packages/pyflakes/test/test_undefined_names.py::Test::test_unusedAsStarUnpack PASSED [ 68%]
lib64/python3.7/site-packages/pyflakes/test/test_undefined_names.py::Test::test_unused_global SKIPPED [ 68%]
lib64/python3.7/site-packages/pyflakes/test/test_undefined_names.py::Test::test_usedAsStarUnpack PASSED [ 68%]
lib64/python3.7/site-packages/pyflakes/test/test_undefined_names.py::NameTests::test_impossibleContext PASSED [ 68%]
lib64/python3.7/site-packages/zope/interface/common/tests/test_builtins.py::TestVerifyClass::test_auto_builtins_bool_zope_interface_common_builtins_IBool PASSED [ 68%]
lib64/python3.7/site-packages/zope/interface/common/tests/test_builtins.py::TestVerifyClass::test_auto_builtins_bytes_zope_interface_common_builtins_IByteString PASSED [ 68%]
lib64/python3.7/site-packages/zope/interface/common/tests/test_builtins.py::TestVerifyClass::test_auto_builtins_dict_zope_interface_common_builtins_IDict PASSED [ 68%]
lib64/python3.7/site-packages/zope/interface/common/tests/test_builtins.py::TestVerifyClass::test_auto_builtins_list_zope_interface_common_builtins_IList PASSED [ 68%]
lib64/python3.7/site-packages/zope/interface/common/tests/test_builtins.py::TestVerifyClass::test_auto_builtins_str_zope_interface_common_builtins_INativeString PASSED [ 68%]
lib64/python3.7/site-packages/zope/interface/common/tests/test_builtins.py::TestVerifyClass::test_auto_builtins_str_zope_interface_common_builtins_ITextString PASSED [ 68%]
lib64/python3.7/site-packages/zope/interface/common/tests/test_builtins.py::TestVerifyClass::test_auto_builtins_tuple_zope_interface_common_builtins_ITuple PASSED [ 68%]
lib64/python3.7/site-packages/zope/interface/common/tests/test_builtins.py::TestVerifyClass::test_auto_ro_builtins_bool_zope_interface_common_builtins_IBool PASSED [ 68%]
lib64/python3.7/site-packages/zope/interface/common/tests/test_builtins.py::TestVerifyClass::test_auto_ro_builtins_bytes_zope_interface_common_builtins_IByteString PASSED [ 68%]
lib64/python3.7/site-packages/zope/interface/common/tests/test_builtins.py::TestVerifyClass::test_auto_ro_builtins_dict_zope_interface_common_builtins_IDict PASSED [ 68%]
lib64/python3.7/site-packages/zope/interface/common/tests/test_builtins.py::TestVerifyClass::test_auto_ro_builtins_list_zope_interface_common_builtins_IList PASSED [ 68%]
lib64/python3.7/site-packages/zope/interface/common/tests/test_builtins.py::TestVerifyClass::test_auto_ro_builtins_str_zope_interface_common_builtins_INativeString PASSED [ 68%]
lib64/python3.7/site-packages/zope/interface/common/tests/test_builtins.py::TestVerifyClass::test_auto_ro_builtins_str_zope_interface_common_builtins_ITextString PASSED [ 68%]
lib64/python3.7/site-packages/zope/interface/common/tests/test_builtins.py::TestVerifyClass::test_auto_ro_builtins_tuple_zope_interface_common_builtins_ITuple PASSED [ 68%]
lib64/python3.7/site-packages/zope/interface/common/tests/test_builtins.py::TestVerifyObject::test_auto_builtins_bool_zope_interface_common_builtins_IBool PASSED [ 68%]
lib64/python3.7/site-packages/zope/interface/common/tests/test_builtins.py::TestVerifyObject::test_auto_builtins_bytes_zope_interface_common_builtins_IByteString PASSED [ 68%]
lib64/python3.7/site-packages/zope/interface/common/tests/test_builtins.py::TestVerifyObject::test_auto_builtins_dict_zope_interface_common_builtins_IDict PASSED [ 68%]
lib64/python3.7/site-packages/zope/interface/common/tests/test_builtins.py::TestVerifyObject::test_auto_builtins_list_zope_interface_common_builtins_IList PASSED [ 68%]
lib64/python3.7/site-packages/zope/interface/common/tests/test_builtins.py::TestVerifyObject::test_auto_builtins_str_zope_interface_common_builtins_INativeString PASSED [ 68%]
lib64/python3.7/site-packages/zope/interface/common/tests/test_builtins.py::TestVerifyObject::test_auto_builtins_str_zope_interface_common_builtins_ITextString PASSED [ 68%]
lib64/python3.7/site-packages/zope/interface/common/tests/test_builtins.py::TestVerifyObject::test_auto_builtins_tuple_zope_interface_common_builtins_ITuple PASSED [ 68%]
lib64/python3.7/site-packages/zope/interface/common/tests/test_builtins.py::TestVerifyObject::test_auto_ro_builtins_bool_zope_interface_common_builtins_IBool PASSED [ 68%]
lib64/python3.7/site-packages/zope/interface/common/tests/test_builtins.py::TestVerifyObject::test_auto_ro_builtins_bytes_zope_interface_common_builtins_IByteString PASSED [ 68%]
lib64/python3.7/site-packages/zope/interface/common/tests/test_builtins.py::TestVerifyObject::test_auto_ro_builtins_dict_zope_interface_common_builtins_IDict PASSED [ 68%]
lib64/python3.7/site-packages/zope/interface/common/tests/test_builtins.py::TestVerifyObject::test_auto_ro_builtins_list_zope_interface_common_builtins_IList PASSED [ 68%]
lib64/python3.7/site-packages/zope/interface/common/tests/test_builtins.py::TestVerifyObject::test_auto_ro_builtins_str_zope_interface_common_builtins_INativeString PASSED [ 68%]
lib64/python3.7/site-packages/zope/interface/common/tests/test_builtins.py::TestVerifyObject::test_auto_ro_builtins_str_zope_interface_common_builtins_ITextString PASSED [ 68%]
lib64/python3.7/site-packages/zope/interface/common/tests/test_builtins.py::TestVerifyObject::test_auto_ro_builtins_tuple_zope_interface_common_builtins_ITuple PASSED [ 68%]
lib64/python3.7/site-packages/zope/interface/common/tests/test_collections.py::TestVerifyClass::test_UserDict PASSED [ 68%]
lib64/python3.7/site-packages/zope/interface/common/tests/test_collections.py::TestVerifyClass::test_UserList PASSED [ 68%]
lib64/python3.7/site-packages/zope/interface/common/tests/test_collections.py::TestVerifyClass::test_UserString PASSED [ 68%]
lib64/python3.7/site-packages/zope/interface/common/tests/test_collections.py::TestVerifyClass::test_auto_builtins_async_generator_zope_interface_common_collections_IAsyncGenerator PASSED [ 68%]
lib64/python3.7/site-packages/zope/interface/common/tests/test_collections.py::TestVerifyClass::test_auto_builtins_bytearray_iterator_zope_interface_common_collections_IIterator PASSED [ 68%]
lib64/python3.7/site-packages/zope/interface/common/tests/test_collections.py::TestVerifyClass::test_auto_builtins_bytearray_zope_interface_common_collections_IByteString PASSED [ 68%]
lib64/python3.7/site-packages/zope/interface/common/tests/test_collections.py::TestVerifyClass::test_auto_builtins_bytearray_zope_interface_common_collections_IMutableSequence PASSED [ 68%]
lib64/python3.7/site-packages/zope/interface/common/tests/test_collections.py::TestVerifyClass::test_auto_builtins_bytes_iterator_zope_interface_common_collections_IIterator PASSED [ 68%]
lib64/python3.7/site-packages/zope/interface/common/tests/test_collections.py::TestVerifyClass::test_auto_builtins_bytes_zope_interface_common_collections_IByteString PASSED [ 68%]
lib64/python3.7/site-packages/zope/interface/common/tests/test_collections.py::TestVerifyClass::test_auto_builtins_coroutine_zope_interface_common_collections_ICoroutine PASSED [ 68%]
lib64/python3.7/site-packages/zope/interface/common/tests/test_collections.py::TestVerifyClass::test_auto_builtins_dict_itemiterator_zope_interface_common_collections_IIterator PASSED [ 69%]
lib64/python3.7/site-packages/zope/interface/common/tests/test_collections.py::TestVerifyClass::test_auto_builtins_dict_items_zope_interface_common_collections_IItemsView PASSED [ 69%]
lib64/python3.7/site-packages/zope/interface/common/tests/test_collections.py::TestVerifyClass::test_auto_builtins_dict_keyiterator_zope_interface_common_collections_IIterator PASSED [ 69%]
lib64/python3.7/site-packages/zope/interface/common/tests/test_collections.py::TestVerifyClass::test_auto_builtins_dict_keys_zope_interface_common_collections_IKeysView PASSED [ 69%]
lib64/python3.7/site-packages/zope/interface/common/tests/test_collections.py::TestVerifyClass::test_auto_builtins_dict_valueiterator_zope_interface_common_collections_IIterator PASSED [ 69%]
lib64/python3.7/site-packages/zope/interface/common/tests/test_collections.py::TestVerifyClass::test_auto_builtins_dict_values_zope_interface_common_collections_IValuesView PASSED [ 69%]
lib64/python3.7/site-packages/zope/interface/common/tests/test_collections.py::TestVerifyClass::test_auto_builtins_dict_zope_interface_common_collections_IMapping PASSED [ 69%]
lib64/python3.7/site-packages/zope/interface/common/tests/test_collections.py::TestVerifyClass::test_auto_builtins_dict_zope_interface_common_collections_IMutableMapping PASSED [ 69%]
lib64/python3.7/site-packages/zope/interface/common/tests/test_collections.py::TestVerifyClass::test_auto_builtins_frozenset_zope_interface_common_collections_ISet PASSED [ 69%]
lib64/python3.7/site-packages/zope/interface/common/tests/test_collections.py::TestVerifyClass::test_auto_builtins_generator_zope_interface_common_collections_IGenerator PASSED [ 69%]
lib64/python3.7/site-packages/zope/interface/common/tests/test_collections.py::TestVerifyClass::test_auto_builtins_list_iterator_zope_interface_common_collections_IIterator PASSED [ 69%]
lib64/python3.7/site-packages/zope/interface/common/tests/test_collections.py::TestVerifyClass::test_auto_builtins_list_reverseiterator_zope_interface_common_collections_IIterator PASSED [ 69%]
lib64/python3.7/site-packages/zope/interface/common/tests/test_collections.py::TestVerifyClass::test_auto_builtins_list_zope_interface_common_collections_IMutableSequence PASSED [ 69%]
lib64/python3.7/site-packages/zope/interface/common/tests/test_collections.py::TestVerifyClass::test_auto_builtins_list_zope_interface_common_collections_ISequence PASSED [ 69%]
lib64/python3.7/site-packages/zope/interface/common/tests/test_collections.py::TestVerifyClass::test_auto_builtins_longrange_iterator_zope_interface_common_collections_IIterator PASSED [ 69%]
lib64/python3.7/site-packages/zope/interface/common/tests/test_collections.py::TestVerifyClass::test_auto_builtins_mappingproxy_zope_interface_common_collections_IMapping PASSED [ 69%]
lib64/python3.7/site-packages/zope/interface/common/tests/test_collections.py::TestVerifyClass::test_auto_builtins_memoryview_zope_interface_common_collections_ISequence SKIPPED [ 69%]
lib64/python3.7/site-packages/zope/interface/common/tests/test_collections.py::TestVerifyClass::test_auto_builtins_range_iterator_zope_interface_common_collections_IIterator PASSED [ 69%]
lib64/python3.7/site-packages/zope/interface/common/tests/test_collections.py::TestVerifyClass::test_auto_builtins_range_zope_interface_common_collections_ISequence PASSED [ 69%]
lib64/python3.7/site-packages/zope/interface/common/tests/test_collections.py::TestVerifyClass::test_auto_builtins_set_iterator_zope_interface_common_collections_IIterator PASSED [ 69%]
lib64/python3.7/site-packages/zope/interface/common/tests/test_collections.py::TestVerifyClass::test_auto_builtins_set_zope_interface_common_collections_IMutableSet PASSED [ 69%]
lib64/python3.7/site-packages/zope/interface/common/tests/test_collections.py::TestVerifyClass::test_auto_builtins_str_iterator_zope_interface_common_collections_IIterator PASSED [ 69%]
lib64/python3.7/site-packages/zope/interface/common/tests/test_collections.py::TestVerifyClass::test_auto_builtins_str_zope_interface_common_collections_ISequence PASSED [ 69%]
lib64/python3.7/site-packages/zope/interface/common/tests/test_collections.py::TestVerifyClass::test_auto_builtins_tuple_iterator_zope_interface_common_collections_IIterator PASSED [ 69%]
lib64/python3.7/site-packages/zope/interface/common/tests/test_collections.py::TestVerifyClass::test_auto_builtins_tuple_zope_interface_common_collections_ISequence PASSED [ 69%]
lib64/python3.7/site-packages/zope/interface/common/tests/test_collections.py::TestVerifyClass::test_auto_builtins_zip_zope_interface_common_collections_IIterator PASSED [ 69%]
lib64/python3.7/site-packages/zope/interface/common/tests/test_collections.py::TestVerifyClass::test_auto_collections_UserDict_zope_interface_common_collections_IMutableMapping PASSED [ 69%]
lib64/python3.7/site-packages/zope/interface/common/tests/test_collections.py::TestVerifyClass::test_auto_collections_UserList_zope_interface_common_collections_IMutableSequence PASSED [ 69%]
lib64/python3.7/site-packages/zope/interface/common/tests/test_collections.py::TestVerifyClass::test_auto_collections_UserString_zope_interface_common_collections_ISequence PASSED [ 69%]
lib64/python3.7/site-packages/zope/interface/common/tests/test_collections.py::TestVerifyClass::test_auto_collections_deque_zope_interface_common_collections_IMutableSequence PASSED [ 69%]
lib64/python3.7/site-packages/zope/interface/common/tests/test_collections.py::TestVerifyClass::test_auto_ro_builtins_async_generator_zope_interface_common_collections_IAsyncGenerator PASSED [ 69%]
lib64/python3.7/site-packages/zope/interface/common/tests/test_collections.py::TestVerifyClass::test_auto_ro_builtins_bytearray_iterator_zope_interface_common_collections_IIterator PASSED [ 69%]
lib64/python3.7/site-packages/zope/interface/common/tests/test_collections.py::TestVerifyClass::test_auto_ro_builtins_bytearray_zope_interface_common_collections_IByteString PASSED [ 69%]
lib64/python3.7/site-packages/zope/interface/common/tests/test_collections.py::TestVerifyClass::test_auto_ro_builtins_bytearray_zope_interface_common_collections_IMutableSequence PASSED [ 69%]
lib64/python3.7/site-packages/zope/interface/common/tests/test_collections.py::TestVerifyClass::test_auto_ro_builtins_bytes_iterator_zope_interface_common_collections_IIterator PASSED [ 69%]
lib64/python3.7/site-packages/zope/interface/common/tests/test_collections.py::TestVerifyClass::test_auto_ro_builtins_bytes_zope_interface_common_collections_IByteString PASSED [ 69%]
lib64/python3.7/site-packages/zope/interface/common/tests/test_collections.py::TestVerifyClass::test_auto_ro_builtins_coroutine_zope_interface_common_collections_ICoroutine PASSED [ 69%]
lib64/python3.7/site-packages/zope/interface/common/tests/test_collections.py::TestVerifyClass::test_auto_ro_builtins_dict_itemiterator_zope_interface_common_collections_IIterator PASSED [ 69%]
lib64/python3.7/site-packages/zope/interface/common/tests/test_collections.py::TestVerifyClass::test_auto_ro_builtins_dict_items_zope_interface_common_collections_IItemsView PASSED [ 69%]
lib64/python3.7/site-packages/zope/interface/common/tests/test_collections.py::TestVerifyClass::test_auto_ro_builtins_dict_keyiterator_zope_interface_common_collections_IIterator PASSED [ 69%]
lib64/python3.7/site-packages/zope/interface/common/tests/test_collections.py::TestVerifyClass::test_auto_ro_builtins_dict_keys_zope_interface_common_collections_IKeysView PASSED [ 69%]
lib64/python3.7/site-packages/zope/interface/common/tests/test_collections.py::TestVerifyClass::test_auto_ro_builtins_dict_valueiterator_zope_interface_common_collections_IIterator PASSED [ 69%]
lib64/python3.7/site-packages/zope/interface/common/tests/test_collections.py::TestVerifyClass::test_auto_ro_builtins_dict_values_zope_interface_common_collections_IValuesView PASSED [ 69%]
lib64/python3.7/site-packages/zope/interface/common/tests/test_collections.py::TestVerifyClass::test_auto_ro_builtins_dict_zope_interface_common_collections_IMapping PASSED [ 69%]
lib64/python3.7/site-packages/zope/interface/common/tests/test_collections.py::TestVerifyClass::test_auto_ro_builtins_dict_zope_interface_common_collections_IMutableMapping PASSED [ 70%]
lib64/python3.7/site-packages/zope/interface/common/tests/test_collections.py::TestVerifyClass::test_auto_ro_builtins_frozenset_zope_interface_common_collections_ISet PASSED [ 70%]
lib64/python3.7/site-packages/zope/interface/common/tests/test_collections.py::TestVerifyClass::test_auto_ro_builtins_generator_zope_interface_common_collections_IGenerator PASSED [ 70%]
lib64/python3.7/site-packages/zope/interface/common/tests/test_collections.py::TestVerifyClass::test_auto_ro_builtins_list_iterator_zope_interface_common_collections_IIterator PASSED [ 70%]
lib64/python3.7/site-packages/zope/interface/common/tests/test_collections.py::TestVerifyClass::test_auto_ro_builtins_list_reverseiterator_zope_interface_common_collections_IIterator PASSED [ 70%]
lib64/python3.7/site-packages/zope/interface/common/tests/test_collections.py::TestVerifyClass::test_auto_ro_builtins_list_zope_interface_common_collections_IMutableSequence PASSED [ 70%]
lib64/python3.7/site-packages/zope/interface/common/tests/test_collections.py::TestVerifyClass::test_auto_ro_builtins_list_zope_interface_common_collections_ISequence PASSED [ 70%]
lib64/python3.7/site-packages/zope/interface/common/tests/test_collections.py::TestVerifyClass::test_auto_ro_builtins_longrange_iterator_zope_interface_common_collections_IIterator PASSED [ 70%]
lib64/python3.7/site-packages/zope/interface/common/tests/test_collections.py::TestVerifyClass::test_auto_ro_builtins_mappingproxy_zope_interface_common_collections_IMapping PASSED [ 70%]
lib64/python3.7/site-packages/zope/interface/common/tests/test_collections.py::TestVerifyClass::test_auto_ro_builtins_memoryview_zope_interface_common_collections_ISequence PASSED [ 70%]
lib64/python3.7/site-packages/zope/interface/common/tests/test_collections.py::TestVerifyClass::test_auto_ro_builtins_range_iterator_zope_interface_common_collections_IIterator PASSED [ 70%]
lib64/python3.7/site-packages/zope/interface/common/tests/test_collections.py::TestVerifyClass::test_auto_ro_builtins_range_zope_interface_common_collections_ISequence PASSED [ 70%]
lib64/python3.7/site-packages/zope/interface/common/tests/test_collections.py::TestVerifyClass::test_auto_ro_builtins_set_iterator_zope_interface_common_collections_IIterator PASSED [ 70%]
lib64/python3.7/site-packages/zope/interface/common/tests/test_collections.py::TestVerifyClass::test_auto_ro_builtins_set_zope_interface_common_collections_IMutableSet PASSED [ 70%]
lib64/python3.7/site-packages/zope/interface/common/tests/test_collections.py::TestVerifyClass::test_auto_ro_builtins_str_iterator_zope_interface_common_collections_IIterator PASSED [ 70%]
lib64/python3.7/site-packages/zope/interface/common/tests/test_collections.py::TestVerifyClass::test_auto_ro_builtins_str_zope_interface_common_collections_ISequence PASSED [ 70%]
lib64/python3.7/site-packages/zope/interface/common/tests/test_collections.py::TestVerifyClass::test_auto_ro_builtins_tuple_iterator_zope_interface_common_collections_IIterator PASSED [ 70%]
lib64/python3.7/site-packages/zope/interface/common/tests/test_collections.py::TestVerifyClass::test_auto_ro_builtins_tuple_zope_interface_common_collections_ISequence PASSED [ 70%]
lib64/python3.7/site-packages/zope/interface/common/tests/test_collections.py::TestVerifyClass::test_auto_ro_builtins_zip_zope_interface_common_collections_IIterator PASSED [ 70%]
lib64/python3.7/site-packages/zope/interface/common/tests/test_collections.py::TestVerifyClass::test_auto_ro_collections_UserDict_zope_interface_common_collections_IMutableMapping PASSED [ 70%]
lib64/python3.7/site-packages/zope/interface/common/tests/test_collections.py::TestVerifyClass::test_auto_ro_collections_UserList_zope_interface_common_collections_IMutableSequence PASSED [ 70%]
lib64/python3.7/site-packages/zope/interface/common/tests/test_collections.py::TestVerifyClass::test_auto_ro_collections_UserString_zope_interface_common_collections_ISequence PASSED [ 70%]
lib64/python3.7/site-packages/zope/interface/common/tests/test_collections.py::TestVerifyClass::test_auto_ro_collections_deque_zope_interface_common_collections_IMutableSequence PASSED [ 70%]
lib64/python3.7/site-packages/zope/interface/common/tests/test_collections.py::TestVerifyClass::test_frozenset PASSED [ 70%]
lib64/python3.7/site-packages/zope/interface/common/tests/test_collections.py::TestVerifyClass::test_list PASSED [ 70%]
lib64/python3.7/site-packages/zope/interface/common/tests/test_collections.py::TestVerifyClass::test_non_iterable_UserDict SKIPPED [ 70%]
lib64/python3.7/site-packages/zope/interface/common/tests/test_collections.py::TestVerifyObject::test_UserDict PASSED [ 70%]
lib64/python3.7/site-packages/zope/interface/common/tests/test_collections.py::TestVerifyObject::test_UserList PASSED [ 70%]
lib64/python3.7/site-packages/zope/interface/common/tests/test_collections.py::TestVerifyObject::test_UserString PASSED [ 70%]
lib64/python3.7/site-packages/zope/interface/common/tests/test_collections.py::TestVerifyObject::test_auto_builtins_async_generator_zope_interface_common_collections_IAsyncGenerator SKIPPED [ 70%]
lib64/python3.7/site-packages/zope/interface/common/tests/test_collections.py::TestVerifyObject::test_auto_builtins_bytearray_iterator_zope_interface_common_collections_IIterator PASSED [ 70%]
lib64/python3.7/site-packages/zope/interface/common/tests/test_collections.py::TestVerifyObject::test_auto_builtins_bytearray_zope_interface_common_collections_IByteString PASSED [ 70%]
lib64/python3.7/site-packages/zope/interface/common/tests/test_collections.py::TestVerifyObject::test_auto_builtins_bytearray_zope_interface_common_collections_IMutableSequence PASSED [ 70%]
lib64/python3.7/site-packages/zope/interface/common/tests/test_collections.py::TestVerifyObject::test_auto_builtins_bytes_iterator_zope_interface_common_collections_IIterator PASSED [ 70%]
lib64/python3.7/site-packages/zope/interface/common/tests/test_collections.py::TestVerifyObject::test_auto_builtins_bytes_zope_interface_common_collections_IByteString PASSED [ 70%]
lib64/python3.7/site-packages/zope/interface/common/tests/test_collections.py::TestVerifyObject::test_auto_builtins_coroutine_zope_interface_common_collections_ICoroutine SKIPPED [ 70%]
lib64/python3.7/site-packages/zope/interface/common/tests/test_collections.py::TestVerifyObject::test_auto_builtins_dict_itemiterator_zope_interface_common_collections_IIterator PASSED [ 70%]
lib64/python3.7/site-packages/zope/interface/common/tests/test_collections.py::TestVerifyObject::test_auto_builtins_dict_items_zope_interface_common_collections_IItemsView PASSED [ 70%]
lib64/python3.7/site-packages/zope/interface/common/tests/test_collections.py::TestVerifyObject::test_auto_builtins_dict_keyiterator_zope_interface_common_collections_IIterator PASSED [ 70%]
lib64/python3.7/site-packages/zope/interface/common/tests/test_collections.py::TestVerifyObject::test_auto_builtins_dict_keys_zope_interface_common_collections_IKeysView PASSED [ 70%]
lib64/python3.7/site-packages/zope/interface/common/tests/test_collections.py::TestVerifyObject::test_auto_builtins_dict_valueiterator_zope_interface_common_collections_IIterator PASSED [ 70%]
lib64/python3.7/site-packages/zope/interface/common/tests/test_collections.py::TestVerifyObject::test_auto_builtins_dict_values_zope_interface_common_collections_IValuesView PASSED [ 70%]
lib64/python3.7/site-packages/zope/interface/common/tests/test_collections.py::TestVerifyObject::test_auto_builtins_dict_zope_interface_common_collections_IMapping PASSED [ 70%]
lib64/python3.7/site-packages/zope/interface/common/tests/test_collections.py::TestVerifyObject::test_auto_builtins_dict_zope_interface_common_collections_IMutableMapping PASSED [ 70%]
lib64/python3.7/site-packages/zope/interface/common/tests/test_collections.py::TestVerifyObject::test_auto_builtins_frozenset_zope_interface_common_collections_ISet PASSED [ 70%]
lib64/python3.7/site-packages/zope/interface/common/tests/test_collections.py::TestVerifyObject::test_auto_builtins_generator_zope_interface_common_collections_IGenerator PASSED [ 71%]
lib64/python3.7/site-packages/zope/interface/common/tests/test_collections.py::TestVerifyObject::test_auto_builtins_list_iterator_zope_interface_common_collections_IIterator PASSED [ 71%]
lib64/python3.7/site-packages/zope/interface/common/tests/test_collections.py::TestVerifyObject::test_auto_builtins_list_reverseiterator_zope_interface_common_collections_IIterator PASSED [ 71%]
lib64/python3.7/site-packages/zope/interface/common/tests/test_collections.py::TestVerifyObject::test_auto_builtins_list_zope_interface_common_collections_IMutableSequence PASSED [ 71%]
lib64/python3.7/site-packages/zope/interface/common/tests/test_collections.py::TestVerifyObject::test_auto_builtins_list_zope_interface_common_collections_ISequence PASSED [ 71%]
lib64/python3.7/site-packages/zope/interface/common/tests/test_collections.py::TestVerifyObject::test_auto_builtins_longrange_iterator_zope_interface_common_collections_IIterator SKIPPED [ 71%]
lib64/python3.7/site-packages/zope/interface/common/tests/test_collections.py::TestVerifyObject::test_auto_builtins_mappingproxy_zope_interface_common_collections_IMapping PASSED [ 71%]
lib64/python3.7/site-packages/zope/interface/common/tests/test_collections.py::TestVerifyObject::test_auto_builtins_memoryview_zope_interface_common_collections_ISequence SKIPPED [ 71%]
lib64/python3.7/site-packages/zope/interface/common/tests/test_collections.py::TestVerifyObject::test_auto_builtins_range_iterator_zope_interface_common_collections_IIterator PASSED [ 71%]
lib64/python3.7/site-packages/zope/interface/common/tests/test_collections.py::TestVerifyObject::test_auto_builtins_range_zope_interface_common_collections_ISequence PASSED [ 71%]
lib64/python3.7/site-packages/zope/interface/common/tests/test_collections.py::TestVerifyObject::test_auto_builtins_set_iterator_zope_interface_common_collections_IIterator PASSED [ 71%]
lib64/python3.7/site-packages/zope/interface/common/tests/test_collections.py::TestVerifyObject::test_auto_builtins_set_zope_interface_common_collections_IMutableSet PASSED [ 71%]
lib64/python3.7/site-packages/zope/interface/common/tests/test_collections.py::TestVerifyObject::test_auto_builtins_str_iterator_zope_interface_common_collections_IIterator PASSED [ 71%]
lib64/python3.7/site-packages/zope/interface/common/tests/test_collections.py::TestVerifyObject::test_auto_builtins_str_zope_interface_common_collections_ISequence PASSED [ 71%]
lib64/python3.7/site-packages/zope/interface/common/tests/test_collections.py::TestVerifyObject::test_auto_builtins_tuple_iterator_zope_interface_common_collections_IIterator PASSED [ 71%]
lib64/python3.7/site-packages/zope/interface/common/tests/test_collections.py::TestVerifyObject::test_auto_builtins_tuple_zope_interface_common_collections_ISequence PASSED [ 71%]
lib64/python3.7/site-packages/zope/interface/common/tests/test_collections.py::TestVerifyObject::test_auto_builtins_zip_zope_interface_common_collections_IIterator PASSED [ 71%]
lib64/python3.7/site-packages/zope/interface/common/tests/test_collections.py::TestVerifyObject::test_auto_collections_UserDict_zope_interface_common_collections_IMutableMapping PASSED [ 71%]
lib64/python3.7/site-packages/zope/interface/common/tests/test_collections.py::TestVerifyObject::test_auto_collections_UserList_zope_interface_common_collections_IMutableSequence PASSED [ 71%]
lib64/python3.7/site-packages/zope/interface/common/tests/test_collections.py::TestVerifyObject::test_auto_collections_UserString_zope_interface_common_collections_ISequence PASSED [ 71%]
lib64/python3.7/site-packages/zope/interface/common/tests/test_collections.py::TestVerifyObject::test_auto_collections_deque_zope_interface_common_collections_IMutableSequence PASSED [ 71%]
lib64/python3.7/site-packages/zope/interface/common/tests/test_collections.py::TestVerifyObject::test_auto_ro_builtins_async_generator_zope_interface_common_collections_IAsyncGenerator PASSED [ 71%]
lib64/python3.7/site-packages/zope/interface/common/tests/test_collections.py::TestVerifyObject::test_auto_ro_builtins_bytearray_iterator_zope_interface_common_collections_IIterator PASSED [ 71%]
lib64/python3.7/site-packages/zope/interface/common/tests/test_collections.py::TestVerifyObject::test_auto_ro_builtins_bytearray_zope_interface_common_collections_IByteString PASSED [ 71%]
lib64/python3.7/site-packages/zope/interface/common/tests/test_collections.py::TestVerifyObject::test_auto_ro_builtins_bytearray_zope_interface_common_collections_IMutableSequence PASSED [ 71%]
lib64/python3.7/site-packages/zope/interface/common/tests/test_collections.py::TestVerifyObject::test_auto_ro_builtins_bytes_iterator_zope_interface_common_collections_IIterator PASSED [ 71%]
lib64/python3.7/site-packages/zope/interface/common/tests/test_collections.py::TestVerifyObject::test_auto_ro_builtins_bytes_zope_interface_common_collections_IByteString PASSED [ 71%]
lib64/python3.7/site-packages/zope/interface/common/tests/test_collections.py::TestVerifyObject::test_auto_ro_builtins_coroutine_zope_interface_common_collections_ICoroutine PASSED [ 71%]
lib64/python3.7/site-packages/zope/interface/common/tests/test_collections.py::TestVerifyObject::test_auto_ro_builtins_dict_itemiterator_zope_interface_common_collections_IIterator PASSED [ 71%]
lib64/python3.7/site-packages/zope/interface/common/tests/test_collections.py::TestVerifyObject::test_auto_ro_builtins_dict_items_zope_interface_common_collections_IItemsView PASSED [ 71%]
lib64/python3.7/site-packages/zope/interface/common/tests/test_collections.py::TestVerifyObject::test_auto_ro_builtins_dict_keyiterator_zope_interface_common_collections_IIterator PASSED [ 71%]
lib64/python3.7/site-packages/zope/interface/common/tests/test_collections.py::TestVerifyObject::test_auto_ro_builtins_dict_keys_zope_interface_common_collections_IKeysView PASSED [ 71%]
lib64/python3.7/site-packages/zope/interface/common/tests/test_collections.py::TestVerifyObject::test_auto_ro_builtins_dict_valueiterator_zope_interface_common_collections_IIterator PASSED [ 71%]
lib64/python3.7/site-packages/zope/interface/common/tests/test_collections.py::TestVerifyObject::test_auto_ro_builtins_dict_values_zope_interface_common_collections_IValuesView PASSED [ 71%]
lib64/python3.7/site-packages/zope/interface/common/tests/test_collections.py::TestVerifyObject::test_auto_ro_builtins_dict_zope_interface_common_collections_IMapping PASSED [ 71%]
lib64/python3.7/site-packages/zope/interface/common/tests/test_collections.py::TestVerifyObject::test_auto_ro_builtins_dict_zope_interface_common_collections_IMutableMapping PASSED [ 71%]
lib64/python3.7/site-packages/zope/interface/common/tests/test_collections.py::TestVerifyObject::test_auto_ro_builtins_frozenset_zope_interface_common_collections_ISet PASSED [ 71%]
lib64/python3.7/site-packages/zope/interface/common/tests/test_collections.py::TestVerifyObject::test_auto_ro_builtins_generator_zope_interface_common_collections_IGenerator PASSED [ 71%]
lib64/python3.7/site-packages/zope/interface/common/tests/test_collections.py::TestVerifyObject::test_auto_ro_builtins_list_iterator_zope_interface_common_collections_IIterator PASSED [ 71%]
lib64/python3.7/site-packages/zope/interface/common/tests/test_collections.py::TestVerifyObject::test_auto_ro_builtins_list_reverseiterator_zope_interface_common_collections_IIterator PASSED [ 71%]
lib64/python3.7/site-packages/zope/interface/common/tests/test_collections.py::TestVerifyObject::test_auto_ro_builtins_list_zope_interface_common_collections_IMutableSequence PASSED [ 71%]
lib64/python3.7/site-packages/zope/interface/common/tests/test_collections.py::TestVerifyObject::test_auto_ro_builtins_list_zope_interface_common_collections_ISequence PASSED [ 71%]
lib64/python3.7/site-packages/zope/interface/common/tests/test_collections.py::TestVerifyObject::test_auto_ro_builtins_longrange_iterator_zope_interface_common_collections_IIterator PASSED [ 71%]
lib64/python3.7/site-packages/zope/interface/common/tests/test_collections.py::TestVerifyObject::test_auto_ro_builtins_mappingproxy_zope_interface_common_collections_IMapping PASSED [ 71%]
lib64/python3.7/site-packages/zope/interface/common/tests/test_collections.py::TestVerifyObject::test_auto_ro_builtins_memoryview_zope_interface_common_collections_ISequence PASSED [ 72%]
lib64/python3.7/site-packages/zope/interface/common/tests/test_collections.py::TestVerifyObject::test_auto_ro_builtins_range_iterator_zope_interface_common_collections_IIterator PASSED [ 72%]
lib64/python3.7/site-packages/zope/interface/common/tests/test_collections.py::TestVerifyObject::test_auto_ro_builtins_range_zope_interface_common_collections_ISequence PASSED [ 72%]
lib64/python3.7/site-packages/zope/interface/common/tests/test_collections.py::TestVerifyObject::test_auto_ro_builtins_set_iterator_zope_interface_common_collections_IIterator PASSED [ 72%]
lib64/python3.7/site-packages/zope/interface/common/tests/test_collections.py::TestVerifyObject::test_auto_ro_builtins_set_zope_interface_common_collections_IMutableSet PASSED [ 72%]
lib64/python3.7/site-packages/zope/interface/common/tests/test_collections.py::TestVerifyObject::test_auto_ro_builtins_str_iterator_zope_interface_common_collections_IIterator PASSED [ 72%]
lib64/python3.7/site-packages/zope/interface/common/tests/test_collections.py::TestVerifyObject::test_auto_ro_builtins_str_zope_interface_common_collections_ISequence PASSED [ 72%]
lib64/python3.7/site-packages/zope/interface/common/tests/test_collections.py::TestVerifyObject::test_auto_ro_builtins_tuple_iterator_zope_interface_common_collections_IIterator PASSED [ 72%]
lib64/python3.7/site-packages/zope/interface/common/tests/test_collections.py::TestVerifyObject::test_auto_ro_builtins_tuple_zope_interface_common_collections_ISequence PASSED [ 72%]
lib64/python3.7/site-packages/zope/interface/common/tests/test_collections.py::TestVerifyObject::test_auto_ro_builtins_zip_zope_interface_common_collections_IIterator PASSED [ 72%]
lib64/python3.7/site-packages/zope/interface/common/tests/test_collections.py::TestVerifyObject::test_auto_ro_collections_UserDict_zope_interface_common_collections_IMutableMapping PASSED [ 72%]
lib64/python3.7/site-packages/zope/interface/common/tests/test_collections.py::TestVerifyObject::test_auto_ro_collections_UserList_zope_interface_common_collections_IMutableSequence PASSED [ 72%]
lib64/python3.7/site-packages/zope/interface/common/tests/test_collections.py::TestVerifyObject::test_auto_ro_collections_UserString_zope_interface_common_collections_ISequence PASSED [ 72%]
lib64/python3.7/site-packages/zope/interface/common/tests/test_collections.py::TestVerifyObject::test_auto_ro_collections_deque_zope_interface_common_collections_IMutableSequence PASSED [ 72%]
lib64/python3.7/site-packages/zope/interface/common/tests/test_collections.py::TestVerifyObject::test_frozenset PASSED [ 72%]
lib64/python3.7/site-packages/zope/interface/common/tests/test_collections.py::TestVerifyObject::test_list PASSED [ 72%]
lib64/python3.7/site-packages/zope/interface/common/tests/test_collections.py::TestVerifyObject::test_non_iterable_UserDict SKIPPED [ 72%]
lib64/python3.7/site-packages/zope/interface/common/tests/test_idatetime.py::TestDateTimeInterfaces::test_interfaces PASSED [ 72%]
lib64/python3.7/site-packages/zope/interface/common/tests/test_import_interfaces.py::TestInterfaceImport::test_import PASSED [ 72%]
lib64/python3.7/site-packages/zope/interface/common/tests/test_io.py::TestVerifyClass::test_auto__io_BufferedRWPair_zope_interface_common_io_IBufferedIOBase PASSED [ 72%]
lib64/python3.7/site-packages/zope/interface/common/tests/test_io.py::TestVerifyClass::test_auto__io_BufferedRandom_zope_interface_common_io_IBufferedIOBase PASSED [ 72%]
lib64/python3.7/site-packages/zope/interface/common/tests/test_io.py::TestVerifyClass::test_auto__io_BufferedReader_zope_interface_common_io_IBufferedIOBase PASSED [ 72%]
lib64/python3.7/site-packages/zope/interface/common/tests/test_io.py::TestVerifyClass::test_auto__io_BufferedWriter_zope_interface_common_io_IBufferedIOBase PASSED [ 72%]
lib64/python3.7/site-packages/zope/interface/common/tests/test_io.py::TestVerifyClass::test_auto__io_BytesIO_zope_interface_common_io_IBufferedIOBase PASSED [ 72%]
lib64/python3.7/site-packages/zope/interface/common/tests/test_io.py::TestVerifyClass::test_auto__io_FileIO_zope_interface_common_io_IRawIOBase PASSED [ 72%]
lib64/python3.7/site-packages/zope/interface/common/tests/test_io.py::TestVerifyClass::test_auto__io_StringIO_zope_interface_common_io_ITextIOBase PASSED [ 72%]
lib64/python3.7/site-packages/zope/interface/common/tests/test_io.py::TestVerifyClass::test_auto__io_TextIOWrapper_zope_interface_common_io_ITextIOBase PASSED [ 72%]
lib64/python3.7/site-packages/zope/interface/common/tests/test_io.py::TestVerifyClass::test_auto_ro__io_BufferedRWPair_zope_interface_common_io_IBufferedIOBase PASSED [ 72%]
lib64/python3.7/site-packages/zope/interface/common/tests/test_io.py::TestVerifyClass::test_auto_ro__io_BufferedRandom_zope_interface_common_io_IBufferedIOBase PASSED [ 72%]
lib64/python3.7/site-packages/zope/interface/common/tests/test_io.py::TestVerifyClass::test_auto_ro__io_BufferedReader_zope_interface_common_io_IBufferedIOBase PASSED [ 72%]
lib64/python3.7/site-packages/zope/interface/common/tests/test_io.py::TestVerifyClass::test_auto_ro__io_BufferedWriter_zope_interface_common_io_IBufferedIOBase PASSED [ 72%]
lib64/python3.7/site-packages/zope/interface/common/tests/test_io.py::TestVerifyClass::test_auto_ro__io_BytesIO_zope_interface_common_io_IBufferedIOBase PASSED [ 72%]
lib64/python3.7/site-packages/zope/interface/common/tests/test_io.py::TestVerifyClass::test_auto_ro__io_FileIO_zope_interface_common_io_IRawIOBase PASSED [ 72%]
lib64/python3.7/site-packages/zope/interface/common/tests/test_io.py::TestVerifyClass::test_auto_ro__io_StringIO_zope_interface_common_io_ITextIOBase PASSED [ 72%]
lib64/python3.7/site-packages/zope/interface/common/tests/test_io.py::TestVerifyClass::test_auto_ro__io_TextIOWrapper_zope_interface_common_io_ITextIOBase PASSED [ 72%]
lib64/python3.7/site-packages/zope/interface/common/tests/test_io.py::TestVerifyObject::test_auto__io_BufferedRWPair_zope_interface_common_io_IBufferedIOBase PASSED [ 72%]
lib64/python3.7/site-packages/zope/interface/common/tests/test_io.py::TestVerifyObject::test_auto__io_BufferedRandom_zope_interface_common_io_IBufferedIOBase PASSED [ 72%]
lib64/python3.7/site-packages/zope/interface/common/tests/test_io.py::TestVerifyObject::test_auto__io_BufferedReader_zope_interface_common_io_IBufferedIOBase PASSED [ 72%]
lib64/python3.7/site-packages/zope/interface/common/tests/test_io.py::TestVerifyObject::test_auto__io_BufferedWriter_zope_interface_common_io_IBufferedIOBase PASSED [ 72%]
lib64/python3.7/site-packages/zope/interface/common/tests/test_io.py::TestVerifyObject::test_auto__io_BytesIO_zope_interface_common_io_IBufferedIOBase PASSED [ 72%]
lib64/python3.7/site-packages/zope/interface/common/tests/test_io.py::TestVerifyObject::test_auto__io_FileIO_zope_interface_common_io_IRawIOBase PASSED [ 72%]
lib64/python3.7/site-packages/zope/interface/common/tests/test_io.py::TestVerifyObject::test_auto__io_StringIO_zope_interface_common_io_ITextIOBase PASSED [ 72%]
lib64/python3.7/site-packages/zope/interface/common/tests/test_io.py::TestVerifyObject::test_auto__io_TextIOWrapper_zope_interface_common_io_ITextIOBase PASSED [ 72%]
lib64/python3.7/site-packages/zope/interface/common/tests/test_io.py::TestVerifyObject::test_auto_ro__io_BufferedRWPair_zope_interface_common_io_IBufferedIOBase PASSED [ 72%]
lib64/python3.7/site-packages/zope/interface/common/tests/test_io.py::TestVerifyObject::test_auto_ro__io_BufferedRandom_zope_interface_common_io_IBufferedIOBase PASSED [ 73%]
lib64/python3.7/site-packages/zope/interface/common/tests/test_io.py::TestVerifyObject::test_auto_ro__io_BufferedReader_zope_interface_common_io_IBufferedIOBase PASSED [ 73%]
lib64/python3.7/site-packages/zope/interface/common/tests/test_io.py::TestVerifyObject::test_auto_ro__io_BufferedWriter_zope_interface_common_io_IBufferedIOBase PASSED [ 73%]
lib64/python3.7/site-packages/zope/interface/common/tests/test_io.py::TestVerifyObject::test_auto_ro__io_BytesIO_zope_interface_common_io_IBufferedIOBase PASSED [ 73%]
lib64/python3.7/site-packages/zope/interface/common/tests/test_io.py::TestVerifyObject::test_auto_ro__io_FileIO_zope_interface_common_io_IRawIOBase PASSED [ 73%]
lib64/python3.7/site-packages/zope/interface/common/tests/test_io.py::TestVerifyObject::test_auto_ro__io_StringIO_zope_interface_common_io_ITextIOBase PASSED [ 73%]
lib64/python3.7/site-packages/zope/interface/common/tests/test_io.py::TestVerifyObject::test_auto_ro__io_TextIOWrapper_zope_interface_common_io_ITextIOBase PASSED [ 73%]
lib64/python3.7/site-packages/zope/interface/common/tests/test_numbers.py::TestVerifyClass::test_auto_builtins_complex_zope_interface_common_numbers_IComplex PASSED [ 73%]
lib64/python3.7/site-packages/zope/interface/common/tests/test_numbers.py::TestVerifyClass::test_auto_builtins_float_zope_interface_common_numbers_IReal PASSED [ 73%]
lib64/python3.7/site-packages/zope/interface/common/tests/test_numbers.py::TestVerifyClass::test_auto_builtins_int_zope_interface_common_numbers_IIntegral PASSED [ 73%]
lib64/python3.7/site-packages/zope/interface/common/tests/test_numbers.py::TestVerifyClass::test_auto_decimal_Decimal_zope_interface_common_numbers_INumber PASSED [ 73%]
lib64/python3.7/site-packages/zope/interface/common/tests/test_numbers.py::TestVerifyClass::test_auto_ro_builtins_complex_zope_interface_common_numbers_IComplex PASSED [ 73%]
lib64/python3.7/site-packages/zope/interface/common/tests/test_numbers.py::TestVerifyClass::test_auto_ro_builtins_float_zope_interface_common_numbers_IReal PASSED [ 73%]
lib64/python3.7/site-packages/zope/interface/common/tests/test_numbers.py::TestVerifyClass::test_auto_ro_builtins_int_zope_interface_common_numbers_IIntegral PASSED [ 73%]
lib64/python3.7/site-packages/zope/interface/common/tests/test_numbers.py::TestVerifyClass::test_auto_ro_decimal_Decimal_zope_interface_common_numbers_INumber PASSED [ 73%]
lib64/python3.7/site-packages/zope/interface/common/tests/test_numbers.py::TestVerifyClass::test_float PASSED [ 73%]
lib64/python3.7/site-packages/zope/interface/common/tests/test_numbers.py::TestVerifyClass::test_int PASSED [ 73%]
lib64/python3.7/site-packages/zope/interface/common/tests/test_numbers.py::TestVerifyObject::test_auto_builtins_complex_zope_interface_common_numbers_IComplex PASSED [ 73%]
lib64/python3.7/site-packages/zope/interface/common/tests/test_numbers.py::TestVerifyObject::test_auto_builtins_float_zope_interface_common_numbers_IReal PASSED [ 73%]
lib64/python3.7/site-packages/zope/interface/common/tests/test_numbers.py::TestVerifyObject::test_auto_builtins_int_zope_interface_common_numbers_IIntegral PASSED [ 73%]
lib64/python3.7/site-packages/zope/interface/common/tests/test_numbers.py::TestVerifyObject::test_auto_decimal_Decimal_zope_interface_common_numbers_INumber PASSED [ 73%]
lib64/python3.7/site-packages/zope/interface/common/tests/test_numbers.py::TestVerifyObject::test_auto_ro_builtins_complex_zope_interface_common_numbers_IComplex PASSED [ 73%]
lib64/python3.7/site-packages/zope/interface/common/tests/test_numbers.py::TestVerifyObject::test_auto_ro_builtins_float_zope_interface_common_numbers_IReal PASSED [ 73%]
lib64/python3.7/site-packages/zope/interface/common/tests/test_numbers.py::TestVerifyObject::test_auto_ro_builtins_int_zope_interface_common_numbers_IIntegral PASSED [ 73%]
lib64/python3.7/site-packages/zope/interface/common/tests/test_numbers.py::TestVerifyObject::test_auto_ro_decimal_Decimal_zope_interface_common_numbers_INumber PASSED [ 73%]
lib64/python3.7/site-packages/zope/interface/common/tests/test_numbers.py::TestVerifyObject::test_float PASSED [ 73%]
lib64/python3.7/site-packages/zope/interface/common/tests/test_numbers.py::TestVerifyObject::test_int PASSED [ 73%]
lib64/python3.7/site-packages/zope/interface/tests/test_adapter.py::BaseAdapterRegistryTests::test__generation_after_calling_changed PASSED [ 73%]
lib64/python3.7/site-packages/zope/interface/tests/test_adapter.py::BaseAdapterRegistryTests::test__generation_after_changing___bases__ PASSED [ 73%]
lib64/python3.7/site-packages/zope/interface/tests/test_adapter.py::BaseAdapterRegistryTests::test__generation_on_first_creation PASSED [ 73%]
lib64/python3.7/site-packages/zope/interface/tests/test_adapter.py::BaseAdapterRegistryTests::test_lookup_delegation PASSED [ 73%]
lib64/python3.7/site-packages/zope/interface/tests/test_adapter.py::BaseAdapterRegistryTests::test_register PASSED [ 73%]
lib64/python3.7/site-packages/zope/interface/tests/test_adapter.py::BaseAdapterRegistryTests::test_register_multiple_allRegistrations PASSED [ 73%]
lib64/python3.7/site-packages/zope/interface/tests/test_adapter.py::BaseAdapterRegistryTests::test_register_with_invalid_name PASSED [ 73%]
lib64/python3.7/site-packages/zope/interface/tests/test_adapter.py::BaseAdapterRegistryTests::test_register_with_same_value PASSED [ 73%]
lib64/python3.7/site-packages/zope/interface/tests/test_adapter.py::BaseAdapterRegistryTests::test_register_with_value_None_unregisters PASSED [ 73%]
lib64/python3.7/site-packages/zope/interface/tests/test_adapter.py::BaseAdapterRegistryTests::test_registered_empty PASSED [ 73%]
lib64/python3.7/site-packages/zope/interface/tests/test_adapter.py::BaseAdapterRegistryTests::test_registered_non_empty_hit PASSED [ 73%]
lib64/python3.7/site-packages/zope/interface/tests/test_adapter.py::BaseAdapterRegistryTests::test_registered_non_empty_miss PASSED [ 73%]
lib64/python3.7/site-packages/zope/interface/tests/test_adapter.py::BaseAdapterRegistryTests::test_subscribe_multiple_allRegistrations PASSED [ 73%]
lib64/python3.7/site-packages/zope/interface/tests/test_adapter.py::BaseAdapterRegistryTests::test_subscribe_unsubscribe_identical_objects_provided PASSED [ 73%]
lib64/python3.7/site-packages/zope/interface/tests/test_adapter.py::BaseAdapterRegistryTests::test_subscribe_unsubscribe_nonequal_objects_provided PASSED [ 73%]
lib64/python3.7/site-packages/zope/interface/tests/test_adapter.py::BaseAdapterRegistryTests::test_subscribed_empty PASSED [ 73%]
lib64/python3.7/site-packages/zope/interface/tests/test_adapter.py::BaseAdapterRegistryTests::test_subscribed_non_empty_hit PASSED [ 73%]
lib64/python3.7/site-packages/zope/interface/tests/test_adapter.py::BaseAdapterRegistryTests::test_subscribed_non_empty_miss PASSED [ 74%]
lib64/python3.7/site-packages/zope/interface/tests/test_adapter.py::BaseAdapterRegistryTests::test_unregister_empty PASSED [ 74%]
lib64/python3.7/site-packages/zope/interface/tests/test_adapter.py::BaseAdapterRegistryTests::test_unregister_hit_clears_empty_subcomponents PASSED [ 74%]
lib64/python3.7/site-packages/zope/interface/tests/test_adapter.py::BaseAdapterRegistryTests::test_unregister_non_empty_miss_on_name PASSED [ 74%]
lib64/python3.7/site-packages/zope/interface/tests/test_adapter.py::BaseAdapterRegistryTests::test_unregister_non_empty_miss_on_required PASSED [ 74%]
lib64/python3.7/site-packages/zope/interface/tests/test_adapter.py::BaseAdapterRegistryTests::test_unregister_with_value_not_None_miss PASSED [ 74%]
lib64/python3.7/site-packages/zope/interface/tests/test_adapter.py::BaseAdapterRegistryTests::test_unsubscribe_after_multiple PASSED [ 74%]
lib64/python3.7/site-packages/zope/interface/tests/test_adapter.py::BaseAdapterRegistryTests::test_unsubscribe_empty PASSED [ 74%]
lib64/python3.7/site-packages/zope/interface/tests/test_adapter.py::BaseAdapterRegistryTests::test_unsubscribe_hit PASSED [ 74%]
lib64/python3.7/site-packages/zope/interface/tests/test_adapter.py::BaseAdapterRegistryTests::test_unsubscribe_instance_method PASSED [ 74%]
lib64/python3.7/site-packages/zope/interface/tests/test_adapter.py::BaseAdapterRegistryTests::test_unsubscribe_non_empty_miss_on_required PASSED [ 74%]
lib64/python3.7/site-packages/zope/interface/tests/test_adapter.py::BaseAdapterRegistryTests::test_unsubscribe_non_empty_miss_on_value PASSED [ 74%]
lib64/python3.7/site-packages/zope/interface/tests/test_adapter.py::BaseAdapterRegistryTests::test_unsubscribe_w_None_after_multiple PASSED [ 74%]
lib64/python3.7/site-packages/zope/interface/tests/test_adapter.py::BaseAdapterRegistryTests::test_unsubscribe_with_value_not_None_miss PASSED [ 74%]
lib64/python3.7/site-packages/zope/interface/tests/test_adapter.py::CustomTypesBaseAdapterRegistryTests::test__generation_after_calling_changed PASSED [ 74%]
lib64/python3.7/site-packages/zope/interface/tests/test_adapter.py::CustomTypesBaseAdapterRegistryTests::test__generation_after_changing___bases__ PASSED [ 74%]
lib64/python3.7/site-packages/zope/interface/tests/test_adapter.py::CustomTypesBaseAdapterRegistryTests::test__generation_on_first_creation PASSED [ 74%]
lib64/python3.7/site-packages/zope/interface/tests/test_adapter.py::CustomTypesBaseAdapterRegistryTests::test_lookup_delegation PASSED [ 74%]
lib64/python3.7/site-packages/zope/interface/tests/test_adapter.py::CustomTypesBaseAdapterRegistryTests::test_register PASSED [ 74%]
lib64/python3.7/site-packages/zope/interface/tests/test_adapter.py::CustomTypesBaseAdapterRegistryTests::test_register_multiple_allRegistrations PASSED [ 74%]
lib64/python3.7/site-packages/zope/interface/tests/test_adapter.py::CustomTypesBaseAdapterRegistryTests::test_register_with_invalid_name PASSED [ 74%]
lib64/python3.7/site-packages/zope/interface/tests/test_adapter.py::CustomTypesBaseAdapterRegistryTests::test_register_with_same_value PASSED [ 74%]
lib64/python3.7/site-packages/zope/interface/tests/test_adapter.py::CustomTypesBaseAdapterRegistryTests::test_register_with_value_None_unregisters PASSED [ 74%]
lib64/python3.7/site-packages/zope/interface/tests/test_adapter.py::CustomTypesBaseAdapterRegistryTests::test_registered_empty PASSED [ 74%]
lib64/python3.7/site-packages/zope/interface/tests/test_adapter.py::CustomTypesBaseAdapterRegistryTests::test_registered_non_empty_hit PASSED [ 74%]
lib64/python3.7/site-packages/zope/interface/tests/test_adapter.py::CustomTypesBaseAdapterRegistryTests::test_registered_non_empty_miss PASSED [ 74%]
lib64/python3.7/site-packages/zope/interface/tests/test_adapter.py::CustomTypesBaseAdapterRegistryTests::test_subscribe_multiple_allRegistrations PASSED [ 74%]
lib64/python3.7/site-packages/zope/interface/tests/test_adapter.py::CustomTypesBaseAdapterRegistryTests::test_subscribe_unsubscribe_identical_objects_provided PASSED [ 74%]
lib64/python3.7/site-packages/zope/interface/tests/test_adapter.py::CustomTypesBaseAdapterRegistryTests::test_subscribe_unsubscribe_nonequal_objects_provided PASSED [ 74%]
lib64/python3.7/site-packages/zope/interface/tests/test_adapter.py::CustomTypesBaseAdapterRegistryTests::test_subscribed_empty PASSED [ 74%]
lib64/python3.7/site-packages/zope/interface/tests/test_adapter.py::CustomTypesBaseAdapterRegistryTests::test_subscribed_non_empty_hit PASSED [ 74%]
lib64/python3.7/site-packages/zope/interface/tests/test_adapter.py::CustomTypesBaseAdapterRegistryTests::test_subscribed_non_empty_miss PASSED [ 74%]
lib64/python3.7/site-packages/zope/interface/tests/test_adapter.py::CustomTypesBaseAdapterRegistryTests::test_unregister_empty PASSED [ 74%]
lib64/python3.7/site-packages/zope/interface/tests/test_adapter.py::CustomTypesBaseAdapterRegistryTests::test_unregister_hit_clears_empty_subcomponents PASSED [ 74%]
lib64/python3.7/site-packages/zope/interface/tests/test_adapter.py::CustomTypesBaseAdapterRegistryTests::test_unregister_non_empty_miss_on_name PASSED [ 74%]
lib64/python3.7/site-packages/zope/interface/tests/test_adapter.py::CustomTypesBaseAdapterRegistryTests::test_unregister_non_empty_miss_on_required PASSED [ 74%]
lib64/python3.7/site-packages/zope/interface/tests/test_adapter.py::CustomTypesBaseAdapterRegistryTests::test_unregister_with_value_not_None_miss PASSED [ 74%]
lib64/python3.7/site-packages/zope/interface/tests/test_adapter.py::CustomTypesBaseAdapterRegistryTests::test_unsubscribe_after_multiple PASSED [ 74%]
lib64/python3.7/site-packages/zope/interface/tests/test_adapter.py::CustomTypesBaseAdapterRegistryTests::test_unsubscribe_empty PASSED [ 74%]
lib64/python3.7/site-packages/zope/interface/tests/test_adapter.py::CustomTypesBaseAdapterRegistryTests::test_unsubscribe_hit PASSED [ 74%]
lib64/python3.7/site-packages/zope/interface/tests/test_adapter.py::CustomTypesBaseAdapterRegistryTests::test_unsubscribe_instance_method PASSED [ 74%]
lib64/python3.7/site-packages/zope/interface/tests/test_adapter.py::CustomTypesBaseAdapterRegistryTests::test_unsubscribe_non_empty_miss_on_required PASSED [ 74%]
lib64/python3.7/site-packages/zope/interface/tests/test_adapter.py::CustomTypesBaseAdapterRegistryTests::test_unsubscribe_non_empty_miss_on_value PASSED [ 74%]
lib64/python3.7/site-packages/zope/interface/tests/test_adapter.py::CustomTypesBaseAdapterRegistryTests::test_unsubscribe_w_None_after_multiple PASSED [ 74%]
lib64/python3.7/site-packages/zope/interface/tests/test_adapter.py::CustomTypesBaseAdapterRegistryTests::test_unsubscribe_with_value_not_None_miss PASSED [ 75%]
lib64/python3.7/site-packages/zope/interface/tests/test_adapter.py::LookupBaseFallbackTests::test_adapter_hook_hit_factory_returns_None PASSED [ 75%]
lib64/python3.7/site-packages/zope/interface/tests/test_adapter.py::LookupBaseFallbackTests::test_adapter_hook_hit_factory_returns_adapter PASSED [ 75%]
lib64/python3.7/site-packages/zope/interface/tests/test_adapter.py::LookupBaseFallbackTests::test_adapter_hook_miss_no_default PASSED [ 75%]
lib64/python3.7/site-packages/zope/interface/tests/test_adapter.py::LookupBaseFallbackTests::test_adapter_hook_miss_w_default PASSED [ 75%]
lib64/python3.7/site-packages/zope/interface/tests/test_adapter.py::LookupBaseFallbackTests::test_adapter_hook_super_unwraps PASSED [ 75%]
lib64/python3.7/site-packages/zope/interface/tests/test_adapter.py::LookupBaseFallbackTests::test_adapter_hook_w_invalid_name PASSED [ 75%]
lib64/python3.7/site-packages/zope/interface/tests/test_adapter.py::LookupBaseFallbackTests::test_lookup1_cached PASSED [ 75%]
lib64/python3.7/site-packages/zope/interface/tests/test_adapter.py::LookupBaseFallbackTests::test_lookup1_miss_no_default PASSED [ 75%]
lib64/python3.7/site-packages/zope/interface/tests/test_adapter.py::LookupBaseFallbackTests::test_lookup1_miss_w_default PASSED [ 75%]
lib64/python3.7/site-packages/zope/interface/tests/test_adapter.py::LookupBaseFallbackTests::test_lookup1_miss_w_default_negative_cache PASSED [ 75%]
lib64/python3.7/site-packages/zope/interface/tests/test_adapter.py::LookupBaseFallbackTests::test_lookup1_not_cached PASSED [ 75%]
lib64/python3.7/site-packages/zope/interface/tests/test_adapter.py::LookupBaseFallbackTests::test_lookup1_not_cached_after_changed PASSED [ 75%]
lib64/python3.7/site-packages/zope/interface/tests/test_adapter.py::LookupBaseFallbackTests::test_lookup1_w_invalid_name PASSED [ 75%]
lib64/python3.7/site-packages/zope/interface/tests/test_adapter.py::LookupBaseFallbackTests::test_lookupAll_cached PASSED [ 75%]
lib64/python3.7/site-packages/zope/interface/tests/test_adapter.py::LookupBaseFallbackTests::test_lookupAll_uncached PASSED [ 75%]
lib64/python3.7/site-packages/zope/interface/tests/test_adapter.py::LookupBaseFallbackTests::test_lookup_cached PASSED [ 75%]
lib64/python3.7/site-packages/zope/interface/tests/test_adapter.py::LookupBaseFallbackTests::test_lookup_cached_multi_required PASSED [ 75%]
lib64/python3.7/site-packages/zope/interface/tests/test_adapter.py::LookupBaseFallbackTests::test_lookup_miss_no_default PASSED [ 75%]
lib64/python3.7/site-packages/zope/interface/tests/test_adapter.py::LookupBaseFallbackTests::test_lookup_miss_w_default PASSED [ 75%]
lib64/python3.7/site-packages/zope/interface/tests/test_adapter.py::LookupBaseFallbackTests::test_lookup_not_cached PASSED [ 75%]
lib64/python3.7/site-packages/zope/interface/tests/test_adapter.py::LookupBaseFallbackTests::test_lookup_not_cached_after_changed PASSED [ 75%]
lib64/python3.7/site-packages/zope/interface/tests/test_adapter.py::LookupBaseFallbackTests::test_lookup_not_cached_multi_required PASSED [ 75%]
lib64/python3.7/site-packages/zope/interface/tests/test_adapter.py::LookupBaseFallbackTests::test_lookup_w_invalid_name PASSED [ 75%]
lib64/python3.7/site-packages/zope/interface/tests/test_adapter.py::LookupBaseFallbackTests::test_queryAdapter PASSED [ 75%]
lib64/python3.7/site-packages/zope/interface/tests/test_adapter.py::LookupBaseFallbackTests::test_subscriptions_cached PASSED [ 75%]
lib64/python3.7/site-packages/zope/interface/tests/test_adapter.py::LookupBaseFallbackTests::test_subscriptions_uncached PASSED [ 75%]
lib64/python3.7/site-packages/zope/interface/tests/test_adapter.py::LookupBaseTests::test_adapter_hook_hit_factory_returns_None PASSED [ 75%]
lib64/python3.7/site-packages/zope/interface/tests/test_adapter.py::LookupBaseTests::test_adapter_hook_hit_factory_returns_adapter PASSED [ 75%]
lib64/python3.7/site-packages/zope/interface/tests/test_adapter.py::LookupBaseTests::test_adapter_hook_miss_no_default PASSED [ 75%]
lib64/python3.7/site-packages/zope/interface/tests/test_adapter.py::LookupBaseTests::test_adapter_hook_miss_w_default PASSED [ 75%]
lib64/python3.7/site-packages/zope/interface/tests/test_adapter.py::LookupBaseTests::test_adapter_hook_super_unwraps PASSED [ 75%]
lib64/python3.7/site-packages/zope/interface/tests/test_adapter.py::LookupBaseTests::test_adapter_hook_w_invalid_name PASSED [ 75%]
lib64/python3.7/site-packages/zope/interface/tests/test_adapter.py::LookupBaseTests::test_lookup1_cached PASSED [ 75%]
lib64/python3.7/site-packages/zope/interface/tests/test_adapter.py::LookupBaseTests::test_lookup1_miss_no_default PASSED [ 75%]
lib64/python3.7/site-packages/zope/interface/tests/test_adapter.py::LookupBaseTests::test_lookup1_miss_w_default PASSED [ 75%]
lib64/python3.7/site-packages/zope/interface/tests/test_adapter.py::LookupBaseTests::test_lookup1_miss_w_default_negative_cache PASSED [ 75%]
lib64/python3.7/site-packages/zope/interface/tests/test_adapter.py::LookupBaseTests::test_lookup1_not_cached PASSED [ 75%]
lib64/python3.7/site-packages/zope/interface/tests/test_adapter.py::LookupBaseTests::test_lookup1_not_cached_after_changed PASSED [ 75%]
lib64/python3.7/site-packages/zope/interface/tests/test_adapter.py::LookupBaseTests::test_lookup1_w_invalid_name PASSED [ 75%]
lib64/python3.7/site-packages/zope/interface/tests/test_adapter.py::LookupBaseTests::test_lookupAll_cached PASSED [ 75%]
lib64/python3.7/site-packages/zope/interface/tests/test_adapter.py::LookupBaseTests::test_lookupAll_uncached PASSED [ 75%]
lib64/python3.7/site-packages/zope/interface/tests/test_adapter.py::LookupBaseTests::test_lookup_cached PASSED [ 75%]
lib64/python3.7/site-packages/zope/interface/tests/test_adapter.py::LookupBaseTests::test_lookup_cached_multi_required PASSED [ 75%]
lib64/python3.7/site-packages/zope/interface/tests/test_adapter.py::LookupBaseTests::test_lookup_miss_no_default PASSED [ 76%]
lib64/python3.7/site-packages/zope/interface/tests/test_adapter.py::LookupBaseTests::test_lookup_miss_w_default PASSED [ 76%]
lib64/python3.7/site-packages/zope/interface/tests/test_adapter.py::LookupBaseTests::test_lookup_not_cached PASSED [ 76%]
lib64/python3.7/site-packages/zope/interface/tests/test_adapter.py::LookupBaseTests::test_lookup_not_cached_after_changed PASSED [ 76%]
lib64/python3.7/site-packages/zope/interface/tests/test_adapter.py::LookupBaseTests::test_lookup_not_cached_multi_required PASSED [ 76%]
lib64/python3.7/site-packages/zope/interface/tests/test_adapter.py::LookupBaseTests::test_lookup_w_invalid_name PASSED [ 76%]
lib64/python3.7/site-packages/zope/interface/tests/test_adapter.py::LookupBaseTests::test_optimizations PASSED [ 76%]
lib64/python3.7/site-packages/zope/interface/tests/test_adapter.py::LookupBaseTests::test_queryAdapter PASSED [ 76%]
lib64/python3.7/site-packages/zope/interface/tests/test_adapter.py::LookupBaseTests::test_subscriptions_cached PASSED [ 76%]
lib64/python3.7/site-packages/zope/interface/tests/test_adapter.py::LookupBaseTests::test_subscriptions_uncached PASSED [ 76%]
lib64/python3.7/site-packages/zope/interface/tests/test_adapter.py::VerifyingBaseFallbackTests::test_adapter_hook PASSED [ 76%]
lib64/python3.7/site-packages/zope/interface/tests/test_adapter.py::VerifyingBaseFallbackTests::test_lookup PASSED [ 76%]
lib64/python3.7/site-packages/zope/interface/tests/test_adapter.py::VerifyingBaseFallbackTests::test_lookup1 PASSED [ 76%]
lib64/python3.7/site-packages/zope/interface/tests/test_adapter.py::VerifyingBaseFallbackTests::test_lookupAll PASSED [ 76%]
lib64/python3.7/site-packages/zope/interface/tests/test_adapter.py::VerifyingBaseFallbackTests::test_queryAdapter PASSED [ 76%]
lib64/python3.7/site-packages/zope/interface/tests/test_adapter.py::VerifyingBaseFallbackTests::test_subscriptions PASSED [ 76%]
lib64/python3.7/site-packages/zope/interface/tests/test_adapter.py::VerifyingBaseTests::test_adapter_hook PASSED [ 76%]
lib64/python3.7/site-packages/zope/interface/tests/test_adapter.py::VerifyingBaseTests::test_lookup PASSED [ 76%]
lib64/python3.7/site-packages/zope/interface/tests/test_adapter.py::VerifyingBaseTests::test_lookup1 PASSED [ 76%]
lib64/python3.7/site-packages/zope/interface/tests/test_adapter.py::VerifyingBaseTests::test_lookupAll PASSED [ 76%]
lib64/python3.7/site-packages/zope/interface/tests/test_adapter.py::VerifyingBaseTests::test_optimizations PASSED [ 76%]
lib64/python3.7/site-packages/zope/interface/tests/test_adapter.py::VerifyingBaseTests::test_queryAdapter PASSED [ 76%]
lib64/python3.7/site-packages/zope/interface/tests/test_adapter.py::VerifyingBaseTests::test_subscriptions PASSED [ 76%]
lib64/python3.7/site-packages/zope/interface/tests/test_adapter.py::AdapterLookupBaseTests::test__uncached_lookupAll_components_miss PASSED [ 76%]
lib64/python3.7/site-packages/zope/interface/tests/test_adapter.py::AdapterLookupBaseTests::test__uncached_lookupAll_empty_ro PASSED [ 76%]
lib64/python3.7/site-packages/zope/interface/tests/test_adapter.py::AdapterLookupBaseTests::test__uncached_lookupAll_extendors_miss PASSED [ 76%]
lib64/python3.7/site-packages/zope/interface/tests/test_adapter.py::AdapterLookupBaseTests::test__uncached_lookupAll_order_miss PASSED [ 76%]
lib64/python3.7/site-packages/zope/interface/tests/test_adapter.py::AdapterLookupBaseTests::test__uncached_lookupAll_simple_hit PASSED [ 76%]
lib64/python3.7/site-packages/zope/interface/tests/test_adapter.py::AdapterLookupBaseTests::test__uncached_lookup_components_miss_wrong_iface PASSED [ 76%]
lib64/python3.7/site-packages/zope/interface/tests/test_adapter.py::AdapterLookupBaseTests::test__uncached_lookup_components_miss_wrong_name PASSED [ 76%]
lib64/python3.7/site-packages/zope/interface/tests/test_adapter.py::AdapterLookupBaseTests::test__uncached_lookup_empty_ro PASSED [ 76%]
lib64/python3.7/site-packages/zope/interface/tests/test_adapter.py::AdapterLookupBaseTests::test__uncached_lookup_extendors_miss PASSED [ 76%]
lib64/python3.7/site-packages/zope/interface/tests/test_adapter.py::AdapterLookupBaseTests::test__uncached_lookup_order_miss PASSED [ 76%]
lib64/python3.7/site-packages/zope/interface/tests/test_adapter.py::AdapterLookupBaseTests::test__uncached_lookup_repeated_hit PASSED [ 76%]
lib64/python3.7/site-packages/zope/interface/tests/test_adapter.py::AdapterLookupBaseTests::test__uncached_lookup_simple_hit PASSED [ 76%]
lib64/python3.7/site-packages/zope/interface/tests/test_adapter.py::AdapterLookupBaseTests::test__uncached_subscriptions_components_miss_wrong_iface PASSED [ 76%]
lib64/python3.7/site-packages/zope/interface/tests/test_adapter.py::AdapterLookupBaseTests::test__uncached_subscriptions_components_miss_wrong_name PASSED [ 76%]
lib64/python3.7/site-packages/zope/interface/tests/test_adapter.py::AdapterLookupBaseTests::test__uncached_subscriptions_empty_ro PASSED [ 76%]
lib64/python3.7/site-packages/zope/interface/tests/test_adapter.py::AdapterLookupBaseTests::test__uncached_subscriptions_extendors_miss PASSED [ 76%]
lib64/python3.7/site-packages/zope/interface/tests/test_adapter.py::AdapterLookupBaseTests::test__uncached_subscriptions_order_miss PASSED [ 76%]
lib64/python3.7/site-packages/zope/interface/tests/test_adapter.py::AdapterLookupBaseTests::test__uncached_subscriptions_simple_hit PASSED [ 76%]
lib64/python3.7/site-packages/zope/interface/tests/test_adapter.py::AdapterLookupBaseTests::test_add_extendor PASSED [ 76%]
lib64/python3.7/site-packages/zope/interface/tests/test_adapter.py::AdapterLookupBaseTests::test_changed_empty_required PASSED [ 76%]
lib64/python3.7/site-packages/zope/interface/tests/test_adapter.py::AdapterLookupBaseTests::test_changed_w_required PASSED [ 76%]
lib64/python3.7/site-packages/zope/interface/tests/test_adapter.py::AdapterLookupBaseTests::test_ctor_empty_registry PASSED [ 77%]
lib64/python3.7/site-packages/zope/interface/tests/test_adapter.py::AdapterLookupBaseTests::test_ctor_w_registry_provided PASSED [ 77%]
lib64/python3.7/site-packages/zope/interface/tests/test_adapter.py::AdapterLookupBaseTests::test_init_extendors_after_registry_update PASSED [ 77%]
lib64/python3.7/site-packages/zope/interface/tests/test_adapter.py::AdapterLookupBaseTests::test_names PASSED [ 77%]
lib64/python3.7/site-packages/zope/interface/tests/test_adapter.py::AdapterLookupBaseTests::test_queryMultiAdapter_errors_on_attribute_access PASSED [ 77%]
lib64/python3.7/site-packages/zope/interface/tests/test_adapter.py::AdapterLookupBaseTests::test_queryMultiAdapter_super_unwraps PASSED [ 77%]
lib64/python3.7/site-packages/zope/interface/tests/test_adapter.py::AdapterLookupBaseTests::test_queryMultiAdaptor_factory_hit PASSED [ 77%]
lib64/python3.7/site-packages/zope/interface/tests/test_adapter.py::AdapterLookupBaseTests::test_queryMultiAdaptor_factory_miss PASSED [ 77%]
lib64/python3.7/site-packages/zope/interface/tests/test_adapter.py::AdapterLookupBaseTests::test_queryMultiAdaptor_lookup_miss PASSED [ 77%]
lib64/python3.7/site-packages/zope/interface/tests/test_adapter.py::AdapterLookupBaseTests::test_remove_extendor PASSED [ 77%]
lib64/python3.7/site-packages/zope/interface/tests/test_adapter.py::AdapterLookupBaseTests::test_subscribers_w_provided PASSED [ 77%]
lib64/python3.7/site-packages/zope/interface/tests/test_adapter.py::AdapterLookupBaseTests::test_subscribers_wo_provided PASSED [ 77%]
lib64/python3.7/site-packages/zope/interface/tests/test_adapter.py::VerifyingAdapterRegistryTests::test_verify_object_provides_IAdapterRegistry PASSED [ 77%]
lib64/python3.7/site-packages/zope/interface/tests/test_adapter.py::AdapterRegistryTests::test__setBases_removing_existing_subregistry PASSED [ 77%]
lib64/python3.7/site-packages/zope/interface/tests/test_adapter.py::AdapterRegistryTests::test__setBases_w_existing_entry_continuing PASSED [ 77%]
lib64/python3.7/site-packages/zope/interface/tests/test_adapter.py::AdapterRegistryTests::test__setBases_wo_stray_entry PASSED [ 77%]
lib64/python3.7/site-packages/zope/interface/tests/test_adapter.py::AdapterRegistryTests::test_changed_w_subregistries PASSED [ 77%]
lib64/python3.7/site-packages/zope/interface/tests/test_adapter.py::AdapterRegistryTests::test_ctor_no_bases PASSED [ 77%]
lib64/python3.7/site-packages/zope/interface/tests/test_adapter.py::AdapterRegistryTests::test_ctor_w_bases PASSED [ 77%]
lib64/python3.7/site-packages/zope/interface/tests/test_adapter.py::AdapterRegistryTests::test_verify_object_provides_IAdapterRegistry PASSED [ 77%]
lib64/python3.7/site-packages/zope/interface/tests/test_adapter.py::Test_utils::test__convert_None_to_Interface_w_None PASSED [ 77%]
lib64/python3.7/site-packages/zope/interface/tests/test_adapter.py::Test_utils::test__convert_None_to_Interface_w_other PASSED [ 77%]
lib64/python3.7/site-packages/zope/interface/tests/test_adapter.py::Test_utils::test__normalize_name_other PASSED [ 77%]
lib64/python3.7/site-packages/zope/interface/tests/test_adapter.py::Test_utils::test__normalize_name_str PASSED [ 77%]
lib64/python3.7/site-packages/zope/interface/tests/test_adapter.py::Test_utils::test__normalize_name_unicode PASSED [ 77%]
lib64/python3.7/site-packages/zope/interface/tests/test_advice.py::FrameInfoTest::test_inside_exec PASSED [ 77%]
lib64/python3.7/site-packages/zope/interface/tests/test_advice.py::FrameInfoTest::test_inside_function_call PASSED [ 77%]
lib64/python3.7/site-packages/zope/interface/tests/test_advice.py::FrameInfoTest::test_w_ClassicClass SKIPPED [ 77%]
lib64/python3.7/site-packages/zope/interface/tests/test_advice.py::FrameInfoTest::test_w_NewStyleClass PASSED [ 77%]
lib64/python3.7/site-packages/zope/interface/tests/test_advice.py::FrameInfoTest::test_w_module PASSED [ 77%]
lib64/python3.7/site-packages/zope/interface/tests/test_advice.py::AdviceTests::test_meta_no_bases SKIPPED [ 77%]
lib64/python3.7/site-packages/zope/interface/tests/test_advice.py::AdviceTests::test_mixed_metas SKIPPED [ 77%]
lib64/python3.7/site-packages/zope/interface/tests/test_advice.py::AdviceTests::test_order SKIPPED [ 77%]
lib64/python3.7/site-packages/zope/interface/tests/test_advice.py::AdviceTests::test_single_explicit_meta SKIPPED [ 77%]
lib64/python3.7/site-packages/zope/interface/tests/test_advice.py::Test_isClassAdvisor::test_w_advisor_function PASSED [ 77%]
lib64/python3.7/site-packages/zope/interface/tests/test_advice.py::Test_isClassAdvisor::test_w_non_function PASSED [ 77%]
lib64/python3.7/site-packages/zope/interface/tests/test_advice.py::Test_isClassAdvisor::test_w_normal_function PASSED [ 77%]
lib64/python3.7/site-packages/zope/interface/tests/test_advice.py::Test_determineMetaclass::test_empty SKIPPED [ 77%]
lib64/python3.7/site-packages/zope/interface/tests/test_advice.py::Test_determineMetaclass::test_empty_w_explicit_metatype PASSED [ 77%]
lib64/python3.7/site-packages/zope/interface/tests/test_advice.py::Test_determineMetaclass::test_meta_of_class SKIPPED [ 77%]
lib64/python3.7/site-packages/zope/interface/tests/test_advice.py::Test_determineMetaclass::test_meta_of_class_py3k PASSED [ 77%]
lib64/python3.7/site-packages/zope/interface/tests/test_advice.py::Test_determineMetaclass::test_multiple_in_hierarchy SKIPPED [ 77%]
lib64/python3.7/site-packages/zope/interface/tests/test_advice.py::Test_determineMetaclass::test_multiple_in_hierarchy_py3k PASSED [ 77%]
lib64/python3.7/site-packages/zope/interface/tests/test_advice.py::Test_determineMetaclass::test_multiple_not_in_hierarchy SKIPPED [ 77%]
lib64/python3.7/site-packages/zope/interface/tests/test_advice.py::Test_determineMetaclass::test_multiple_not_in_hierarchy_py3k PASSED [ 78%]
lib64/python3.7/site-packages/zope/interface/tests/test_advice.py::Test_determineMetaclass::test_single PASSED [ 78%]
lib64/python3.7/site-packages/zope/interface/tests/test_advice.py::Test_minimalBases::test_empty PASSED [ 78%]
lib64/python3.7/site-packages/zope/interface/tests/test_advice.py::Test_minimalBases::test_repeats_kicked_to_end_of_queue PASSED [ 78%]
lib64/python3.7/site-packages/zope/interface/tests/test_advice.py::Test_minimalBases::test_simple_hierarchy_skips_implied PASSED [ 78%]
lib64/python3.7/site-packages/zope/interface/tests/test_advice.py::Test_minimalBases::test_w_newstyle_class PASSED [ 78%]
lib64/python3.7/site-packages/zope/interface/tests/test_advice.py::Test_minimalBases::test_w_newstyle_meta PASSED [ 78%]
lib64/python3.7/site-packages/zope/interface/tests/test_advice.py::Test_minimalBases::test_w_oldstyle_class SKIPPED [ 78%]
lib64/python3.7/site-packages/zope/interface/tests/test_advice.py::Test_minimalBases::test_w_oldstyle_meta SKIPPED [ 78%]
lib64/python3.7/site-packages/zope/interface/tests/test_compile_flags.py::TestFloatingPoint::test_no_fast_math_optimization PASSED [ 78%]
lib64/python3.7/site-packages/zope/interface/tests/test_declarations.py::NamedTests::test_class PASSED [ 78%]
lib64/python3.7/site-packages/zope/interface/tests/test_declarations.py::NamedTests::test_function PASSED [ 78%]
lib64/python3.7/site-packages/zope/interface/tests/test_declarations.py::NamedTests::test_instance PASSED [ 78%]
lib64/python3.7/site-packages/zope/interface/tests/test_declarations.py::EmptyDeclarationTests::test___contains___empty PASSED [ 78%]
lib64/python3.7/site-packages/zope/interface/tests/test_declarations.py::EmptyDeclarationTests::test___iro___ PASSED [ 78%]
lib64/python3.7/site-packages/zope/interface/tests/test_declarations.py::EmptyDeclarationTests::test___iter___empty PASSED [ 78%]
lib64/python3.7/site-packages/zope/interface/tests/test_declarations.py::EmptyDeclarationTests::test___sro___ PASSED [ 78%]
lib64/python3.7/site-packages/zope/interface/tests/test_declarations.py::EmptyDeclarationTests::test_changed_w_existing__v_attrs PASSED [ 78%]
lib64/python3.7/site-packages/zope/interface/tests/test_declarations.py::EmptyDeclarationTests::test_extends_empty PASSED [ 78%]
lib64/python3.7/site-packages/zope/interface/tests/test_declarations.py::EmptyDeclarationTests::test_flattened_empty PASSED [ 78%]
lib64/python3.7/site-packages/zope/interface/tests/test_declarations.py::EmptyDeclarationTests::test_get PASSED [ 78%]
lib64/python3.7/site-packages/zope/interface/tests/test_declarations.py::EmptyDeclarationTests::test_interfaces_empty PASSED [ 78%]
lib64/python3.7/site-packages/zope/interface/tests/test_declarations.py::DeclarationTests::test___add___overlapping_interface PASSED [ 78%]
lib64/python3.7/site-packages/zope/interface/tests/test_declarations.py::DeclarationTests::test___add___overlapping_interface_implementedBy PASSED [ 78%]
lib64/python3.7/site-packages/zope/interface/tests/test_declarations.py::DeclarationTests::test___add___related_interface PASSED [ 78%]
lib64/python3.7/site-packages/zope/interface/tests/test_declarations.py::DeclarationTests::test___add___unrelated_interface PASSED [ 78%]
lib64/python3.7/site-packages/zope/interface/tests/test_declarations.py::DeclarationTests::test___contains___empty PASSED [ 78%]
lib64/python3.7/site-packages/zope/interface/tests/test_declarations.py::DeclarationTests::test___contains__w_base_interface PASSED [ 78%]
lib64/python3.7/site-packages/zope/interface/tests/test_declarations.py::DeclarationTests::test___contains__w_self PASSED [ 78%]
lib64/python3.7/site-packages/zope/interface/tests/test_declarations.py::DeclarationTests::test___contains__w_unrelated_iface PASSED [ 78%]
lib64/python3.7/site-packages/zope/interface/tests/test_declarations.py::DeclarationTests::test___iro___ PASSED [ 78%]
lib64/python3.7/site-packages/zope/interface/tests/test_declarations.py::DeclarationTests::test___iter___empty PASSED [ 78%]
lib64/python3.7/site-packages/zope/interface/tests/test_declarations.py::DeclarationTests::test___iter___inheritance PASSED [ 78%]
lib64/python3.7/site-packages/zope/interface/tests/test_declarations.py::DeclarationTests::test___iter___multiple_bases PASSED [ 78%]
lib64/python3.7/site-packages/zope/interface/tests/test_declarations.py::DeclarationTests::test___iter___single_base PASSED [ 78%]
lib64/python3.7/site-packages/zope/interface/tests/test_declarations.py::DeclarationTests::test___iter___w_nested_sequence_overlap PASSED [ 78%]
lib64/python3.7/site-packages/zope/interface/tests/test_declarations.py::DeclarationTests::test___sro___ PASSED [ 78%]
lib64/python3.7/site-packages/zope/interface/tests/test_declarations.py::DeclarationTests::test___sub___related_interface PASSED [ 78%]
lib64/python3.7/site-packages/zope/interface/tests/test_declarations.py::DeclarationTests::test___sub___related_interface_by_inheritance PASSED [ 78%]
lib64/python3.7/site-packages/zope/interface/tests/test_declarations.py::DeclarationTests::test___sub___unrelated_interface PASSED [ 78%]
lib64/python3.7/site-packages/zope/interface/tests/test_declarations.py::DeclarationTests::test_changed_w_existing__v_attrs PASSED [ 78%]
lib64/python3.7/site-packages/zope/interface/tests/test_declarations.py::DeclarationTests::test_changed_wo_existing__v_attrs PASSED [ 78%]
lib64/python3.7/site-packages/zope/interface/tests/test_declarations.py::DeclarationTests::test_ctor_no_bases PASSED [ 78%]
lib64/python3.7/site-packages/zope/interface/tests/test_declarations.py::DeclarationTests::test_ctor_w_implements_in_bases PASSED [ 78%]
lib64/python3.7/site-packages/zope/interface/tests/test_declarations.py::DeclarationTests::test_ctor_w_interface_in_bases PASSED [ 79%]
lib64/python3.7/site-packages/zope/interface/tests/test_declarations.py::DeclarationTests::test_extends_empty PASSED [ 79%]
lib64/python3.7/site-packages/zope/interface/tests/test_declarations.py::DeclarationTests::test_flattened_empty PASSED [ 79%]
lib64/python3.7/site-packages/zope/interface/tests/test_declarations.py::DeclarationTests::test_flattened_inheritance PASSED [ 79%]
lib64/python3.7/site-packages/zope/interface/tests/test_declarations.py::DeclarationTests::test_flattened_multiple_bases PASSED [ 79%]
lib64/python3.7/site-packages/zope/interface/tests/test_declarations.py::DeclarationTests::test_flattened_single_base PASSED [ 79%]
lib64/python3.7/site-packages/zope/interface/tests/test_declarations.py::DeclarationTests::test_flattened_w_nested_sequence_overlap PASSED [ 79%]
lib64/python3.7/site-packages/zope/interface/tests/test_declarations.py::DeclarationTests::test_get PASSED [ 79%]
lib64/python3.7/site-packages/zope/interface/tests/test_declarations.py::DeclarationTests::test_interfaces_empty PASSED [ 79%]
lib64/python3.7/site-packages/zope/interface/tests/test_declarations.py::TestImmutableDeclaration::test___contains___empty PASSED [ 79%]
lib64/python3.7/site-packages/zope/interface/tests/test_declarations.py::TestImmutableDeclaration::test___iro___ FAILED [ 79%]
lib64/python3.7/site-packages/zope/interface/tests/test_declarations.py::TestImmutableDeclaration::test___iter___empty PASSED [ 79%]
lib64/python3.7/site-packages/zope/interface/tests/test_declarations.py::TestImmutableDeclaration::test___sro___ FAILED [ 79%]
lib64/python3.7/site-packages/zope/interface/tests/test_declarations.py::TestImmutableDeclaration::test__bases__ PASSED [ 79%]
lib64/python3.7/site-packages/zope/interface/tests/test_declarations.py::TestImmutableDeclaration::test_change__bases__ PASSED [ 79%]
lib64/python3.7/site-packages/zope/interface/tests/test_declarations.py::TestImmutableDeclaration::test_changed PASSED [ 79%]
lib64/python3.7/site-packages/zope/interface/tests/test_declarations.py::TestImmutableDeclaration::test_changed_w_existing__v_attrs PASSED [ 79%]
lib64/python3.7/site-packages/zope/interface/tests/test_declarations.py::TestImmutableDeclaration::test_dependents PASSED [ 79%]
lib64/python3.7/site-packages/zope/interface/tests/test_declarations.py::TestImmutableDeclaration::test_extends_always_false PASSED [ 79%]
lib64/python3.7/site-packages/zope/interface/tests/test_declarations.py::TestImmutableDeclaration::test_extends_empty PASSED [ 79%]
lib64/python3.7/site-packages/zope/interface/tests/test_declarations.py::TestImmutableDeclaration::test_flattened_empty FAILED [ 79%]
lib64/python3.7/site-packages/zope/interface/tests/test_declarations.py::TestImmutableDeclaration::test_get PASSED [ 79%]
lib64/python3.7/site-packages/zope/interface/tests/test_declarations.py::TestImmutableDeclaration::test_get_always_default PASSED [ 79%]
lib64/python3.7/site-packages/zope/interface/tests/test_declarations.py::TestImmutableDeclaration::test_interfaces_empty PASSED [ 79%]
lib64/python3.7/site-packages/zope/interface/tests/test_declarations.py::TestImmutableDeclaration::test_pickle PASSED [ 79%]
lib64/python3.7/site-packages/zope/interface/tests/test_declarations.py::TestImmutableDeclaration::test_singleton PASSED [ 79%]
lib64/python3.7/site-packages/zope/interface/tests/test_declarations.py::TestImmutableDeclaration::test_v_attrs PASSED [ 79%]
lib64/python3.7/site-packages/zope/interface/tests/test_declarations.py::TestImplements::test___reduce__ PASSED [ 79%]
lib64/python3.7/site-packages/zope/interface/tests/test_declarations.py::TestImplements::test___repr__ PASSED [ 79%]
lib64/python3.7/site-packages/zope/interface/tests/test_declarations.py::TestImplements::test__ge__NotImplemented PASSED [ 79%]
lib64/python3.7/site-packages/zope/interface/tests/test_declarations.py::TestImplements::test__gt__NotImplemented PASSED [ 79%]
lib64/python3.7/site-packages/zope/interface/tests/test_declarations.py::TestImplements::test__le__NotImplemented PASSED [ 79%]
lib64/python3.7/site-packages/zope/interface/tests/test_declarations.py::TestImplements::test__lt__NotImplemented PASSED [ 79%]
lib64/python3.7/site-packages/zope/interface/tests/test_declarations.py::TestImplements::test_changed_deletes_super_cache PASSED [ 79%]
lib64/python3.7/site-packages/zope/interface/tests/test_declarations.py::TestImplements::test_changed_does_not_add_super_cache PASSED [ 79%]
lib64/python3.7/site-packages/zope/interface/tests/test_declarations.py::TestImplements::test_ctor_no_bases PASSED [ 79%]
lib64/python3.7/site-packages/zope/interface/tests/test_declarations.py::TestImplements::test_proxy_equality PASSED [ 79%]
lib64/python3.7/site-packages/zope/interface/tests/test_declarations.py::TestImplements::test_sort PASSED [ 79%]
lib64/python3.7/site-packages/zope/interface/tests/test_declarations.py::Test_implementedByFallback::test_builtins_added_to_cache PASSED [ 79%]
lib64/python3.7/site-packages/zope/interface/tests/test_declarations.py::Test_implementedByFallback::test_builtins_w_existing_cache PASSED [ 79%]
lib64/python3.7/site-packages/zope/interface/tests/test_declarations.py::Test_implementedByFallback::test_dictless_w_existing_Implements PASSED [ 79%]
lib64/python3.7/site-packages/zope/interface/tests/test_declarations.py::Test_implementedByFallback::test_dictless_w_existing_not_Implements PASSED [ 79%]
lib64/python3.7/site-packages/zope/interface/tests/test_declarations.py::Test_implementedByFallback::test_dictless_wo_existing_Implements_cant_assign___implemented__ PASSED [ 79%]
lib64/python3.7/site-packages/zope/interface/tests/test_declarations.py::Test_implementedByFallback::test_dictless_wo_existing_Implements_w_registrations PASSED [ 79%]
lib64/python3.7/site-packages/zope/interface/tests/test_declarations.py::Test_implementedByFallback::test_dictless_wo_existing_Implements_wo_registrations PASSED [ 80%]
lib64/python3.7/site-packages/zope/interface/tests/test_declarations.py::Test_implementedByFallback::test_no_assertions PASSED [ 80%]
lib64/python3.7/site-packages/zope/interface/tests/test_declarations.py::Test_implementedByFallback::test_oldstyle_class_no_assertions PASSED [ 80%]
lib64/python3.7/site-packages/zope/interface/tests/test_declarations.py::Test_implementedByFallback::test_super_multi_level_multi_inheritance PASSED [ 80%]
lib64/python3.7/site-packages/zope/interface/tests/test_declarations.py::Test_implementedByFallback::test_super_when_base_doesnt_implement_interface PASSED [ 80%]
lib64/python3.7/site-packages/zope/interface/tests/test_declarations.py::Test_implementedByFallback::test_super_when_base_implements_interface PASSED [ 80%]
lib64/python3.7/site-packages/zope/interface/tests/test_declarations.py::Test_implementedByFallback::test_super_when_base_implements_interface_diamond PASSED [ 80%]
lib64/python3.7/site-packages/zope/interface/tests/test_declarations.py::Test_implementedByFallback::test_super_when_base_is_object PASSED [ 80%]
lib64/python3.7/site-packages/zope/interface/tests/test_declarations.py::Test_implementedByFallback::test_super_when_parent_implements_interface_diamond PASSED [ 80%]
lib64/python3.7/site-packages/zope/interface/tests/test_declarations.py::Test_implementedByFallback::test_w_None_no_bases_not_factory PASSED [ 80%]
lib64/python3.7/site-packages/zope/interface/tests/test_declarations.py::Test_implementedByFallback::test_w_None_no_bases_w_class FAILED [ 80%]
lib64/python3.7/site-packages/zope/interface/tests/test_declarations.py::Test_implementedByFallback::test_w_None_no_bases_w_factory FAILED [ 80%]
lib64/python3.7/site-packages/zope/interface/tests/test_declarations.py::Test_implementedByFallback::test_w_existing_Implements PASSED [ 80%]
lib64/python3.7/site-packages/zope/interface/tests/test_declarations.py::Test_implementedByFallback::test_w_existing_attr_as_Implements PASSED [ 80%]
lib64/python3.7/site-packages/zope/interface/tests/test_declarations.py::Test_implementedBy::test_builtins_added_to_cache PASSED [ 80%]
lib64/python3.7/site-packages/zope/interface/tests/test_declarations.py::Test_implementedBy::test_builtins_w_existing_cache PASSED [ 80%]
lib64/python3.7/site-packages/zope/interface/tests/test_declarations.py::Test_implementedBy::test_dictless_w_existing_Implements PASSED [ 80%]
lib64/python3.7/site-packages/zope/interface/tests/test_declarations.py::Test_implementedBy::test_dictless_w_existing_not_Implements PASSED [ 80%]
lib64/python3.7/site-packages/zope/interface/tests/test_declarations.py::Test_implementedBy::test_dictless_wo_existing_Implements_cant_assign___implemented__ PASSED [ 80%]
lib64/python3.7/site-packages/zope/interface/tests/test_declarations.py::Test_implementedBy::test_dictless_wo_existing_Implements_w_registrations PASSED [ 80%]
lib64/python3.7/site-packages/zope/interface/tests/test_declarations.py::Test_implementedBy::test_dictless_wo_existing_Implements_wo_registrations PASSED [ 80%]
lib64/python3.7/site-packages/zope/interface/tests/test_declarations.py::Test_implementedBy::test_no_assertions PASSED [ 80%]
lib64/python3.7/site-packages/zope/interface/tests/test_declarations.py::Test_implementedBy::test_oldstyle_class_no_assertions PASSED [ 80%]
lib64/python3.7/site-packages/zope/interface/tests/test_declarations.py::Test_implementedBy::test_optimizations PASSED [ 80%]
lib64/python3.7/site-packages/zope/interface/tests/test_declarations.py::Test_implementedBy::test_super_multi_level_multi_inheritance PASSED [ 80%]
lib64/python3.7/site-packages/zope/interface/tests/test_declarations.py::Test_implementedBy::test_super_when_base_doesnt_implement_interface PASSED [ 80%]
lib64/python3.7/site-packages/zope/interface/tests/test_declarations.py::Test_implementedBy::test_super_when_base_implements_interface PASSED [ 80%]
lib64/python3.7/site-packages/zope/interface/tests/test_declarations.py::Test_implementedBy::test_super_when_base_implements_interface_diamond PASSED [ 80%]
lib64/python3.7/site-packages/zope/interface/tests/test_declarations.py::Test_implementedBy::test_super_when_base_is_object PASSED [ 80%]
lib64/python3.7/site-packages/zope/interface/tests/test_declarations.py::Test_implementedBy::test_super_when_parent_implements_interface_diamond PASSED [ 80%]
lib64/python3.7/site-packages/zope/interface/tests/test_declarations.py::Test_implementedBy::test_w_None_no_bases_not_factory PASSED [ 80%]
lib64/python3.7/site-packages/zope/interface/tests/test_declarations.py::Test_implementedBy::test_w_None_no_bases_w_class FAILED [ 80%]
lib64/python3.7/site-packages/zope/interface/tests/test_declarations.py::Test_implementedBy::test_w_None_no_bases_w_factory FAILED [ 80%]
lib64/python3.7/site-packages/zope/interface/tests/test_declarations.py::Test_implementedBy::test_w_existing_Implements PASSED [ 80%]
lib64/python3.7/site-packages/zope/interface/tests/test_declarations.py::Test_implementedBy::test_w_existing_attr_as_Implements PASSED [ 80%]
lib64/python3.7/site-packages/zope/interface/tests/test_declarations.py::Test_classImplementsOnly::test_newstyle_class PASSED [ 80%]
lib64/python3.7/site-packages/zope/interface/tests/test_declarations.py::Test_classImplementsOnly::test_oldstyle_class PASSED [ 80%]
lib64/python3.7/site-packages/zope/interface/tests/test_declarations.py::Test_classImplementsOnly::test_redundant_with_super_still_implements PASSED [ 80%]
lib64/python3.7/site-packages/zope/interface/tests/test_declarations.py::Test_classImplementsOnly::test_w_existing_Implements PASSED [ 80%]
lib64/python3.7/site-packages/zope/interface/tests/test_declarations.py::Test_classImplements::test_newstyle_class PASSED [ 80%]
lib64/python3.7/site-packages/zope/interface/tests/test_declarations.py::Test_classImplements::test_oldstyle_class PASSED [ 80%]
lib64/python3.7/site-packages/zope/interface/tests/test_declarations.py::Test_classImplements::test_redundant_implementer_Interface PASSED [ 80%]
lib64/python3.7/site-packages/zope/interface/tests/test_declarations.py::Test_classImplements::test_redundant_implementer_empty_class_declarations_newstyle PASSED [ 80%]
lib64/python3.7/site-packages/zope/interface/tests/test_declarations.py::Test_classImplements::test_redundant_implementer_empty_class_declarations_oldstyle PASSED [ 80%]
lib64/python3.7/site-packages/zope/interface/tests/test_declarations.py::Test_classImplements::test_w_existing_Implements PASSED [ 80%]
lib64/python3.7/site-packages/zope/interface/tests/test_declarations.py::Test_classImplements::test_w_existing_Implements_w_bases PASSED [ 81%]
lib64/python3.7/site-packages/zope/interface/tests/test_declarations.py::Test_classImplementsFirst::test_newstyle_class PASSED [ 81%]
lib64/python3.7/site-packages/zope/interface/tests/test_declarations.py::Test_classImplementsFirst::test_oldstyle_class PASSED [ 81%]
lib64/python3.7/site-packages/zope/interface/tests/test_declarations.py::Test_classImplementsFirst::test_redundant_implementer_Interface PASSED [ 81%]
lib64/python3.7/site-packages/zope/interface/tests/test_declarations.py::Test_classImplementsFirst::test_redundant_implementer_empty_class_declarations_newstyle PASSED [ 81%]
lib64/python3.7/site-packages/zope/interface/tests/test_declarations.py::Test_classImplementsFirst::test_redundant_implementer_empty_class_declarations_oldstyle PASSED [ 81%]
lib64/python3.7/site-packages/zope/interface/tests/test_declarations.py::Test_classImplementsFirst::test_w_existing_Implements PASSED [ 81%]
lib64/python3.7/site-packages/zope/interface/tests/test_declarations.py::Test_classImplementsFirst::test_w_existing_Implements_w_bases PASSED [ 81%]
lib64/python3.7/site-packages/zope/interface/tests/test_declarations.py::Test__implements_advice::test_no_existing_implements PASSED [ 81%]
lib64/python3.7/site-packages/zope/interface/tests/test_declarations.py::Test_implementer::test_does_not_leak_on_unique_classes PASSED [ 81%]
lib64/python3.7/site-packages/zope/interface/tests/test_declarations.py::Test_implementer::test_newstyle_class PASSED [ 81%]
lib64/python3.7/site-packages/zope/interface/tests/test_declarations.py::Test_implementer::test_nonclass_can_assign_attr FAILED [ 81%]
lib64/python3.7/site-packages/zope/interface/tests/test_declarations.py::Test_implementer::test_nonclass_cannot_assign_attr PASSED [ 81%]
lib64/python3.7/site-packages/zope/interface/tests/test_declarations.py::Test_implementer::test_oldstyle_class PASSED [ 81%]
lib64/python3.7/site-packages/zope/interface/tests/test_declarations.py::Test_implementer::test_redundant_implementer_Interface PASSED [ 81%]
lib64/python3.7/site-packages/zope/interface/tests/test_declarations.py::Test_implementer::test_redundant_implementer_empty_class_declarations_newstyle PASSED [ 81%]
lib64/python3.7/site-packages/zope/interface/tests/test_declarations.py::Test_implementer::test_redundant_implementer_empty_class_declarations_oldstyle PASSED [ 81%]
lib64/python3.7/site-packages/zope/interface/tests/test_declarations.py::Test_implementer::test_w_existing_Implements PASSED [ 81%]
lib64/python3.7/site-packages/zope/interface/tests/test_declarations.py::Test_implementer::test_w_existing_Implements_w_bases PASSED [ 81%]
lib64/python3.7/site-packages/zope/interface/tests/test_declarations.py::Test_implementer_only::test_function PASSED [ 81%]
lib64/python3.7/site-packages/zope/interface/tests/test_declarations.py::Test_implementer_only::test_method PASSED [ 81%]
lib64/python3.7/site-packages/zope/interface/tests/test_declarations.py::Test_implementer_only::test_newstyle_class PASSED [ 81%]
lib64/python3.7/site-packages/zope/interface/tests/test_declarations.py::Test_implementer_only::test_oldstyle_class PASSED [ 81%]
lib64/python3.7/site-packages/zope/interface/tests/test_declarations.py::Test_implementer_only::test_redundant_with_super_still_implements PASSED [ 81%]
lib64/python3.7/site-packages/zope/interface/tests/test_declarations.py::Test_implementer_only::test_w_existing_Implements PASSED [ 81%]
lib64/python3.7/site-packages/zope/interface/tests/test_declarations.py::Test_implementsOnly::test_called_once_from_class_w_bases PASSED [ 81%]
lib64/python3.7/site-packages/zope/interface/tests/test_declarations.py::Test_implementsOnly::test_simple PASSED [ 81%]
lib64/python3.7/site-packages/zope/interface/tests/test_declarations.py::Test_implements::test_called_from_function PASSED [ 81%]
lib64/python3.7/site-packages/zope/interface/tests/test_declarations.py::Test_implements::test_called_once_from_class PASSED [ 81%]
lib64/python3.7/site-packages/zope/interface/tests/test_declarations.py::Test_implements::test_called_twice_from_class PASSED [ 81%]
lib64/python3.7/site-packages/zope/interface/tests/test_declarations.py::ProvidesClassTests::test___get___class PASSED [ 81%]
lib64/python3.7/site-packages/zope/interface/tests/test_declarations.py::ProvidesClassTests::test___get___instance PASSED [ 81%]
lib64/python3.7/site-packages/zope/interface/tests/test_declarations.py::ProvidesClassTests::test___reduce__ PASSED [ 81%]
lib64/python3.7/site-packages/zope/interface/tests/test_declarations.py::ProvidesClassTests::test_simple_class_one_interface PASSED [ 81%]
lib64/python3.7/site-packages/zope/interface/tests/test_declarations.py::ProvidesClassStrictTests::test___get___class PASSED [ 81%]
lib64/python3.7/site-packages/zope/interface/tests/test_declarations.py::ProvidesClassStrictTests::test___get___instance PASSED [ 81%]
lib64/python3.7/site-packages/zope/interface/tests/test_declarations.py::ProvidesClassStrictTests::test___reduce__ PASSED [ 81%]
lib64/python3.7/site-packages/zope/interface/tests/test_declarations.py::ProvidesClassStrictTests::test_overlapping_interfaces_corrected PASSED [ 81%]
lib64/python3.7/site-packages/zope/interface/tests/test_declarations.py::ProvidesClassStrictTests::test_simple_class_one_interface PASSED [ 81%]
lib64/python3.7/site-packages/zope/interface/tests/test_declarations.py::TestProvidesClassRepr::test__repr__ PASSED [ 81%]
lib64/python3.7/site-packages/zope/interface/tests/test_declarations.py::TestProvidesClassRepr::test__repr__directlyProvides_module FAILED [ 81%]
lib64/python3.7/site-packages/zope/interface/tests/test_declarations.py::TestProvidesClassRepr::test__repr__duplicate_names PASSED [ 81%]
lib64/python3.7/site-packages/zope/interface/tests/test_declarations.py::TestProvidesClassRepr::test__repr__empty_interfaces PASSED [ 81%]
lib64/python3.7/site-packages/zope/interface/tests/test_declarations.py::TestProvidesClassRepr::test__repr__implementedBy_in_interfaces PASSED [ 81%]
lib64/python3.7/site-packages/zope/interface/tests/test_declarations.py::TestProvidesClassRepr::test__repr__module_after_pickle PASSED [ 82%]
lib64/python3.7/site-packages/zope/interface/tests/test_declarations.py::TestProvidesClassRepr::test__repr__module_provides_cached_shared PASSED [ 82%]
lib64/python3.7/site-packages/zope/interface/tests/test_declarations.py::TestProvidesClassRepr::test__repr__module_provides_typical_use PASSED [ 82%]
lib64/python3.7/site-packages/zope/interface/tests/test_declarations.py::TestProvidesClassRepr::test__repr__non_class PASSED [ 82%]
lib64/python3.7/site-packages/zope/interface/tests/test_declarations.py::TestProvidesClassRepr::test__repr__providedBy_alsoProvides PASSED [ 82%]
lib64/python3.7/site-packages/zope/interface/tests/test_declarations.py::TestProvidesClassRepr::test__repr__providedBy_from_class PASSED [ 82%]
lib64/python3.7/site-packages/zope/interface/tests/test_declarations.py::Test_Provides::test_no_cached_spec PASSED [ 82%]
lib64/python3.7/site-packages/zope/interface/tests/test_declarations.py::Test_Provides::test_w_cached_spec PASSED [ 82%]
lib64/python3.7/site-packages/zope/interface/tests/test_declarations.py::Test_directlyProvides::test_w_class PASSED [ 82%]
lib64/python3.7/site-packages/zope/interface/tests/test_declarations.py::Test_directlyProvides::test_w_classless_object PASSED [ 82%]
lib64/python3.7/site-packages/zope/interface/tests/test_declarations.py::Test_directlyProvides::test_w_non_descriptor_aware_metaclass SKIPPED [ 82%]
lib64/python3.7/site-packages/zope/interface/tests/test_declarations.py::Test_directlyProvides::test_w_normal_object PASSED [ 82%]
lib64/python3.7/site-packages/zope/interface/tests/test_declarations.py::Test_alsoProvides::test_w_existing_provides PASSED [ 82%]
lib64/python3.7/site-packages/zope/interface/tests/test_declarations.py::Test_alsoProvides::test_wo_existing_provides PASSED [ 82%]
lib64/python3.7/site-packages/zope/interface/tests/test_declarations.py::Test_noLongerProvides::test_w_existing_provides_hit PASSED [ 82%]
lib64/python3.7/site-packages/zope/interface/tests/test_declarations.py::Test_noLongerProvides::test_w_existing_provides_miss PASSED [ 82%]
lib64/python3.7/site-packages/zope/interface/tests/test_declarations.py::Test_noLongerProvides::test_w_iface_implemented_by_class PASSED [ 82%]
lib64/python3.7/site-packages/zope/interface/tests/test_declarations.py::Test_noLongerProvides::test_wo_existing_provides PASSED [ 82%]
lib64/python3.7/site-packages/zope/interface/tests/test_declarations.py::ClassProvidesBaseFallbackTests::test_w_different_class PASSED [ 82%]
lib64/python3.7/site-packages/zope/interface/tests/test_declarations.py::ClassProvidesBaseFallbackTests::test_w_same_class_via_class PASSED [ 82%]
lib64/python3.7/site-packages/zope/interface/tests/test_declarations.py::ClassProvidesBaseFallbackTests::test_w_same_class_via_instance PASSED [ 82%]
lib64/python3.7/site-packages/zope/interface/tests/test_declarations.py::ClassProvidesBaseTests::test_optimizations PASSED [ 82%]
lib64/python3.7/site-packages/zope/interface/tests/test_declarations.py::ClassProvidesBaseTests::test_w_different_class PASSED [ 82%]
lib64/python3.7/site-packages/zope/interface/tests/test_declarations.py::ClassProvidesBaseTests::test_w_same_class_via_class PASSED [ 82%]
lib64/python3.7/site-packages/zope/interface/tests/test_declarations.py::ClassProvidesBaseTests::test_w_same_class_via_instance PASSED [ 82%]
lib64/python3.7/site-packages/zope/interface/tests/test_declarations.py::ClassProvidesTests::test___reduce__ PASSED [ 82%]
lib64/python3.7/site-packages/zope/interface/tests/test_declarations.py::ClassProvidesTests::test_w_simple_metaclass PASSED [ 82%]
lib64/python3.7/site-packages/zope/interface/tests/test_declarations.py::ClassProvidesStrictTests::test___reduce__ PASSED [ 82%]
lib64/python3.7/site-packages/zope/interface/tests/test_declarations.py::ClassProvidesStrictTests::test_overlapping_interfaces_corrected PASSED [ 82%]
lib64/python3.7/site-packages/zope/interface/tests/test_declarations.py::ClassProvidesStrictTests::test_w_simple_metaclass PASSED [ 82%]
lib64/python3.7/site-packages/zope/interface/tests/test_declarations.py::TestClassProvidesRepr::test__repr__duplicate_names PASSED [ 82%]
lib64/python3.7/site-packages/zope/interface/tests/test_declarations.py::TestClassProvidesRepr::test__repr__empty PASSED [ 82%]
lib64/python3.7/site-packages/zope/interface/tests/test_declarations.py::TestClassProvidesRepr::test__repr__implementedBy PASSED [ 82%]
lib64/python3.7/site-packages/zope/interface/tests/test_declarations.py::TestClassProvidesRepr::test__repr__implementedBy_generic_callable PASSED [ 82%]
lib64/python3.7/site-packages/zope/interface/tests/test_declarations.py::TestClassProvidesRepr::test__repr__providing_one PASSED [ 82%]
lib64/python3.7/site-packages/zope/interface/tests/test_declarations.py::Test_directlyProvidedBy::test_w_declarations_in_class_but_not_instance PASSED [ 82%]
lib64/python3.7/site-packages/zope/interface/tests/test_declarations.py::Test_directlyProvidedBy::test_w_declarations_in_instance_and_class PASSED [ 82%]
lib64/python3.7/site-packages/zope/interface/tests/test_declarations.py::Test_directlyProvidedBy::test_w_declarations_in_instance_but_not_class PASSED [ 82%]
lib64/python3.7/site-packages/zope/interface/tests/test_declarations.py::Test_directlyProvidedBy::test_wo_declarations_in_class_or_instance PASSED [ 82%]
lib64/python3.7/site-packages/zope/interface/tests/test_declarations.py::Test_classProvides::test_called_from_function PASSED [ 82%]
lib64/python3.7/site-packages/zope/interface/tests/test_declarations.py::Test_classProvides::test_called_once_from_class PASSED [ 82%]
lib64/python3.7/site-packages/zope/interface/tests/test_declarations.py::Test_classProvides::test_called_twice_from_class PASSED [ 82%]
lib64/python3.7/site-packages/zope/interface/tests/test_declarations.py::Test_provider::test_w_class PASSED [ 82%]
lib64/python3.7/site-packages/zope/interface/tests/test_declarations.py::Test_moduleProvides::test_called_from_class PASSED [ 82%]
lib64/python3.7/site-packages/zope/interface/tests/test_declarations.py::Test_moduleProvides::test_called_from_function PASSED [ 83%]
lib64/python3.7/site-packages/zope/interface/tests/test_declarations.py::Test_moduleProvides::test_called_once_from_module_scope PASSED [ 83%]
lib64/python3.7/site-packages/zope/interface/tests/test_declarations.py::Test_moduleProvides::test_called_twice_from_module_scope PASSED [ 83%]
lib64/python3.7/site-packages/zope/interface/tests/test_declarations.py::Test_getObjectSpecificationFallback::test_catches_only_AttributeError_on_class PASSED [ 83%]
lib64/python3.7/site-packages/zope/interface/tests/test_declarations.py::Test_getObjectSpecificationFallback::test_catches_only_AttributeError_on_provides PASSED [ 83%]
lib64/python3.7/site-packages/zope/interface/tests/test_declarations.py::Test_getObjectSpecificationFallback::test_existing_provides PASSED [ 83%]
lib64/python3.7/site-packages/zope/interface/tests/test_declarations.py::Test_getObjectSpecificationFallback::test_existing_provides_is_not_spec PASSED [ 83%]
lib64/python3.7/site-packages/zope/interface/tests/test_declarations.py::Test_getObjectSpecificationFallback::test_existing_provides_is_spec PASSED [ 83%]
lib64/python3.7/site-packages/zope/interface/tests/test_declarations.py::Test_getObjectSpecificationFallback::test_raises_AttributeError_when_provides_fails_type_check_AttributeError PASSED [ 83%]
lib64/python3.7/site-packages/zope/interface/tests/test_declarations.py::Test_getObjectSpecificationFallback::test_raises_AttributeError_when_provides_fails_type_check_RuntimeError PASSED [ 83%]
lib64/python3.7/site-packages/zope/interface/tests/test_declarations.py::Test_getObjectSpecificationFallback::test_wo_existing_provides_classless PASSED [ 83%]
lib64/python3.7/site-packages/zope/interface/tests/test_declarations.py::Test_getObjectSpecificationFallback::test_wo_provides_on_class_w_implements PASSED [ 83%]
lib64/python3.7/site-packages/zope/interface/tests/test_declarations.py::Test_getObjectSpecificationFallback::test_wo_provides_on_class_wo_implements PASSED [ 83%]
lib64/python3.7/site-packages/zope/interface/tests/test_declarations.py::Test_getObjectSpecification::test_catches_only_AttributeError_on_class PASSED [ 83%]
lib64/python3.7/site-packages/zope/interface/tests/test_declarations.py::Test_getObjectSpecification::test_catches_only_AttributeError_on_provides PASSED [ 83%]
lib64/python3.7/site-packages/zope/interface/tests/test_declarations.py::Test_getObjectSpecification::test_existing_provides PASSED [ 83%]
lib64/python3.7/site-packages/zope/interface/tests/test_declarations.py::Test_getObjectSpecification::test_existing_provides_is_not_spec PASSED [ 83%]
lib64/python3.7/site-packages/zope/interface/tests/test_declarations.py::Test_getObjectSpecification::test_existing_provides_is_spec PASSED [ 83%]
lib64/python3.7/site-packages/zope/interface/tests/test_declarations.py::Test_getObjectSpecification::test_optimizations PASSED [ 83%]
lib64/python3.7/site-packages/zope/interface/tests/test_declarations.py::Test_getObjectSpecification::test_raises_AttributeError_when_provides_fails_type_check_AttributeError PASSED [ 83%]
lib64/python3.7/site-packages/zope/interface/tests/test_declarations.py::Test_getObjectSpecification::test_raises_AttributeError_when_provides_fails_type_check_RuntimeError PASSED [ 83%]
lib64/python3.7/site-packages/zope/interface/tests/test_declarations.py::Test_getObjectSpecification::test_wo_existing_provides_classless PASSED [ 83%]
lib64/python3.7/site-packages/zope/interface/tests/test_declarations.py::Test_getObjectSpecification::test_wo_provides_on_class_w_implements PASSED [ 83%]
lib64/python3.7/site-packages/zope/interface/tests/test_declarations.py::Test_getObjectSpecification::test_wo_provides_on_class_wo_implements PASSED [ 83%]
lib64/python3.7/site-packages/zope/interface/tests/test_declarations.py::Test_providedByFallback::test_catches_only_AttributeError_on_class PASSED [ 83%]
lib64/python3.7/site-packages/zope/interface/tests/test_declarations.py::Test_providedByFallback::test_catches_only_AttributeError_on_providedBy PASSED [ 83%]
lib64/python3.7/site-packages/zope/interface/tests/test_declarations.py::Test_providedByFallback::test_super_multi_level_multi_inheritance PASSED [ 83%]
lib64/python3.7/site-packages/zope/interface/tests/test_declarations.py::Test_providedByFallback::test_super_when_base_doesnt_implement_interface PASSED [ 83%]
lib64/python3.7/site-packages/zope/interface/tests/test_declarations.py::Test_providedByFallback::test_super_when_base_implements_interface PASSED [ 83%]
lib64/python3.7/site-packages/zope/interface/tests/test_declarations.py::Test_providedByFallback::test_super_when_base_is_object PASSED [ 83%]
lib64/python3.7/site-packages/zope/interface/tests/test_declarations.py::Test_providedByFallback::test_super_when_object_directly_provides PASSED [ 83%]
lib64/python3.7/site-packages/zope/interface/tests/test_declarations.py::Test_providedByFallback::test_w_providedBy_invalid_spec PASSED [ 83%]
lib64/python3.7/site-packages/zope/interface/tests/test_declarations.py::Test_providedByFallback::test_w_providedBy_invalid_spec_class_w_implements PASSED [ 83%]
lib64/python3.7/site-packages/zope/interface/tests/test_declarations.py::Test_providedByFallback::test_w_providedBy_invalid_spec_w_provides_diff_provides_on_class PASSED [ 83%]
lib64/python3.7/site-packages/zope/interface/tests/test_declarations.py::Test_providedByFallback::test_w_providedBy_invalid_spec_w_provides_no_provides_on_class PASSED [ 83%]
lib64/python3.7/site-packages/zope/interface/tests/test_declarations.py::Test_providedByFallback::test_w_providedBy_invalid_spec_w_provides_same_provides_on_class PASSED [ 83%]
lib64/python3.7/site-packages/zope/interface/tests/test_declarations.py::Test_providedByFallback::test_w_providedBy_valid_spec PASSED [ 83%]
lib64/python3.7/site-packages/zope/interface/tests/test_declarations.py::Test_providedByFallback::test_wo_providedBy_on_class_wo_implements PASSED [ 83%]
lib64/python3.7/site-packages/zope/interface/tests/test_declarations.py::Test_providedBy::test_catches_only_AttributeError_on_class PASSED [ 83%]
lib64/python3.7/site-packages/zope/interface/tests/test_declarations.py::Test_providedBy::test_catches_only_AttributeError_on_providedBy PASSED [ 83%]
lib64/python3.7/site-packages/zope/interface/tests/test_declarations.py::Test_providedBy::test_optimizations PASSED [ 83%]
lib64/python3.7/site-packages/zope/interface/tests/test_declarations.py::Test_providedBy::test_super_multi_level_multi_inheritance PASSED [ 83%]
lib64/python3.7/site-packages/zope/interface/tests/test_declarations.py::Test_providedBy::test_super_when_base_doesnt_implement_interface PASSED [ 83%]
lib64/python3.7/site-packages/zope/interface/tests/test_declarations.py::Test_providedBy::test_super_when_base_implements_interface PASSED [ 83%]
lib64/python3.7/site-packages/zope/interface/tests/test_declarations.py::Test_providedBy::test_super_when_base_is_object PASSED [ 84%]
lib64/python3.7/site-packages/zope/interface/tests/test_declarations.py::Test_providedBy::test_super_when_object_directly_provides PASSED [ 84%]
lib64/python3.7/site-packages/zope/interface/tests/test_declarations.py::Test_providedBy::test_w_providedBy_invalid_spec PASSED [ 84%]
lib64/python3.7/site-packages/zope/interface/tests/test_declarations.py::Test_providedBy::test_w_providedBy_invalid_spec_class_w_implements PASSED [ 84%]
lib64/python3.7/site-packages/zope/interface/tests/test_declarations.py::Test_providedBy::test_w_providedBy_invalid_spec_w_provides_diff_provides_on_class PASSED [ 84%]
lib64/python3.7/site-packages/zope/interface/tests/test_declarations.py::Test_providedBy::test_w_providedBy_invalid_spec_w_provides_no_provides_on_class PASSED [ 84%]
lib64/python3.7/site-packages/zope/interface/tests/test_declarations.py::Test_providedBy::test_w_providedBy_invalid_spec_w_provides_same_provides_on_class PASSED [ 84%]
lib64/python3.7/site-packages/zope/interface/tests/test_declarations.py::Test_providedBy::test_w_providedBy_valid_spec PASSED [ 84%]
lib64/python3.7/site-packages/zope/interface/tests/test_declarations.py::Test_providedBy::test_wo_providedBy_on_class_wo_implements PASSED [ 84%]
lib64/python3.7/site-packages/zope/interface/tests/test_declarations.py::ObjectSpecificationDescriptorFallbackTests::test_AttributeError_accessing_provides_caught PASSED [ 84%]
lib64/python3.7/site-packages/zope/interface/tests/test_declarations.py::ObjectSpecificationDescriptorFallbackTests::test_None_in__provides__overrides PASSED [ 84%]
lib64/python3.7/site-packages/zope/interface/tests/test_declarations.py::ObjectSpecificationDescriptorFallbackTests::test_accessed_via_class PASSED [ 84%]
lib64/python3.7/site-packages/zope/interface/tests/test_declarations.py::ObjectSpecificationDescriptorFallbackTests::test_accessed_via_inst_w_provides PASSED [ 84%]
lib64/python3.7/site-packages/zope/interface/tests/test_declarations.py::ObjectSpecificationDescriptorFallbackTests::test_accessed_via_inst_wo_provides PASSED [ 84%]
lib64/python3.7/site-packages/zope/interface/tests/test_declarations.py::ObjectSpecificationDescriptorFallbackTests::test_arbitrary_exception_accessing_provides_not_caught PASSED [ 84%]
lib64/python3.7/site-packages/zope/interface/tests/test_declarations.py::ObjectSpecificationDescriptorTests::test_AttributeError_accessing_provides_caught PASSED [ 84%]
lib64/python3.7/site-packages/zope/interface/tests/test_declarations.py::ObjectSpecificationDescriptorTests::test_None_in__provides__overrides PASSED [ 84%]
lib64/python3.7/site-packages/zope/interface/tests/test_declarations.py::ObjectSpecificationDescriptorTests::test_accessed_via_class PASSED [ 84%]
lib64/python3.7/site-packages/zope/interface/tests/test_declarations.py::ObjectSpecificationDescriptorTests::test_accessed_via_inst_w_provides PASSED [ 84%]
lib64/python3.7/site-packages/zope/interface/tests/test_declarations.py::ObjectSpecificationDescriptorTests::test_accessed_via_inst_wo_provides PASSED [ 84%]
lib64/python3.7/site-packages/zope/interface/tests/test_declarations.py::ObjectSpecificationDescriptorTests::test_arbitrary_exception_accessing_provides_not_caught PASSED [ 84%]
lib64/python3.7/site-packages/zope/interface/tests/test_declarations.py::ObjectSpecificationDescriptorTests::test_optimizations PASSED [ 84%]
lib64/python3.7/site-packages/zope/interface/tests/test_document.py::Test_asStructuredText::test_asStructuredText_derived_ignores_base PASSED [ 84%]
lib64/python3.7/site-packages/zope/interface/tests/test_document.py::Test_asStructuredText::test_asStructuredText_empty_with_docstring PASSED [ 84%]
lib64/python3.7/site-packages/zope/interface/tests/test_document.py::Test_asStructuredText::test_asStructuredText_empty_with_multiline_docstring PASSED [ 84%]
lib64/python3.7/site-packages/zope/interface/tests/test_document.py::Test_asStructuredText::test_asStructuredText_no_docstring PASSED [ 84%]
lib64/python3.7/site-packages/zope/interface/tests/test_document.py::Test_asStructuredText::test_asStructuredText_with_attribute_no_docstring PASSED [ 84%]
lib64/python3.7/site-packages/zope/interface/tests/test_document.py::Test_asStructuredText::test_asStructuredText_with_attribute_with_docstring PASSED [ 84%]
lib64/python3.7/site-packages/zope/interface/tests/test_document.py::Test_asStructuredText::test_asStructuredText_with_method_kwargs_no_docstring PASSED [ 84%]
lib64/python3.7/site-packages/zope/interface/tests/test_document.py::Test_asStructuredText::test_asStructuredText_with_method_no_args_no_docstring PASSED [ 84%]
lib64/python3.7/site-packages/zope/interface/tests/test_document.py::Test_asStructuredText::test_asStructuredText_with_method_positional_args_no_docstring PASSED [ 84%]
lib64/python3.7/site-packages/zope/interface/tests/test_document.py::Test_asStructuredText::test_asStructuredText_with_method_starargs_no_docstring PASSED [ 84%]
lib64/python3.7/site-packages/zope/interface/tests/test_document.py::Test_asStructuredText::test_asStructuredText_with_method_with_docstring PASSED [ 84%]
lib64/python3.7/site-packages/zope/interface/tests/test_document.py::Test_asReStructuredText::test_asReStructuredText_derived_ignores_base PASSED [ 84%]
lib64/python3.7/site-packages/zope/interface/tests/test_document.py::Test_asReStructuredText::test_asReStructuredText_empty_with_docstring PASSED [ 84%]
lib64/python3.7/site-packages/zope/interface/tests/test_document.py::Test_asReStructuredText::test_asReStructuredText_empty_with_multiline_docstring PASSED [ 84%]
lib64/python3.7/site-packages/zope/interface/tests/test_document.py::Test_asReStructuredText::test_asReStructuredText_no_docstring PASSED [ 84%]
lib64/python3.7/site-packages/zope/interface/tests/test_document.py::Test_asReStructuredText::test_asReStructuredText_with_attribute_no_docstring PASSED [ 84%]
lib64/python3.7/site-packages/zope/interface/tests/test_document.py::Test_asReStructuredText::test_asReStructuredText_with_attribute_with_docstring PASSED [ 84%]
lib64/python3.7/site-packages/zope/interface/tests/test_document.py::Test_asReStructuredText::test_asReStructuredText_with_method_kwargs_no_docstring PASSED [ 84%]
lib64/python3.7/site-packages/zope/interface/tests/test_document.py::Test_asReStructuredText::test_asReStructuredText_with_method_no_args_no_docstring PASSED [ 84%]
lib64/python3.7/site-packages/zope/interface/tests/test_document.py::Test_asReStructuredText::test_asReStructuredText_with_method_positional_args_no_docstring PASSED [ 84%]
lib64/python3.7/site-packages/zope/interface/tests/test_document.py::Test_asReStructuredText::test_asReStructuredText_with_method_starargs_no_docstring PASSED [ 84%]
lib64/python3.7/site-packages/zope/interface/tests/test_document.py::Test_asReStructuredText::test_asReStructuredText_with_method_with_docstring PASSED [ 84%]
lib64/python3.7/site-packages/zope/interface/tests/test_document.py::Test__justify_and_indent::test_simple_level_0 PASSED [ 85%]
lib64/python3.7/site-packages/zope/interface/tests/test_document.py::Test__justify_and_indent::test_simple_level_1 PASSED [ 85%]
lib64/python3.7/site-packages/zope/interface/tests/test_document.py::Test__justify_and_indent::test_simple_level_2 PASSED [ 85%]
lib64/python3.7/site-packages/zope/interface/tests/test_document.py::Test__justify_and_indent::test_simple_w_CRLF PASSED [ 85%]
lib64/python3.7/site-packages/zope/interface/tests/test_document.py::Test__justify_and_indent::test_with_munge PASSED [ 85%]
lib64/python3.7/site-packages/zope/interface/tests/test_element.py::TestElement::test_taggedValues PASSED [ 85%]
lib64/python3.7/site-packages/zope/interface/tests/test_exceptions.py::DoesNotImplementTests::test___str__ FAILED [ 85%]
lib64/python3.7/site-packages/zope/interface/tests/test_exceptions.py::DoesNotImplementTests::test___str__w_candidate FAILED [ 85%]
lib64/python3.7/site-packages/zope/interface/tests/test_exceptions.py::BrokenImplementationTests::test___str__ FAILED [ 85%]
lib64/python3.7/site-packages/zope/interface/tests/test_exceptions.py::BrokenImplementationTests::test___str__w_candidate FAILED [ 85%]
lib64/python3.7/site-packages/zope/interface/tests/test_exceptions.py::BrokenMethodImplementationTests::test___repr__w_candidate PASSED [ 85%]
lib64/python3.7/site-packages/zope/interface/tests/test_exceptions.py::BrokenMethodImplementationTests::test___str__ PASSED [ 85%]
lib64/python3.7/site-packages/zope/interface/tests/test_exceptions.py::BrokenMethodImplementationTests::test___str__w_candidate_no_implementation PASSED [ 85%]
lib64/python3.7/site-packages/zope/interface/tests/test_exceptions.py::BrokenMethodImplementationTests::test___str__w_candidate_w_implementation PASSED [ 85%]
lib64/python3.7/site-packages/zope/interface/tests/test_exceptions.py::BrokenMethodImplementationTests::test___str__w_candidate_w_implementation_not_callable PASSED [ 85%]
lib64/python3.7/site-packages/zope/interface/tests/test_exceptions.py::MultipleInvalidTests::test__repr__ FAILED [ 85%]
lib64/python3.7/site-packages/zope/interface/tests/test_exceptions.py::MultipleInvalidTests::test__str__ FAILED [ 85%]
lib64/python3.7/site-packages/zope/interface/tests/test_interface.py::Test_invariant::test_w_multiple PASSED [ 85%]
lib64/python3.7/site-packages/zope/interface/tests/test_interface.py::Test_invariant::test_w_single PASSED [ 85%]
lib64/python3.7/site-packages/zope/interface/tests/test_interface.py::Test_taggedValue::test_w_multiple PASSED [ 85%]
lib64/python3.7/site-packages/zope/interface/tests/test_interface.py::Test_taggedValue::test_w_multiple_overwriting PASSED [ 85%]
lib64/python3.7/site-packages/zope/interface/tests/test_interface.py::Test_taggedValue::test_w_single PASSED [ 85%]
lib64/python3.7/site-packages/zope/interface/tests/test_interface.py::ElementTests::test_ctor_defaults PASSED [ 85%]
lib64/python3.7/site-packages/zope/interface/tests/test_interface.py::ElementTests::test_ctor_no_doc_space_in_name PASSED [ 85%]
lib64/python3.7/site-packages/zope/interface/tests/test_interface.py::ElementTests::test_getDirectTaggedValueTags PASSED [ 85%]
lib64/python3.7/site-packages/zope/interface/tests/test_interface.py::ElementTests::test_getDirectTaggedValue_miss PASSED [ 85%]
lib64/python3.7/site-packages/zope/interface/tests/test_interface.py::ElementTests::test_getTaggedValue_miss PASSED [ 85%]
lib64/python3.7/site-packages/zope/interface/tests/test_interface.py::ElementTests::test_queryDirectTaggedValue_miss PASSED [ 85%]
lib64/python3.7/site-packages/zope/interface/tests/test_interface.py::ElementTests::test_queryDirectTaggedValue_miss_w_default PASSED [ 85%]
lib64/python3.7/site-packages/zope/interface/tests/test_interface.py::ElementTests::test_queryTaggedValue_miss PASSED [ 85%]
lib64/python3.7/site-packages/zope/interface/tests/test_interface.py::ElementTests::test_queryTaggedValue_miss_w_default PASSED [ 85%]
lib64/python3.7/site-packages/zope/interface/tests/test_interface.py::ElementTests::test_setTaggedValue PASSED [ 85%]
lib64/python3.7/site-packages/zope/interface/tests/test_interface.py::ElementTests::test_verifies PASSED [ 85%]
lib64/python3.7/site-packages/zope/interface/tests/test_interface.py::GenericSpecificationBaseTests::test_implementedBy_miss PASSED [ 85%]
lib64/python3.7/site-packages/zope/interface/tests/test_interface.py::GenericSpecificationBaseTests::test_providedBy_miss PASSED [ 85%]
lib64/python3.7/site-packages/zope/interface/tests/test_interface.py::SpecificationBaseTests::test_implementedBy_miss PASSED [ 85%]
lib64/python3.7/site-packages/zope/interface/tests/test_interface.py::SpecificationBaseTests::test_optimizations PASSED [ 85%]
lib64/python3.7/site-packages/zope/interface/tests/test_interface.py::SpecificationBaseTests::test_providedBy_miss PASSED [ 85%]
lib64/python3.7/site-packages/zope/interface/tests/test_interface.py::SpecificationBasePyTests::test___call___hit PASSED [ 85%]
lib64/python3.7/site-packages/zope/interface/tests/test_interface.py::SpecificationBasePyTests::test___call___miss PASSED [ 85%]
lib64/python3.7/site-packages/zope/interface/tests/test_interface.py::SpecificationBasePyTests::test_implementedBy_hit PASSED [ 85%]
lib64/python3.7/site-packages/zope/interface/tests/test_interface.py::SpecificationBasePyTests::test_implementedBy_miss PASSED [ 85%]
lib64/python3.7/site-packages/zope/interface/tests/test_interface.py::SpecificationBasePyTests::test_isOrExtends_hit PASSED [ 85%]
lib64/python3.7/site-packages/zope/interface/tests/test_interface.py::SpecificationBasePyTests::test_isOrExtends_miss PASSED [ 85%]
lib64/python3.7/site-packages/zope/interface/tests/test_interface.py::SpecificationBasePyTests::test_providedBy_hit PASSED [ 86%]
lib64/python3.7/site-packages/zope/interface/tests/test_interface.py::SpecificationBasePyTests::test_providedBy_miss PASSED [ 86%]
lib64/python3.7/site-packages/zope/interface/tests/test_interface.py::InterfaceBaseTests::test___call___w___conform___ob_no_provides_wo_alternate PASSED [ 86%]
lib64/python3.7/site-packages/zope/interface/tests/test_interface.py::InterfaceBaseTests::test___call___w___conform___returning_value PASSED [ 86%]
lib64/python3.7/site-packages/zope/interface/tests/test_interface.py::InterfaceBaseTests::test___call___w_no_conform_catches_only_AttributeError PASSED [ 86%]
lib64/python3.7/site-packages/zope/interface/tests/test_interface.py::InterfaceBaseTests::test___call___wo___conform___ob_no_provides_w_alternate PASSED [ 86%]
lib64/python3.7/site-packages/zope/interface/tests/test_interface.py::InterfaceBaseTests::test__ge__NotImplemented PASSED [ 86%]
lib64/python3.7/site-packages/zope/interface/tests/test_interface.py::InterfaceBaseTests::test__gt__NotImplemented PASSED [ 86%]
lib64/python3.7/site-packages/zope/interface/tests/test_interface.py::InterfaceBaseTests::test__le__NotImplemented PASSED [ 86%]
lib64/python3.7/site-packages/zope/interface/tests/test_interface.py::InterfaceBaseTests::test__lt__NotImplemented PASSED [ 86%]
lib64/python3.7/site-packages/zope/interface/tests/test_interface.py::InterfaceBaseTests::test_optimizations PASSED [ 86%]
lib64/python3.7/site-packages/zope/interface/tests/test_interface.py::InterfaceBasePyTests::test___adapt___ob_no_provides_uses_hooks PASSED [ 86%]
lib64/python3.7/site-packages/zope/interface/tests/test_interface.py::InterfaceBasePyTests::test___adapt___ob_provides PASSED [ 86%]
lib64/python3.7/site-packages/zope/interface/tests/test_interface.py::InterfaceBasePyTests::test___call___w___conform___miss_ob_provides PASSED [ 86%]
lib64/python3.7/site-packages/zope/interface/tests/test_interface.py::InterfaceBasePyTests::test___call___w___conform___ob_no_provides_wo_alternate PASSED [ 86%]
lib64/python3.7/site-packages/zope/interface/tests/test_interface.py::InterfaceBasePyTests::test___call___w___conform___returning_value PASSED [ 86%]
lib64/python3.7/site-packages/zope/interface/tests/test_interface.py::InterfaceBasePyTests::test___call___w_no_conform_catches_only_AttributeError PASSED [ 86%]
lib64/python3.7/site-packages/zope/interface/tests/test_interface.py::InterfaceBasePyTests::test___call___wo___conform___ob_no_provides_w_alternate PASSED [ 86%]
lib64/python3.7/site-packages/zope/interface/tests/test_interface.py::InterfaceBasePyTests::test__ge__NotImplemented PASSED [ 86%]
lib64/python3.7/site-packages/zope/interface/tests/test_interface.py::InterfaceBasePyTests::test__gt__NotImplemented PASSED [ 86%]
lib64/python3.7/site-packages/zope/interface/tests/test_interface.py::InterfaceBasePyTests::test__le__NotImplemented PASSED [ 86%]
lib64/python3.7/site-packages/zope/interface/tests/test_interface.py::InterfaceBasePyTests::test__lt__NotImplemented PASSED [ 86%]
lib64/python3.7/site-packages/zope/interface/tests/test_interface.py::SpecificationTests::test___setBases_subscribes_bases_and_notifies_dependents PASSED [ 86%]
lib64/python3.7/site-packages/zope/interface/tests/test_interface.py::SpecificationTests::test_changed_clears_volatiles_and_implied PASSED [ 86%]
lib64/python3.7/site-packages/zope/interface/tests/test_interface.py::SpecificationTests::test_ctor PASSED [ 86%]
lib64/python3.7/site-packages/zope/interface/tests/test_interface.py::SpecificationTests::test_extends_non_strict_w_self PASSED [ 86%]
lib64/python3.7/site-packages/zope/interface/tests/test_interface.py::SpecificationTests::test_extends_strict_w_self PASSED [ 86%]
lib64/python3.7/site-packages/zope/interface/tests/test_interface.py::SpecificationTests::test_extends_strict_wo_self PASSED [ 86%]
lib64/python3.7/site-packages/zope/interface/tests/test_interface.py::SpecificationTests::test_get_hit_from_base_wo__v_attrs PASSED [ 86%]
lib64/python3.7/site-packages/zope/interface/tests/test_interface.py::SpecificationTests::test_get_hit_w__v_attrs PASSED [ 86%]
lib64/python3.7/site-packages/zope/interface/tests/test_interface.py::SpecificationTests::test_interfaces_skips_already_seen PASSED [ 86%]
lib64/python3.7/site-packages/zope/interface/tests/test_interface.py::SpecificationTests::test_multiple_inheritance_no_interfaces PASSED [ 86%]
lib64/python3.7/site-packages/zope/interface/tests/test_interface.py::SpecificationTests::test_subscribe_again PASSED [ 86%]
lib64/python3.7/site-packages/zope/interface/tests/test_interface.py::SpecificationTests::test_subscribe_first_time PASSED [ 86%]
lib64/python3.7/site-packages/zope/interface/tests/test_interface.py::SpecificationTests::test_unsubscribe PASSED [ 86%]
lib64/python3.7/site-packages/zope/interface/tests/test_interface.py::SpecificationTests::test_unsubscribe_miss PASSED [ 86%]
lib64/python3.7/site-packages/zope/interface/tests/test_interface.py::InterfaceClassTests::test___contains___hit PASSED [ 86%]
lib64/python3.7/site-packages/zope/interface/tests/test_interface.py::InterfaceClassTests::test___contains___miss PASSED [ 86%]
lib64/python3.7/site-packages/zope/interface/tests/test_interface.py::InterfaceClassTests::test___getitem___hit PASSED [ 86%]
lib64/python3.7/site-packages/zope/interface/tests/test_interface.py::InterfaceClassTests::test___getitem___miss PASSED [ 86%]
lib64/python3.7/site-packages/zope/interface/tests/test_interface.py::InterfaceClassTests::test___hash___missing_required_attrs PASSED [ 86%]
lib64/python3.7/site-packages/zope/interface/tests/test_interface.py::InterfaceClassTests::test___hash___normal FAILED [ 86%]
lib64/python3.7/site-packages/zope/interface/tests/test_interface.py::InterfaceClassTests::test___iter__ PASSED [ 86%]
lib64/python3.7/site-packages/zope/interface/tests/test_interface.py::InterfaceClassTests::test___reduce__ PASSED [ 86%]
lib64/python3.7/site-packages/zope/interface/tests/test_interface.py::InterfaceClassTests::test__module__is_readonly PASSED [ 87%]
lib64/python3.7/site-packages/zope/interface/tests/test_interface.py::InterfaceClassTests::test_assignment_to__class__ PASSED [ 87%]
lib64/python3.7/site-packages/zope/interface/tests/test_interface.py::InterfaceClassTests::test_assignment_to__class__2 PASSED [ 87%]
lib64/python3.7/site-packages/zope/interface/tests/test_interface.py::InterfaceClassTests::test_comparison_with_None PASSED [ 87%]
lib64/python3.7/site-packages/zope/interface/tests/test_interface.py::InterfaceClassTests::test_comparison_with_same_instance PASSED [ 87%]
lib64/python3.7/site-packages/zope/interface/tests/test_interface.py::InterfaceClassTests::test_comparison_with_same_named_instance_in_other_module PASSED [ 87%]
lib64/python3.7/site-packages/zope/interface/tests/test_interface.py::InterfaceClassTests::test_ctor_attrs_w___annotations__ PASSED [ 87%]
lib64/python3.7/site-packages/zope/interface/tests/test_interface.py::InterfaceClassTests::test_ctor_attrs_w___locals__ PASSED [ 87%]
lib64/python3.7/site-packages/zope/interface/tests/test_interface.py::InterfaceClassTests::test_ctor_attrs_w__decorator_non_return PASSED [ 87%]
lib64/python3.7/site-packages/zope/interface/tests/test_interface.py::InterfaceClassTests::test_ctor_attrs_w_invalid_attr_type PASSED [ 87%]
lib64/python3.7/site-packages/zope/interface/tests/test_interface.py::InterfaceClassTests::test_ctor_bad_bases PASSED [ 87%]
lib64/python3.7/site-packages/zope/interface/tests/test_interface.py::InterfaceClassTests::test_ctor_defaults PASSED [ 87%]
lib64/python3.7/site-packages/zope/interface/tests/test_interface.py::InterfaceClassTests::test_ctor_w_attrs_attrib_methods PASSED [ 87%]
lib64/python3.7/site-packages/zope/interface/tests/test_interface.py::InterfaceClassTests::test_ctor_w_explicit___doc__ PASSED [ 87%]
lib64/python3.7/site-packages/zope/interface/tests/test_interface.py::InterfaceClassTests::test_direct_hit_local_miss_bases PASSED [ 87%]
lib64/python3.7/site-packages/zope/interface/tests/test_interface.py::InterfaceClassTests::test_direct_miss PASSED [ 87%]
lib64/python3.7/site-packages/zope/interface/tests/test_interface.py::InterfaceClassTests::test_getBases PASSED [ 87%]
lib64/python3.7/site-packages/zope/interface/tests/test_interface.py::InterfaceClassTests::test_getDescriptionFor_hit PASSED [ 87%]
lib64/python3.7/site-packages/zope/interface/tests/test_interface.py::InterfaceClassTests::test_getDescriptionFor_miss PASSED [ 87%]
lib64/python3.7/site-packages/zope/interface/tests/test_interface.py::InterfaceClassTests::test_interfaces PASSED [ 87%]
lib64/python3.7/site-packages/zope/interface/tests/test_interface.py::InterfaceClassTests::test_isEqualOrExtendedBy_identity PASSED [ 87%]
lib64/python3.7/site-packages/zope/interface/tests/test_interface.py::InterfaceClassTests::test_isEqualOrExtendedBy_subiface PASSED [ 87%]
lib64/python3.7/site-packages/zope/interface/tests/test_interface.py::InterfaceClassTests::test_isEqualOrExtendedBy_unrelated PASSED [ 87%]
lib64/python3.7/site-packages/zope/interface/tests/test_interface.py::InterfaceClassTests::test_namesAndDescriptions_w_all_False_ignores_bases PASSED [ 87%]
lib64/python3.7/site-packages/zope/interface/tests/test_interface.py::InterfaceClassTests::test_namesAndDescriptions_w_all_True_bases_w_same_names PASSED [ 87%]
lib64/python3.7/site-packages/zope/interface/tests/test_interface.py::InterfaceClassTests::test_namesAndDescriptions_w_all_True_no_bases PASSED [ 87%]
lib64/python3.7/site-packages/zope/interface/tests/test_interface.py::InterfaceClassTests::test_namesAndDescriptions_w_all_True_simple PASSED [ 87%]
lib64/python3.7/site-packages/zope/interface/tests/test_interface.py::InterfaceClassTests::test_names_w_all_False_ignores_bases PASSED [ 87%]
lib64/python3.7/site-packages/zope/interface/tests/test_interface.py::InterfaceClassTests::test_names_w_all_True_bases_w_same_names PASSED [ 87%]
lib64/python3.7/site-packages/zope/interface/tests/test_interface.py::InterfaceClassTests::test_names_w_all_True_no_bases PASSED [ 87%]
lib64/python3.7/site-packages/zope/interface/tests/test_interface.py::InterfaceClassTests::test_names_w_all_True_w_bases_simple PASSED [ 87%]
lib64/python3.7/site-packages/zope/interface/tests/test_interface.py::InterfaceClassTests::test_queryDescriptionFor_hit PASSED [ 87%]
lib64/python3.7/site-packages/zope/interface/tests/test_interface.py::InterfaceClassTests::test_queryDescriptionFor_miss PASSED [ 87%]
lib64/python3.7/site-packages/zope/interface/tests/test_interface.py::InterfaceClassTests::test_validateInvariants_fail_in_base_w_errors_passed PASSED [ 87%]
lib64/python3.7/site-packages/zope/interface/tests/test_interface.py::InterfaceClassTests::test_validateInvariants_fail_in_base_wo_errors_passed PASSED [ 87%]
lib64/python3.7/site-packages/zope/interface/tests/test_interface.py::InterfaceClassTests::test_validateInvariants_fail_w_errors_passed PASSED [ 87%]
lib64/python3.7/site-packages/zope/interface/tests/test_interface.py::InterfaceClassTests::test_validateInvariants_fail_wo_errors_passed PASSED [ 87%]
lib64/python3.7/site-packages/zope/interface/tests/test_interface.py::InterfaceClassTests::test_validateInvariants_inherited_not_called_multiple_times PASSED [ 87%]
lib64/python3.7/site-packages/zope/interface/tests/test_interface.py::InterfaceClassTests::test_validateInvariants_pass PASSED [ 87%]
lib64/python3.7/site-packages/zope/interface/tests/test_interface.py::InterfaceTests::testInterfaceExtendsInterface PASSED [ 87%]
lib64/python3.7/site-packages/zope/interface/tests/test_interface.py::InterfaceTests::testIssue228 SKIPPED [ 87%]
lib64/python3.7/site-packages/zope/interface/tests/test_interface.py::InterfaceTests::test___adapt___as_method_and_implementation PASSED [ 87%]
lib64/python3.7/site-packages/zope/interface/tests/test_interface.py::InterfaceTests::test___adapt__inheritance_and_type PASSED [ 87%]
lib64/python3.7/site-packages/zope/interface/tests/test_interface.py::InterfaceTests::test___call___defers_to___conform___ PASSED [ 87%]
lib64/python3.7/site-packages/zope/interface/tests/test_interface.py::InterfaceTests::test___call___miss_w_alternate PASSED [ 88%]
lib64/python3.7/site-packages/zope/interface/tests/test_interface.py::InterfaceTests::test___call___miss_wo_alternate PASSED [ 88%]
lib64/python3.7/site-packages/zope/interface/tests/test_interface.py::InterfaceTests::test___call___object_implements PASSED [ 88%]
lib64/python3.7/site-packages/zope/interface/tests/test_interface.py::InterfaceTests::test___call___w_adapter_hook PASSED [ 88%]
lib64/python3.7/site-packages/zope/interface/tests/test_interface.py::InterfaceTests::test___call___w_overridden_adapt PASSED [ 88%]
lib64/python3.7/site-packages/zope/interface/tests/test_interface.py::InterfaceTests::test___call___w_overridden_adapt_and_conform PASSED [ 88%]
lib64/python3.7/site-packages/zope/interface/tests/test_interface.py::InterfaceTests::test___call___w_overridden_adapt_call_super PASSED [ 88%]
lib64/python3.7/site-packages/zope/interface/tests/test_interface.py::InterfaceTests::test___contains__derived PASSED [ 88%]
lib64/python3.7/site-packages/zope/interface/tests/test_interface.py::InterfaceTests::test___contains__nonesuch PASSED [ 88%]
lib64/python3.7/site-packages/zope/interface/tests/test_interface.py::InterfaceTests::test___contains__simple PASSED [ 88%]
lib64/python3.7/site-packages/zope/interface/tests/test_interface.py::InterfaceTests::test___doc___as_element PASSED [ 88%]
lib64/python3.7/site-packages/zope/interface/tests/test_interface.py::InterfaceTests::test___doc___element PASSED [ 88%]
lib64/python3.7/site-packages/zope/interface/tests/test_interface.py::InterfaceTests::test___doc___non_element PASSED [ 88%]
lib64/python3.7/site-packages/zope/interface/tests/test_interface.py::InterfaceTests::test___getitem___derived PASSED [ 88%]
lib64/python3.7/site-packages/zope/interface/tests/test_interface.py::InterfaceTests::test___getitem__nonesuch PASSED [ 88%]
lib64/python3.7/site-packages/zope/interface/tests/test_interface.py::InterfaceTests::test___getitem__simple PASSED [ 88%]
lib64/python3.7/site-packages/zope/interface/tests/test_interface.py::InterfaceTests::test___iter__derived PASSED [ 88%]
lib64/python3.7/site-packages/zope/interface/tests/test_interface.py::InterfaceTests::test___iter__empty PASSED [ 88%]
lib64/python3.7/site-packages/zope/interface/tests/test_interface.py::InterfaceTests::test___iter__simple PASSED [ 88%]
lib64/python3.7/site-packages/zope/interface/tests/test_interface.py::InterfaceTests::test_attributes_link_to_interface PASSED [ 88%]
lib64/python3.7/site-packages/zope/interface/tests/test_interface.py::InterfaceTests::test_classImplements_base_and_derived PASSED [ 88%]
lib64/python3.7/site-packages/zope/interface/tests/test_interface.py::InterfaceTests::test_classImplements_base_not_derived PASSED [ 88%]
lib64/python3.7/site-packages/zope/interface/tests/test_interface.py::InterfaceTests::test_classImplements_multiple PASSED [ 88%]
lib64/python3.7/site-packages/zope/interface/tests/test_interface.py::InterfaceTests::test_classImplements_multiple_w_explict_implements PASSED [ 88%]
lib64/python3.7/site-packages/zope/interface/tests/test_interface.py::InterfaceTests::test_classImplements_simple PASSED [ 88%]
lib64/python3.7/site-packages/zope/interface/tests/test_interface.py::InterfaceTests::test_description_cache_management PASSED [ 88%]
lib64/python3.7/site-packages/zope/interface/tests/test_interface.py::InterfaceTests::test_function_attributes_become_tagged_values PASSED [ 88%]
lib64/python3.7/site-packages/zope/interface/tests/test_interface.py::InterfaceTests::test_getDescriptionFor_derived PASSED [ 88%]
lib64/python3.7/site-packages/zope/interface/tests/test_interface.py::InterfaceTests::test_getDescriptionFor_nonesuch_no_default PASSED [ 88%]
lib64/python3.7/site-packages/zope/interface/tests/test_interface.py::InterfaceTests::test_getDescriptionFor_simple PASSED [ 88%]
lib64/python3.7/site-packages/zope/interface/tests/test_interface.py::InterfaceTests::test_getDirectTaggedValue_ignores__iro__ PASSED [ 88%]
lib64/python3.7/site-packages/zope/interface/tests/test_interface.py::InterfaceTests::test_getTaggedValue_follows__iro__ PASSED [ 88%]
lib64/python3.7/site-packages/zope/interface/tests/test_interface.py::InterfaceTests::test_interface_object_provides_Interface PASSED [ 88%]
lib64/python3.7/site-packages/zope/interface/tests/test_interface.py::InterfaceTests::test_interfacemethod_is_general PASSED [ 88%]
lib64/python3.7/site-packages/zope/interface/tests/test_interface.py::InterfaceTests::test_invariant_as_decorator PASSED [ 88%]
lib64/python3.7/site-packages/zope/interface/tests/test_interface.py::InterfaceTests::test_invariant_mutandis PASSED [ 88%]
lib64/python3.7/site-packages/zope/interface/tests/test_interface.py::InterfaceTests::test_invariant_nested PASSED [ 88%]
lib64/python3.7/site-packages/zope/interface/tests/test_interface.py::InterfaceTests::test_invariant_simple PASSED [ 88%]
lib64/python3.7/site-packages/zope/interface/tests/test_interface.py::InterfaceTests::test_methods_link_to_interface PASSED [ 88%]
lib64/python3.7/site-packages/zope/interface/tests/test_interface.py::InterfaceTests::test_namesAndDescriptions_derived PASSED [ 88%]
lib64/python3.7/site-packages/zope/interface/tests/test_interface.py::InterfaceTests::test_namesAndDescriptions_simple PASSED [ 88%]
lib64/python3.7/site-packages/zope/interface/tests/test_interface.py::InterfaceTests::test_names_derived PASSED [ 88%]
lib64/python3.7/site-packages/zope/interface/tests/test_interface.py::InterfaceTests::test_names_simple PASSED [ 88%]
lib64/python3.7/site-packages/zope/interface/tests/test_interface.py::InterfaceTests::test_taggedValue PASSED [ 88%]
lib64/python3.7/site-packages/zope/interface/tests/test_interface.py::InterfaceTests::test_verifyClass PASSED [ 89%]
lib64/python3.7/site-packages/zope/interface/tests/test_interface.py::InterfaceTests::test_verifyObject PASSED [ 89%]
lib64/python3.7/site-packages/zope/interface/tests/test_interface.py::AttributeTests::test__repr__w_interface PASSED [ 89%]
lib64/python3.7/site-packages/zope/interface/tests/test_interface.py::AttributeTests::test__repr__wo_interface PASSED [ 89%]
lib64/python3.7/site-packages/zope/interface/tests/test_interface.py::AttributeTests::test__str__w_interface PASSED [ 89%]
lib64/python3.7/site-packages/zope/interface/tests/test_interface.py::AttributeTests::test__str__wo_interface PASSED [ 89%]
lib64/python3.7/site-packages/zope/interface/tests/test_interface.py::AttributeTests::test_ctor_defaults PASSED [ 89%]
lib64/python3.7/site-packages/zope/interface/tests/test_interface.py::AttributeTests::test_ctor_no_doc_space_in_name PASSED [ 89%]
lib64/python3.7/site-packages/zope/interface/tests/test_interface.py::AttributeTests::test_getDirectTaggedValueTags PASSED [ 89%]
lib64/python3.7/site-packages/zope/interface/tests/test_interface.py::AttributeTests::test_getDirectTaggedValue_miss PASSED [ 89%]
lib64/python3.7/site-packages/zope/interface/tests/test_interface.py::AttributeTests::test_getTaggedValue_miss PASSED [ 89%]
lib64/python3.7/site-packages/zope/interface/tests/test_interface.py::AttributeTests::test_queryDirectTaggedValue_miss PASSED [ 89%]
lib64/python3.7/site-packages/zope/interface/tests/test_interface.py::AttributeTests::test_queryDirectTaggedValue_miss_w_default PASSED [ 89%]
lib64/python3.7/site-packages/zope/interface/tests/test_interface.py::AttributeTests::test_queryTaggedValue_miss PASSED [ 89%]
lib64/python3.7/site-packages/zope/interface/tests/test_interface.py::AttributeTests::test_queryTaggedValue_miss_w_default PASSED [ 89%]
lib64/python3.7/site-packages/zope/interface/tests/test_interface.py::AttributeTests::test_setTaggedValue PASSED [ 89%]
lib64/python3.7/site-packages/zope/interface/tests/test_interface.py::AttributeTests::test_verifies PASSED [ 89%]
lib64/python3.7/site-packages/zope/interface/tests/test_interface.py::MethodTests::test___call___raises_BrokenImplementation PASSED [ 89%]
lib64/python3.7/site-packages/zope/interface/tests/test_interface.py::MethodTests::test__repr__w_interface PASSED [ 89%]
lib64/python3.7/site-packages/zope/interface/tests/test_interface.py::MethodTests::test__repr__wo_interface PASSED [ 89%]
lib64/python3.7/site-packages/zope/interface/tests/test_interface.py::MethodTests::test__str__w_interface PASSED [ 89%]
lib64/python3.7/site-packages/zope/interface/tests/test_interface.py::MethodTests::test__str__wo_interface PASSED [ 89%]
lib64/python3.7/site-packages/zope/interface/tests/test_interface.py::MethodTests::test_ctor_defaults PASSED [ 89%]
lib64/python3.7/site-packages/zope/interface/tests/test_interface.py::MethodTests::test_ctor_no_doc_space_in_name PASSED [ 89%]
lib64/python3.7/site-packages/zope/interface/tests/test_interface.py::MethodTests::test_getDirectTaggedValueTags PASSED [ 89%]
lib64/python3.7/site-packages/zope/interface/tests/test_interface.py::MethodTests::test_getDirectTaggedValue_miss PASSED [ 89%]
lib64/python3.7/site-packages/zope/interface/tests/test_interface.py::MethodTests::test_getSignatureInfo_bare PASSED [ 89%]
lib64/python3.7/site-packages/zope/interface/tests/test_interface.py::MethodTests::test_getSignatureString_bare PASSED [ 89%]
lib64/python3.7/site-packages/zope/interface/tests/test_interface.py::MethodTests::test_getSignatureString_w_kwargs PASSED [ 89%]
lib64/python3.7/site-packages/zope/interface/tests/test_interface.py::MethodTests::test_getSignatureString_w_only_required PASSED [ 89%]
lib64/python3.7/site-packages/zope/interface/tests/test_interface.py::MethodTests::test_getSignatureString_w_optional PASSED [ 89%]
lib64/python3.7/site-packages/zope/interface/tests/test_interface.py::MethodTests::test_getSignatureString_w_varargs PASSED [ 89%]
lib64/python3.7/site-packages/zope/interface/tests/test_interface.py::MethodTests::test_getTaggedValue_miss PASSED [ 89%]
lib64/python3.7/site-packages/zope/interface/tests/test_interface.py::MethodTests::test_optional_as_property PASSED [ 89%]
lib64/python3.7/site-packages/zope/interface/tests/test_interface.py::MethodTests::test_queryDirectTaggedValue_miss PASSED [ 89%]
lib64/python3.7/site-packages/zope/interface/tests/test_interface.py::MethodTests::test_queryDirectTaggedValue_miss_w_default PASSED [ 89%]
lib64/python3.7/site-packages/zope/interface/tests/test_interface.py::MethodTests::test_queryTaggedValue_miss PASSED [ 89%]
lib64/python3.7/site-packages/zope/interface/tests/test_interface.py::MethodTests::test_queryTaggedValue_miss_w_default PASSED [ 89%]
lib64/python3.7/site-packages/zope/interface/tests/test_interface.py::MethodTests::test_setTaggedValue PASSED [ 89%]
lib64/python3.7/site-packages/zope/interface/tests/test_interface.py::MethodTests::test_verifies PASSED [ 89%]
lib64/python3.7/site-packages/zope/interface/tests/test_interface.py::Test_fromFunction::test_bare PASSED [ 89%]
lib64/python3.7/site-packages/zope/interface/tests/test_interface.py::Test_fromFunction::test_full_spectrum PASSED [ 89%]
lib64/python3.7/site-packages/zope/interface/tests/test_interface.py::Test_fromFunction::test_w_interface PASSED [ 89%]
lib64/python3.7/site-packages/zope/interface/tests/test_interface.py::Test_fromFunction::test_w_kwargs PASSED [ 89%]
lib64/python3.7/site-packages/zope/interface/tests/test_interface.py::Test_fromFunction::test_w_name PASSED [ 90%]
lib64/python3.7/site-packages/zope/interface/tests/test_interface.py::Test_fromFunction::test_w_only_required PASSED [ 90%]
lib64/python3.7/site-packages/zope/interface/tests/test_interface.py::Test_fromFunction::test_w_optional PASSED [ 90%]
lib64/python3.7/site-packages/zope/interface/tests/test_interface.py::Test_fromFunction::test_w_optional_self PASSED [ 90%]
lib64/python3.7/site-packages/zope/interface/tests/test_interface.py::Test_fromFunction::test_w_varargs PASSED [ 90%]
lib64/python3.7/site-packages/zope/interface/tests/test_interface.py::Test_fromMethod::test_full_spectrum PASSED [ 90%]
lib64/python3.7/site-packages/zope/interface/tests/test_interface.py::Test_fromMethod::test_no_args PASSED [ 90%]
lib64/python3.7/site-packages/zope/interface/tests/test_interface.py::Test_fromMethod::test_w_non_method PASSED [ 90%]
lib64/python3.7/site-packages/zope/interface/tests/test_interfaces.py::ObjectEventTests::test_class_conforms_to_IObjectEvent PASSED [ 90%]
lib64/python3.7/site-packages/zope/interface/tests/test_interfaces.py::ObjectEventTests::test_ctor PASSED [ 90%]
lib64/python3.7/site-packages/zope/interface/tests/test_interfaces.py::ObjectEventTests::test_instance_conforms_to_IObjectEvent PASSED [ 90%]
lib64/python3.7/site-packages/zope/interface/tests/test_interfaces.py::RegistrationEventTests::test___repr__ PASSED [ 90%]
lib64/python3.7/site-packages/zope/interface/tests/test_interfaces.py::RegistrationEventTests::test_class_conforms_to_IObjectEvent PASSED [ 90%]
lib64/python3.7/site-packages/zope/interface/tests/test_interfaces.py::RegistrationEventTests::test_class_conforms_to_IRegistrationEvent PASSED [ 90%]
lib64/python3.7/site-packages/zope/interface/tests/test_interfaces.py::RegistrationEventTests::test_instance_conforms_to_IObjectEvent PASSED [ 90%]
lib64/python3.7/site-packages/zope/interface/tests/test_interfaces.py::RegistrationEventTests::test_instance_conforms_to_IRegistrationEvent PASSED [ 90%]
lib64/python3.7/site-packages/zope/interface/tests/test_interfaces.py::RegisteredTests::test_class_conforms_to_IObjectEvent PASSED [ 90%]
lib64/python3.7/site-packages/zope/interface/tests/test_interfaces.py::RegisteredTests::test_class_conforms_to_IRegistered PASSED [ 90%]
lib64/python3.7/site-packages/zope/interface/tests/test_interfaces.py::RegisteredTests::test_class_conforms_to_IRegistrationEvent PASSED [ 90%]
lib64/python3.7/site-packages/zope/interface/tests/test_interfaces.py::RegisteredTests::test_instance_conforms_to_IObjectEvent PASSED [ 90%]
lib64/python3.7/site-packages/zope/interface/tests/test_interfaces.py::RegisteredTests::test_instance_conforms_to_IRegistered PASSED [ 90%]
lib64/python3.7/site-packages/zope/interface/tests/test_interfaces.py::RegisteredTests::test_instance_conforms_to_IRegistrationEvent PASSED [ 90%]
lib64/python3.7/site-packages/zope/interface/tests/test_interfaces.py::UnregisteredTests::test_class_conforms_to_IObjectEvent PASSED [ 90%]
lib64/python3.7/site-packages/zope/interface/tests/test_interfaces.py::UnregisteredTests::test_class_conforms_to_IRegistrationEvent PASSED [ 90%]
lib64/python3.7/site-packages/zope/interface/tests/test_interfaces.py::UnregisteredTests::test_class_conforms_to_IUnregistered PASSED [ 90%]
lib64/python3.7/site-packages/zope/interface/tests/test_interfaces.py::UnregisteredTests::test_instance_conforms_to_IObjectEvent PASSED [ 90%]
lib64/python3.7/site-packages/zope/interface/tests/test_interfaces.py::UnregisteredTests::test_instance_conforms_to_IRegistrationEvent PASSED [ 90%]
lib64/python3.7/site-packages/zope/interface/tests/test_interfaces.py::UnregisteredTests::test_instance_conforms_to_IUnregistered PASSED [ 90%]
lib64/python3.7/site-packages/zope/interface/tests/test_interfaces.py::InterfaceClassTests::test_class_conforms PASSED [ 90%]
lib64/python3.7/site-packages/zope/interface/tests/test_interfaces.py::InterfaceClassTests::test_class_consistent__iro__ PASSED [ 90%]
lib64/python3.7/site-packages/zope/interface/tests/test_interfaces.py::InterfaceClassTests::test_instance_conforms PASSED [ 90%]
lib64/python3.7/site-packages/zope/interface/tests/test_interfaces.py::InterfaceClassTests::test_instance_consistent__iro__ PASSED [ 90%]
lib64/python3.7/site-packages/zope/interface/tests/test_odd_declarations.py::Test::test_ObjectSpecification PASSED [ 90%]
lib64/python3.7/site-packages/zope/interface/tests/test_odd_declarations.py::Test::test_classImplements PASSED [ 90%]
lib64/python3.7/site-packages/zope/interface/tests/test_odd_declarations.py::Test::test_classImplementsOnly PASSED [ 90%]
lib64/python3.7/site-packages/zope/interface/tests/test_odd_declarations.py::Test::test_directlyProvides PASSED [ 90%]
lib64/python3.7/site-packages/zope/interface/tests/test_odd_declarations.py::Test::test_directlyProvides_fails_for_odd_class SKIPPED [ 90%]
lib64/python3.7/site-packages/zope/interface/tests/test_odd_declarations.py::Test::test_implementedBy PASSED [ 90%]
lib64/python3.7/site-packages/zope/interface/tests/test_odd_declarations.py::Test::test_odd_metaclass_that_doesnt_subclass_type PASSED [ 90%]
lib64/python3.7/site-packages/zope/interface/tests/test_registry.py::ComponentsTests::test___repr__ PASSED [ 90%]
lib64/python3.7/site-packages/zope/interface/tests/test_registry.py::ComponentsTests::test_assign_to___bases__ PASSED [ 90%]
lib64/python3.7/site-packages/zope/interface/tests/test_registry.py::ComponentsTests::test_ctor_no_bases PASSED [ 90%]
lib64/python3.7/site-packages/zope/interface/tests/test_registry.py::ComponentsTests::test_ctor_w_base PASSED [ 90%]
lib64/python3.7/site-packages/zope/interface/tests/test_registry.py::ComponentsTests::test_getAdapter_hit PASSED [ 90%]
lib64/python3.7/site-packages/zope/interface/tests/test_registry.py::ComponentsTests::test_getAdapter_hit_super PASSED [ 90%]
lib64/python3.7/site-packages/zope/interface/tests/test_registry.py::ComponentsTests::test_getAdapter_hit_super_when_parent_implements_interface_diamond PASSED [ 91%]
lib64/python3.7/site-packages/zope/interface/tests/test_registry.py::ComponentsTests::test_getAdapter_miss PASSED [ 91%]
lib64/python3.7/site-packages/zope/interface/tests/test_registry.py::ComponentsTests::test_getAdapters_empty PASSED [ 91%]
lib64/python3.7/site-packages/zope/interface/tests/test_registry.py::ComponentsTests::test_getAdapters_factory_returns_None PASSED [ 91%]
lib64/python3.7/site-packages/zope/interface/tests/test_registry.py::ComponentsTests::test_getAdapters_non_empty PASSED [ 91%]
lib64/python3.7/site-packages/zope/interface/tests/test_registry.py::ComponentsTests::test_getAllUtilitiesRegisteredFor_hit PASSED [ 91%]
lib64/python3.7/site-packages/zope/interface/tests/test_registry.py::ComponentsTests::test_getAllUtilitiesRegisteredFor_miss PASSED [ 91%]
lib64/python3.7/site-packages/zope/interface/tests/test_registry.py::ComponentsTests::test_getMultiAdapter_hit PASSED [ 91%]
lib64/python3.7/site-packages/zope/interface/tests/test_registry.py::ComponentsTests::test_getMultiAdapter_hit_super PASSED [ 91%]
lib64/python3.7/site-packages/zope/interface/tests/test_registry.py::ComponentsTests::test_getMultiAdapter_miss PASSED [ 91%]
lib64/python3.7/site-packages/zope/interface/tests/test_registry.py::ComponentsTests::test_getUtilitiesFor_hit PASSED [ 91%]
lib64/python3.7/site-packages/zope/interface/tests/test_registry.py::ComponentsTests::test_getUtilitiesFor_miss PASSED [ 91%]
lib64/python3.7/site-packages/zope/interface/tests/test_registry.py::ComponentsTests::test_getUtility_hit PASSED [ 91%]
lib64/python3.7/site-packages/zope/interface/tests/test_registry.py::ComponentsTests::test_getUtility_miss PASSED [ 91%]
lib64/python3.7/site-packages/zope/interface/tests/test_registry.py::ComponentsTests::test_handle_empty PASSED [ 91%]
lib64/python3.7/site-packages/zope/interface/tests/test_registry.py::ComponentsTests::test_handle_non_empty PASSED [ 91%]
lib64/python3.7/site-packages/zope/interface/tests/test_registry.py::ComponentsTests::test_queryAdapter_hit PASSED [ 91%]
lib64/python3.7/site-packages/zope/interface/tests/test_registry.py::ComponentsTests::test_queryAdapter_miss_no_default PASSED [ 91%]
lib64/python3.7/site-packages/zope/interface/tests/test_registry.py::ComponentsTests::test_queryAdapter_miss_w_default PASSED [ 91%]
lib64/python3.7/site-packages/zope/interface/tests/test_registry.py::ComponentsTests::test_queryMultiAdapter_hit PASSED [ 91%]
lib64/python3.7/site-packages/zope/interface/tests/test_registry.py::ComponentsTests::test_queryMultiAdapter_miss PASSED [ 91%]
lib64/python3.7/site-packages/zope/interface/tests/test_registry.py::ComponentsTests::test_queryMultiAdapter_miss_w_default PASSED [ 91%]
lib64/python3.7/site-packages/zope/interface/tests/test_registry.py::ComponentsTests::test_queryUtility_hit PASSED [ 91%]
lib64/python3.7/site-packages/zope/interface/tests/test_registry.py::ComponentsTests::test_queryUtility_miss_no_default PASSED [ 91%]
lib64/python3.7/site-packages/zope/interface/tests/test_registry.py::ComponentsTests::test_queryUtility_miss_w_default PASSED [ 91%]
lib64/python3.7/site-packages/zope/interface/tests/test_registry.py::ComponentsTests::test_rebuildUtilityRegistryFromLocalCache PASSED [ 91%]
lib64/python3.7/site-packages/zope/interface/tests/test_registry.py::ComponentsTests::test_registerAdapter_no_provided_available PASSED [ 91%]
lib64/python3.7/site-packages/zope/interface/tests/test_registry.py::ComponentsTests::test_registerAdapter_no_required_available PASSED [ 91%]
lib64/python3.7/site-packages/zope/interface/tests/test_registry.py::ComponentsTests::test_registerAdapter_w_explicit_provided_and_required PASSED [ 91%]
lib64/python3.7/site-packages/zope/interface/tests/test_registry.py::ComponentsTests::test_registerAdapter_w_invalid_required PASSED [ 91%]
lib64/python3.7/site-packages/zope/interface/tests/test_registry.py::ComponentsTests::test_registerAdapter_w_required_containing_None PASSED [ 91%]
lib64/python3.7/site-packages/zope/interface/tests/test_registry.py::ComponentsTests::test_registerAdapter_w_required_containing_class PASSED [ 91%]
lib64/python3.7/site-packages/zope/interface/tests/test_registry.py::ComponentsTests::test_registerAdapter_w_required_containing_junk PASSED [ 91%]
lib64/python3.7/site-packages/zope/interface/tests/test_registry.py::ComponentsTests::test_registerAdapter_with_component_name PASSED [ 91%]
lib64/python3.7/site-packages/zope/interface/tests/test_registry.py::ComponentsTests::test_registerAdapter_wo_event PASSED [ 91%]
lib64/python3.7/site-packages/zope/interface/tests/test_registry.py::ComponentsTests::test_registerAdapter_wo_explicit_provided PASSED [ 91%]
lib64/python3.7/site-packages/zope/interface/tests/test_registry.py::ComponentsTests::test_registerAdapter_wo_explicit_required PASSED [ 91%]
lib64/python3.7/site-packages/zope/interface/tests/test_registry.py::ComponentsTests::test_registerHandler_w_explicit_required PASSED [ 91%]
lib64/python3.7/site-packages/zope/interface/tests/test_registry.py::ComponentsTests::test_registerHandler_w_nonblank_name PASSED [ 91%]
lib64/python3.7/site-packages/zope/interface/tests/test_registry.py::ComponentsTests::test_registerHandler_wo_explicit_required_no_event PASSED [ 91%]
lib64/python3.7/site-packages/zope/interface/tests/test_registry.py::ComponentsTests::test_registerSubscriptionAdapter_w_explicit_provided_and_required PASSED [ 91%]
lib64/python3.7/site-packages/zope/interface/tests/test_registry.py::ComponentsTests::test_registerSubscriptionAdapter_w_nonblank_name PASSED [ 91%]
lib64/python3.7/site-packages/zope/interface/tests/test_registry.py::ComponentsTests::test_registerSubscriptionAdapter_wo_event PASSED [ 91%]
lib64/python3.7/site-packages/zope/interface/tests/test_registry.py::ComponentsTests::test_registerSubscriptionAdapter_wo_explicit_provided PASSED [ 91%]
lib64/python3.7/site-packages/zope/interface/tests/test_registry.py::ComponentsTests::test_registerSubscriptionAdapter_wo_explicit_required PASSED [ 92%]
lib64/python3.7/site-packages/zope/interface/tests/test_registry.py::ComponentsTests::test_registerUtility_both_factory_and_component PASSED [ 92%]
lib64/python3.7/site-packages/zope/interface/tests/test_registry.py::ComponentsTests::test_registerUtility_changes_object_identity_after PASSED [ 92%]
lib64/python3.7/site-packages/zope/interface/tests/test_registry.py::ComponentsTests::test_registerUtility_changes_object_identity_before PASSED [ 92%]
lib64/python3.7/site-packages/zope/interface/tests/test_registry.py::ComponentsTests::test_registerUtility_duplicates_existing_reg PASSED [ 92%]
lib64/python3.7/site-packages/zope/interface/tests/test_registry.py::ComponentsTests::test_registerUtility_no_provided_available PASSED [ 92%]
lib64/python3.7/site-packages/zope/interface/tests/test_registry.py::ComponentsTests::test_registerUtility_replaces_existing_reg PASSED [ 92%]
lib64/python3.7/site-packages/zope/interface/tests/test_registry.py::ComponentsTests::test_registerUtility_w_component PASSED [ 92%]
lib64/python3.7/site-packages/zope/interface/tests/test_registry.py::ComponentsTests::test_registerUtility_w_different_info PASSED [ 92%]
lib64/python3.7/site-packages/zope/interface/tests/test_registry.py::ComponentsTests::test_registerUtility_w_different_names_same_component PASSED [ 92%]
lib64/python3.7/site-packages/zope/interface/tests/test_registry.py::ComponentsTests::test_registerUtility_w_existing_subscr PASSED [ 92%]
lib64/python3.7/site-packages/zope/interface/tests/test_registry.py::ComponentsTests::test_registerUtility_w_factory PASSED [ 92%]
lib64/python3.7/site-packages/zope/interface/tests/test_registry.py::ComponentsTests::test_registerUtility_with_component_name PASSED [ 92%]
lib64/python3.7/site-packages/zope/interface/tests/test_registry.py::ComponentsTests::test_registerUtility_wo_event PASSED [ 92%]
lib64/python3.7/site-packages/zope/interface/tests/test_registry.py::ComponentsTests::test_registerUtility_wo_provided PASSED [ 92%]
lib64/python3.7/site-packages/zope/interface/tests/test_registry.py::ComponentsTests::test_register_unregister_identical_objects_provided PASSED [ 92%]
lib64/python3.7/site-packages/zope/interface/tests/test_registry.py::ComponentsTests::test_register_unregister_nonequal_objects_provided PASSED [ 92%]
lib64/python3.7/site-packages/zope/interface/tests/test_registry.py::ComponentsTests::test_registeredAdapters_empty PASSED [ 92%]
lib64/python3.7/site-packages/zope/interface/tests/test_registry.py::ComponentsTests::test_registeredAdapters_notempty PASSED [ 92%]
lib64/python3.7/site-packages/zope/interface/tests/test_registry.py::ComponentsTests::test_registeredHandlers_empty PASSED [ 92%]
lib64/python3.7/site-packages/zope/interface/tests/test_registry.py::ComponentsTests::test_registeredHandlers_non_empty PASSED [ 92%]
lib64/python3.7/site-packages/zope/interface/tests/test_registry.py::ComponentsTests::test_registeredSubscriptionAdapters_empty PASSED [ 92%]
lib64/python3.7/site-packages/zope/interface/tests/test_registry.py::ComponentsTests::test_registeredSubscriptionAdapters_notempty PASSED [ 92%]
lib64/python3.7/site-packages/zope/interface/tests/test_registry.py::ComponentsTests::test_registeredUtilities_empty PASSED [ 92%]
lib64/python3.7/site-packages/zope/interface/tests/test_registry.py::ComponentsTests::test_registeredUtilities_notempty PASSED [ 92%]
lib64/python3.7/site-packages/zope/interface/tests/test_registry.py::ComponentsTests::test_subscribers_empty PASSED [ 92%]
lib64/python3.7/site-packages/zope/interface/tests/test_registry.py::ComponentsTests::test_subscribers_non_empty PASSED [ 92%]
lib64/python3.7/site-packages/zope/interface/tests/test_registry.py::ComponentsTests::test_unregisterAdapter_hit_w_explicit_provided_and_required PASSED [ 92%]
lib64/python3.7/site-packages/zope/interface/tests/test_registry.py::ComponentsTests::test_unregisterAdapter_miss PASSED [ 92%]
lib64/python3.7/site-packages/zope/interface/tests/test_registry.py::ComponentsTests::test_unregisterAdapter_neither_factory_nor_provided PASSED [ 92%]
lib64/python3.7/site-packages/zope/interface/tests/test_registry.py::ComponentsTests::test_unregisterAdapter_neither_factory_nor_required PASSED [ 92%]
lib64/python3.7/site-packages/zope/interface/tests/test_registry.py::ComponentsTests::test_unregisterAdapter_wo_explicit_provided PASSED [ 92%]
lib64/python3.7/site-packages/zope/interface/tests/test_registry.py::ComponentsTests::test_unregisterAdapter_wo_explicit_required PASSED [ 92%]
lib64/python3.7/site-packages/zope/interface/tests/test_registry.py::ComponentsTests::test_unregisterHandler_hit_w_factory_and_explicit_provided PASSED [ 92%]
lib64/python3.7/site-packages/zope/interface/tests/test_registry.py::ComponentsTests::test_unregisterHandler_hit_w_only_explicit_provided PASSED [ 92%]
lib64/python3.7/site-packages/zope/interface/tests/test_registry.py::ComponentsTests::test_unregisterHandler_miss PASSED [ 92%]
lib64/python3.7/site-packages/zope/interface/tests/test_registry.py::ComponentsTests::test_unregisterHandler_neither_factory_nor_required PASSED [ 92%]
lib64/python3.7/site-packages/zope/interface/tests/test_registry.py::ComponentsTests::test_unregisterHandler_w_nonblank_name PASSED [ 92%]
lib64/python3.7/site-packages/zope/interface/tests/test_registry.py::ComponentsTests::test_unregisterHandler_wo_explicit_required PASSED [ 92%]
lib64/python3.7/site-packages/zope/interface/tests/test_registry.py::ComponentsTests::test_unregisterSubscriptionAdapter_hit_w_factory PASSED [ 92%]
lib64/python3.7/site-packages/zope/interface/tests/test_registry.py::ComponentsTests::test_unregisterSubscriptionAdapter_hit_wo_factory PASSED [ 92%]
lib64/python3.7/site-packages/zope/interface/tests/test_registry.py::ComponentsTests::test_unregisterSubscriptionAdapter_miss PASSED [ 92%]
lib64/python3.7/site-packages/zope/interface/tests/test_registry.py::ComponentsTests::test_unregisterSubscriptionAdapter_neither_factory_nor_provided PASSED [ 92%]
lib64/python3.7/site-packages/zope/interface/tests/test_registry.py::ComponentsTests::test_unregisterSubscriptionAdapter_neither_factory_nor_required PASSED [ 92%]
lib64/python3.7/site-packages/zope/interface/tests/test_registry.py::ComponentsTests::test_unregisterSubscriptionAdapter_w_nonblank_name PASSED [ 93%]
lib64/python3.7/site-packages/zope/interface/tests/test_registry.py::ComponentsTests::test_unregisterSubscriptionAdapter_wo_explicit_provided PASSED [ 93%]
lib64/python3.7/site-packages/zope/interface/tests/test_registry.py::ComponentsTests::test_unregisterSubscriptionAdapter_wo_explicit_required PASSED [ 93%]
lib64/python3.7/site-packages/zope/interface/tests/test_registry.py::ComponentsTests::test_unregisterUtility_both_factory_and_component PASSED [ 93%]
lib64/python3.7/site-packages/zope/interface/tests/test_registry.py::ComponentsTests::test_unregisterUtility_neither_factory_nor_component_nor_provided PASSED [ 93%]
lib64/python3.7/site-packages/zope/interface/tests/test_registry.py::ComponentsTests::test_unregisterUtility_w_component PASSED [ 93%]
lib64/python3.7/site-packages/zope/interface/tests/test_registry.py::ComponentsTests::test_unregisterUtility_w_component_miss PASSED [ 93%]
lib64/python3.7/site-packages/zope/interface/tests/test_registry.py::ComponentsTests::test_unregisterUtility_w_existing_subscr PASSED [ 93%]
lib64/python3.7/site-packages/zope/interface/tests/test_registry.py::ComponentsTests::test_unregisterUtility_w_existing_subscr_non_hashable PASSED [ 93%]
lib64/python3.7/site-packages/zope/interface/tests/test_registry.py::ComponentsTests::test_unregisterUtility_w_existing_subscr_non_hashable_fresh_cache PASSED [ 93%]
lib64/python3.7/site-packages/zope/interface/tests/test_registry.py::ComponentsTests::test_unregisterUtility_w_existing_subscr_non_hashable_reinitted PASSED [ 93%]
lib64/python3.7/site-packages/zope/interface/tests/test_registry.py::ComponentsTests::test_unregisterUtility_w_existing_subscr_other_component PASSED [ 93%]
lib64/python3.7/site-packages/zope/interface/tests/test_registry.py::ComponentsTests::test_unregisterUtility_w_existing_subscr_other_component_mixed_hash PASSED [ 93%]
lib64/python3.7/site-packages/zope/interface/tests/test_registry.py::ComponentsTests::test_unregisterUtility_w_factory PASSED [ 93%]
lib64/python3.7/site-packages/zope/interface/tests/test_registry.py::ComponentsTests::test_unregisterUtility_wo_component_or_factory PASSED [ 93%]
lib64/python3.7/site-packages/zope/interface/tests/test_registry.py::ComponentsTests::test_unregisterUtility_wo_explicit_provided PASSED [ 93%]
lib64/python3.7/site-packages/zope/interface/tests/test_registry.py::UnhashableComponentsTests::test___repr__ PASSED [ 93%]
lib64/python3.7/site-packages/zope/interface/tests/test_registry.py::UnhashableComponentsTests::test_assign_to___bases__ PASSED [ 93%]
lib64/python3.7/site-packages/zope/interface/tests/test_registry.py::UnhashableComponentsTests::test_ctor_no_bases PASSED [ 93%]
lib64/python3.7/site-packages/zope/interface/tests/test_registry.py::UnhashableComponentsTests::test_ctor_w_base PASSED [ 93%]
lib64/python3.7/site-packages/zope/interface/tests/test_registry.py::UnhashableComponentsTests::test_getAdapter_hit PASSED [ 93%]
lib64/python3.7/site-packages/zope/interface/tests/test_registry.py::UnhashableComponentsTests::test_getAdapter_hit_super PASSED [ 93%]
lib64/python3.7/site-packages/zope/interface/tests/test_registry.py::UnhashableComponentsTests::test_getAdapter_hit_super_when_parent_implements_interface_diamond PASSED [ 93%]
lib64/python3.7/site-packages/zope/interface/tests/test_registry.py::UnhashableComponentsTests::test_getAdapter_miss PASSED [ 93%]
lib64/python3.7/site-packages/zope/interface/tests/test_registry.py::UnhashableComponentsTests::test_getAdapters_empty PASSED [ 93%]
lib64/python3.7/site-packages/zope/interface/tests/test_registry.py::UnhashableComponentsTests::test_getAdapters_factory_returns_None PASSED [ 93%]
lib64/python3.7/site-packages/zope/interface/tests/test_registry.py::UnhashableComponentsTests::test_getAdapters_non_empty PASSED [ 93%]
lib64/python3.7/site-packages/zope/interface/tests/test_registry.py::UnhashableComponentsTests::test_getAllUtilitiesRegisteredFor_hit PASSED [ 93%]
lib64/python3.7/site-packages/zope/interface/tests/test_registry.py::UnhashableComponentsTests::test_getAllUtilitiesRegisteredFor_miss PASSED [ 93%]
lib64/python3.7/site-packages/zope/interface/tests/test_registry.py::UnhashableComponentsTests::test_getMultiAdapter_hit PASSED [ 93%]
lib64/python3.7/site-packages/zope/interface/tests/test_registry.py::UnhashableComponentsTests::test_getMultiAdapter_hit_super PASSED [ 93%]
lib64/python3.7/site-packages/zope/interface/tests/test_registry.py::UnhashableComponentsTests::test_getMultiAdapter_miss PASSED [ 93%]
lib64/python3.7/site-packages/zope/interface/tests/test_registry.py::UnhashableComponentsTests::test_getUtilitiesFor_hit PASSED [ 93%]
lib64/python3.7/site-packages/zope/interface/tests/test_registry.py::UnhashableComponentsTests::test_getUtilitiesFor_miss PASSED [ 93%]
lib64/python3.7/site-packages/zope/interface/tests/test_registry.py::UnhashableComponentsTests::test_getUtility_hit PASSED [ 93%]
lib64/python3.7/site-packages/zope/interface/tests/test_registry.py::UnhashableComponentsTests::test_getUtility_miss PASSED [ 93%]
lib64/python3.7/site-packages/zope/interface/tests/test_registry.py::UnhashableComponentsTests::test_handle_empty PASSED [ 93%]
lib64/python3.7/site-packages/zope/interface/tests/test_registry.py::UnhashableComponentsTests::test_handle_non_empty PASSED [ 93%]
lib64/python3.7/site-packages/zope/interface/tests/test_registry.py::UnhashableComponentsTests::test_queryAdapter_hit PASSED [ 93%]
lib64/python3.7/site-packages/zope/interface/tests/test_registry.py::UnhashableComponentsTests::test_queryAdapter_miss_no_default PASSED [ 93%]
lib64/python3.7/site-packages/zope/interface/tests/test_registry.py::UnhashableComponentsTests::test_queryAdapter_miss_w_default PASSED [ 93%]
lib64/python3.7/site-packages/zope/interface/tests/test_registry.py::UnhashableComponentsTests::test_queryMultiAdapter_hit PASSED [ 93%]
lib64/python3.7/site-packages/zope/interface/tests/test_registry.py::UnhashableComponentsTests::test_queryMultiAdapter_miss PASSED [ 93%]
lib64/python3.7/site-packages/zope/interface/tests/test_registry.py::UnhashableComponentsTests::test_queryMultiAdapter_miss_w_default PASSED [ 93%]
lib64/python3.7/site-packages/zope/interface/tests/test_registry.py::UnhashableComponentsTests::test_queryUtility_hit PASSED [ 94%]
lib64/python3.7/site-packages/zope/interface/tests/test_registry.py::UnhashableComponentsTests::test_queryUtility_miss_no_default PASSED [ 94%]
lib64/python3.7/site-packages/zope/interface/tests/test_registry.py::UnhashableComponentsTests::test_queryUtility_miss_w_default PASSED [ 94%]
lib64/python3.7/site-packages/zope/interface/tests/test_registry.py::UnhashableComponentsTests::test_rebuildUtilityRegistryFromLocalCache PASSED [ 94%]
lib64/python3.7/site-packages/zope/interface/tests/test_registry.py::UnhashableComponentsTests::test_registerAdapter_no_provided_available PASSED [ 94%]
lib64/python3.7/site-packages/zope/interface/tests/test_registry.py::UnhashableComponentsTests::test_registerAdapter_no_required_available PASSED [ 94%]
lib64/python3.7/site-packages/zope/interface/tests/test_registry.py::UnhashableComponentsTests::test_registerAdapter_w_explicit_provided_and_required PASSED [ 94%]
lib64/python3.7/site-packages/zope/interface/tests/test_registry.py::UnhashableComponentsTests::test_registerAdapter_w_invalid_required PASSED [ 94%]
lib64/python3.7/site-packages/zope/interface/tests/test_registry.py::UnhashableComponentsTests::test_registerAdapter_w_required_containing_None PASSED [ 94%]
lib64/python3.7/site-packages/zope/interface/tests/test_registry.py::UnhashableComponentsTests::test_registerAdapter_w_required_containing_class PASSED [ 94%]
lib64/python3.7/site-packages/zope/interface/tests/test_registry.py::UnhashableComponentsTests::test_registerAdapter_w_required_containing_junk PASSED [ 94%]
lib64/python3.7/site-packages/zope/interface/tests/test_registry.py::UnhashableComponentsTests::test_registerAdapter_with_component_name PASSED [ 94%]
lib64/python3.7/site-packages/zope/interface/tests/test_registry.py::UnhashableComponentsTests::test_registerAdapter_wo_event PASSED [ 94%]
lib64/python3.7/site-packages/zope/interface/tests/test_registry.py::UnhashableComponentsTests::test_registerAdapter_wo_explicit_provided PASSED [ 94%]
lib64/python3.7/site-packages/zope/interface/tests/test_registry.py::UnhashableComponentsTests::test_registerAdapter_wo_explicit_required PASSED [ 94%]
lib64/python3.7/site-packages/zope/interface/tests/test_registry.py::UnhashableComponentsTests::test_registerHandler_w_explicit_required PASSED [ 94%]
lib64/python3.7/site-packages/zope/interface/tests/test_registry.py::UnhashableComponentsTests::test_registerHandler_w_nonblank_name PASSED [ 94%]
lib64/python3.7/site-packages/zope/interface/tests/test_registry.py::UnhashableComponentsTests::test_registerHandler_wo_explicit_required_no_event PASSED [ 94%]
lib64/python3.7/site-packages/zope/interface/tests/test_registry.py::UnhashableComponentsTests::test_registerSubscriptionAdapter_w_explicit_provided_and_required PASSED [ 94%]
lib64/python3.7/site-packages/zope/interface/tests/test_registry.py::UnhashableComponentsTests::test_registerSubscriptionAdapter_w_nonblank_name PASSED [ 94%]
lib64/python3.7/site-packages/zope/interface/tests/test_registry.py::UnhashableComponentsTests::test_registerSubscriptionAdapter_wo_event PASSED [ 94%]
lib64/python3.7/site-packages/zope/interface/tests/test_registry.py::UnhashableComponentsTests::test_registerSubscriptionAdapter_wo_explicit_provided PASSED [ 94%]
lib64/python3.7/site-packages/zope/interface/tests/test_registry.py::UnhashableComponentsTests::test_registerSubscriptionAdapter_wo_explicit_required PASSED [ 94%]
lib64/python3.7/site-packages/zope/interface/tests/test_registry.py::UnhashableComponentsTests::test_registerUtility_both_factory_and_component PASSED [ 94%]
lib64/python3.7/site-packages/zope/interface/tests/test_registry.py::UnhashableComponentsTests::test_registerUtility_changes_object_identity_after PASSED [ 94%]
lib64/python3.7/site-packages/zope/interface/tests/test_registry.py::UnhashableComponentsTests::test_registerUtility_changes_object_identity_before PASSED [ 94%]
lib64/python3.7/site-packages/zope/interface/tests/test_registry.py::UnhashableComponentsTests::test_registerUtility_duplicates_existing_reg PASSED [ 94%]
lib64/python3.7/site-packages/zope/interface/tests/test_registry.py::UnhashableComponentsTests::test_registerUtility_no_provided_available PASSED [ 94%]
lib64/python3.7/site-packages/zope/interface/tests/test_registry.py::UnhashableComponentsTests::test_registerUtility_replaces_existing_reg PASSED [ 94%]
lib64/python3.7/site-packages/zope/interface/tests/test_registry.py::UnhashableComponentsTests::test_registerUtility_w_component PASSED [ 94%]
lib64/python3.7/site-packages/zope/interface/tests/test_registry.py::UnhashableComponentsTests::test_registerUtility_w_different_info PASSED [ 94%]
lib64/python3.7/site-packages/zope/interface/tests/test_registry.py::UnhashableComponentsTests::test_registerUtility_w_different_names_same_component PASSED [ 94%]
lib64/python3.7/site-packages/zope/interface/tests/test_registry.py::UnhashableComponentsTests::test_registerUtility_w_existing_subscr PASSED [ 94%]
lib64/python3.7/site-packages/zope/interface/tests/test_registry.py::UnhashableComponentsTests::test_registerUtility_w_factory PASSED [ 94%]
lib64/python3.7/site-packages/zope/interface/tests/test_registry.py::UnhashableComponentsTests::test_registerUtility_with_component_name PASSED [ 94%]
lib64/python3.7/site-packages/zope/interface/tests/test_registry.py::UnhashableComponentsTests::test_registerUtility_wo_event PASSED [ 94%]
lib64/python3.7/site-packages/zope/interface/tests/test_registry.py::UnhashableComponentsTests::test_registerUtility_wo_provided PASSED [ 94%]
lib64/python3.7/site-packages/zope/interface/tests/test_registry.py::UnhashableComponentsTests::test_register_unregister_identical_objects_provided PASSED [ 94%]
lib64/python3.7/site-packages/zope/interface/tests/test_registry.py::UnhashableComponentsTests::test_register_unregister_nonequal_objects_provided PASSED [ 94%]
lib64/python3.7/site-packages/zope/interface/tests/test_registry.py::UnhashableComponentsTests::test_registeredAdapters_empty PASSED [ 94%]
lib64/python3.7/site-packages/zope/interface/tests/test_registry.py::UnhashableComponentsTests::test_registeredAdapters_notempty PASSED [ 94%]
lib64/python3.7/site-packages/zope/interface/tests/test_registry.py::UnhashableComponentsTests::test_registeredHandlers_empty PASSED [ 94%]
lib64/python3.7/site-packages/zope/interface/tests/test_registry.py::UnhashableComponentsTests::test_registeredHandlers_non_empty PASSED [ 94%]
lib64/python3.7/site-packages/zope/interface/tests/test_registry.py::UnhashableComponentsTests::test_registeredSubscriptionAdapters_empty PASSED [ 94%]
lib64/python3.7/site-packages/zope/interface/tests/test_registry.py::UnhashableComponentsTests::test_registeredSubscriptionAdapters_notempty PASSED [ 95%]
lib64/python3.7/site-packages/zope/interface/tests/test_registry.py::UnhashableComponentsTests::test_registeredUtilities_empty PASSED [ 95%]
lib64/python3.7/site-packages/zope/interface/tests/test_registry.py::UnhashableComponentsTests::test_registeredUtilities_notempty PASSED [ 95%]
lib64/python3.7/site-packages/zope/interface/tests/test_registry.py::UnhashableComponentsTests::test_subscribers_empty PASSED [ 95%]
lib64/python3.7/site-packages/zope/interface/tests/test_registry.py::UnhashableComponentsTests::test_subscribers_non_empty PASSED [ 95%]
lib64/python3.7/site-packages/zope/interface/tests/test_registry.py::UnhashableComponentsTests::test_unregisterAdapter_hit_w_explicit_provided_and_required PASSED [ 95%]
lib64/python3.7/site-packages/zope/interface/tests/test_registry.py::UnhashableComponentsTests::test_unregisterAdapter_miss PASSED [ 95%]
lib64/python3.7/site-packages/zope/interface/tests/test_registry.py::UnhashableComponentsTests::test_unregisterAdapter_neither_factory_nor_provided PASSED [ 95%]
lib64/python3.7/site-packages/zope/interface/tests/test_registry.py::UnhashableComponentsTests::test_unregisterAdapter_neither_factory_nor_required PASSED [ 95%]
lib64/python3.7/site-packages/zope/interface/tests/test_registry.py::UnhashableComponentsTests::test_unregisterAdapter_wo_explicit_provided PASSED [ 95%]
lib64/python3.7/site-packages/zope/interface/tests/test_registry.py::UnhashableComponentsTests::test_unregisterAdapter_wo_explicit_required PASSED [ 95%]
lib64/python3.7/site-packages/zope/interface/tests/test_registry.py::UnhashableComponentsTests::test_unregisterHandler_hit_w_factory_and_explicit_provided PASSED [ 95%]
lib64/python3.7/site-packages/zope/interface/tests/test_registry.py::UnhashableComponentsTests::test_unregisterHandler_hit_w_only_explicit_provided PASSED [ 95%]
lib64/python3.7/site-packages/zope/interface/tests/test_registry.py::UnhashableComponentsTests::test_unregisterHandler_miss PASSED [ 95%]
lib64/python3.7/site-packages/zope/interface/tests/test_registry.py::UnhashableComponentsTests::test_unregisterHandler_neither_factory_nor_required PASSED [ 95%]
lib64/python3.7/site-packages/zope/interface/tests/test_registry.py::UnhashableComponentsTests::test_unregisterHandler_w_nonblank_name PASSED [ 95%]
lib64/python3.7/site-packages/zope/interface/tests/test_registry.py::UnhashableComponentsTests::test_unregisterHandler_wo_explicit_required PASSED [ 95%]
lib64/python3.7/site-packages/zope/interface/tests/test_registry.py::UnhashableComponentsTests::test_unregisterSubscriptionAdapter_hit_w_factory PASSED [ 95%]
lib64/python3.7/site-packages/zope/interface/tests/test_registry.py::UnhashableComponentsTests::test_unregisterSubscriptionAdapter_hit_wo_factory PASSED [ 95%]
lib64/python3.7/site-packages/zope/interface/tests/test_registry.py::UnhashableComponentsTests::test_unregisterSubscriptionAdapter_miss PASSED [ 95%]
lib64/python3.7/site-packages/zope/interface/tests/test_registry.py::UnhashableComponentsTests::test_unregisterSubscriptionAdapter_neither_factory_nor_provided PASSED [ 95%]
lib64/python3.7/site-packages/zope/interface/tests/test_registry.py::UnhashableComponentsTests::test_unregisterSubscriptionAdapter_neither_factory_nor_required PASSED [ 95%]
lib64/python3.7/site-packages/zope/interface/tests/test_registry.py::UnhashableComponentsTests::test_unregisterSubscriptionAdapter_w_nonblank_name PASSED [ 95%]
lib64/python3.7/site-packages/zope/interface/tests/test_registry.py::UnhashableComponentsTests::test_unregisterSubscriptionAdapter_wo_explicit_provided PASSED [ 95%]
lib64/python3.7/site-packages/zope/interface/tests/test_registry.py::UnhashableComponentsTests::test_unregisterSubscriptionAdapter_wo_explicit_required PASSED [ 95%]
lib64/python3.7/site-packages/zope/interface/tests/test_registry.py::UnhashableComponentsTests::test_unregisterUtility_both_factory_and_component PASSED [ 95%]
lib64/python3.7/site-packages/zope/interface/tests/test_registry.py::UnhashableComponentsTests::test_unregisterUtility_neither_factory_nor_component_nor_provided PASSED [ 95%]
lib64/python3.7/site-packages/zope/interface/tests/test_registry.py::UnhashableComponentsTests::test_unregisterUtility_w_component PASSED [ 95%]
lib64/python3.7/site-packages/zope/interface/tests/test_registry.py::UnhashableComponentsTests::test_unregisterUtility_w_component_miss PASSED [ 95%]
lib64/python3.7/site-packages/zope/interface/tests/test_registry.py::UnhashableComponentsTests::test_unregisterUtility_w_existing_subscr PASSED [ 95%]
lib64/python3.7/site-packages/zope/interface/tests/test_registry.py::UnhashableComponentsTests::test_unregisterUtility_w_existing_subscr_non_hashable PASSED [ 95%]
lib64/python3.7/site-packages/zope/interface/tests/test_registry.py::UnhashableComponentsTests::test_unregisterUtility_w_existing_subscr_non_hashable_fresh_cache PASSED [ 95%]
lib64/python3.7/site-packages/zope/interface/tests/test_registry.py::UnhashableComponentsTests::test_unregisterUtility_w_existing_subscr_non_hashable_reinitted PASSED [ 95%]
lib64/python3.7/site-packages/zope/interface/tests/test_registry.py::UnhashableComponentsTests::test_unregisterUtility_w_existing_subscr_other_component PASSED [ 95%]
lib64/python3.7/site-packages/zope/interface/tests/test_registry.py::UnhashableComponentsTests::test_unregisterUtility_w_existing_subscr_other_component_mixed_hash PASSED [ 95%]
lib64/python3.7/site-packages/zope/interface/tests/test_registry.py::UnhashableComponentsTests::test_unregisterUtility_w_factory PASSED [ 95%]
lib64/python3.7/site-packages/zope/interface/tests/test_registry.py::UnhashableComponentsTests::test_unregisterUtility_wo_component_or_factory PASSED [ 95%]
lib64/python3.7/site-packages/zope/interface/tests/test_registry.py::UnhashableComponentsTests::test_unregisterUtility_wo_explicit_provided PASSED [ 95%]
lib64/python3.7/site-packages/zope/interface/tests/test_registry.py::UtilityRegistrationTests::test___eq___hit PASSED [ 95%]
lib64/python3.7/site-packages/zope/interface/tests/test_registry.py::UtilityRegistrationTests::test___eq___identity PASSED [ 95%]
lib64/python3.7/site-packages/zope/interface/tests/test_registry.py::UtilityRegistrationTests::test___eq___miss PASSED [ 95%]
lib64/python3.7/site-packages/zope/interface/tests/test_registry.py::UtilityRegistrationTests::test___ge___hit PASSED [ 95%]
lib64/python3.7/site-packages/zope/interface/tests/test_registry.py::UtilityRegistrationTests::test___ge___identity PASSED [ 95%]
lib64/python3.7/site-packages/zope/interface/tests/test_registry.py::UtilityRegistrationTests::test___ge___miss PASSED [ 95%]
lib64/python3.7/site-packages/zope/interface/tests/test_registry.py::UtilityRegistrationTests::test___gt___hit PASSED [ 96%]
lib64/python3.7/site-packages/zope/interface/tests/test_registry.py::UtilityRegistrationTests::test___gt___identity PASSED [ 96%]
lib64/python3.7/site-packages/zope/interface/tests/test_registry.py::UtilityRegistrationTests::test___gt___miss PASSED [ 96%]
lib64/python3.7/site-packages/zope/interface/tests/test_registry.py::UtilityRegistrationTests::test___hash__ PASSED [ 96%]
lib64/python3.7/site-packages/zope/interface/tests/test_registry.py::UtilityRegistrationTests::test___le___hit PASSED [ 96%]
lib64/python3.7/site-packages/zope/interface/tests/test_registry.py::UtilityRegistrationTests::test___le___identity PASSED [ 96%]
lib64/python3.7/site-packages/zope/interface/tests/test_registry.py::UtilityRegistrationTests::test___le___miss PASSED [ 96%]
lib64/python3.7/site-packages/zope/interface/tests/test_registry.py::UtilityRegistrationTests::test___lt___hit PASSED [ 96%]
lib64/python3.7/site-packages/zope/interface/tests/test_registry.py::UtilityRegistrationTests::test___lt___identity PASSED [ 96%]
lib64/python3.7/site-packages/zope/interface/tests/test_registry.py::UtilityRegistrationTests::test___lt___miss PASSED [ 96%]
lib64/python3.7/site-packages/zope/interface/tests/test_registry.py::UtilityRegistrationTests::test___ne___hit PASSED [ 96%]
lib64/python3.7/site-packages/zope/interface/tests/test_registry.py::UtilityRegistrationTests::test___ne___identity PASSED [ 96%]
lib64/python3.7/site-packages/zope/interface/tests/test_registry.py::UtilityRegistrationTests::test___ne___miss PASSED [ 96%]
lib64/python3.7/site-packages/zope/interface/tests/test_registry.py::UtilityRegistrationTests::test___repr__ PASSED [ 96%]
lib64/python3.7/site-packages/zope/interface/tests/test_registry.py::UtilityRegistrationTests::test___repr___component_wo_name PASSED [ 96%]
lib64/python3.7/site-packages/zope/interface/tests/test_registry.py::UtilityRegistrationTests::test___repr___provided_wo_name PASSED [ 96%]
lib64/python3.7/site-packages/zope/interface/tests/test_registry.py::UtilityRegistrationTests::test_class_conforms_to_IUtilityRegistration PASSED [ 96%]
lib64/python3.7/site-packages/zope/interface/tests/test_registry.py::UtilityRegistrationTests::test_instance_conforms_to_IUtilityRegistration PASSED [ 96%]
lib64/python3.7/site-packages/zope/interface/tests/test_registry.py::AdapterRegistrationTests::test___eq___hit PASSED [ 96%]
lib64/python3.7/site-packages/zope/interface/tests/test_registry.py::AdapterRegistrationTests::test___eq___identity PASSED [ 96%]
lib64/python3.7/site-packages/zope/interface/tests/test_registry.py::AdapterRegistrationTests::test___eq___miss PASSED [ 96%]
lib64/python3.7/site-packages/zope/interface/tests/test_registry.py::AdapterRegistrationTests::test___ge___hit PASSED [ 96%]
lib64/python3.7/site-packages/zope/interface/tests/test_registry.py::AdapterRegistrationTests::test___ge___identity PASSED [ 96%]
lib64/python3.7/site-packages/zope/interface/tests/test_registry.py::AdapterRegistrationTests::test___ge___miss PASSED [ 96%]
lib64/python3.7/site-packages/zope/interface/tests/test_registry.py::AdapterRegistrationTests::test___gt___hit PASSED [ 96%]
lib64/python3.7/site-packages/zope/interface/tests/test_registry.py::AdapterRegistrationTests::test___gt___identity PASSED [ 96%]
lib64/python3.7/site-packages/zope/interface/tests/test_registry.py::AdapterRegistrationTests::test___gt___miss PASSED [ 96%]
lib64/python3.7/site-packages/zope/interface/tests/test_registry.py::AdapterRegistrationTests::test___hash__ PASSED [ 96%]
lib64/python3.7/site-packages/zope/interface/tests/test_registry.py::AdapterRegistrationTests::test___le___hit PASSED [ 96%]
lib64/python3.7/site-packages/zope/interface/tests/test_registry.py::AdapterRegistrationTests::test___le___identity PASSED [ 96%]
lib64/python3.7/site-packages/zope/interface/tests/test_registry.py::AdapterRegistrationTests::test___le___miss PASSED [ 96%]
lib64/python3.7/site-packages/zope/interface/tests/test_registry.py::AdapterRegistrationTests::test___lt___hit PASSED [ 96%]
lib64/python3.7/site-packages/zope/interface/tests/test_registry.py::AdapterRegistrationTests::test___lt___identity PASSED [ 96%]
lib64/python3.7/site-packages/zope/interface/tests/test_registry.py::AdapterRegistrationTests::test___lt___miss PASSED [ 96%]
lib64/python3.7/site-packages/zope/interface/tests/test_registry.py::AdapterRegistrationTests::test___ne___hit_component PASSED [ 96%]
lib64/python3.7/site-packages/zope/interface/tests/test_registry.py::AdapterRegistrationTests::test___ne___hit_provided PASSED [ 96%]
lib64/python3.7/site-packages/zope/interface/tests/test_registry.py::AdapterRegistrationTests::test___ne___hit_required PASSED [ 96%]
lib64/python3.7/site-packages/zope/interface/tests/test_registry.py::AdapterRegistrationTests::test___ne___identity PASSED [ 96%]
lib64/python3.7/site-packages/zope/interface/tests/test_registry.py::AdapterRegistrationTests::test___ne___miss PASSED [ 96%]
lib64/python3.7/site-packages/zope/interface/tests/test_registry.py::AdapterRegistrationTests::test___repr__ PASSED [ 96%]
lib64/python3.7/site-packages/zope/interface/tests/test_registry.py::AdapterRegistrationTests::test___repr___component_wo_name PASSED [ 96%]
lib64/python3.7/site-packages/zope/interface/tests/test_registry.py::AdapterRegistrationTests::test___repr___provided_wo_name PASSED [ 96%]
lib64/python3.7/site-packages/zope/interface/tests/test_registry.py::AdapterRegistrationTests::test_class_conforms_to_IAdapterRegistration PASSED [ 96%]
lib64/python3.7/site-packages/zope/interface/tests/test_registry.py::AdapterRegistrationTests::test_instance_conforms_to_IAdapterRegistration PASSED [ 96%]
lib64/python3.7/site-packages/zope/interface/tests/test_registry.py::SubscriptionRegistrationTests::test_class_conforms_to_ISubscriptionAdapterRegistration PASSED [ 97%]
lib64/python3.7/site-packages/zope/interface/tests/test_registry.py::SubscriptionRegistrationTests::test_instance_conforms_to_ISubscriptionAdapterRegistration PASSED [ 97%]
lib64/python3.7/site-packages/zope/interface/tests/test_registry.py::HandlerRegistrationTests::test___repr___factory_w_name PASSED [ 97%]
lib64/python3.7/site-packages/zope/interface/tests/test_registry.py::HandlerRegistrationTests::test___repr___factory_wo_name PASSED [ 97%]
lib64/python3.7/site-packages/zope/interface/tests/test_registry.py::HandlerRegistrationTests::test_class_conforms_to_IHandlerRegistration PASSED [ 97%]
lib64/python3.7/site-packages/zope/interface/tests/test_registry.py::HandlerRegistrationTests::test_instance_conforms_to_IHandlerRegistration PASSED [ 97%]
lib64/python3.7/site-packages/zope/interface/tests/test_registry.py::HandlerRegistrationTests::test_properties PASSED [ 97%]
lib64/python3.7/site-packages/zope/interface/tests/test_registry.py::TestPersistentComponents::test_pickles_empty PASSED [ 97%]
lib64/python3.7/site-packages/zope/interface/tests/test_registry.py::TestPersistentComponents::test_pickles_with_utility_registration PASSED [ 97%]
lib64/python3.7/site-packages/zope/interface/tests/test_registry.py::TestPersistentDictComponents::test_pickles_empty PASSED [ 97%]
lib64/python3.7/site-packages/zope/interface/tests/test_registry.py::TestPersistentDictComponents::test_pickles_with_utility_registration PASSED [ 97%]
lib64/python3.7/site-packages/zope/interface/tests/test_registry.py::TestPersistentComponentsDict::test_pickles_empty PASSED [ 97%]
lib64/python3.7/site-packages/zope/interface/tests/test_registry.py::TestPersistentComponentsDict::test_pickles_with_utility_registration PASSED [ 97%]
lib64/python3.7/site-packages/zope/interface/tests/test_ro.py::Test__mergeOrderings::test_empty PASSED [ 97%]
lib64/python3.7/site-packages/zope/interface/tests/test_ro.py::Test__mergeOrderings::test_single PASSED [ 97%]
lib64/python3.7/site-packages/zope/interface/tests/test_ro.py::Test__mergeOrderings::test_suffix_across_multiple_duplicates PASSED [ 97%]
lib64/python3.7/site-packages/zope/interface/tests/test_ro.py::Test__mergeOrderings::test_w_duplicates PASSED [ 97%]
lib64/python3.7/site-packages/zope/interface/tests/test_ro.py::Test__flatten::test_w_bases PASSED [ 97%]
lib64/python3.7/site-packages/zope/interface/tests/test_ro.py::Test__flatten::test_w_diamond PASSED [ 97%]
lib64/python3.7/site-packages/zope/interface/tests/test_ro.py::Test__flatten::test_w_empty_bases PASSED [ 97%]
lib64/python3.7/site-packages/zope/interface/tests/test_ro.py::Test__flatten::test_w_single_base PASSED [ 97%]
lib64/python3.7/site-packages/zope/interface/tests/test_ro.py::Test_ro::test_mixed_inheritance_and_implementation PASSED [ 97%]
lib64/python3.7/site-packages/zope/interface/tests/test_ro.py::Test_ro::test_non_orderable PASSED [ 97%]
lib64/python3.7/site-packages/zope/interface/tests/test_ro.py::Test_ro::test_w_bases PASSED [ 97%]
lib64/python3.7/site-packages/zope/interface/tests/test_ro.py::Test_ro::test_w_diamond PASSED [ 97%]
lib64/python3.7/site-packages/zope/interface/tests/test_ro.py::Test_ro::test_w_empty_bases PASSED [ 97%]
lib64/python3.7/site-packages/zope/interface/tests/test_ro.py::Test_ro::test_w_single_base PASSED [ 97%]
lib64/python3.7/site-packages/zope/interface/tests/test_ro.py::Test_c3_ro::test_ExtendedPathIndex_implement_thing_implementedby_super PASSED [ 97%]
lib64/python3.7/site-packages/zope/interface/tests/test_ro.py::Test_c3_ro::test_OSError_IOError PASSED [ 97%]
lib64/python3.7/site-packages/zope/interface/tests/test_ro.py::Test_c3_ro::test_complex_diamond PASSED [ 97%]
lib64/python3.7/site-packages/zope/interface/tests/test_ro.py::Test_c3_ro::test_complex_diamond_compare_legacy_argument FAILED [ 97%]
lib64/python3.7/site-packages/zope/interface/tests/test_ro.py::Test_c3_ro::test_complex_diamond_interface PASSED [ 97%]
lib64/python3.7/site-packages/zope/interface/tests/test_ro.py::Test_c3_ro::test_complex_diamond_use_legacy_argument FAILED [ 97%]
lib64/python3.7/site-packages/zope/interface/tests/test_ro.py::Test_c3_ro::test_mixed_inheritance_and_implementation PASSED [ 97%]
lib64/python3.7/site-packages/zope/interface/tests/test_ro.py::Test_c3_ro::test_non_orderable PASSED [ 97%]
lib64/python3.7/site-packages/zope/interface/tests/test_ro.py::Test_c3_ro::test_w_bases PASSED [ 97%]
lib64/python3.7/site-packages/zope/interface/tests/test_ro.py::Test_c3_ro::test_w_diamond PASSED [ 97%]
lib64/python3.7/site-packages/zope/interface/tests/test_ro.py::Test_c3_ro::test_w_empty_bases PASSED [ 97%]
lib64/python3.7/site-packages/zope/interface/tests/test_ro.py::Test_c3_ro::test_w_single_base PASSED [ 97%]
lib64/python3.7/site-packages/zope/interface/tests/test_ro.py::TestC3::test_base_mros_given PASSED [ 97%]
lib64/python3.7/site-packages/zope/interface/tests/test_ro.py::TestC3::test_one_base_optimization PASSED [ 97%]
lib64/python3.7/site-packages/zope/interface/tests/test_ro.py::Test_ROComparison::test_inconsistent_label PASSED [ 97%]
lib64/python3.7/site-packages/zope/interface/tests/test_sorting.py::Test::test PASSED [ 97%]
lib64/python3.7/site-packages/zope/interface/tests/test_sorting.py::Test::test_I1_I2 PASSED [ 97%]
lib64/python3.7/site-packages/zope/interface/tests/test_sorting.py::Test::test_nested PASSED [ 98%]
lib64/python3.7/site-packages/zope/interface/tests/test_sorting.py::Test::test_w_None PASSED [ 98%]
lib64/python3.7/site-packages/zope/interface/tests/test_sorting.py::Test::test_w_equal_names FAILED [ 98%]
lib64/python3.7/site-packages/zope/interface/tests/test_verify.py::Test_verifyClass::test_class_doesnt_have_required_method_derived PASSED [ 98%]
lib64/python3.7/site-packages/zope/interface/tests/test_verify.py::Test_verifyClass::test_class_doesnt_have_required_method_simple PASSED [ 98%]
lib64/python3.7/site-packages/zope/interface/tests/test_verify.py::Test_verifyClass::test_class_doesnt_implement PASSED [ 98%]
lib64/python3.7/site-packages/zope/interface/tests/test_verify.py::Test_verifyClass::test_class_doesnt_implement_but_classImplements_later PASSED [ 98%]
lib64/python3.7/site-packages/zope/interface/tests/test_verify.py::Test_verifyClass::test_class_has_attribute_for_attribute PASSED [ 98%]
lib64/python3.7/site-packages/zope/interface/tests/test_verify.py::Test_verifyClass::test_class_has_method_for_iface_attr PASSED [ 98%]
lib64/python3.7/site-packages/zope/interface/tests/test_verify.py::Test_verifyClass::test_class_has_nonmethod_for_method PASSED [ 98%]
lib64/python3.7/site-packages/zope/interface/tests/test_verify.py::Test_verifyClass::test_class_has_required_method_derived PASSED [ 98%]
lib64/python3.7/site-packages/zope/interface/tests/test_verify.py::Test_verifyClass::test_class_has_required_method_simple PASSED [ 98%]
lib64/python3.7/site-packages/zope/interface/tests/test_verify.py::Test_verifyClass::test_class_misses_attribute_for_attribute PASSED [ 98%]
lib64/python3.7/site-packages/zope/interface/tests/test_verify.py::Test_verifyClass::test_dict_IFullMapping PASSED [ 98%]
lib64/python3.7/site-packages/zope/interface/tests/test_verify.py::Test_verifyClass::test_list_ISequence PASSED [ 98%]
lib64/python3.7/site-packages/zope/interface/tests/test_verify.py::Test_verifyClass::test_method_doesnt_take_required_kwargs PASSED [ 98%]
lib64/python3.7/site-packages/zope/interface/tests/test_verify.py::Test_verifyClass::test_method_doesnt_take_required_only_kwargs PASSED [ 98%]
lib64/python3.7/site-packages/zope/interface/tests/test_verify.py::Test_verifyClass::test_method_doesnt_take_required_positional_and_starargs PASSED [ 98%]
lib64/python3.7/site-packages/zope/interface/tests/test_verify.py::Test_verifyClass::test_method_doesnt_take_required_starargs PASSED [ 98%]
lib64/python3.7/site-packages/zope/interface/tests/test_verify.py::Test_verifyClass::test_method_takes_extra_arg PASSED [ 98%]
lib64/python3.7/site-packages/zope/interface/tests/test_verify.py::Test_verifyClass::test_method_takes_extra_arg_with_default PASSED [ 98%]
lib64/python3.7/site-packages/zope/interface/tests/test_verify.py::Test_verifyClass::test_method_takes_extra_starargs PASSED [ 98%]
lib64/python3.7/site-packages/zope/interface/tests/test_verify.py::Test_verifyClass::test_method_takes_extra_starargs_and_kwargs PASSED [ 98%]
lib64/python3.7/site-packages/zope/interface/tests/test_verify.py::Test_verifyClass::test_method_takes_not_enough_args PASSED [ 98%]
lib64/python3.7/site-packages/zope/interface/tests/test_verify.py::Test_verifyClass::test_method_takes_only_kwargs PASSED [ 98%]
lib64/python3.7/site-packages/zope/interface/tests/test_verify.py::Test_verifyClass::test_method_takes_only_positional_args PASSED [ 98%]
lib64/python3.7/site-packages/zope/interface/tests/test_verify.py::Test_verifyClass::test_method_takes_only_starargs PASSED [ 98%]
lib64/python3.7/site-packages/zope/interface/tests/test_verify.py::Test_verifyClass::test_method_takes_positional_plus_required_starargs PASSED [ 98%]
lib64/python3.7/site-packages/zope/interface/tests/test_verify.py::Test_verifyClass::test_method_takes_required_kwargs PASSED [ 98%]
lib64/python3.7/site-packages/zope/interface/tests/test_verify.py::Test_verifyClass::test_method_takes_required_positional_and_starargs PASSED [ 98%]
lib64/python3.7/site-packages/zope/interface/tests/test_verify.py::Test_verifyClass::test_method_takes_wrong_arg_names_but_OK PASSED [ 98%]
lib64/python3.7/site-packages/zope/interface/tests/test_verify.py::Test_verifyClass::test_multiple_invalid PASSED [ 98%]
lib64/python3.7/site-packages/zope/interface/tests/test_verify.py::Test_verifyClass::test_tuple_IReadSequence PASSED [ 98%]
lib64/python3.7/site-packages/zope/interface/tests/test_verify.py::Test_verifyClass::test_w_callable_non_func_method PASSED [ 98%]
lib64/python3.7/site-packages/zope/interface/tests/test_verify.py::Test_verifyClass::test_w_decorated_method PASSED [ 98%]
lib64/python3.7/site-packages/zope/interface/tests/test_verify.py::Test_verifyObject::test_class_doesnt_have_required_method_derived PASSED [ 98%]
lib64/python3.7/site-packages/zope/interface/tests/test_verify.py::Test_verifyObject::test_class_doesnt_have_required_method_simple PASSED [ 98%]
lib64/python3.7/site-packages/zope/interface/tests/test_verify.py::Test_verifyObject::test_class_doesnt_implement PASSED [ 98%]
lib64/python3.7/site-packages/zope/interface/tests/test_verify.py::Test_verifyObject::test_class_doesnt_implement_but_classImplements_later PASSED [ 98%]
lib64/python3.7/site-packages/zope/interface/tests/test_verify.py::Test_verifyObject::test_class_has_attribute_for_attribute PASSED [ 98%]
lib64/python3.7/site-packages/zope/interface/tests/test_verify.py::Test_verifyObject::test_class_has_method_for_iface_attr PASSED [ 98%]
lib64/python3.7/site-packages/zope/interface/tests/test_verify.py::Test_verifyObject::test_class_has_nonmethod_for_method PASSED [ 98%]
lib64/python3.7/site-packages/zope/interface/tests/test_verify.py::Test_verifyObject::test_class_has_required_method_derived PASSED [ 98%]
lib64/python3.7/site-packages/zope/interface/tests/test_verify.py::Test_verifyObject::test_class_has_required_method_simple PASSED [ 98%]
lib64/python3.7/site-packages/zope/interface/tests/test_verify.py::Test_verifyObject::test_class_misses_attribute_for_attribute PASSED [ 99%]
lib64/python3.7/site-packages/zope/interface/tests/test_verify.py::Test_verifyObject::test_dict_IFullMapping PASSED [ 99%]
lib64/python3.7/site-packages/zope/interface/tests/test_verify.py::Test_verifyObject::test_list_ISequence PASSED [ 99%]
lib64/python3.7/site-packages/zope/interface/tests/test_verify.py::Test_verifyObject::test_method_doesnt_take_required_kwargs PASSED [ 99%]
lib64/python3.7/site-packages/zope/interface/tests/test_verify.py::Test_verifyObject::test_method_doesnt_take_required_only_kwargs PASSED [ 99%]
lib64/python3.7/site-packages/zope/interface/tests/test_verify.py::Test_verifyObject::test_method_doesnt_take_required_positional_and_starargs PASSED [ 99%]
lib64/python3.7/site-packages/zope/interface/tests/test_verify.py::Test_verifyObject::test_method_doesnt_take_required_starargs PASSED [ 99%]
lib64/python3.7/site-packages/zope/interface/tests/test_verify.py::Test_verifyObject::test_method_takes_extra_arg PASSED [ 99%]
lib64/python3.7/site-packages/zope/interface/tests/test_verify.py::Test_verifyObject::test_method_takes_extra_arg_with_default PASSED [ 99%]
lib64/python3.7/site-packages/zope/interface/tests/test_verify.py::Test_verifyObject::test_method_takes_extra_starargs PASSED [ 99%]
lib64/python3.7/site-packages/zope/interface/tests/test_verify.py::Test_verifyObject::test_method_takes_extra_starargs_and_kwargs PASSED [ 99%]
lib64/python3.7/site-packages/zope/interface/tests/test_verify.py::Test_verifyObject::test_method_takes_not_enough_args PASSED [ 99%]
lib64/python3.7/site-packages/zope/interface/tests/test_verify.py::Test_verifyObject::test_method_takes_only_kwargs PASSED [ 99%]
lib64/python3.7/site-packages/zope/interface/tests/test_verify.py::Test_verifyObject::test_method_takes_only_positional_args PASSED [ 99%]
lib64/python3.7/site-packages/zope/interface/tests/test_verify.py::Test_verifyObject::test_method_takes_only_starargs PASSED [ 99%]
lib64/python3.7/site-packages/zope/interface/tests/test_verify.py::Test_verifyObject::test_method_takes_positional_plus_required_starargs PASSED [ 99%]
lib64/python3.7/site-packages/zope/interface/tests/test_verify.py::Test_verifyObject::test_method_takes_required_kwargs PASSED [ 99%]
lib64/python3.7/site-packages/zope/interface/tests/test_verify.py::Test_verifyObject::test_method_takes_required_positional_and_starargs PASSED [ 99%]
lib64/python3.7/site-packages/zope/interface/tests/test_verify.py::Test_verifyObject::test_method_takes_wrong_arg_names_but_OK PASSED [ 99%]
lib64/python3.7/site-packages/zope/interface/tests/test_verify.py::Test_verifyObject::test_module_hit PASSED [ 99%]
lib64/python3.7/site-packages/zope/interface/tests/test_verify.py::Test_verifyObject::test_module_miss PASSED [ 99%]
lib64/python3.7/site-packages/zope/interface/tests/test_verify.py::Test_verifyObject::test_multiple_invalid PASSED [ 99%]
lib64/python3.7/site-packages/zope/interface/tests/test_verify.py::Test_verifyObject::test_staticmethod_hit_on_class PASSED [ 99%]
lib64/python3.7/site-packages/zope/interface/tests/test_verify.py::Test_verifyObject::test_tuple_IReadSequence PASSED [ 99%]
lib64/python3.7/site-packages/zope/interface/tests/test_verify.py::Test_verifyObject::test_w_callable_non_func_method PASSED [ 99%]
lib64/python3.7/site-packages/zope/interface/tests/test_verify.py::Test_verifyObject::test_w_decorated_method PASSED [ 99%]
lib64/python3.7/site-packages/zope/testing/test-1.txt::test-1.txt FAILED [ 99%]
lib64/python3.7/site-packages/zope/testing/test4.txt::test4.txt FAILED   [ 99%]
lib64/python3.7/site-packages/zope/testing/test4e.txt::test4e.txt PASSED [ 99%]
lib64/python3.7/site-packages/zope/testing/test4f.txt::test4f.txt FAILED [ 99%]
lib64/python3.7/site-packages/zope/testing/test_renormalizing.py::Exception2To3::test_input_ellipsis PASSED [ 99%]
lib64/python3.7/site-packages/zope/testing/test_renormalizing.py::Exception2To3::test_input_empty PASSED [ 99%]
lib64/python3.7/site-packages/zope/testing/test_renormalizing.py::Exception2To3::test_input_last_line_not_dotted_name PASSED [ 99%]
lib64/python3.7/site-packages/zope/testing/test_renormalizing.py::Exception2To3::test_input_spaces PASSED [ 99%]
lib64/python3.7/site-packages/zope/testing/test_renormalizing.py::Exception2To3::test_is_dotted_name_ascii_dots PASSED [ 99%]
lib64/python3.7/site-packages/zope/testing/test_renormalizing.py::Exception2To3::test_is_dotted_name_ascii_no_dots PASSED [ 99%]
lib64/python3.7/site-packages/zope/testing/test_renormalizing.py::Exception2To3::test_is_dotted_name_ellipsis PASSED [ 99%]
lib64/python3.7/site-packages/zope/testing/test_renormalizing.py::Exception2To3::test_is_dotted_name_not_identifier PASSED [ 99%]
lib64/python3.7/site-packages/zope/testing/test_renormalizing.py::Exception2To3::test_is_dotted_name_unicode_dots PASSED [ 99%]
lib64/python3.7/site-packages/zope/testing/test_renormalizing.py::Exception2To3::test_is_dotted_name_unicode_no_dots PASSED [ 99%]
lib64/python3.7/site-packages/zope/testing/test_renormalizing.py::Exception2To3::test_last_line_empty PASSED [ 99%]
lib64/python3.7/site-packages/zope/testing/test_renormalizing.py::Exception2To3::test_no_colon_in_first_word PASSED [ 99%]
lib64/python3.7/site-packages/zope/testing/test_renormalizing.py::Exception2To3::test_no_dots_in_name PASSED [ 99%]
lib64/python3.7/site-packages/zope/testing/test_renormalizing.py::Exception2To3::test_strip_dottedname PASSED [ 99%]
lib64/python3.7/site-packages/zope/testing/test_renormalizing.py::Exception2To3::test_strip_dottedname_without_exception_arguments PASSED [100%]

=================================== FAILURES ===================================
_______________________ IntegrationTests.test_errors_io ________________________

self = <pyflakes.test.test_api.IntegrationTests testMethod=test_errors_io>

    def test_errors_io(self):
        """
        When pyflakes finds errors with the files it's given, (if they don't
        exist, say), then the return code is non-zero and the errors are
        printed to stderr.
        """
        d = self.runPyflakes([self.tempfilepath])
        error_msg = '{}: No such file or directory{}'.format(self.tempfilepath,
                                                             os.linesep)
>       self.assertEqual(d, ('', error_msg, 1))
E       AssertionError: Tuples differ: ('', "/bin/python3: can't open file '/home/cro[101 chars]", 2) != ('', '/tmp/tmpuh62p3d0/temp: No such file or directory\n', 1)
E       
E       First differing element 1:
E       "/bin/python3: can't open file '/home/cro[97 chars]ry\n"
E       '/tmp/tmpuh62p3d0/temp: No such file or directory\n'
E       
E       + ('', '/tmp/tmpuh62p3d0/temp: No such file or directory\n', 1)
E       - ('',
E       -  "/bin/python3: can't open file "
E       -  "'/home/croy/astro3/lib/python3.7/site-packages/pyflakes/../bin/pyflakes': "
E       -  '[Errno 2] No such file or directory\n',
E       -  2)

lib/python3.7/site-packages/pyflakes/test/test_api.py:772: AssertionError
_____________________ IntegrationTests.test_errors_syntax ______________________

self = <pyflakes.test.test_api.IntegrationTests testMethod=test_errors_syntax>

    def test_errors_syntax(self):
        """
        When pyflakes finds errors with the files it's given, (if they don't
        exist, say), then the return code is non-zero and the errors are
        printed to stderr.
        """
        with open(self.tempfilepath, 'wb') as fd:
            fd.write(b"import")
        d = self.runPyflakes([self.tempfilepath])
        error_msg = '{0}:1:7: invalid syntax{1}import{1}      ^{1}'.format(
            self.tempfilepath, os.linesep)
>       self.assertEqual(d, ('', error_msg, 1))
E       AssertionError: Tuples differ: ('', "/bin/python3: can't open file '/home/cro[101 chars]", 2) != ('', '/tmp/tmp9df676c1/temp:1:7: invalid synta[20 chars]', 1)
E       
E       First differing element 1:
E       "/bin/python3: can't open file '/home/cro[97 chars]ry\n"
E       '/tmp/tmp9df676c1/temp:1:7: invalid synta[16 chars] ^\n'
E       
E       + ('', '/tmp/tmp9df676c1/temp:1:7: invalid syntax\nimport\n      ^\n', 1)
E       - ('',
E       -  "/bin/python3: can't open file "
E       -  "'/home/croy/astro3/lib/python3.7/site-packages/pyflakes/../bin/pyflakes': "
E       -  '[Errno 2] No such file or directory\n',
E       -  2)

lib/python3.7/site-packages/pyflakes/test/test_api.py:785: AssertionError
_____________________ IntegrationTests.test_fileWithFlakes _____________________

self = <pyflakes.test.test_api.IntegrationTests testMethod=test_fileWithFlakes>

    def test_fileWithFlakes(self):
        """
        When a Python source file has warnings, the return code is non-zero
        and the warnings are printed to stdout.
        """
        with open(self.tempfilepath, 'wb') as fd:
            fd.write(b"import contraband\n")
        d = self.runPyflakes([self.tempfilepath])
        expected = UnusedImport(self.tempfilepath, Node(1), 'contraband')
>       self.assertEqual(d, (f"{expected}{os.linesep}", '', 1))
E       AssertionError: Tuples differ: ('', "/bin/python3: can't open file '/home[105 chars]", 2) != ("/tmp/tmpar4p_cpq/temp:1:1: 'contraband' [25 chars]', 1)
E       
E       First differing element 0:
E       ''
E       "/tmp/tmpar4p_cpq/temp:1:1: 'contraband' imported but unused\n"
E       
E       + ("/tmp/tmpar4p_cpq/temp:1:1: 'contraband' imported but unused\n", '', 1)
E       - ('',
E       -  "/bin/python3: can't open file "
E       -  "'/home/croy/astro3/lib/python3.7/site-packages/pyflakes/../bin/pyflakes': "
E       -  '[Errno 2] No such file or directory\n',
E       -  2)

lib/python3.7/site-packages/pyflakes/test/test_api.py:761: AssertionError
________________________ IntegrationTests.test_goodFile ________________________

self = <pyflakes.test.test_api.IntegrationTests testMethod=test_goodFile>

    def test_goodFile(self):
        """
        When a Python source file is all good, the return code is zero and no
        messages are printed to either stdout or stderr.
        """
        open(self.tempfilepath, 'a').close()
        d = self.runPyflakes([self.tempfilepath])
>       self.assertEqual(d, ('', '', 0))
E       AssertionError: Tuples differ: ('', "/bin/python3: can't open file '/home/cro[101 chars]", 2) != ('', '', 0)
E       
E       First differing element 1:
E       "/bin/python3: can't open file '/home/cro[97 chars]ry\n"
E       ''
E       
E       + ('', '', 0)
E       - ('',
E       -  "/bin/python3: can't open file "
E       -  "'/home/croy/astro3/lib/python3.7/site-packages/pyflakes/../bin/pyflakes': "
E       -  '[Errno 2] No such file or directory\n',
E       -  2)

lib/python3.7/site-packages/pyflakes/test/test_api.py:750: AssertionError
_____________________ IntegrationTests.test_readFromStdin ______________________

self = <pyflakes.test.test_api.IntegrationTests testMethod=test_readFromStdin>

    def test_readFromStdin(self):
        """
        If no arguments are passed to C{pyflakes} then it reads from stdin.
        """
        d = self.runPyflakes([], stdin='import contraband')
        expected = UnusedImport('<stdin>', Node(1), 'contraband')
>       self.assertEqual(d, (f"{expected}{os.linesep}", '', 1))
E       AssertionError: Tuples differ: ('', "/bin/python3: can't open file '/home[105 chars]", 2) != ("<stdin>:1:1: 'contraband' imported but unused\n", '', 1)
E       
E       First differing element 0:
E       ''
E       "<stdin>:1:1: 'contraband' imported but unused\n"
E       
E       + ("<stdin>:1:1: 'contraband' imported but unused\n", '', 1)
E       - ('',
E       -  "/bin/python3: can't open file "
E       -  "'/home/croy/astro3/lib/python3.7/site-packages/pyflakes/../bin/pyflakes': "
E       -  '[Errno 2] No such file or directory\n',
E       -  2)

lib/python3.7/site-packages/pyflakes/test/test_api.py:793: AssertionError
___________ Test_implementedByFallback.test_w_None_no_bases_w_class ____________

self = <interface.tests.test_declarations.Test_implementedByFallback testMethod=test_w_None_no_bases_w_class>

    def test_w_None_no_bases_w_class(self):
        from zope.interface.declarations import ClassProvides
        class Foo(object):
            __implemented__ = None
        spec = self._callFUT(Foo)
        self.assertEqual(spec.__name__,
>                        'zope.interface.tests.test_declarations.Foo')
E       AssertionError: 'interface.tests.test_declarations.Foo' != 'zope.interface.tests.test_declarations.Foo'
E       - interface.tests.test_declarations.Foo
E       + zope.interface.tests.test_declarations.Foo
E       ? +++++

lib/python3.7/site-packages/zope/interface/tests/test_declarations.py:662: AssertionError
__________ Test_implementedByFallback.test_w_None_no_bases_w_factory ___________

self = <interface.tests.test_declarations.Test_implementedByFallback testMethod=test_w_None_no_bases_w_factory>

    def test_w_None_no_bases_w_factory(self):
        from zope.interface.declarations import objectSpecificationDescriptor
        class Foo(object):
            __implemented__ = None
            def __call__(self):
                raise NotImplementedError()
    
        foo = Foo()
        foo.__name__ = 'foo'
        spec = self._callFUT(foo)
        self.assertEqual(spec.__name__,
>                        'zope.interface.tests.test_declarations.foo')
E       AssertionError: 'interface.tests.test_declarations.foo' != 'zope.interface.tests.test_declarations.foo'
E       - interface.tests.test_declarations.foo
E       + zope.interface.tests.test_declarations.foo
E       ? +++++

lib/python3.7/site-packages/zope/interface/tests/test_declarations.py:650: AssertionError
_______________ Test_implementedBy.test_w_None_no_bases_w_class ________________

self = <interface.tests.test_declarations.Test_implementedBy testMethod=test_w_None_no_bases_w_class>

    def test_w_None_no_bases_w_class(self):
        from zope.interface.declarations import ClassProvides
        class Foo(object):
            __implemented__ = None
        spec = self._callFUT(Foo)
        self.assertEqual(spec.__name__,
>                        'zope.interface.tests.test_declarations.Foo')
E       AssertionError: 'interface.tests.test_declarations.Foo' != 'zope.interface.tests.test_declarations.Foo'
E       - interface.tests.test_declarations.Foo
E       + zope.interface.tests.test_declarations.Foo
E       ? +++++

lib/python3.7/site-packages/zope/interface/tests/test_declarations.py:662: AssertionError
______________ Test_implementedBy.test_w_None_no_bases_w_factory _______________

self = <interface.tests.test_declarations.Test_implementedBy testMethod=test_w_None_no_bases_w_factory>

    def test_w_None_no_bases_w_factory(self):
        from zope.interface.declarations import objectSpecificationDescriptor
        class Foo(object):
            __implemented__ = None
            def __call__(self):
                raise NotImplementedError()
    
        foo = Foo()
        foo.__name__ = 'foo'
        spec = self._callFUT(foo)
        self.assertEqual(spec.__name__,
>                        'zope.interface.tests.test_declarations.foo')
E       AssertionError: 'interface.tests.test_declarations.foo' != 'zope.interface.tests.test_declarations.foo'
E       - interface.tests.test_declarations.foo
E       + zope.interface.tests.test_declarations.foo
E       ? +++++

lib/python3.7/site-packages/zope/interface/tests/test_declarations.py:650: AssertionError
________________ Test_implementer.test_nonclass_can_assign_attr ________________

self = <interface.tests.test_declarations.Test_implementer testMethod=test_nonclass_can_assign_attr>

    def test_nonclass_can_assign_attr(self):
        from zope.interface.interface import InterfaceClass
        IFoo = InterfaceClass('IFoo')
        class Foo(object):
            pass
        foo = Foo()
        decorator = self._makeOne(IFoo)
        returned = decorator(foo)
        self.assertTrue(returned is foo)
        spec = foo.__implemented__ # pylint:disable=no-member
>       self.assertEqual(spec.__name__, 'zope.interface.tests.test_declarations.?')
E       AssertionError: 'interface.tests.test_declarations.?' != 'zope.interface.tests.test_declarations.?'
E       - interface.tests.test_declarations.?
E       + zope.interface.tests.test_declarations.?
E       ? +++++

lib/python3.7/site-packages/zope/interface/tests/test_declarations.py:1126: AssertionError
__________ TestProvidesClassRepr.test__repr__directlyProvides_module ___________

self = <interface.tests.test_declarations.TestProvidesClassRepr testMethod=test__repr__directlyProvides_module>

    def test__repr__directlyProvides_module(self):
        import sys
        from zope.interface.tests import dummy
        from zope.interface.declarations import directlyProvides
        from zope.interface.declarations import alsoProvides
        from zope.interface.interface import InterfaceClass
    
        IFoo = InterfaceClass('IFoo')
        IBar = InterfaceClass('IBar')
    
        orig_provides = dummy.__provides__ # pylint:disable=no-member
        del dummy.__provides__ # pylint:disable=no-member
        self.addCleanup(setattr, dummy, '__provides__', orig_provides)
    
        directlyProvides(dummy, IFoo)
        provides = dummy.__provides__ # pylint:disable=no-member
    
        self.assertEqual(
            repr(provides),
            "directlyProvides(sys.modules['zope.interface.tests.dummy'], IFoo)"
        )
    
        alsoProvides(dummy, IBar)
        provides = dummy.__provides__ # pylint:disable=no-member
    
        self.assertEqual(
            repr(provides),
            "directlyProvides(sys.modules['zope.interface.tests.dummy'], IFoo, IBar)"
        )
    
        # If we make this module also provide IFoo and IBar, then the repr
        # lists both names.
        my_module = sys.modules[__name__]
        assert not hasattr(my_module, '__provides__')
    
        directlyProvides(my_module, IFoo, IBar)
        self.addCleanup(delattr, my_module, '__provides__')
        self.assertIs(my_module.__provides__, provides)
        self.assertEqual(
            repr(provides),
>           "directlyProvides(('zope.interface.tests.dummy', "
            "'zope.interface.tests.test_declarations'), "
            "IFoo, IBar)"
        )
E       AssertionError: "dire[36 chars]dummy', 'interface.tests.test_declarations'), IFoo, IBar)" != "dire[36 chars]dummy', 'zope.interface.tests.test_declarations'), IFoo, IBar)"
E       - directlyProvides(('zope.interface.tests.dummy', 'interface.tests.test_declarations'), IFoo, IBar)
E       + directlyProvides(('zope.interface.tests.dummy', 'zope.interface.tests.test_declarations'), IFoo, IBar)
E       ?                                                  +++++

lib/python3.7/site-packages/zope/interface/tests/test_declarations.py:1474: AssertionError
______________________ DoesNotImplementTests.test___str__ ______________________

self = <interface.tests.test_exceptions.DoesNotImplementTests testMethod=test___str__>

    def test___str__(self):
        dni = self._makeOne()
        self.assertEqual(
            str(dni),
>           "An object has failed to implement interface "
            "zope.interface.tests.test_exceptions.IDummy: "
            "Does not declaratively implement the interface."
        )
E       AssertionError: 'An o[35 chars]face interface.tests.test_exceptions.IDummy: D[42 chars]ace.' != 'An o[35 chars]face zope.interface.tests.test_exceptions.IDum[47 chars]ace.'
E       - An object has failed to implement interface interface.tests.test_exceptions.IDummy: Does not declaratively implement the interface.
E       + An object has failed to implement interface zope.interface.tests.test_exceptions.IDummy: Does not declaratively implement the interface.
E       ?                                             +++++

lib/python3.7/site-packages/zope/interface/tests/test_exceptions.py:38: AssertionError
________________ DoesNotImplementTests.test___str__w_candidate _________________

self = <interface.tests.test_exceptions.DoesNotImplementTests testMethod=test___str__w_candidate>

    def test___str__w_candidate(self):
        dni = self._makeOne('candidate')
        self.assertEqual(
            str(dni),
>           "The object 'candidate' has failed to implement interface "
            "zope.interface.tests.test_exceptions.IDummy: "
            "Does not declaratively implement the interface."
        )
E       AssertionError: "The [48 chars]face interface.tests.test_exceptions.IDummy: D[42 chars]ace." != "The [48 chars]face zope.interface.tests.test_exceptions.IDum[47 chars]ace."
E       - The object 'candidate' has failed to implement interface interface.tests.test_exceptions.IDummy: Does not declaratively implement the interface.
E       + The object 'candidate' has failed to implement interface zope.interface.tests.test_exceptions.IDummy: Does not declaratively implement the interface.
E       ?                                                          +++++

lib/python3.7/site-packages/zope/interface/tests/test_exceptions.py:47: AssertionError
____________________ BrokenImplementationTests.test___str__ ____________________

self = <interface.tests.test_exceptions.BrokenImplementationTests testMethod=test___str__>

    def test___str__(self):
        dni = self._makeOne()
        self.assertEqual(
            str(dni),
>           'An object has failed to implement interface '
            'zope.interface.tests.test_exceptions.IDummy: '
            "The 'missing' attribute was not provided.")
E       AssertionError: "An o[35 chars]face interface.tests.test_exceptions.IDummy: T[36 chars]ded." != "An o[35 chars]face zope.interface.tests.test_exceptions.IDum[41 chars]ded."
E       - An object has failed to implement interface interface.tests.test_exceptions.IDummy: The 'missing' attribute was not provided.
E       + An object has failed to implement interface zope.interface.tests.test_exceptions.IDummy: The 'missing' attribute was not provided.
E       ?                                             +++++

lib/python3.7/site-packages/zope/interface/tests/test_exceptions.py:67: AssertionError
______________ BrokenImplementationTests.test___str__w_candidate _______________

self = <interface.tests.test_exceptions.BrokenImplementationTests testMethod=test___str__w_candidate>

    def test___str__w_candidate(self):
        dni = self._makeOne('candidate')
        self.assertEqual(
            str(dni),
>           'The object \'candidate\' has failed to implement interface '
            'zope.interface.tests.test_exceptions.IDummy: '
            "The 'missing' attribute was not provided.")
E       AssertionError: "The [48 chars]face interface.tests.test_exceptions.IDummy: T[36 chars]ded." != "The [48 chars]face zope.interface.tests.test_exceptions.IDum[41 chars]ded."
E       - The object 'candidate' has failed to implement interface interface.tests.test_exceptions.IDummy: The 'missing' attribute was not provided.
E       + The object 'candidate' has failed to implement interface zope.interface.tests.test_exceptions.IDummy: The 'missing' attribute was not provided.
E       ?                                                          +++++

lib/python3.7/site-packages/zope/interface/tests/test_exceptions.py:75: AssertionError
______________________ MultipleInvalidTests.test__repr__ _______________________

self = <interface.tests.test_exceptions.MultipleInvalidTests testMethod=test__repr__>

    def test__repr__(self):
        from zope.interface.exceptions import BrokenMethodImplementation
        excs = [
            BrokenMethodImplementation('aMethod', 'I said so'),
            # Use multiple arguments to normalize repr; versions of Python
            # prior to 3.7 add a trailing comma if there's just one.
            Exception("Regular", "exception")
        ]
        dni = self._makeOne(excs)
        self.assertEqual(
            repr(dni),
>           "MultipleInvalid(<InterfaceClass zope.interface.tests.test_exceptions.IDummy>,"
            " 'target',"
            " (BrokenMethodImplementation('aMethod', 'I said so'),"
            " Exception('Regular', 'exception')))"
        )
E       AssertionError: "Mult[23 chars]lass interface.tests.test_exceptions.IDummy>, [94 chars]')))" != "Mult[23 chars]lass zope.interface.tests.test_exceptions.IDum[99 chars]')))"
E       - MultipleInvalid(<InterfaceClass interface.tests.test_exceptions.IDummy>, 'target', (BrokenMethodImplementation('aMethod', 'I said so'), Exception('Regular', 'exception')))
E       + MultipleInvalid(<InterfaceClass zope.interface.tests.test_exceptions.IDummy>, 'target', (BrokenMethodImplementation('aMethod', 'I said so'), Exception('Regular', 'exception')))
E       ?                                 +++++

lib/python3.7/site-packages/zope/interface/tests/test_exceptions.py:180: AssertionError
_______________________ MultipleInvalidTests.test__str__ _______________________

self = <interface.tests.test_exceptions.MultipleInvalidTests testMethod=test__str__>

    def test__str__(self):
        from zope.interface.exceptions import BrokenMethodImplementation
        excs = [
            BrokenMethodImplementation('aMethod', 'I said so'),
            Exception("Regular exception")
        ]
        dni = self._makeOne(excs)
        self.assertEqual(
            str(dni),
>           "The object 'target' has failed to implement interface "
            "zope.interface.tests.test_exceptions.IDummy:\n"
            "    The contract of 'aMethod' is violated because I said so\n"
            "    Regular exception"
        )
E       AssertionError: "The [45 chars]face interface.tests.test_exceptions.IDummy:\n[78 chars]tion" != "The [45 chars]face zope.interface.tests.test_exceptions.IDum[83 chars]tion"
E       - The object 'target' has failed to implement interface interface.tests.test_exceptions.IDummy:
E       + The object 'target' has failed to implement interface zope.interface.tests.test_exceptions.IDummy:
E       ?                                                       +++++
E             The contract of 'aMethod' is violated because I said so
E             Regular exception

lib/python3.7/site-packages/zope/interface/tests/test_exceptions.py:163: AssertionError
___________________ InterfaceClassTests.test___hash___normal ___________________

self = <interface.tests.test_interface.InterfaceClassTests testMethod=test___hash___normal>

    def test___hash___normal(self):
        iface = self._makeOne('HashMe')
        self.assertEqual(hash(iface),
>                        hash((('HashMe',
                                'zope.interface.tests.test_interface'))))
E       AssertionError: -1531425219420425116 != 8320591517147084356

lib/python3.7/site-packages/zope/interface/tests/test_interface.py:1038: AssertionError
___________ Test_c3_ro.test_complex_diamond_compare_legacy_argument ____________

self = <interface.tests.test_ro.Test_c3_ro testMethod=test_complex_diamond_compare_legacy_argument>

    def test_complex_diamond_compare_legacy_argument(self):
        from zope.interface import Interface
    
        A = self.test_complex_diamond(Interface)
        computed_A_iro = self._callFUT(A, log_changed_ro=True)
        # It matches, of course, but we did log a warning.
        self.assertEqual(tuple(computed_A_iro), A.__iro__)
>       self._check_handler_complex_diamond()

lib/python3.7/site-packages/zope/interface/tests/test_ro.py:253: 
_ _ _ _ _ _ _ _ _ _ _ _ _ _ _ _ _ _ _ _ _ _ _ _ _ _ _ _ _ _ _ _ _ _ _ _ _ _ _ _ 
lib/python3.7/site-packages/zope/interface/tests/test_ro.py:271: in _check_handler_complex_diamond
    zope.interface.Interface          zope.interface.Interface""")
E   AssertionError: 'Obje[14 chars]lass interface.tests.test_ro.A> has different [588 chars]face' != 'Obje[14 chars]lass zope.interface.tests.test_ro.A> has diffe[678 chars]face'
E   - Object <InterfaceClass interface.tests.test_ro.A> has different legacy and C3 MROs:
E   + Object <InterfaceClass zope.interface.tests.test_ro.A> has different legacy and C3 MROs:
E   ?                        +++++
E   -   Legacy RO (len=7)            C3 RO (len=7; inconsistent=no)
E   +   Legacy RO (len=7)                 C3 RO (len=7; inconsistent=no)
E   ?                                +++++
E   -   ========================================================
E   +   ==================================================================
E   ?   ++++++++++
E   -     interface.tests.test_ro.A    interface.tests.test_ro.A
E   +     zope.interface.tests.test_ro.A    zope.interface.tests.test_ro.A
E   ?     +++++                             +++++
E   -     interface.tests.test_ro.B    interface.tests.test_ro.B
E   +     zope.interface.tests.test_ro.B    zope.interface.tests.test_ro.B
E   ?     +++++                             +++++
E   -   - interface.tests.test_ro.E
E   +   - zope.interface.tests.test_ro.E
E   ?     +++++
E   -     interface.tests.test_ro.C    interface.tests.test_ro.C
E   +     zope.interface.tests.test_ro.C    zope.interface.tests.test_ro.C
E   ?     +++++                             +++++
E   -     interface.tests.test_ro.D    interface.tests.test_ro.D
E   +     zope.interface.tests.test_ro.D    zope.interface.tests.test_ro.D
E   ?     +++++                             +++++
E   -                                + interface.tests.test_ro.E
E   +                                     + zope.interface.tests.test_ro.E
E   ? +++++                                 +++++
E   -     interface.tests.test_ro.F    interface.tests.test_ro.F
E   +     zope.interface.tests.test_ro.F    zope.interface.tests.test_ro.F
E   ?     +++++                             +++++
E   -     zope.interface.Interface     zope.interface.Interface+     zope.interface.Interface          zope.interface.Interface?                                  +++++
------------------------------ Captured log call -------------------------------
WARNING  zope.interface.ro:ro.py:646 Object <InterfaceClass interface.tests.test_ro.A> has different legacy and C3 MROs:
  Legacy RO (len=7)            C3 RO (len=7; inconsistent=no)
  ========================================================
    interface.tests.test_ro.A    interface.tests.test_ro.A
    interface.tests.test_ro.B    interface.tests.test_ro.B
  - interface.tests.test_ro.E  
    interface.tests.test_ro.C    interface.tests.test_ro.C
    interface.tests.test_ro.D    interface.tests.test_ro.D
                               + interface.tests.test_ro.E
    interface.tests.test_ro.F    interface.tests.test_ro.F
    zope.interface.Interface     zope.interface.Interface
_____________ Test_c3_ro.test_complex_diamond_use_legacy_argument ______________

self = <interface.tests.test_ro.Test_c3_ro testMethod=test_complex_diamond_use_legacy_argument>

    def test_complex_diamond_use_legacy_argument(self):
        from zope.interface import Interface
    
        A = self.test_complex_diamond(Interface)
        legacy_A_iro = self._callFUT(A, use_legacy_ro=True)
        self.assertNotEqual(A.__iro__, legacy_A_iro)
    
        # And logging happened as a side-effect.
>       self._check_handler_complex_diamond()

lib/python3.7/site-packages/zope/interface/tests/test_ro.py:244: 
_ _ _ _ _ _ _ _ _ _ _ _ _ _ _ _ _ _ _ _ _ _ _ _ _ _ _ _ _ _ _ _ _ _ _ _ _ _ _ _ 
lib/python3.7/site-packages/zope/interface/tests/test_ro.py:271: in _check_handler_complex_diamond
    zope.interface.Interface          zope.interface.Interface""")
E   AssertionError: 'Obje[14 chars]lass interface.tests.test_ro.A> has different [588 chars]face' != 'Obje[14 chars]lass zope.interface.tests.test_ro.A> has diffe[678 chars]face'
E   - Object <InterfaceClass interface.tests.test_ro.A> has different legacy and C3 MROs:
E   + Object <InterfaceClass zope.interface.tests.test_ro.A> has different legacy and C3 MROs:
E   ?                        +++++
E   -   Legacy RO (len=7)            C3 RO (len=7; inconsistent=no)
E   +   Legacy RO (len=7)                 C3 RO (len=7; inconsistent=no)
E   ?                                +++++
E   -   ========================================================
E   +   ==================================================================
E   ?   ++++++++++
E   -     interface.tests.test_ro.A    interface.tests.test_ro.A
E   +     zope.interface.tests.test_ro.A    zope.interface.tests.test_ro.A
E   ?     +++++                             +++++
E   -     interface.tests.test_ro.B    interface.tests.test_ro.B
E   +     zope.interface.tests.test_ro.B    zope.interface.tests.test_ro.B
E   ?     +++++                             +++++
E   -   - interface.tests.test_ro.E
E   +   - zope.interface.tests.test_ro.E
E   ?     +++++
E   -     interface.tests.test_ro.C    interface.tests.test_ro.C
E   +     zope.interface.tests.test_ro.C    zope.interface.tests.test_ro.C
E   ?     +++++                             +++++
E   -     interface.tests.test_ro.D    interface.tests.test_ro.D
E   +     zope.interface.tests.test_ro.D    zope.interface.tests.test_ro.D
E   ?     +++++                             +++++
E   -                                + interface.tests.test_ro.E
E   +                                     + zope.interface.tests.test_ro.E
E   ? +++++                                 +++++
E   -     interface.tests.test_ro.F    interface.tests.test_ro.F
E   +     zope.interface.tests.test_ro.F    zope.interface.tests.test_ro.F
E   ?     +++++                             +++++
E   -     zope.interface.Interface     zope.interface.Interface+     zope.interface.Interface          zope.interface.Interface?                                  +++++
------------------------------ Captured log call -------------------------------
WARNING  zope.interface.ro:ro.py:646 Object <InterfaceClass interface.tests.test_ro.A> has different legacy and C3 MROs:
  Legacy RO (len=7)            C3 RO (len=7; inconsistent=no)
  ========================================================
    interface.tests.test_ro.A    interface.tests.test_ro.A
    interface.tests.test_ro.B    interface.tests.test_ro.B
  - interface.tests.test_ro.E  
    interface.tests.test_ro.C    interface.tests.test_ro.C
    interface.tests.test_ro.D    interface.tests.test_ro.D
                               + interface.tests.test_ro.E
    interface.tests.test_ro.F    interface.tests.test_ro.F
    zope.interface.Interface     zope.interface.Interface
___________________________ Test.test_w_equal_names ____________________________

self = <interface.tests.test_sorting.Test testMethod=test_w_equal_names>

    def test_w_equal_names(self):
        # interfaces with equal names but different modules should sort by
        # module name
        from zope.interface.tests.m1 import I1 as m1_I1
        l = [I1, m1_I1]
        l.sort()
>       self.assertEqual(l, [m1_I1, I1])
E       AssertionError: Lists differ: [<InterfaceClass interface.tests.test_sorting.I1>, <Interf[32 chars].I1>] != [<InterfaceClass zope.interface.tests.m1.I1>, <InterfaceCl[32 chars].I1>]
E       
E       First differing element 0:
E       <InterfaceClass interface.tests.test_sorting.I1>
E       <InterfaceClass zope.interface.tests.m1.I1>
E       
E       + [<InterfaceClass zope.interface.tests.m1.I1>,
E       - [<InterfaceClass interface.tests.test_sorting.I1>,
E       ? ^                                                ^
E       
E       +  <InterfaceClass interface.tests.test_sorting.I1>]
E       ? ^                                                ^
E       
E       -  <InterfaceClass zope.interface.tests.m1.I1>]

lib/python3.7/site-packages/zope/interface/tests/test_sorting.py:47: AssertionError
_____________________________ [doctest] test-1.txt _____________________________
001 >>> test.a
UNEXPECTED EXCEPTION: NameError("name 'test' is not defined")
Traceback (most recent call last):
  File "/usr/lib64/python3.7/doctest.py", line 1337, in __run
    compileflags, 1), test.globs)
  File "<doctest test-1.txt[0]>", line 1, in <module>
NameError: name 'test' is not defined
/home/croy/astro3/lib/python3.7/site-packages/zope/testing/test-1.txt:1: UnexpectedException
_____________________________ [doctest] test4.txt ______________________________
001     >>> test.a, test.x, c
UNEXPECTED EXCEPTION: NameError("name 'test' is not defined")
Traceback (most recent call last):
  File "/usr/lib64/python3.7/doctest.py", line 1337, in __run
    compileflags, 1), test.globs)
  File "<doctest test4.txt[0]>", line 1, in <module>
NameError: name 'test' is not defined
/home/croy/astro3/lib/python3.7/site-packages/zope/testing/test4.txt:1: UnexpectedException
_____________________________ [doctest] test4f.txt _____________________________
001     >>> test.x
UNEXPECTED EXCEPTION: NameError("name 'test' is not defined")
Traceback (most recent call last):
  File "/usr/lib64/python3.7/doctest.py", line 1337, in __run
    compileflags, 1), test.globs)
  File "<doctest test4f.txt[0]>", line 1, in <module>
NameError: name 'test' is not defined
/home/croy/astro3/lib/python3.7/site-packages/zope/testing/test4f.txt:1: UnexpectedException
_______________________ IntegrationTests.test_errors_io ________________________

self = <pyflakes.test.test_api.IntegrationTests testMethod=test_errors_io>

    def test_errors_io(self):
        """
        When pyflakes finds errors with the files it's given, (if they don't
        exist, say), then the return code is non-zero and the errors are
        printed to stderr.
        """
        d = self.runPyflakes([self.tempfilepath])
        error_msg = '{}: No such file or directory{}'.format(self.tempfilepath,
                                                             os.linesep)
>       self.assertEqual(d, ('', error_msg, 1))
E       AssertionError: Tuples differ: ('', "/bin/python3: can't open file '/home/cro[101 chars]", 2) != ('', '/tmp/tmpiwsukncm/temp: No such file or directory\n', 1)
E       
E       First differing element 1:
E       "/bin/python3: can't open file '/home/cro[97 chars]ry\n"
E       '/tmp/tmpiwsukncm/temp: No such file or directory\n'
E       
E       + ('', '/tmp/tmpiwsukncm/temp: No such file or directory\n', 1)
E       - ('',
E       -  "/bin/python3: can't open file "
E       -  "'/home/croy/astro3/lib/python3.7/site-packages/pyflakes/../bin/pyflakes': "
E       -  '[Errno 2] No such file or directory\n',
E       -  2)

lib/python3.7/site-packages/pyflakes/test/test_api.py:772: AssertionError
_____________________ IntegrationTests.test_errors_syntax ______________________

self = <pyflakes.test.test_api.IntegrationTests testMethod=test_errors_syntax>

    def test_errors_syntax(self):
        """
        When pyflakes finds errors with the files it's given, (if they don't
        exist, say), then the return code is non-zero and the errors are
        printed to stderr.
        """
        with open(self.tempfilepath, 'wb') as fd:
            fd.write(b"import")
        d = self.runPyflakes([self.tempfilepath])
        error_msg = '{0}:1:7: invalid syntax{1}import{1}      ^{1}'.format(
            self.tempfilepath, os.linesep)
>       self.assertEqual(d, ('', error_msg, 1))
E       AssertionError: Tuples differ: ('', "/bin/python3: can't open file '/home/cro[101 chars]", 2) != ('', '/tmp/tmphhu67_dq/temp:1:7: invalid synta[20 chars]', 1)
E       
E       First differing element 1:
E       "/bin/python3: can't open file '/home/cro[97 chars]ry\n"
E       '/tmp/tmphhu67_dq/temp:1:7: invalid synta[16 chars] ^\n'
E       
E       + ('', '/tmp/tmphhu67_dq/temp:1:7: invalid syntax\nimport\n      ^\n', 1)
E       - ('',
E       -  "/bin/python3: can't open file "
E       -  "'/home/croy/astro3/lib/python3.7/site-packages/pyflakes/../bin/pyflakes': "
E       -  '[Errno 2] No such file or directory\n',
E       -  2)

lib/python3.7/site-packages/pyflakes/test/test_api.py:785: AssertionError
_____________________ IntegrationTests.test_fileWithFlakes _____________________

self = <pyflakes.test.test_api.IntegrationTests testMethod=test_fileWithFlakes>

    def test_fileWithFlakes(self):
        """
        When a Python source file has warnings, the return code is non-zero
        and the warnings are printed to stdout.
        """
        with open(self.tempfilepath, 'wb') as fd:
            fd.write(b"import contraband\n")
        d = self.runPyflakes([self.tempfilepath])
        expected = UnusedImport(self.tempfilepath, Node(1), 'contraband')
>       self.assertEqual(d, (f"{expected}{os.linesep}", '', 1))
E       AssertionError: Tuples differ: ('', "/bin/python3: can't open file '/home[105 chars]", 2) != ("/tmp/tmpqk4c2m04/temp:1:1: 'contraband' [25 chars]', 1)
E       
E       First differing element 0:
E       ''
E       "/tmp/tmpqk4c2m04/temp:1:1: 'contraband' imported but unused\n"
E       
E       + ("/tmp/tmpqk4c2m04/temp:1:1: 'contraband' imported but unused\n", '', 1)
E       - ('',
E       -  "/bin/python3: can't open file "
E       -  "'/home/croy/astro3/lib/python3.7/site-packages/pyflakes/../bin/pyflakes': "
E       -  '[Errno 2] No such file or directory\n',
E       -  2)

lib/python3.7/site-packages/pyflakes/test/test_api.py:761: AssertionError
________________________ IntegrationTests.test_goodFile ________________________

self = <pyflakes.test.test_api.IntegrationTests testMethod=test_goodFile>

    def test_goodFile(self):
        """
        When a Python source file is all good, the return code is zero and no
        messages are printed to either stdout or stderr.
        """
        open(self.tempfilepath, 'a').close()
        d = self.runPyflakes([self.tempfilepath])
>       self.assertEqual(d, ('', '', 0))
E       AssertionError: Tuples differ: ('', "/bin/python3: can't open file '/home/cro[101 chars]", 2) != ('', '', 0)
E       
E       First differing element 1:
E       "/bin/python3: can't open file '/home/cro[97 chars]ry\n"
E       ''
E       
E       + ('', '', 0)
E       - ('',
E       -  "/bin/python3: can't open file "
E       -  "'/home/croy/astro3/lib/python3.7/site-packages/pyflakes/../bin/pyflakes': "
E       -  '[Errno 2] No such file or directory\n',
E       -  2)

lib/python3.7/site-packages/pyflakes/test/test_api.py:750: AssertionError
_____________________ IntegrationTests.test_readFromStdin ______________________

self = <pyflakes.test.test_api.IntegrationTests testMethod=test_readFromStdin>

    def test_readFromStdin(self):
        """
        If no arguments are passed to C{pyflakes} then it reads from stdin.
        """
        d = self.runPyflakes([], stdin='import contraband')
        expected = UnusedImport('<stdin>', Node(1), 'contraband')
>       self.assertEqual(d, (f"{expected}{os.linesep}", '', 1))
E       AssertionError: Tuples differ: ('', "/bin/python3: can't open file '/home[105 chars]", 2) != ("<stdin>:1:1: 'contraband' imported but unused\n", '', 1)
E       
E       First differing element 0:
E       ''
E       "<stdin>:1:1: 'contraband' imported but unused\n"
E       
E       + ("<stdin>:1:1: 'contraband' imported but unused\n", '', 1)
E       - ('',
E       -  "/bin/python3: can't open file "
E       -  "'/home/croy/astro3/lib/python3.7/site-packages/pyflakes/../bin/pyflakes': "
E       -  '[Errno 2] No such file or directory\n',
E       -  2)

lib/python3.7/site-packages/pyflakes/test/test_api.py:793: AssertionError
____________________ TestImmutableDeclaration.test___iro___ ____________________

self = <interface.tests.test_declarations.TestImmutableDeclaration testMethod=test___iro___>

    def test___iro___(self):
        from zope.interface.interface import Interface
        decl = self._getEmpty()
>       self.assertEqual(decl.__iro__, (Interface,))
E       AssertionError: Tuples differ: () != (<InterfaceClass zope.interface.Interface>,)
E       
E       Second tuple contains 1 additional elements.
E       First extra element 0:
E       <InterfaceClass zope.interface.Interface>
E       
E       - ()
E       + (<InterfaceClass zope.interface.Interface>,)

lib/python3.7/site-packages/zope/interface/tests/test_declarations.py:123: AssertionError
____________________ TestImmutableDeclaration.test___sro___ ____________________

self = <interface.tests.test_declarations.TestImmutableDeclaration testMethod=test___sro___>

    def test___sro___(self):
        from zope.interface.interface import Interface
        decl = self._getEmpty()
>       self.assertEqual(decl.__sro__, (decl, Interface,))
E       AssertionError: Tuples differ: () != (<zope.interface.declarations._ImmutableDe[74 chars]ace>)
E       
E       Second tuple contains 2 additional elements.
E       First extra element 0:
E       <zope.interface.declarations._ImmutableDeclaration object at 0x7f7035cfc4b0>
E       
E       - ()
E       + (<zope.interface.declarations._ImmutableDeclaration object at 0x7f7035cfc4b0>,
E       +  <InterfaceClass zope.interface.Interface>)

lib/python3.7/site-packages/zope/interface/tests/test_declarations.py:118: AssertionError
________________ TestImmutableDeclaration.test_flattened_empty _________________

self = <interface.tests.test_declarations.TestImmutableDeclaration testMethod=test_flattened_empty>

    def test_flattened_empty(self):
        from zope.interface.interface import Interface
        decl = self._getEmpty()
>       self.assertEqual(list(decl.flattened()), [Interface])
E       AssertionError: Lists differ: [] != [<InterfaceClass zope.interface.Interface>]
E       
E       Second list contains 1 additional elements.
E       First extra element 0:
E       <InterfaceClass zope.interface.Interface>
E       
E       - []
E       + [<InterfaceClass zope.interface.Interface>]

lib/python3.7/site-packages/zope/interface/tests/test_declarations.py:97: AssertionError
___________ Test_implementedByFallback.test_w_None_no_bases_w_class ____________

self = <interface.tests.test_declarations.Test_implementedByFallback testMethod=test_w_None_no_bases_w_class>

    def test_w_None_no_bases_w_class(self):
        from zope.interface.declarations import ClassProvides
        class Foo(object):
            __implemented__ = None
        spec = self._callFUT(Foo)
        self.assertEqual(spec.__name__,
>                        'zope.interface.tests.test_declarations.Foo')
E       AssertionError: 'interface.tests.test_declarations.Foo' != 'zope.interface.tests.test_declarations.Foo'
E       - interface.tests.test_declarations.Foo
E       + zope.interface.tests.test_declarations.Foo
E       ? +++++

lib/python3.7/site-packages/zope/interface/tests/test_declarations.py:662: AssertionError
__________ Test_implementedByFallback.test_w_None_no_bases_w_factory ___________

self = <interface.tests.test_declarations.Test_implementedByFallback testMethod=test_w_None_no_bases_w_factory>

    def test_w_None_no_bases_w_factory(self):
        from zope.interface.declarations import objectSpecificationDescriptor
        class Foo(object):
            __implemented__ = None
            def __call__(self):
                raise NotImplementedError()
    
        foo = Foo()
        foo.__name__ = 'foo'
        spec = self._callFUT(foo)
        self.assertEqual(spec.__name__,
>                        'zope.interface.tests.test_declarations.foo')
E       AssertionError: 'interface.tests.test_declarations.foo' != 'zope.interface.tests.test_declarations.foo'
E       - interface.tests.test_declarations.foo
E       + zope.interface.tests.test_declarations.foo
E       ? +++++

lib/python3.7/site-packages/zope/interface/tests/test_declarations.py:650: AssertionError
_______________ Test_implementedBy.test_w_None_no_bases_w_class ________________

self = <interface.tests.test_declarations.Test_implementedBy testMethod=test_w_None_no_bases_w_class>

    def test_w_None_no_bases_w_class(self):
        from zope.interface.declarations import ClassProvides
        class Foo(object):
            __implemented__ = None
        spec = self._callFUT(Foo)
        self.assertEqual(spec.__name__,
>                        'zope.interface.tests.test_declarations.Foo')
E       AssertionError: 'interface.tests.test_declarations.Foo' != 'zope.interface.tests.test_declarations.Foo'
E       - interface.tests.test_declarations.Foo
E       + zope.interface.tests.test_declarations.Foo
E       ? +++++

lib/python3.7/site-packages/zope/interface/tests/test_declarations.py:662: AssertionError
______________ Test_implementedBy.test_w_None_no_bases_w_factory _______________

self = <interface.tests.test_declarations.Test_implementedBy testMethod=test_w_None_no_bases_w_factory>

    def test_w_None_no_bases_w_factory(self):
        from zope.interface.declarations import objectSpecificationDescriptor
        class Foo(object):
            __implemented__ = None
            def __call__(self):
                raise NotImplementedError()
    
        foo = Foo()
        foo.__name__ = 'foo'
        spec = self._callFUT(foo)
        self.assertEqual(spec.__name__,
>                        'zope.interface.tests.test_declarations.foo')
E       AssertionError: 'interface.tests.test_declarations.foo' != 'zope.interface.tests.test_declarations.foo'
E       - interface.tests.test_declarations.foo
E       + zope.interface.tests.test_declarations.foo
E       ? +++++

lib/python3.7/site-packages/zope/interface/tests/test_declarations.py:650: AssertionError
________________ Test_implementer.test_nonclass_can_assign_attr ________________

self = <interface.tests.test_declarations.Test_implementer testMethod=test_nonclass_can_assign_attr>

    def test_nonclass_can_assign_attr(self):
        from zope.interface.interface import InterfaceClass
        IFoo = InterfaceClass('IFoo')
        class Foo(object):
            pass
        foo = Foo()
        decorator = self._makeOne(IFoo)
        returned = decorator(foo)
        self.assertTrue(returned is foo)
        spec = foo.__implemented__ # pylint:disable=no-member
>       self.assertEqual(spec.__name__, 'zope.interface.tests.test_declarations.?')
E       AssertionError: 'interface.tests.test_declarations.?' != 'zope.interface.tests.test_declarations.?'
E       - interface.tests.test_declarations.?
E       + zope.interface.tests.test_declarations.?
E       ? +++++

lib/python3.7/site-packages/zope/interface/tests/test_declarations.py:1126: AssertionError
__________ TestProvidesClassRepr.test__repr__directlyProvides_module ___________

self = <interface.tests.test_declarations.TestProvidesClassRepr testMethod=test__repr__directlyProvides_module>

    def test__repr__directlyProvides_module(self):
        import sys
        from zope.interface.tests import dummy
        from zope.interface.declarations import directlyProvides
        from zope.interface.declarations import alsoProvides
        from zope.interface.interface import InterfaceClass
    
        IFoo = InterfaceClass('IFoo')
        IBar = InterfaceClass('IBar')
    
        orig_provides = dummy.__provides__ # pylint:disable=no-member
        del dummy.__provides__ # pylint:disable=no-member
        self.addCleanup(setattr, dummy, '__provides__', orig_provides)
    
        directlyProvides(dummy, IFoo)
        provides = dummy.__provides__ # pylint:disable=no-member
    
        self.assertEqual(
            repr(provides),
            "directlyProvides(sys.modules['zope.interface.tests.dummy'], IFoo)"
        )
    
        alsoProvides(dummy, IBar)
        provides = dummy.__provides__ # pylint:disable=no-member
    
        self.assertEqual(
            repr(provides),
            "directlyProvides(sys.modules['zope.interface.tests.dummy'], IFoo, IBar)"
        )
    
        # If we make this module also provide IFoo and IBar, then the repr
        # lists both names.
        my_module = sys.modules[__name__]
        assert not hasattr(my_module, '__provides__')
    
        directlyProvides(my_module, IFoo, IBar)
        self.addCleanup(delattr, my_module, '__provides__')
        self.assertIs(my_module.__provides__, provides)
        self.assertEqual(
            repr(provides),
>           "directlyProvides(('zope.interface.tests.dummy', "
            "'zope.interface.tests.test_declarations'), "
            "IFoo, IBar)"
        )
E       AssertionError: "dire[36 chars]dummy', 'interface.tests.test_declarations'), IFoo, IBar)" != "dire[36 chars]dummy', 'zope.interface.tests.test_declarations'), IFoo, IBar)"
E       - directlyProvides(('zope.interface.tests.dummy', 'interface.tests.test_declarations'), IFoo, IBar)
E       + directlyProvides(('zope.interface.tests.dummy', 'zope.interface.tests.test_declarations'), IFoo, IBar)
E       ?                                                  +++++

lib/python3.7/site-packages/zope/interface/tests/test_declarations.py:1474: AssertionError
______________________ DoesNotImplementTests.test___str__ ______________________

self = <interface.tests.test_exceptions.DoesNotImplementTests testMethod=test___str__>

    def test___str__(self):
        dni = self._makeOne()
        self.assertEqual(
            str(dni),
>           "An object has failed to implement interface "
            "zope.interface.tests.test_exceptions.IDummy: "
            "Does not declaratively implement the interface."
        )
E       AssertionError: 'An o[35 chars]face interface.tests.test_exceptions.IDummy: D[42 chars]ace.' != 'An o[35 chars]face zope.interface.tests.test_exceptions.IDum[47 chars]ace.'
E       - An object has failed to implement interface interface.tests.test_exceptions.IDummy: Does not declaratively implement the interface.
E       + An object has failed to implement interface zope.interface.tests.test_exceptions.IDummy: Does not declaratively implement the interface.
E       ?                                             +++++

lib/python3.7/site-packages/zope/interface/tests/test_exceptions.py:38: AssertionError
________________ DoesNotImplementTests.test___str__w_candidate _________________

self = <interface.tests.test_exceptions.DoesNotImplementTests testMethod=test___str__w_candidate>

    def test___str__w_candidate(self):
        dni = self._makeOne('candidate')
        self.assertEqual(
            str(dni),
>           "The object 'candidate' has failed to implement interface "
            "zope.interface.tests.test_exceptions.IDummy: "
            "Does not declaratively implement the interface."
        )
E       AssertionError: "The [48 chars]face interface.tests.test_exceptions.IDummy: D[42 chars]ace." != "The [48 chars]face zope.interface.tests.test_exceptions.IDum[47 chars]ace."
E       - The object 'candidate' has failed to implement interface interface.tests.test_exceptions.IDummy: Does not declaratively implement the interface.
E       + The object 'candidate' has failed to implement interface zope.interface.tests.test_exceptions.IDummy: Does not declaratively implement the interface.
E       ?                                                          +++++

lib/python3.7/site-packages/zope/interface/tests/test_exceptions.py:47: AssertionError
____________________ BrokenImplementationTests.test___str__ ____________________

self = <interface.tests.test_exceptions.BrokenImplementationTests testMethod=test___str__>

    def test___str__(self):
        dni = self._makeOne()
        self.assertEqual(
            str(dni),
>           'An object has failed to implement interface '
            'zope.interface.tests.test_exceptions.IDummy: '
            "The 'missing' attribute was not provided.")
E       AssertionError: "An o[35 chars]face interface.tests.test_exceptions.IDummy: T[36 chars]ded." != "An o[35 chars]face zope.interface.tests.test_exceptions.IDum[41 chars]ded."
E       - An object has failed to implement interface interface.tests.test_exceptions.IDummy: The 'missing' attribute was not provided.
E       + An object has failed to implement interface zope.interface.tests.test_exceptions.IDummy: The 'missing' attribute was not provided.
E       ?                                             +++++

lib/python3.7/site-packages/zope/interface/tests/test_exceptions.py:67: AssertionError
______________ BrokenImplementationTests.test___str__w_candidate _______________

self = <interface.tests.test_exceptions.BrokenImplementationTests testMethod=test___str__w_candidate>

    def test___str__w_candidate(self):
        dni = self._makeOne('candidate')
        self.assertEqual(
            str(dni),
>           'The object \'candidate\' has failed to implement interface '
            'zope.interface.tests.test_exceptions.IDummy: '
            "The 'missing' attribute was not provided.")
E       AssertionError: "The [48 chars]face interface.tests.test_exceptions.IDummy: T[36 chars]ded." != "The [48 chars]face zope.interface.tests.test_exceptions.IDum[41 chars]ded."
E       - The object 'candidate' has failed to implement interface interface.tests.test_exceptions.IDummy: The 'missing' attribute was not provided.
E       + The object 'candidate' has failed to implement interface zope.interface.tests.test_exceptions.IDummy: The 'missing' attribute was not provided.
E       ?                                                          +++++

lib/python3.7/site-packages/zope/interface/tests/test_exceptions.py:75: AssertionError
______________________ MultipleInvalidTests.test__repr__ _______________________

self = <interface.tests.test_exceptions.MultipleInvalidTests testMethod=test__repr__>

    def test__repr__(self):
        from zope.interface.exceptions import BrokenMethodImplementation
        excs = [
            BrokenMethodImplementation('aMethod', 'I said so'),
            # Use multiple arguments to normalize repr; versions of Python
            # prior to 3.7 add a trailing comma if there's just one.
            Exception("Regular", "exception")
        ]
        dni = self._makeOne(excs)
        self.assertEqual(
            repr(dni),
>           "MultipleInvalid(<InterfaceClass zope.interface.tests.test_exceptions.IDummy>,"
            " 'target',"
            " (BrokenMethodImplementation('aMethod', 'I said so'),"
            " Exception('Regular', 'exception')))"
        )
E       AssertionError: "Mult[23 chars]lass interface.tests.test_exceptions.IDummy>, [94 chars]')))" != "Mult[23 chars]lass zope.interface.tests.test_exceptions.IDum[99 chars]')))"
E       - MultipleInvalid(<InterfaceClass interface.tests.test_exceptions.IDummy>, 'target', (BrokenMethodImplementation('aMethod', 'I said so'), Exception('Regular', 'exception')))
E       + MultipleInvalid(<InterfaceClass zope.interface.tests.test_exceptions.IDummy>, 'target', (BrokenMethodImplementation('aMethod', 'I said so'), Exception('Regular', 'exception')))
E       ?                                 +++++

lib/python3.7/site-packages/zope/interface/tests/test_exceptions.py:180: AssertionError
_______________________ MultipleInvalidTests.test__str__ _______________________

self = <interface.tests.test_exceptions.MultipleInvalidTests testMethod=test__str__>

    def test__str__(self):
        from zope.interface.exceptions import BrokenMethodImplementation
        excs = [
            BrokenMethodImplementation('aMethod', 'I said so'),
            Exception("Regular exception")
        ]
        dni = self._makeOne(excs)
        self.assertEqual(
            str(dni),
>           "The object 'target' has failed to implement interface "
            "zope.interface.tests.test_exceptions.IDummy:\n"
            "    The contract of 'aMethod' is violated because I said so\n"
            "    Regular exception"
        )
E       AssertionError: "The [45 chars]face interface.tests.test_exceptions.IDummy:\n[78 chars]tion" != "The [45 chars]face zope.interface.tests.test_exceptions.IDum[83 chars]tion"
E       - The object 'target' has failed to implement interface interface.tests.test_exceptions.IDummy:
E       + The object 'target' has failed to implement interface zope.interface.tests.test_exceptions.IDummy:
E       ?                                                       +++++
E             The contract of 'aMethod' is violated because I said so
E             Regular exception

lib/python3.7/site-packages/zope/interface/tests/test_exceptions.py:163: AssertionError
___________________ InterfaceClassTests.test___hash___normal ___________________

self = <interface.tests.test_interface.InterfaceClassTests testMethod=test___hash___normal>

    def test___hash___normal(self):
        iface = self._makeOne('HashMe')
        self.assertEqual(hash(iface),
>                        hash((('HashMe',
                                'zope.interface.tests.test_interface'))))
E       AssertionError: -1531425219420425116 != 8320591517147084356

lib/python3.7/site-packages/zope/interface/tests/test_interface.py:1038: AssertionError
___________ Test_c3_ro.test_complex_diamond_compare_legacy_argument ____________

self = <interface.tests.test_ro.Test_c3_ro testMethod=test_complex_diamond_compare_legacy_argument>

    def test_complex_diamond_compare_legacy_argument(self):
        from zope.interface import Interface
    
        A = self.test_complex_diamond(Interface)
        computed_A_iro = self._callFUT(A, log_changed_ro=True)
        # It matches, of course, but we did log a warning.
        self.assertEqual(tuple(computed_A_iro), A.__iro__)
>       self._check_handler_complex_diamond()

lib/python3.7/site-packages/zope/interface/tests/test_ro.py:253: 
_ _ _ _ _ _ _ _ _ _ _ _ _ _ _ _ _ _ _ _ _ _ _ _ _ _ _ _ _ _ _ _ _ _ _ _ _ _ _ _ 
lib/python3.7/site-packages/zope/interface/tests/test_ro.py:271: in _check_handler_complex_diamond
    zope.interface.Interface          zope.interface.Interface""")
E   AssertionError: 'Obje[14 chars]lass interface.tests.test_ro.A> has different [588 chars]face' != 'Obje[14 chars]lass zope.interface.tests.test_ro.A> has diffe[678 chars]face'
E   - Object <InterfaceClass interface.tests.test_ro.A> has different legacy and C3 MROs:
E   + Object <InterfaceClass zope.interface.tests.test_ro.A> has different legacy and C3 MROs:
E   ?                        +++++
E   -   Legacy RO (len=7)            C3 RO (len=7; inconsistent=no)
E   +   Legacy RO (len=7)                 C3 RO (len=7; inconsistent=no)
E   ?                                +++++
E   -   ========================================================
E   +   ==================================================================
E   ?   ++++++++++
E   -     interface.tests.test_ro.A    interface.tests.test_ro.A
E   +     zope.interface.tests.test_ro.A    zope.interface.tests.test_ro.A
E   ?     +++++                             +++++
E   -     interface.tests.test_ro.B    interface.tests.test_ro.B
E   +     zope.interface.tests.test_ro.B    zope.interface.tests.test_ro.B
E   ?     +++++                             +++++
E   -   - interface.tests.test_ro.E
E   +   - zope.interface.tests.test_ro.E
E   ?     +++++
E   -     interface.tests.test_ro.C    interface.tests.test_ro.C
E   +     zope.interface.tests.test_ro.C    zope.interface.tests.test_ro.C
E   ?     +++++                             +++++
E   -     interface.tests.test_ro.D    interface.tests.test_ro.D
E   +     zope.interface.tests.test_ro.D    zope.interface.tests.test_ro.D
E   ?     +++++                             +++++
E   -                                + interface.tests.test_ro.E
E   +                                     + zope.interface.tests.test_ro.E
E   ? +++++                                 +++++
E   -     interface.tests.test_ro.F    interface.tests.test_ro.F
E   +     zope.interface.tests.test_ro.F    zope.interface.tests.test_ro.F
E   ?     +++++                             +++++
E   -     zope.interface.Interface     zope.interface.Interface+     zope.interface.Interface          zope.interface.Interface?                                  +++++
------------------------------ Captured log call -------------------------------
WARNING  zope.interface.ro:ro.py:646 Object <InterfaceClass interface.tests.test_ro.A> has different legacy and C3 MROs:
  Legacy RO (len=7)            C3 RO (len=7; inconsistent=no)
  ========================================================
    interface.tests.test_ro.A    interface.tests.test_ro.A
    interface.tests.test_ro.B    interface.tests.test_ro.B
  - interface.tests.test_ro.E  
    interface.tests.test_ro.C    interface.tests.test_ro.C
    interface.tests.test_ro.D    interface.tests.test_ro.D
                               + interface.tests.test_ro.E
    interface.tests.test_ro.F    interface.tests.test_ro.F
    zope.interface.Interface     zope.interface.Interface
_____________ Test_c3_ro.test_complex_diamond_use_legacy_argument ______________

self = <interface.tests.test_ro.Test_c3_ro testMethod=test_complex_diamond_use_legacy_argument>

    def test_complex_diamond_use_legacy_argument(self):
        from zope.interface import Interface
    
        A = self.test_complex_diamond(Interface)
        legacy_A_iro = self._callFUT(A, use_legacy_ro=True)
        self.assertNotEqual(A.__iro__, legacy_A_iro)
    
        # And logging happened as a side-effect.
>       self._check_handler_complex_diamond()

lib/python3.7/site-packages/zope/interface/tests/test_ro.py:244: 
_ _ _ _ _ _ _ _ _ _ _ _ _ _ _ _ _ _ _ _ _ _ _ _ _ _ _ _ _ _ _ _ _ _ _ _ _ _ _ _ 
lib/python3.7/site-packages/zope/interface/tests/test_ro.py:271: in _check_handler_complex_diamond
    zope.interface.Interface          zope.interface.Interface""")
E   AssertionError: 'Obje[14 chars]lass interface.tests.test_ro.A> has different [588 chars]face' != 'Obje[14 chars]lass zope.interface.tests.test_ro.A> has diffe[678 chars]face'
E   - Object <InterfaceClass interface.tests.test_ro.A> has different legacy and C3 MROs:
E   + Object <InterfaceClass zope.interface.tests.test_ro.A> has different legacy and C3 MROs:
E   ?                        +++++
E   -   Legacy RO (len=7)            C3 RO (len=7; inconsistent=no)
E   +   Legacy RO (len=7)                 C3 RO (len=7; inconsistent=no)
E   ?                                +++++
E   -   ========================================================
E   +   ==================================================================
E   ?   ++++++++++
E   -     interface.tests.test_ro.A    interface.tests.test_ro.A
E   +     zope.interface.tests.test_ro.A    zope.interface.tests.test_ro.A
E   ?     +++++                             +++++
E   -     interface.tests.test_ro.B    interface.tests.test_ro.B
E   +     zope.interface.tests.test_ro.B    zope.interface.tests.test_ro.B
E   ?     +++++                             +++++
E   -   - interface.tests.test_ro.E
E   +   - zope.interface.tests.test_ro.E
E   ?     +++++
E   -     interface.tests.test_ro.C    interface.tests.test_ro.C
E   +     zope.interface.tests.test_ro.C    zope.interface.tests.test_ro.C
E   ?     +++++                             +++++
E   -     interface.tests.test_ro.D    interface.tests.test_ro.D
E   +     zope.interface.tests.test_ro.D    zope.interface.tests.test_ro.D
E   ?     +++++                             +++++
E   -                                + interface.tests.test_ro.E
E   +                                     + zope.interface.tests.test_ro.E
E   ? +++++                                 +++++
E   -     interface.tests.test_ro.F    interface.tests.test_ro.F
E   +     zope.interface.tests.test_ro.F    zope.interface.tests.test_ro.F
E   ?     +++++                             +++++
E   -     zope.interface.Interface     zope.interface.Interface+     zope.interface.Interface          zope.interface.Interface?                                  +++++
------------------------------ Captured log call -------------------------------
WARNING  zope.interface.ro:ro.py:646 Object <InterfaceClass interface.tests.test_ro.A> has different legacy and C3 MROs:
  Legacy RO (len=7)            C3 RO (len=7; inconsistent=no)
  ========================================================
    interface.tests.test_ro.A    interface.tests.test_ro.A
    interface.tests.test_ro.B    interface.tests.test_ro.B
  - interface.tests.test_ro.E  
    interface.tests.test_ro.C    interface.tests.test_ro.C
    interface.tests.test_ro.D    interface.tests.test_ro.D
                               + interface.tests.test_ro.E
    interface.tests.test_ro.F    interface.tests.test_ro.F
    zope.interface.Interface     zope.interface.Interface
___________________________ Test.test_w_equal_names ____________________________

self = <interface.tests.test_sorting.Test testMethod=test_w_equal_names>

    def test_w_equal_names(self):
        # interfaces with equal names but different modules should sort by
        # module name
        from zope.interface.tests.m1 import I1 as m1_I1
        l = [I1, m1_I1]
        l.sort()
>       self.assertEqual(l, [m1_I1, I1])
E       AssertionError: Lists differ: [<InterfaceClass interface.tests.test_sorting.I1>, <Interf[32 chars].I1>] != [<InterfaceClass zope.interface.tests.m1.I1>, <InterfaceCl[32 chars].I1>]
E       
E       First differing element 0:
E       <InterfaceClass interface.tests.test_sorting.I1>
E       <InterfaceClass zope.interface.tests.m1.I1>
E       
E       + [<InterfaceClass zope.interface.tests.m1.I1>,
E       - [<InterfaceClass interface.tests.test_sorting.I1>,
E       ? ^                                                ^
E       
E       +  <InterfaceClass interface.tests.test_sorting.I1>]
E       ? ^                                                ^
E       
E       -  <InterfaceClass zope.interface.tests.m1.I1>]

lib/python3.7/site-packages/zope/interface/tests/test_sorting.py:47: AssertionError
_____________________________ [doctest] test-1.txt _____________________________
001 >>> test.a
UNEXPECTED EXCEPTION: NameError("name 'test' is not defined")
Traceback (most recent call last):
  File "/usr/lib64/python3.7/doctest.py", line 1337, in __run
    compileflags, 1), test.globs)
  File "<doctest test-1.txt[0]>", line 1, in <module>
NameError: name 'test' is not defined
/home/croy/astro3/lib64/python3.7/site-packages/zope/testing/test-1.txt:1: UnexpectedException
_____________________________ [doctest] test4.txt ______________________________
001     >>> test.a, test.x, c
UNEXPECTED EXCEPTION: NameError("name 'test' is not defined")
Traceback (most recent call last):
  File "/usr/lib64/python3.7/doctest.py", line 1337, in __run
    compileflags, 1), test.globs)
  File "<doctest test4.txt[0]>", line 1, in <module>
NameError: name 'test' is not defined
/home/croy/astro3/lib64/python3.7/site-packages/zope/testing/test4.txt:1: UnexpectedException
_____________________________ [doctest] test4f.txt _____________________________
001     >>> test.x
UNEXPECTED EXCEPTION: NameError("name 'test' is not defined")
Traceback (most recent call last):
  File "/usr/lib64/python3.7/doctest.py", line 1337, in __run
    compileflags, 1), test.globs)
  File "<doctest test4f.txt[0]>", line 1, in <module>
NameError: name 'test' is not defined
/home/croy/astro3/lib64/python3.7/site-packages/zope/testing/test4f.txt:1: UnexpectedException
=========================== short test summary info ============================
FAILED lib/python3.7/site-packages/pyflakes/test/test_api.py::IntegrationTests::test_errors_io
FAILED lib/python3.7/site-packages/pyflakes/test/test_api.py::IntegrationTests::test_errors_syntax
FAILED lib/python3.7/site-packages/pyflakes/test/test_api.py::IntegrationTests::test_fileWithFlakes
FAILED lib/python3.7/site-packages/pyflakes/test/test_api.py::IntegrationTests::test_goodFile
FAILED lib/python3.7/site-packages/pyflakes/test/test_api.py::IntegrationTests::test_readFromStdin
FAILED lib/python3.7/site-packages/zope/interface/tests/test_declarations.py::Test_implementedByFallback::test_w_None_no_bases_w_class
FAILED lib/python3.7/site-packages/zope/interface/tests/test_declarations.py::Test_implementedByFallback::test_w_None_no_bases_w_factory
FAILED lib/python3.7/site-packages/zope/interface/tests/test_declarations.py::Test_implementedBy::test_w_None_no_bases_w_class
FAILED lib/python3.7/site-packages/zope/interface/tests/test_declarations.py::Test_implementedBy::test_w_None_no_bases_w_factory
FAILED lib/python3.7/site-packages/zope/interface/tests/test_declarations.py::Test_implementer::test_nonclass_can_assign_attr
FAILED lib/python3.7/site-packages/zope/interface/tests/test_declarations.py::TestProvidesClassRepr::test__repr__directlyProvides_module
FAILED lib/python3.7/site-packages/zope/interface/tests/test_exceptions.py::DoesNotImplementTests::test___str__
FAILED lib/python3.7/site-packages/zope/interface/tests/test_exceptions.py::DoesNotImplementTests::test___str__w_candidate
FAILED lib/python3.7/site-packages/zope/interface/tests/test_exceptions.py::BrokenImplementationTests::test___str__
FAILED lib/python3.7/site-packages/zope/interface/tests/test_exceptions.py::BrokenImplementationTests::test___str__w_candidate
FAILED lib/python3.7/site-packages/zope/interface/tests/test_exceptions.py::MultipleInvalidTests::test__repr__
FAILED lib/python3.7/site-packages/zope/interface/tests/test_exceptions.py::MultipleInvalidTests::test__str__
FAILED lib/python3.7/site-packages/zope/interface/tests/test_interface.py::InterfaceClassTests::test___hash___normal
FAILED lib/python3.7/site-packages/zope/interface/tests/test_ro.py::Test_c3_ro::test_complex_diamond_compare_legacy_argument
FAILED lib/python3.7/site-packages/zope/interface/tests/test_ro.py::Test_c3_ro::test_complex_diamond_use_legacy_argument
FAILED lib/python3.7/site-packages/zope/interface/tests/test_sorting.py::Test::test_w_equal_names
FAILED lib/python3.7/site-packages/zope/testing/test-1.txt::test-1.txt
FAILED lib/python3.7/site-packages/zope/testing/test4.txt::test4.txt
FAILED lib/python3.7/site-packages/zope/testing/test4f.txt::test4f.txt
FAILED lib64/python3.7/site-packages/pyflakes/test/test_api.py::IntegrationTests::test_errors_io
FAILED lib64/python3.7/site-packages/pyflakes/test/test_api.py::IntegrationTests::test_errors_syntax
FAILED lib64/python3.7/site-packages/pyflakes/test/test_api.py::IntegrationTests::test_fileWithFlakes
FAILED lib64/python3.7/site-packages/pyflakes/test/test_api.py::IntegrationTests::test_goodFile
FAILED lib64/python3.7/site-packages/pyflakes/test/test_api.py::IntegrationTests::test_readFromStdin
FAILED lib64/python3.7/site-packages/zope/interface/tests/test_declarations.py::TestImmutableDeclaration::test___iro___
FAILED lib64/python3.7/site-packages/zope/interface/tests/test_declarations.py::TestImmutableDeclaration::test___sro___
FAILED lib64/python3.7/site-packages/zope/interface/tests/test_declarations.py::TestImmutableDeclaration::test_flattened_empty
FAILED lib64/python3.7/site-packages/zope/interface/tests/test_declarations.py::Test_implementedByFallback::test_w_None_no_bases_w_class
FAILED lib64/python3.7/site-packages/zope/interface/tests/test_declarations.py::Test_implementedByFallback::test_w_None_no_bases_w_factory
FAILED lib64/python3.7/site-packages/zope/interface/tests/test_declarations.py::Test_implementedBy::test_w_None_no_bases_w_class
FAILED lib64/python3.7/site-packages/zope/interface/tests/test_declarations.py::Test_implementedBy::test_w_None_no_bases_w_factory
FAILED lib64/python3.7/site-packages/zope/interface/tests/test_declarations.py::Test_implementer::test_nonclass_can_assign_attr
FAILED lib64/python3.7/site-packages/zope/interface/tests/test_declarations.py::TestProvidesClassRepr::test__repr__directlyProvides_module
FAILED lib64/python3.7/site-packages/zope/interface/tests/test_exceptions.py::DoesNotImplementTests::test___str__
FAILED lib64/python3.7/site-packages/zope/interface/tests/test_exceptions.py::DoesNotImplementTests::test___str__w_candidate
FAILED lib64/python3.7/site-packages/zope/interface/tests/test_exceptions.py::BrokenImplementationTests::test___str__
FAILED lib64/python3.7/site-packages/zope/interface/tests/test_exceptions.py::BrokenImplementationTests::test___str__w_candidate
FAILED lib64/python3.7/site-packages/zope/interface/tests/test_exceptions.py::MultipleInvalidTests::test__repr__
FAILED lib64/python3.7/site-packages/zope/interface/tests/test_exceptions.py::MultipleInvalidTests::test__str__
FAILED lib64/python3.7/site-packages/zope/interface/tests/test_interface.py::InterfaceClassTests::test___hash___normal
FAILED lib64/python3.7/site-packages/zope/interface/tests/test_ro.py::Test_c3_ro::test_complex_diamond_compare_legacy_argument
FAILED lib64/python3.7/site-packages/zope/interface/tests/test_ro.py::Test_c3_ro::test_complex_diamond_use_legacy_argument
FAILED lib64/python3.7/site-packages/zope/interface/tests/test_sorting.py::Test::test_w_equal_names
FAILED lib64/python3.7/site-packages/zope/testing/test-1.txt::test-1.txt
FAILED lib64/python3.7/site-packages/zope/testing/test4.txt::test4.txt
FAILED lib64/python3.7/site-packages/zope/testing/test4f.txt::test4f.txt
================= 51 failed, 4263 passed, 96 skipped in 14.12s =================
